C:\inetpub\wwwroot\e-randevu\dental_management_system\venv\Lib\site-packages\django\db\models\base.py:366: RuntimeWarning: Model 'patients.hastasession' was already registered. Reloading models is not advised as it can lead to inconsistencies, most notably with related models.
  new_class._meta.apps.register_model(new_class._meta.app_label, new_class)
C:\inetpub\wwwroot\e-randevu\dental_management_system\venv\Lib\site-packages\django\db\models\base.py:366: RuntimeWarning: Model 'patients.hastasession' was already registered. Reloading models is not advised as it can lead to inconsistencies, most notably with related models.
  new_class._meta.apps.register_model(new_class._meta.app_label, new_class)
Watching for file changes with StatReloader
Not Found: /wp-login.php
[12/Apr/2026 00:52:39] "GET /wp-login.php HTTP/1.1" 404 2955
[12/Apr/2026 00:55:33] "GET / HTTP/1.1" 200 9312
[12/Apr/2026 00:55:33] "GET / HTTP/1.1" 200 9312
[12/Apr/2026 01:12:58] "GET /robots.txt HTTP/1.1" 301 0
[12/Apr/2026 01:12:58] "GET /robots.txt/ HTTP/1.1" 302 0
[12/Apr/2026 01:12:58] "GET /giris/ HTTP/1.1" 200 5067
[12/Apr/2026 01:17:43] "GET / HTTP/1.1" 200 9312
[12/Apr/2026 01:17:43] "GET / HTTP/1.1" 200 9312
[12/Apr/2026 01:17:43] "GET /static/css/ana_sayfa.css HTTP/1.1" 200 10882
[12/Apr/2026 01:17:43] "GET /static/css/ana_sayfa.css HTTP/1.1" 200 10882
Not Found: /favicon.ico
[12/Apr/2026 01:17:44] "GET /favicon.ico HTTP/1.1" 404 2952
Not Found: /favicon.ico
[12/Apr/2026 01:17:44] "GET /favicon.ico HTTP/1.1" 404 2952
