C:\inetpub\wwwroot\e-randevu\dental_management_system\venv\Lib\site-packages\django\db\models\base.py:366: RuntimeWarning: Model 'patients.hastasession' was already registered. Reloading models is not advised as it can lead to inconsistencies, most notably with related models.
  new_class._meta.apps.register_model(new_class._meta.app_label, new_class)
C:\inetpub\wwwroot\e-randevu\dental_management_system\venv\Lib\site-packages\django\db\models\base.py:366: RuntimeWarning: Model 'patients.hastasession' was already registered. Reloading models is not advised as it can lead to inconsistencies, most notably with related models.
  new_class._meta.apps.register_model(new_class._meta.app_label, new_class)
Watching for file changes with StatReloader
Not Found: /wp-content/plugins/hellopress/wp_filemanager.php
[23/Apr/2026 23:57:22] "GET /wp-content/plugins/hellopress/wp_filemanager.php HTTP/1.1" 404 3062
Not Found: /wp-content/upgrade/admin.php
[23/Apr/2026 23:57:22] "GET /wp-content/upgrade/admin.php HTTP/1.1" 404 3002
Not Found: /bgymj.php
[23/Apr/2026 23:57:23] "GET /bgymj.php HTTP/1.1" 404 2945
Not Found: /wp-includes/Text/Diff/Engine/about.php
[23/Apr/2026 23:57:23] "GET /wp-includes/Text/Diff/Engine/about.php HTTP/1.1" 404 3032
Not Found: /wp-includes/js/tinymce/skins/lightgray/img/about.php
[23/Apr/2026 23:57:23] "GET /wp-includes/js/tinymce/skins/lightgray/img/about.php HTTP/1.1" 404 3074
Not Found: /wen.php
[23/Apr/2026 23:57:23] "GET /wen.php HTTP/1.1" 404 2939
Not Found: /a4.php
[23/Apr/2026 23:57:23] "GET /a4.php HTTP/1.1" 404 2936
Not Found: /222.php
[23/Apr/2026 23:57:23] "GET /222.php HTTP/1.1" 404 2939
Not Found: /xr.php
[23/Apr/2026 23:57:23] "GET /xr.php HTTP/1.1" 404 2936
Not Found: /lib.php
[23/Apr/2026 23:57:23] "GET /lib.php HTTP/1.1" 404 2939
Not Found: /wp-content/plugins/hellopress/wp_filemanager.php
[23/Apr/2026 23:57:23] "GET /wp-content/plugins/hellopress/wp_filemanager.php HTTP/1.1" 404 3062
Not Found: /wp-act.php
[23/Apr/2026 23:57:23] "GET /wp-act.php HTTP/1.1" 404 2948
Not Found: /term.php
[23/Apr/2026 23:57:23] "GET /term.php HTTP/1.1" 404 2942
Not Found: /wp-blogs.php
[23/Apr/2026 23:57:23] "GET /wp-blogs.php HTTP/1.1" 404 2954
Not Found: /666.php
[23/Apr/2026 23:57:23] "GET /666.php HTTP/1.1" 404 2939
Not Found: /export.php
[23/Apr/2026 23:57:24] "GET /export.php HTTP/1.1" 404 2948
Not Found: /file.php
[23/Apr/2026 23:57:24] "GET /file.php HTTP/1.1" 404 2942
Not Found: /gdn.php
[23/Apr/2026 23:57:24] "GET /gdn.php HTTP/1.1" 404 2939
Not Found: /bootstrap.php
[23/Apr/2026 23:57:24] "GET /bootstrap.php HTTP/1.1" 404 2957
Not Found: /ws66.php
[23/Apr/2026 23:57:24] "GET /ws66.php HTTP/1.1" 404 2942
Not Found: /t.php
[23/Apr/2026 23:57:24] "GET /t.php HTTP/1.1" 404 2933
Not Found: /tfm.php
[23/Apr/2026 23:57:24] "GET /tfm.php HTTP/1.1" 404 2939
Not Found: /bolt.php
[23/Apr/2026 23:57:24] "GET /bolt.php HTTP/1.1" 404 2942
Not Found: /Ov-Simple1.php
[23/Apr/2026 23:57:24] "GET /Ov-Simple1.php HTTP/1.1" 404 2960
Not Found: /403.php
[23/Apr/2026 23:57:24] "GET /403.php HTTP/1.1" 404 2939
Not Found: /wp-style.php
[23/Apr/2026 23:57:24] "GET /wp-style.php HTTP/1.1" 404 2954
Not Found: /zoo.php
[23/Apr/2026 23:57:24] "GET /zoo.php HTTP/1.1" 404 2939
Not Found: /wp-content/r.php
[23/Apr/2026 23:57:24] "GET /wp-content/r.php HTTP/1.1" 404 2966
Not Found: /atomlib.php
[23/Apr/2026 23:57:24] "GET /atomlib.php HTTP/1.1" 404 2951
Not Found: /8.php
[23/Apr/2026 23:57:25] "GET /8.php HTTP/1.1" 404 2933
Not Found: /easy.php
[23/Apr/2026 23:57:25] "GET /easy.php HTTP/1.1" 404 2942
Not Found: /abc.php
[23/Apr/2026 23:57:25] "GET /abc.php HTTP/1.1" 404 2939
Not Found: /1.php
[23/Apr/2026 23:57:25] "GET /1.php HTTP/1.1" 404 2933
Not Found: /a332.php
[23/Apr/2026 23:57:25] "GET /a332.php HTTP/1.1" 404 2942
Not Found: /wp-admin/css/colors/blue/about.php
[23/Apr/2026 23:57:25] "GET /wp-admin/css/colors/blue/about.php HTTP/1.1" 404 3020
Not Found: /wp-content/index.php
[23/Apr/2026 23:57:25] "GET /wp-content/index.php HTTP/1.1" 404 2978
Not Found: /166.php
[23/Apr/2026 23:57:25] "GET /166.php HTTP/1.1" 404 2939
Not Found: /to.php
[23/Apr/2026 23:57:25] "GET /to.php HTTP/1.1" 404 2936
Not Found: /mini.php
[23/Apr/2026 23:57:25] "GET /mini.php HTTP/1.1" 404 2942
Not Found: /inege.php
[23/Apr/2026 23:57:25] "GET /inege.php HTTP/1.1" 404 2945
Not Found: /mar.php
[23/Apr/2026 23:57:25] "GET /mar.php HTTP/1.1" 404 2939
Internal Server Error: /
Traceback (most recent call last):
  File "C:\inetpub\wwwroot\e-randevu\dental_management_system\tenants\hasta_views.py", line 133, in klinik_randevu_sayfasi
    clinic = Clinic.objects.get(subdomain=subdomain, is_active=True)
             ^^^^^^^^^^^^^^^^^^^^^^^^^^^^^^^^^^^^^^^^^^^^^^^^^^^^^^^
  File "C:\inetpub\wwwroot\e-randevu\dental_management_system\venv\Lib\site-packages\django\db\models\manager.py", line 87, in manager_method
    return getattr(self.get_queryset(), name)(*args, **kwargs)
           ^^^^^^^^^^^^^^^^^^^^^^^^^^^^^^^^^^^^^^^^^^^^^^^^^^^
  File "C:\inetpub\wwwroot\e-randevu\dental_management_system\venv\Lib\site-packages\django\db\models\query.py", line 649, in get
    raise self.model.DoesNotExist(
tenants.models.Clinic.DoesNotExist: Clinic matching query does not exist.

During handling of the above exception, another exception occurred:

Traceback (most recent call last):
  File "C:\inetpub\wwwroot\e-randevu\dental_management_system\venv\Lib\site-packages\django\core\handlers\exception.py", line 55, in inner
    response = get_response(request)
               ^^^^^^^^^^^^^^^^^^^^^
  File "C:\inetpub\wwwroot\e-randevu\dental_management_system\venv\Lib\site-packages\django\core\handlers\base.py", line 197, in _get_response
    response = wrapped_callback(request, *callback_args, **callback_kwargs)
               ^^^^^^^^^^^^^^^^^^^^^^^^^^^^^^^^^^^^^^^^^^^^^^^^^^^^^^^^^^^^
  File "C:\inetpub\wwwroot\e-randevu\dental_management_system\tenants\hasta_views.py", line 135, in klinik_randevu_sayfasi
    return render(request, 'hasta/klinik_bulunamadi.html', {}, status=404)
           ^^^^^^^^^^^^^^^^^^^^^^^^^^^^^^^^^^^^^^^^^^^^^^^^^^^^^^^^^^^^^^^
  File "C:\inetpub\wwwroot\e-randevu\dental_management_system\venv\Lib\site-packages\django\shortcuts.py", line 25, in render
    content = loader.render_to_string(template_name, context, request, using=using)
              ^^^^^^^^^^^^^^^^^^^^^^^^^^^^^^^^^^^^^^^^^^^^^^^^^^^^^^^^^^^^^^^^^^^^^
  File "C:\inetpub\wwwroot\e-randevu\dental_management_system\venv\Lib\site-packages\django\template\loader.py", line 61, in render_to_string
    template = get_template(template_name, using=using)
               ^^^^^^^^^^^^^^^^^^^^^^^^^^^^^^^^^^^^^^^^
  File "C:\inetpub\wwwroot\e-randevu\dental_management_system\venv\Lib\site-packages\django\template\loader.py", line 19, in get_template
    raise TemplateDoesNotExist(template_name, chain=chain)
django.template.exceptions.TemplateDoesNotExist: hasta/klinik_bulunamadi.html
[23/Apr/2026 23:59:30] "GET / HTTP/1.1" 500 98184
Internal Server Error: /
Traceback (most recent call last):
  File "C:\inetpub\wwwroot\e-randevu\dental_management_system\tenants\hasta_views.py", line 133, in klinik_randevu_sayfasi
    clinic = Clinic.objects.get(subdomain=subdomain, is_active=True)
             ^^^^^^^^^^^^^^^^^^^^^^^^^^^^^^^^^^^^^^^^^^^^^^^^^^^^^^^
  File "C:\inetpub\wwwroot\e-randevu\dental_management_system\venv\Lib\site-packages\django\db\models\manager.py", line 87, in manager_method
    return getattr(self.get_queryset(), name)(*args, **kwargs)
           ^^^^^^^^^^^^^^^^^^^^^^^^^^^^^^^^^^^^^^^^^^^^^^^^^^^
  File "C:\inetpub\wwwroot\e-randevu\dental_management_system\venv\Lib\site-packages\django\db\models\query.py", line 649, in get
    raise self.model.DoesNotExist(
tenants.models.Clinic.DoesNotExist: Clinic matching query does not exist.

During handling of the above exception, another exception occurred:

Traceback (most recent call last):
  File "C:\inetpub\wwwroot\e-randevu\dental_management_system\venv\Lib\site-packages\django\core\handlers\exception.py", line 55, in inner
    response = get_response(request)
               ^^^^^^^^^^^^^^^^^^^^^
  File "C:\inetpub\wwwroot\e-randevu\dental_management_system\venv\Lib\site-packages\django\core\handlers\base.py", line 197, in _get_response
    response = wrapped_callback(request, *callback_args, **callback_kwargs)
               ^^^^^^^^^^^^^^^^^^^^^^^^^^^^^^^^^^^^^^^^^^^^^^^^^^^^^^^^^^^^
  File "C:\inetpub\wwwroot\e-randevu\dental_management_system\tenants\hasta_views.py", line 135, in klinik_randevu_sayfasi
    return render(request, 'hasta/klinik_bulunamadi.html', {}, status=404)
           ^^^^^^^^^^^^^^^^^^^^^^^^^^^^^^^^^^^^^^^^^^^^^^^^^^^^^^^^^^^^^^^
  File "C:\inetpub\wwwroot\e-randevu\dental_management_system\venv\Lib\site-packages\django\shortcuts.py", line 25, in render
    content = loader.render_to_string(template_name, context, request, using=using)
              ^^^^^^^^^^^^^^^^^^^^^^^^^^^^^^^^^^^^^^^^^^^^^^^^^^^^^^^^^^^^^^^^^^^^^
  File "C:\inetpub\wwwroot\e-randevu\dental_management_system\venv\Lib\site-packages\django\template\loader.py", line 61, in render_to_string
    template = get_template(template_name, using=using)
               ^^^^^^^^^^^^^^^^^^^^^^^^^^^^^^^^^^^^^^^^
  File "C:\inetpub\wwwroot\e-randevu\dental_management_system\venv\Lib\site-packages\django\template\loader.py", line 19, in get_template
    raise TemplateDoesNotExist(template_name, chain=chain)
django.template.exceptions.TemplateDoesNotExist: hasta/klinik_bulunamadi.html
[24/Apr/2026 00:07:41] "GET / HTTP/1.1" 500 98183
[24/Apr/2026 00:09:25] "GET /robots.txt HTTP/1.1" 301 0
[24/Apr/2026 00:09:25] "GET /robots.txt/ HTTP/1.1" 302 0
[24/Apr/2026 00:09:25] "GET /giris/ HTTP/1.1" 200 5067
[24/Apr/2026 00:09:25] "GET /sitemap.xml HTTP/1.1" 301 0
[24/Apr/2026 00:09:26] "GET /sitemap.xml/ HTTP/1.1" 302 0
[24/Apr/2026 00:09:26] "GET /giris/ HTTP/1.1" 200 5067
[24/Apr/2026 00:29:29] "GET / HTTP/1.1" 200 9312
[24/Apr/2026 00:34:42] "GET / HTTP/1.1" 200 9312
[24/Apr/2026 00:34:48] "GET / HTTP/1.1" 200 9312
Not Found: /
[24/Apr/2026 00:45:22] "GET / HTTP/1.1" 404 8848
Internal Server Error: /
Traceback (most recent call last):
  File "C:\inetpub\wwwroot\e-randevu\dental_management_system\tenants\hasta_views.py", line 133, in klinik_randevu_sayfasi
    clinic = Clinic.objects.get(subdomain=subdomain, is_active=True)
             ^^^^^^^^^^^^^^^^^^^^^^^^^^^^^^^^^^^^^^^^^^^^^^^^^^^^^^^
  File "C:\inetpub\wwwroot\e-randevu\dental_management_system\venv\Lib\site-packages\django\db\models\manager.py", line 87, in manager_method
    return getattr(self.get_queryset(), name)(*args, **kwargs)
           ^^^^^^^^^^^^^^^^^^^^^^^^^^^^^^^^^^^^^^^^^^^^^^^^^^^
  File "C:\inetpub\wwwroot\e-randevu\dental_management_system\venv\Lib\site-packages\django\db\models\query.py", line 649, in get
    raise self.model.DoesNotExist(
tenants.models.Clinic.DoesNotExist: Clinic matching query does not exist.

During handling of the above exception, another exception occurred:

Traceback (most recent call last):
  File "C:\inetpub\wwwroot\e-randevu\dental_management_system\venv\Lib\site-packages\django\core\handlers\exception.py", line 55, in inner
    response = get_response(request)
               ^^^^^^^^^^^^^^^^^^^^^
  File "C:\inetpub\wwwroot\e-randevu\dental_management_system\venv\Lib\site-packages\django\core\handlers\base.py", line 197, in _get_response
    response = wrapped_callback(request, *callback_args, **callback_kwargs)
               ^^^^^^^^^^^^^^^^^^^^^^^^^^^^^^^^^^^^^^^^^^^^^^^^^^^^^^^^^^^^
  File "C:\inetpub\wwwroot\e-randevu\dental_management_system\tenants\hasta_views.py", line 135, in klinik_randevu_sayfasi
    return render(request, 'hasta/klinik_bulunamadi.html', {}, status=404)
           ^^^^^^^^^^^^^^^^^^^^^^^^^^^^^^^^^^^^^^^^^^^^^^^^^^^^^^^^^^^^^^^
  File "C:\inetpub\wwwroot\e-randevu\dental_management_system\venv\Lib\site-packages\django\shortcuts.py", line 25, in render
    content = loader.render_to_string(template_name, context, request, using=using)
              ^^^^^^^^^^^^^^^^^^^^^^^^^^^^^^^^^^^^^^^^^^^^^^^^^^^^^^^^^^^^^^^^^^^^^
  File "C:\inetpub\wwwroot\e-randevu\dental_management_system\venv\Lib\site-packages\django\template\loader.py", line 61, in render_to_string
    template = get_template(template_name, using=using)
               ^^^^^^^^^^^^^^^^^^^^^^^^^^^^^^^^^^^^^^^^
  File "C:\inetpub\wwwroot\e-randevu\dental_management_system\venv\Lib\site-packages\django\template\loader.py", line 19, in get_template
    raise TemplateDoesNotExist(template_name, chain=chain)
django.template.exceptions.TemplateDoesNotExist: hasta/klinik_bulunamadi.html
[24/Apr/2026 01:04:19] "GET / HTTP/1.1" 500 98184
Not Found: /.git/config
[24/Apr/2026 01:12:39] "GET /.git/config HTTP/1.1" 404 2951
[24/Apr/2026 01:29:45] "GET / HTTP/1.1" 200 9312
[24/Apr/2026 01:34:15] "GET / HTTP/1.1" 200 9312
Not Found: /wp-content/plugins/hellopress/wp_filemanager.php
[24/Apr/2026 01:40:04] "GET /wp-content/plugins/hellopress/wp_filemanager.php HTTP/1.1" 404 3062
Not Found: /BDKR28WP.php
[24/Apr/2026 01:40:04] "GET /BDKR28WP.php HTTP/1.1" 404 2954
Not Found: /card.php
[24/Apr/2026 01:40:04] "GET /card.php HTTP/1.1" 404 2942
Not Found: /av.php
[24/Apr/2026 01:40:04] "GET /av.php HTTP/1.1" 404 2936
Not Found: /wp-lacoto.php
[24/Apr/2026 01:40:04] "GET /wp-lacoto.php HTTP/1.1" 404 2957
Not Found: /wp-kikikoko.php
[24/Apr/2026 01:40:04] "GET /wp-kikikoko.php HTTP/1.1" 404 2963
Not Found: /ganja.php
[24/Apr/2026 01:40:05] "GET /ganja.php HTTP/1.1" 404 2945
Not Found: /eetu.php
[24/Apr/2026 01:40:05] "GET /eetu.php HTTP/1.1" 404 2942
Not Found: /wp-X1s2e6h3p7.php
[24/Apr/2026 01:40:05] "GET /wp-X1s2e6h3p7.php HTTP/1.1" 404 2969
Not Found: /dragonshell.php
[24/Apr/2026 01:40:05] "GET /dragonshell.php HTTP/1.1" 404 2963
Not Found: /samll.php
[24/Apr/2026 01:40:05] "GET /samll.php HTTP/1.1" 404 2945
Not Found: /G-In.php
[24/Apr/2026 01:40:05] "GET /G-In.php HTTP/1.1" 404 2942
Not Found: /aj11.php
[24/Apr/2026 01:40:06] "GET /aj11.php HTTP/1.1" 404 2942
Not Found: /tires.php
[24/Apr/2026 01:40:06] "GET /tires.php HTTP/1.1" 404 2945
Not Found: /xroot.php
[24/Apr/2026 01:40:06] "GET /xroot.php HTTP/1.1" 404 2945
Not Found: /tea.php
[24/Apr/2026 01:40:06] "GET /tea.php HTTP/1.1" 404 2939
Not Found: /uwu.php
[24/Apr/2026 01:40:06] "GET /uwu.php HTTP/1.1" 404 2939
Not Found: /aios-bootstrap.php
[24/Apr/2026 01:40:06] "GET /aios-bootstrap.php HTTP/1.1" 404 2972
Not Found: /one.php
[24/Apr/2026 01:40:06] "GET /one.php HTTP/1.1" 404 2939
Not Found: /006.php
[24/Apr/2026 01:40:06] "GET /006.php HTTP/1.1" 404 2939
Not Found: /kikikoko.php
[24/Apr/2026 01:40:07] "GET /kikikoko.php HTTP/1.1" 404 2954
Not Found: /2026w.php
[24/Apr/2026 01:40:07] "GET /2026w.php HTTP/1.1" 404 2945
Not Found: /11.php
[24/Apr/2026 01:40:07] "GET /11.php HTTP/1.1" 404 2936
Not Found: /amxloxxr.php
[24/Apr/2026 01:40:07] "GET /amxloxxr.php HTTP/1.1" 404 2954
Not Found: /qhupyoon.php
[24/Apr/2026 01:40:07] "GET /qhupyoon.php HTTP/1.1" 404 2954
Not Found: /dx.php
[24/Apr/2026 01:40:07] "GET /dx.php HTTP/1.1" 404 2936
Not Found: /fs.php
[24/Apr/2026 01:40:07] "GET /fs.php HTTP/1.1" 404 2936
Not Found: /6ap7e.php
[24/Apr/2026 01:40:07] "GET /6ap7e.php HTTP/1.1" 404 2945
Not Found: /cilus.php
[24/Apr/2026 01:40:07] "GET /cilus.php HTTP/1.1" 404 2945
Not Found: /link.php
[24/Apr/2026 01:40:08] "GET /link.php HTTP/1.1" 404 2942
Not Found: /fone1.php
[24/Apr/2026 01:40:08] "GET /fone1.php HTTP/1.1" 404 2945
Not Found: /zogy1.php
[24/Apr/2026 01:40:08] "GET /zogy1.php HTTP/1.1" 404 2945
Not Found: /zoper1.php
[24/Apr/2026 01:40:08] "GET /zoper1.php HTTP/1.1" 404 2948
Not Found: /atkno.php
[24/Apr/2026 01:40:08] "GET /atkno.php HTTP/1.1" 404 2945
Not Found: /de.php
[24/Apr/2026 01:40:08] "GET /de.php HTTP/1.1" 404 2936
Not Found: /insta.php
[24/Apr/2026 01:40:08] "GET /insta.php HTTP/1.1" 404 2945
Not Found: /wpxl.php
[24/Apr/2026 01:40:09] "GET /wpxl.php HTTP/1.1" 404 2942
Not Found: /admlo.php
[24/Apr/2026 01:40:09] "GET /admlo.php HTTP/1.1" 404 2945
Not Found: /f5.php
[24/Apr/2026 01:40:09] "GET /f5.php HTTP/1.1" 404 2936
Not Found: /ptanf.php
[24/Apr/2026 01:40:09] "GET /ptanf.php HTTP/1.1" 404 2945
Not Found: /ctex1.php
[24/Apr/2026 01:40:09] "GET /ctex1.php HTTP/1.1" 404 2945
Not Found: /gelio1.php
[24/Apr/2026 01:40:09] "GET /gelio1.php HTTP/1.1" 404 2948
Not Found: /ah25.php
[24/Apr/2026 01:40:09] "GET /ah25.php HTTP/1.1" 404 2942
Not Found: /w.php
[24/Apr/2026 01:40:09] "GET /w.php HTTP/1.1" 404 2933
Not Found: /axe.php
[24/Apr/2026 01:40:09] "GET /axe.php HTTP/1.1" 404 2939
Not Found: /index0.php
[24/Apr/2026 01:40:10] "GET /index0.php HTTP/1.1" 404 2948
Not Found: /wp-01ul.php
[24/Apr/2026 01:40:10] "GET /wp-01ul.php HTTP/1.1" 404 2951
Not Found: /e3.php
[24/Apr/2026 01:40:10] "GET /e3.php HTTP/1.1" 404 2936
Not Found: /fkohd.php
[24/Apr/2026 01:40:10] "GET /fkohd.php HTTP/1.1" 404 2945
Not Found: /ws78.php
[24/Apr/2026 01:40:10] "GET /ws78.php HTTP/1.1" 404 2942
Not Found: /ws80.php
[24/Apr/2026 01:40:10] "GET /ws80.php HTTP/1.1" 404 2942
Not Found: /zo.php
[24/Apr/2026 01:40:10] "GET /zo.php HTTP/1.1" 404 2936
Not Found: /xy.php
[24/Apr/2026 01:40:11] "GET /xy.php HTTP/1.1" 404 2936
Not Found: /masks.php
[24/Apr/2026 01:40:11] "GET /masks.php HTTP/1.1" 404 2945
Not Found: /man.php
[24/Apr/2026 01:40:11] "GET /man.php HTTP/1.1" 404 2939
Not Found: /xfun.php
[24/Apr/2026 01:40:11] "GET /xfun.php HTTP/1.1" 404 2942
Not Found: /xxx.php
[24/Apr/2026 01:40:11] "GET /xxx.php HTTP/1.1" 404 2939
Not Found: /vv.php
[24/Apr/2026 01:40:12] "GET /vv.php HTTP/1.1" 404 2936
Not Found: /wpconf.php
[24/Apr/2026 01:40:12] "GET /wpconf.php HTTP/1.1" 404 2948
Not Found: /lib.php
[24/Apr/2026 01:40:12] "GET /lib.php HTTP/1.1" 404 2939
Not Found: /wp-zx.php
[24/Apr/2026 01:40:12] "GET /wp-zx.php HTTP/1.1" 404 2945
Not Found: /000.php
[24/Apr/2026 01:40:12] "GET /000.php HTTP/1.1" 404 2939
Not Found: /mar.php
[24/Apr/2026 01:40:12] "GET /mar.php HTTP/1.1" 404 2939
Not Found: /iov.php
[24/Apr/2026 01:40:13] "GET /iov.php HTTP/1.1" 404 2939
Not Found: /jodohghi.php
[24/Apr/2026 01:40:13] "GET /jodohghi.php HTTP/1.1" 404 2954
Not Found: /rendi59.php
[24/Apr/2026 01:40:13] "GET /rendi59.php HTTP/1.1" 404 2951
Not Found: /rivasqup.php
[24/Apr/2026 01:40:13] "GET /rivasqup.php HTTP/1.1" 404 2954
Not Found: /mga.php
[24/Apr/2026 01:40:13] "GET /mga.php HTTP/1.1" 404 2939
Not Found: /dshtv.php
[24/Apr/2026 01:40:14] "GET /dshtv.php HTTP/1.1" 404 2945
Not Found: /sym403.php
[24/Apr/2026 01:40:14] "GET /sym403.php HTTP/1.1" 404 2948
Not Found: /temp1.php
[24/Apr/2026 01:40:14] "GET /temp1.php HTTP/1.1" 404 2945
Not Found: /ms-edit.php
[24/Apr/2026 01:40:14] "GET /ms-edit.php HTTP/1.1" 404 2951
Not Found: /simple.php
[24/Apr/2026 01:40:14] "GET /simple.php HTTP/1.1" 404 2948
Not Found: /Sanskrit.php
[24/Apr/2026 01:40:14] "GET /Sanskrit.php HTTP/1.1" 404 2954
Not Found: /bbny.php
[24/Apr/2026 01:40:14] "GET /bbny.php HTTP/1.1" 404 2942
Not Found: /ggb.php
[24/Apr/2026 01:40:14] "GET /ggb.php HTTP/1.1" 404 2939
Not Found: /zhw.php
[24/Apr/2026 01:40:15] "GET /zhw.php HTTP/1.1" 404 2939
Not Found: /casp1.php
[24/Apr/2026 01:40:15] "GET /casp1.php HTTP/1.1" 404 2945
Not Found: /ftde.php
[24/Apr/2026 01:40:15] "GET /ftde.php HTTP/1.1" 404 2942
Not Found: /lov.php
[24/Apr/2026 01:40:15] "GET /lov.php HTTP/1.1" 404 2939
Not Found: /knw.php
[24/Apr/2026 01:40:15] "GET /knw.php HTTP/1.1" 404 2939
Not Found: /fi.php
[24/Apr/2026 01:40:15] "GET /fi.php HTTP/1.1" 404 2936
Not Found: /jlex.php
[24/Apr/2026 01:40:16] "GET /jlex.php HTTP/1.1" 404 2942
Not Found: /wp-k7djufwez2.php
[24/Apr/2026 01:40:16] "GET /wp-k7djufwez2.php HTTP/1.1" 404 2969
Not Found: /wp-tiroto.php
[24/Apr/2026 01:40:16] "GET /wp-tiroto.php HTTP/1.1" 404 2957
Not Found: /son.php
[24/Apr/2026 01:40:16] "GET /son.php HTTP/1.1" 404 2939
Not Found: /dev.php
[24/Apr/2026 01:40:16] "GET /dev.php HTTP/1.1" 404 2939
Not Found: /99.php
[24/Apr/2026 01:40:16] "GET /99.php HTTP/1.1" 404 2936
Not Found: /bal.php
[24/Apr/2026 01:40:16] "GET /bal.php HTTP/1.1" 404 2939
Not Found: /filefuns.php
[24/Apr/2026 01:40:17] "GET /filefuns.php HTTP/1.1" 404 2954
Not Found: /ay.php
[24/Apr/2026 01:40:17] "GET /ay.php HTTP/1.1" 404 2936
Not Found: /options.php
[24/Apr/2026 01:40:17] "GET /options.php HTTP/1.1" 404 2951
Not Found: /wp-includes/theme-compat/options.php
[24/Apr/2026 01:40:17] "GET /wp-includes/theme-compat/options.php HTTP/1.1" 404 3026
Not Found: /d.php
[24/Apr/2026 01:40:17] "GET /d.php HTTP/1.1" 404 2933
Not Found: /1a.php
[24/Apr/2026 01:40:17] "GET /1a.php HTTP/1.1" 404 2936
Not Found: /rh.php
[24/Apr/2026 01:40:18] "GET /rh.php HTTP/1.1" 404 2936
Not Found: /file-kikikoko.php
[24/Apr/2026 01:40:18] "GET /file-kikikoko.php HTTP/1.1" 404 2969
Not Found: /cu.php
[24/Apr/2026 01:40:18] "GET /cu.php HTTP/1.1" 404 2936
Not Found: /test1.php
[24/Apr/2026 01:41:58] "GET /test1.php HTTP/1.1" 404 2945
Not Found: /bpxrn.php
[24/Apr/2026 01:41:58] "GET /bpxrn.php HTTP/1.1" 404 2945
Not Found: /a1.php
[24/Apr/2026 01:41:58] "GET /a1.php HTTP/1.1" 404 2936
Not Found: /ws37.php
[24/Apr/2026 01:41:58] "GET /ws37.php HTTP/1.1" 404 2942
Not Found: /sky.php
[24/Apr/2026 01:41:58] "GET /sky.php HTTP/1.1" 404 2939
Not Found: /bojcdooq.php
[24/Apr/2026 01:41:58] "GET /bojcdooq.php HTTP/1.1" 404 2954
Not Found: /zdd.php
[24/Apr/2026 01:41:58] "GET /zdd.php HTTP/1.1" 404 2939
Not Found: /133.php
[24/Apr/2026 01:41:58] "GET /133.php HTTP/1.1" 404 2939
Not Found: /jq.php
[24/Apr/2026 01:41:58] "GET /jq.php HTTP/1.1" 404 2936
Not Found: /cro.php
[24/Apr/2026 01:41:58] "GET /cro.php HTTP/1.1" 404 2939
Not Found: /wwx.php
[24/Apr/2026 01:41:58] "GET /wwx.php HTTP/1.1" 404 2939
Not Found: /trx24.php
[24/Apr/2026 01:41:58] "GET /trx24.php HTTP/1.1" 404 2945
Not Found: /blox.php
[24/Apr/2026 01:41:58] "GET /blox.php HTTP/1.1" 404 2942
Not Found: /berax.php
[24/Apr/2026 01:41:58] "GET /berax.php HTTP/1.1" 404 2945
Not Found: /bkxzo.php
[24/Apr/2026 01:41:59] "GET /bkxzo.php HTTP/1.1" 404 2945
Not Found: /cdxadmin.php
[24/Apr/2026 01:41:59] "GET /cdxadmin.php HTTP/1.1" 404 2954
Not Found: /dfre.php
[24/Apr/2026 01:41:59] "GET /dfre.php HTTP/1.1" 404 2942
Not Found: /sko.php
[24/Apr/2026 01:41:59] "GET /sko.php HTTP/1.1" 404 2939
Not Found: /shorw.php
[24/Apr/2026 01:41:59] "GET /shorw.php HTTP/1.1" 404 2945
Not Found: /shelp.php
[24/Apr/2026 01:41:59] "GET /shelp.php HTTP/1.1" 404 2945
Not Found: /seyv.php
[24/Apr/2026 01:41:59] "GET /seyv.php HTTP/1.1" 404 2942
Not Found: /sad821.php
[24/Apr/2026 01:41:59] "GET /sad821.php HTTP/1.1" 404 2948
Not Found: /sad8210.php
[24/Apr/2026 01:41:59] "GET /sad8210.php HTTP/1.1" 404 2951
Not Found: /sad8rd1.php
[24/Apr/2026 01:42:00] "GET /sad8rd1.php HTTP/1.1" 404 2951
Not Found: /saxzgf5.php
[24/Apr/2026 01:42:00] "GET /saxzgf5.php HTTP/1.1" 404 2951
Not Found: /saxzw9t.php
[24/Apr/2026 01:42:00] "GET /saxzw9t.php HTTP/1.1" 404 2951
Not Found: /sder5252u.php
[24/Apr/2026 01:42:00] "GET /sder5252u.php HTTP/1.1" 404 2957
Not Found: /sderty5u.php
[24/Apr/2026 01:42:00] "GET /sderty5u.php HTTP/1.1" 404 2954
Not Found: /hilk.php
[24/Apr/2026 01:42:00] "GET /hilk.php HTTP/1.1" 404 2942
Not Found: /miso.php
[24/Apr/2026 01:42:00] "GET /miso.php HTTP/1.1" 404 2942
Not Found: /yuzuru1.php
[24/Apr/2026 01:42:00] "GET /yuzuru1.php HTTP/1.1" 404 2951
Not Found: /checkout.php
[24/Apr/2026 01:42:00] "GET /checkout.php HTTP/1.1" 404 2954
Not Found: /fictioner.php
[24/Apr/2026 01:42:00] "GET /fictioner.php HTTP/1.1" 404 2957
Not Found: /ortasekerli1.php
[24/Apr/2026 01:42:00] "GET /ortasekerli1.php HTTP/1.1" 404 2966
Not Found: /xxa.php
[24/Apr/2026 01:42:01] "GET /xxa.php HTTP/1.1" 404 2939
Not Found: /file6.php
[24/Apr/2026 01:42:01] "GET /file6.php HTTP/1.1" 404 2945
Not Found: /wp-asyn-upload.php
[24/Apr/2026 01:42:01] "GET /wp-asyn-upload.php HTTP/1.1" 404 2972
Not Found: /redixsx.php
[24/Apr/2026 01:42:01] "GET /redixsx.php HTTP/1.1" 404 2951
Not Found: /alpha.php
[24/Apr/2026 01:42:01] "GET /alpha.php HTTP/1.1" 404 2945
Not Found: /bc.php
[24/Apr/2026 01:42:01] "GET /bc.php HTTP/1.1" 404 2936
Not Found: /67.php
[24/Apr/2026 01:42:01] "GET /67.php HTTP/1.1" 404 2936
Not Found: /1mrX.php
[24/Apr/2026 01:42:01] "GET /1mrX.php HTTP/1.1" 404 2942
Not Found: /x402.php
[24/Apr/2026 01:42:01] "GET /x402.php HTTP/1.1" 404 2942
Not Found: /485.php
[24/Apr/2026 01:42:01] "GET /485.php HTTP/1.1" 404 2939
Not Found: /drykl.php
[24/Apr/2026 01:42:01] "GET /drykl.php HTTP/1.1" 404 2945
Not Found: /xxx.php
[24/Apr/2026 01:42:01] "GET /xxx.php HTTP/1.1" 404 2939
[24/Apr/2026 01:44:03] "GET / HTTP/1.1" 200 9312
[24/Apr/2026 01:44:07] "GET / HTTP/1.1" 200 9312
[24/Apr/2026 01:44:11] "GET / HTTP/1.1" 200 9312
[24/Apr/2026 01:44:11] "GET /static/css/ana_sayfa.css HTTP/1.1" 200 10882
Not Found: /favicon.ico
[24/Apr/2026 01:44:13] "GET /favicon.ico HTTP/1.1" 404 2952
[24/Apr/2026 01:44:30] "GET / HTTP/1.1" 200 9312
[24/Apr/2026 01:44:30] "GET /static/css/ana_sayfa.css HTTP/1.1" 200 10882
Not Found: /favicon.ico
[24/Apr/2026 01:44:30] "GET /favicon.ico HTTP/1.1" 404 2952
