C:\inetpub\wwwroot\e-randevu\dental_management_system\venv\Lib\site-packages\django\db\models\base.py:366: RuntimeWarning: Model 'patients.hastasession' was already registered. Reloading models is not advised as it can lead to inconsistencies, most notably with related models.
  new_class._meta.apps.register_model(new_class._meta.app_label, new_class)
C:\inetpub\wwwroot\e-randevu\dental_management_system\venv\Lib\site-packages\django\db\models\base.py:366: RuntimeWarning: Model 'patients.hastasession' was already registered. Reloading models is not advised as it can lead to inconsistencies, most notably with related models.
  new_class._meta.apps.register_model(new_class._meta.app_label, new_class)
Watching for file changes with StatReloader
[30/Mar/2026 23:46:19] "GET / HTTP/1.1" 200 16347
Internal Server Error: /
Traceback (most recent call last):
  File "C:\inetpub\wwwroot\e-randevu\dental_management_system\tenants\hasta_views.py", line 133, in klinik_randevu_sayfasi
    clinic = Clinic.objects.get(subdomain=subdomain, is_active=True)
             ^^^^^^^^^^^^^^^^^^^^^^^^^^^^^^^^^^^^^^^^^^^^^^^^^^^^^^^
  File "C:\inetpub\wwwroot\e-randevu\dental_management_system\venv\Lib\site-packages\django\db\models\manager.py", line 87, in manager_method
    return getattr(self.get_queryset(), name)(*args, **kwargs)
           ^^^^^^^^^^^^^^^^^^^^^^^^^^^^^^^^^^^^^^^^^^^^^^^^^^^
  File "C:\inetpub\wwwroot\e-randevu\dental_management_system\venv\Lib\site-packages\django\db\models\query.py", line 649, in get
    raise self.model.DoesNotExist(
tenants.models.Clinic.DoesNotExist: Clinic matching query does not exist.

During handling of the above exception, another exception occurred:

Traceback (most recent call last):
  File "C:\inetpub\wwwroot\e-randevu\dental_management_system\venv\Lib\site-packages\django\core\handlers\exception.py", line 55, in inner
    response = get_response(request)
               ^^^^^^^^^^^^^^^^^^^^^
  File "C:\inetpub\wwwroot\e-randevu\dental_management_system\venv\Lib\site-packages\django\core\handlers\base.py", line 197, in _get_response
    response = wrapped_callback(request, *callback_args, **callback_kwargs)
               ^^^^^^^^^^^^^^^^^^^^^^^^^^^^^^^^^^^^^^^^^^^^^^^^^^^^^^^^^^^^
  File "C:\inetpub\wwwroot\e-randevu\dental_management_system\tenants\hasta_views.py", line 135, in klinik_randevu_sayfasi
    return render(request, 'hasta/klinik_bulunamadi.html', {}, status=404)
           ^^^^^^^^^^^^^^^^^^^^^^^^^^^^^^^^^^^^^^^^^^^^^^^^^^^^^^^^^^^^^^^
  File "C:\inetpub\wwwroot\e-randevu\dental_management_system\venv\Lib\site-packages\django\shortcuts.py", line 25, in render
    content = loader.render_to_string(template_name, context, request, using=using)
              ^^^^^^^^^^^^^^^^^^^^^^^^^^^^^^^^^^^^^^^^^^^^^^^^^^^^^^^^^^^^^^^^^^^^^
  File "C:\inetpub\wwwroot\e-randevu\dental_management_system\venv\Lib\site-packages\django\template\loader.py", line 61, in render_to_string
    template = get_template(template_name, using=using)
               ^^^^^^^^^^^^^^^^^^^^^^^^^^^^^^^^^^^^^^^^
  File "C:\inetpub\wwwroot\e-randevu\dental_management_system\venv\Lib\site-packages\django\template\loader.py", line 19, in get_template
    raise TemplateDoesNotExist(template_name, chain=chain)
django.template.exceptions.TemplateDoesNotExist: hasta/klinik_bulunamadi.html
[30/Mar/2026 23:47:29] "GET / HTTP/1.1" 500 98108
Not Found: /
[30/Mar/2026 23:52:51] "GET / HTTP/1.1" 404 8849
Not Found: /js/twint_ch.js
[30/Mar/2026 23:52:51] "GET /js/twint_ch.js HTTP/1.1" 404 8909
Not Found: /assets/js/message.js
[30/Mar/2026 23:52:51] "GET /assets/js/message.js HTTP/1.1" 404 8927
Not Found: /css/support_parent.css
[30/Mar/2026 23:52:51] "GET /css/support_parent.css HTTP/1.1" 404 8933
[30/Mar/2026 23:52:51] "GET /bot-connect.js HTTP/1.1" 301 0
[30/Mar/2026 23:52:51] "GET /bot-connect.js/ HTTP/1.1" 302 0
[30/Mar/2026 23:52:52] "GET /giris/ HTTP/1.1" 200 5064
[30/Mar/2026 23:52:52] "GET /robots.txt HTTP/1.1" 301 0
[30/Mar/2026 23:52:52] "GET /robots.txt/ HTTP/1.1" 302 0
[30/Mar/2026 23:52:52] "GET /giris/ HTTP/1.1" 200 5064
[30/Mar/2026 23:52:52] "GET /static/style/protect/index.js HTTP/1.1" 404 1834
Not Found: /js/lkk_ch.js
[30/Mar/2026 23:52:52] "GET /js/lkk_ch.js HTTP/1.1" 404 8903
Not Found: /assets/js/qr_modal.js
[30/Mar/2026 23:52:52] "GET /assets/js/qr_modal.js HTTP/1.1" 404 8930
Not Found: /assets/js/auth.js
[30/Mar/2026 23:52:52] "GET /assets/js/auth.js HTTP/1.1" 404 8918
[30/Mar/2026 23:52:55] "GET /static/style/sys_files/index.js HTTP/1.1" 404 1840
Forbidden (Referer checking failed - no Referer.): /
[30/Mar/2026 23:56:27] "POST / HTTP/1.1" 403 3565
Not Found: /index.php
[30/Mar/2026 23:56:27] "POST /index.php HTTP/1.1" 404 2951
Not Found: /admin
[30/Mar/2026 23:56:28] "POST /admin HTTP/1.1" 404 2939
Not Found: /api
[30/Mar/2026 23:56:28] "POST /api HTTP/1.1" 404 2933
