C:\inetpub\wwwroot\e-randevu\dental_management_system\venv\Lib\site-packages\django\db\models\base.py:366: RuntimeWarning: Model 'patients.hastasession' was already registered. Reloading models is not advised as it can lead to inconsistencies, most notably with related models.
  new_class._meta.apps.register_model(new_class._meta.app_label, new_class)
C:\inetpub\wwwroot\e-randevu\dental_management_system\venv\Lib\site-packages\django\db\models\base.py:366: RuntimeWarning: Model 'patients.hastasession' was already registered. Reloading models is not advised as it can lead to inconsistencies, most notably with related models.
  new_class._meta.apps.register_model(new_class._meta.app_label, new_class)
Watching for file changes with StatReloader
Internal Server Error: /
Traceback (most recent call last):
  File "C:\inetpub\wwwroot\e-randevu\dental_management_system\tenants\hasta_views.py", line 133, in klinik_randevu_sayfasi
    clinic = Clinic.objects.get(subdomain=subdomain, is_active=True)
             ^^^^^^^^^^^^^^^^^^^^^^^^^^^^^^^^^^^^^^^^^^^^^^^^^^^^^^^
  File "C:\inetpub\wwwroot\e-randevu\dental_management_system\venv\Lib\site-packages\django\db\models\manager.py", line 87, in manager_method
    return getattr(self.get_queryset(), name)(*args, **kwargs)
           ^^^^^^^^^^^^^^^^^^^^^^^^^^^^^^^^^^^^^^^^^^^^^^^^^^^
  File "C:\inetpub\wwwroot\e-randevu\dental_management_system\venv\Lib\site-packages\django\db\models\query.py", line 649, in get
    raise self.model.DoesNotExist(
tenants.models.Clinic.DoesNotExist: Clinic matching query does not exist.

During handling of the above exception, another exception occurred:

Traceback (most recent call last):
  File "C:\inetpub\wwwroot\e-randevu\dental_management_system\venv\Lib\site-packages\django\core\handlers\exception.py", line 55, in inner
    response = get_response(request)
               ^^^^^^^^^^^^^^^^^^^^^
  File "C:\inetpub\wwwroot\e-randevu\dental_management_system\venv\Lib\site-packages\django\core\handlers\base.py", line 197, in _get_response
    response = wrapped_callback(request, *callback_args, **callback_kwargs)
               ^^^^^^^^^^^^^^^^^^^^^^^^^^^^^^^^^^^^^^^^^^^^^^^^^^^^^^^^^^^^
  File "C:\inetpub\wwwroot\e-randevu\dental_management_system\tenants\hasta_views.py", line 135, in klinik_randevu_sayfasi
    return render(request, 'hasta/klinik_bulunamadi.html', {}, status=404)
           ^^^^^^^^^^^^^^^^^^^^^^^^^^^^^^^^^^^^^^^^^^^^^^^^^^^^^^^^^^^^^^^
  File "C:\inetpub\wwwroot\e-randevu\dental_management_system\venv\Lib\site-packages\django\shortcuts.py", line 25, in render
    content = loader.render_to_string(template_name, context, request, using=using)
              ^^^^^^^^^^^^^^^^^^^^^^^^^^^^^^^^^^^^^^^^^^^^^^^^^^^^^^^^^^^^^^^^^^^^^
  File "C:\inetpub\wwwroot\e-randevu\dental_management_system\venv\Lib\site-packages\django\template\loader.py", line 61, in render_to_string
    template = get_template(template_name, using=using)
               ^^^^^^^^^^^^^^^^^^^^^^^^^^^^^^^^^^^^^^^^
  File "C:\inetpub\wwwroot\e-randevu\dental_management_system\venv\Lib\site-packages\django\template\loader.py", line 19, in get_template
    raise TemplateDoesNotExist(template_name, chain=chain)
django.template.exceptions.TemplateDoesNotExist: hasta/klinik_bulunamadi.html
[12/Apr/2026 17:27:44] "GET / HTTP/1.1" 500 98165
Not Found: /robots.txt
[12/Apr/2026 17:27:59] "GET /robots.txt HTTP/1.1" 404 2949
[12/Apr/2026 17:28:01] "GET /?sehir=Istanbul HTTP/1.1" 200 10004
Not Found: /robots.txt
[12/Apr/2026 17:29:34] "GET /robots.txt HTTP/1.1" 404 2949
[12/Apr/2026 17:29:36] "GET /?sehir=Istanbul HTTP/1.1" 200 10004
Not Found: /robots.txt
[12/Apr/2026 17:31:07] "GET /robots.txt HTTP/1.1" 404 2949
[12/Apr/2026 17:31:09] "GET /?sehir=Istanbul HTTP/1.1" 200 10004
Not Found: /robots.txt
[12/Apr/2026 17:33:02] "GET /robots.txt HTTP/1.1" 404 2949
[12/Apr/2026 17:33:03] "GET /?sehir=Istanbul HTTP/1.1" 200 10004
Not Found: /robots.txt
[12/Apr/2026 17:34:57] "GET /robots.txt HTTP/1.1" 404 2949
[12/Apr/2026 17:34:59] "GET /?sehir=Istanbul HTTP/1.1" 200 10004
Not Found: /robots.txt
[12/Apr/2026 17:37:10] "GET /robots.txt HTTP/1.1" 404 2949
[12/Apr/2026 17:37:12] "GET /?sehir=Istanbul HTTP/1.1" 200 10004
Not Found: /robots.txt
[12/Apr/2026 17:38:39] "GET /robots.txt HTTP/1.1" 404 2949
[12/Apr/2026 17:38:41] "GET /?sehir=Istanbul HTTP/1.1" 200 10004
Not Found: /robots.txt
[12/Apr/2026 17:38:41] "GET /robots.txt HTTP/1.1" 404 2949
[12/Apr/2026 17:38:43] "GET /?sehir=Istanbul HTTP/1.1" 200 10004
Not Found: /robots.txt
[12/Apr/2026 17:41:30] "GET /robots.txt HTTP/1.1" 404 2949
[12/Apr/2026 17:41:32] "GET /?sehir=Istanbul HTTP/1.1" 200 10004
Not Found: /robots.txt
[12/Apr/2026 17:44:29] "GET /robots.txt HTTP/1.1" 404 2949
[12/Apr/2026 17:44:30] "GET /?sehir=Istanbul HTTP/1.1" 200 10004
Not Found: /robots.txt
[12/Apr/2026 17:47:07] "GET /robots.txt HTTP/1.1" 404 2949
[12/Apr/2026 17:47:08] "GET /?sehir=Istanbul HTTP/1.1" 200 10004
