C:\inetpub\wwwroot\e-randevu\dental_management_system\venv\Lib\site-packages\django\db\models\base.py:366: RuntimeWarning: Model 'patients.hastasession' was already registered. Reloading models is not advised as it can lead to inconsistencies, most notably with related models.
  new_class._meta.apps.register_model(new_class._meta.app_label, new_class)
C:\inetpub\wwwroot\e-randevu\dental_management_system\venv\Lib\site-packages\django\db\models\base.py:366: RuntimeWarning: Model 'patients.hastasession' was already registered. Reloading models is not advised as it can lead to inconsistencies, most notably with related models.
  new_class._meta.apps.register_model(new_class._meta.app_label, new_class)
Watching for file changes with StatReloader
[02/May/2026 23:14:04] "GET / HTTP/1.1" 200 9312
Forbidden (CSRF cookie not set.): /
[02/May/2026 23:14:05] "POST / HTTP/1.1" 403 3005
Forbidden (CSRF cookie not set.): /
[02/May/2026 23:14:05] "POST / HTTP/1.1" 403 3005
Forbidden (CSRF cookie not set.): /
[02/May/2026 23:14:06] "POST / HTTP/1.1" 403 3005
Not Found: /
Not Found: /
[02/May/2026 23:19:12] "GET / HTTP/1.1" 404 8849
[02/May/2026 23:19:12] "GET / HTTP/1.1" 404 8849
Not Found: /atom.xml
[02/May/2026 23:20:31] "GET /atom.xml HTTP/1.1" 404 2354
Not Found: /sitemap.xml.gz
[02/May/2026 23:32:00] "GET /sitemap.xml.gz HTTP/1.1" 404 2373
Not Found: /.git/config
[02/May/2026 23:37:44] "GET /.git/config HTTP/1.1" 404 8900
Not Found: /sitemap.xml
[02/May/2026 23:39:51] "GET /sitemap.xml HTTP/1.1" 404 2363
