C:\inetpub\wwwroot\e-randevu\dental_management_system\venv\Lib\site-packages\django\db\models\base.py:366: RuntimeWarning: Model 'patients.hastasession' was already registered. Reloading models is not advised as it can lead to inconsistencies, most notably with related models.
  new_class._meta.apps.register_model(new_class._meta.app_label, new_class)
C:\inetpub\wwwroot\e-randevu\dental_management_system\venv\Lib\site-packages\django\db\models\base.py:366: RuntimeWarning: Model 'patients.hastasession' was already registered. Reloading models is not advised as it can lead to inconsistencies, most notably with related models.
  new_class._meta.apps.register_model(new_class._meta.app_label, new_class)
Watching for file changes with StatReloader
[03/May/2026 07:31:50] "GET / HTTP/1.1" 200 9312
Not Found: /.env
[03/May/2026 07:31:51] "GET /.env HTTP/1.1" 404 2931
[03/May/2026 07:34:12] "GET / HTTP/1.1" 200 9312
[03/May/2026 07:36:42] "GET /robots.txt HTTP/1.1" 301 0
Not Found: /
[03/May/2026 07:36:42] "GET / HTTP/1.1" 404 8849
[03/May/2026 07:36:42] "GET /robots.txt/ HTTP/1.1" 302 0
[03/May/2026 07:36:42] "GET /giris/ HTTP/1.1" 200 5067
Not Found: /sitemap.xml
[03/May/2026 07:36:54] "GET /sitemap.xml HTTP/1.1" 404 2364
Not Found: /sitemap_index.xml
[03/May/2026 07:46:02] "GET /sitemap_index.xml HTTP/1.1" 404 2381
Not Found: /sitemap.xml.gz
[03/May/2026 07:52:04] "GET /sitemap.xml.gz HTTP/1.1" 404 2368
Not Found: /atom.xml
[03/May/2026 07:55:49] "GET /atom.xml HTTP/1.1" 404 2350
Not Found: /sitemap.txt
[03/May/2026 08:03:04] "GET /sitemap.txt HTTP/1.1" 404 2363
Internal Server Error: /
Traceback (most recent call last):
  File "C:\inetpub\wwwroot\e-randevu\dental_management_system\tenants\hasta_views.py", line 133, in klinik_randevu_sayfasi
    clinic = Clinic.objects.get(subdomain=subdomain, is_active=True)
             ^^^^^^^^^^^^^^^^^^^^^^^^^^^^^^^^^^^^^^^^^^^^^^^^^^^^^^^
  File "C:\inetpub\wwwroot\e-randevu\dental_management_system\venv\Lib\site-packages\django\db\models\manager.py", line 87, in manager_method
    return getattr(self.get_queryset(), name)(*args, **kwargs)
           ^^^^^^^^^^^^^^^^^^^^^^^^^^^^^^^^^^^^^^^^^^^^^^^^^^^
  File "C:\inetpub\wwwroot\e-randevu\dental_management_system\venv\Lib\site-packages\django\db\models\query.py", line 649, in get
    raise self.model.DoesNotExist(
tenants.models.Clinic.DoesNotExist: Clinic matching query does not exist.

During handling of the above exception, another exception occurred:

Traceback (most recent call last):
  File "C:\inetpub\wwwroot\e-randevu\dental_management_system\venv\Lib\site-packages\django\core\handlers\exception.py", line 55, in inner
    response = get_response(request)
               ^^^^^^^^^^^^^^^^^^^^^
  File "C:\inetpub\wwwroot\e-randevu\dental_management_system\venv\Lib\site-packages\django\core\handlers\base.py", line 197, in _get_response
    response = wrapped_callback(request, *callback_args, **callback_kwargs)
               ^^^^^^^^^^^^^^^^^^^^^^^^^^^^^^^^^^^^^^^^^^^^^^^^^^^^^^^^^^^^
  File "C:\inetpub\wwwroot\e-randevu\dental_management_system\tenants\hasta_views.py", line 135, in klinik_randevu_sayfasi
    return render(request, 'hasta/klinik_bulunamadi.html', {}, status=404)
           ^^^^^^^^^^^^^^^^^^^^^^^^^^^^^^^^^^^^^^^^^^^^^^^^^^^^^^^^^^^^^^^
  File "C:\inetpub\wwwroot\e-randevu\dental_management_system\venv\Lib\site-packages\django\shortcuts.py", line 25, in render
    content = loader.render_to_string(template_name, context, request, using=using)
              ^^^^^^^^^^^^^^^^^^^^^^^^^^^^^^^^^^^^^^^^^^^^^^^^^^^^^^^^^^^^^^^^^^^^^
  File "C:\inetpub\wwwroot\e-randevu\dental_management_system\venv\Lib\site-packages\django\template\loader.py", line 61, in render_to_string
    template = get_template(template_name, using=using)
               ^^^^^^^^^^^^^^^^^^^^^^^^^^^^^^^^^^^^^^^^
  File "C:\inetpub\wwwroot\e-randevu\dental_management_system\venv\Lib\site-packages\django\template\loader.py", line 19, in get_template
    raise TemplateDoesNotExist(template_name, chain=chain)
django.template.exceptions.TemplateDoesNotExist: hasta/klinik_bulunamadi.html
[03/May/2026 08:06:38] "GET / HTTP/1.1" 500 98181
[03/May/2026 08:20:33] "GET /robots.txt HTTP/1.1" 301 0
[03/May/2026 08:20:33] "GET /robots.txt/ HTTP/1.1" 302 0
[03/May/2026 08:20:33] "GET /giris/ HTTP/1.1" 200 5067
[03/May/2026 08:20:33] "GET /sitemap.xml HTTP/1.1" 301 0
[03/May/2026 08:20:34] "GET /sitemap.xml/ HTTP/1.1" 302 0
[03/May/2026 08:20:34] "GET /giris/ HTTP/1.1" 200 5067
Not Found: /.git/config
[03/May/2026 08:30:18] "GET /.git/config HTTP/1.1" 404 2359
