C:\inetpub\wwwroot\e-randevu\dental_management_system\venv\Lib\site-packages\django\db\models\base.py:366: RuntimeWarning: Model 'patients.hastasession' was already registered. Reloading models is not advised as it can lead to inconsistencies, most notably with related models.
  new_class._meta.apps.register_model(new_class._meta.app_label, new_class)
C:\inetpub\wwwroot\e-randevu\dental_management_system\venv\Lib\site-packages\django\db\models\base.py:366: RuntimeWarning: Model 'patients.hastasession' was already registered. Reloading models is not advised as it can lead to inconsistencies, most notably with related models.
  new_class._meta.apps.register_model(new_class._meta.app_label, new_class)
Watching for file changes with StatReloader
Internal Server Error: /
Traceback (most recent call last):
  File "C:\inetpub\wwwroot\e-randevu\dental_management_system\tenants\hasta_views.py", line 133, in klinik_randevu_sayfasi
    clinic = Clinic.objects.get(subdomain=subdomain, is_active=True)
             ^^^^^^^^^^^^^^^^^^^^^^^^^^^^^^^^^^^^^^^^^^^^^^^^^^^^^^^
  File "C:\inetpub\wwwroot\e-randevu\dental_management_system\venv\Lib\site-packages\django\db\models\manager.py", line 87, in manager_method
    return getattr(self.get_queryset(), name)(*args, **kwargs)
           ^^^^^^^^^^^^^^^^^^^^^^^^^^^^^^^^^^^^^^^^^^^^^^^^^^^
  File "C:\inetpub\wwwroot\e-randevu\dental_management_system\venv\Lib\site-packages\django\db\models\query.py", line 649, in get
    raise self.model.DoesNotExist(
tenants.models.Clinic.DoesNotExist: Clinic matching query does not exist.

During handling of the above exception, another exception occurred:

Traceback (most recent call last):
  File "C:\inetpub\wwwroot\e-randevu\dental_management_system\venv\Lib\site-packages\django\core\handlers\exception.py", line 55, in inner
    response = get_response(request)
               ^^^^^^^^^^^^^^^^^^^^^
  File "C:\inetpub\wwwroot\e-randevu\dental_management_system\venv\Lib\site-packages\django\core\handlers\base.py", line 197, in _get_response
    response = wrapped_callback(request, *callback_args, **callback_kwargs)
               ^^^^^^^^^^^^^^^^^^^^^^^^^^^^^^^^^^^^^^^^^^^^^^^^^^^^^^^^^^^^
  File "C:\inetpub\wwwroot\e-randevu\dental_management_system\tenants\hasta_views.py", line 135, in klinik_randevu_sayfasi
    return render(request, 'hasta/klinik_bulunamadi.html', {}, status=404)
           ^^^^^^^^^^^^^^^^^^^^^^^^^^^^^^^^^^^^^^^^^^^^^^^^^^^^^^^^^^^^^^^
  File "C:\inetpub\wwwroot\e-randevu\dental_management_system\venv\Lib\site-packages\django\shortcuts.py", line 25, in render
    content = loader.render_to_string(template_name, context, request, using=using)
              ^^^^^^^^^^^^^^^^^^^^^^^^^^^^^^^^^^^^^^^^^^^^^^^^^^^^^^^^^^^^^^^^^^^^^
  File "C:\inetpub\wwwroot\e-randevu\dental_management_system\venv\Lib\site-packages\django\template\loader.py", line 61, in render_to_string
    template = get_template(template_name, using=using)
               ^^^^^^^^^^^^^^^^^^^^^^^^^^^^^^^^^^^^^^^^
  File "C:\inetpub\wwwroot\e-randevu\dental_management_system\venv\Lib\site-packages\django\template\loader.py", line 19, in get_template
    raise TemplateDoesNotExist(template_name, chain=chain)
django.template.exceptions.TemplateDoesNotExist: hasta/klinik_bulunamadi.html
[31/Mar/2026 00:18:31] "GET / HTTP/1.1" 500 98093
Not Found: /
[31/Mar/2026 00:23:32] "GET / HTTP/1.1" 404 8849
Not Found: /
[31/Mar/2026 00:23:33] "POST / HTTP/1.1" 404 8850
[31/Mar/2026 00:23:33] "GET /.env HTTP/1.1" 301 0
[31/Mar/2026 00:23:33] "GET /.env/ HTTP/1.1" 302 0
[31/Mar/2026 00:23:34] "GET /giris/ HTTP/1.1" 200 5064
[31/Mar/2026 00:23:34] "GET /.env.local HTTP/1.1" 301 0
[31/Mar/2026 00:23:34] "GET /.env.local/ HTTP/1.1" 302 0
[31/Mar/2026 00:23:35] "GET /giris/ HTTP/1.1" 200 5064
[31/Mar/2026 00:23:35] "GET /.env.production HTTP/1.1" 301 0
[31/Mar/2026 00:23:35] "GET /.env.production/ HTTP/1.1" 302 0
[31/Mar/2026 00:23:36] "GET /giris/ HTTP/1.1" 200 5064
[31/Mar/2026 00:23:36] "GET /.env.staging HTTP/1.1" 301 0
[31/Mar/2026 00:23:36] "GET /.env.staging/ HTTP/1.1" 302 0
[31/Mar/2026 00:23:37] "GET /giris/ HTTP/1.1" 200 5064
[31/Mar/2026 00:23:37] "GET /.env.development HTTP/1.1" 301 0
[31/Mar/2026 00:23:37] "GET /.env.development/ HTTP/1.1" 302 0
[31/Mar/2026 00:23:38] "GET /giris/ HTTP/1.1" 200 5064
[31/Mar/2026 00:23:38] "GET /.env.test HTTP/1.1" 301 0
[31/Mar/2026 00:23:38] "GET /.env.test/ HTTP/1.1" 302 0
[31/Mar/2026 00:23:39] "GET /giris/ HTTP/1.1" 200 5064
[31/Mar/2026 00:23:39] "GET /.env.remote HTTP/1.1" 301 0
[31/Mar/2026 00:23:39] "GET /.env.remote/ HTTP/1.1" 302 0
[31/Mar/2026 00:23:40] "GET /giris/ HTTP/1.1" 200 5064
[31/Mar/2026 00:23:40] "GET /.env.bak HTTP/1.1" 301 0
[31/Mar/2026 00:23:40] "GET /.env.bak/ HTTP/1.1" 302 0
[31/Mar/2026 00:23:41] "GET /giris/ HTTP/1.1" 200 5064
[31/Mar/2026 00:23:41] "GET /.env.backup HTTP/1.1" 301 0
[31/Mar/2026 00:23:41] "GET /.env.backup/ HTTP/1.1" 302 0
[31/Mar/2026 00:23:42] "GET /giris/ HTTP/1.1" 200 5064
[31/Mar/2026 00:23:42] "GET /.env.save HTTP/1.1" 301 0
[31/Mar/2026 00:23:42] "GET /.env.save/ HTTP/1.1" 302 0
[31/Mar/2026 00:23:43] "GET /giris/ HTTP/1.1" 200 5064
[31/Mar/2026 00:23:43] "GET /.env.old HTTP/1.1" 301 0
[31/Mar/2026 00:23:43] "GET /.env.old/ HTTP/1.1" 302 0
[31/Mar/2026 00:23:43] "GET /giris/ HTTP/1.1" 200 5064
[31/Mar/2026 00:23:44] "GET /.env.sample HTTP/1.1" 301 0
[31/Mar/2026 00:23:44] "GET /.env.sample/ HTTP/1.1" 302 0
[31/Mar/2026 00:23:44] "GET /giris/ HTTP/1.1" 200 5064
Not Found: /vendor/.env
[31/Mar/2026 00:23:45] "GET /vendor/.env HTTP/1.1" 404 8900
Not Found: /lib/.env
[31/Mar/2026 00:23:45] "GET /lib/.env HTTP/1.1" 404 8891
Not Found: /lab/.env
[31/Mar/2026 00:23:45] "GET /lab/.env HTTP/1.1" 404 8891
Not Found: /cronlab/.env
[31/Mar/2026 00:23:46] "GET /cronlab/.env HTTP/1.1" 404 8903
Not Found: /cron/.env
[31/Mar/2026 00:23:46] "GET /cron/.env HTTP/1.1" 404 8894
Not Found: /core/.env
[31/Mar/2026 00:23:46] "GET /core/.env HTTP/1.1" 404 8894
Not Found: /core/app/.env
[31/Mar/2026 00:23:47] "GET /core/app/.env HTTP/1.1" 404 8906
Not Found: /core/Datavase/.env
[31/Mar/2026 00:23:47] "GET /core/Datavase/.env HTTP/1.1" 404 8921
Not Found: /database/.env
[31/Mar/2026 00:23:47] "GET /database/.env HTTP/1.1" 404 8906
Not Found: /config/.env
[31/Mar/2026 00:23:48] "GET /config/.env HTTP/1.1" 404 8900
Not Found: /assets/.env
[31/Mar/2026 00:23:48] "GET /assets/.env HTTP/1.1" 404 8900
Not Found: /app/.env
[31/Mar/2026 00:23:48] "GET /app/.env HTTP/1.1" 404 8891
Not Found: /apps/.env
[31/Mar/2026 00:23:49] "GET /apps/.env HTTP/1.1" 404 8894
Not Found: /uploads/.env
[31/Mar/2026 00:23:49] "GET /uploads/.env HTTP/1.1" 404 8903
Not Found: /sitemaps/.env
[31/Mar/2026 00:23:49] "GET /sitemaps/.env HTTP/1.1" 404 8906
Not Found: /saas/.env
[31/Mar/2026 00:23:50] "GET /saas/.env HTTP/1.1" 404 8894
Not Found: /api/.env
[31/Mar/2026 00:23:50] "GET /api/.env HTTP/1.1" 404 8891
Not Found: /psnlink/.env
[31/Mar/2026 00:23:50] "GET /psnlink/.env HTTP/1.1" 404 8903
Not Found: /exapi/.env
[31/Mar/2026 00:23:51] "GET /exapi/.env HTTP/1.1" 404 8897
Not Found: /site/.env
[31/Mar/2026 00:23:51] "GET /site/.env HTTP/1.1" 404 8894
Not Found: /admin/.env
[31/Mar/2026 00:23:52] "GET /admin/.env HTTP/1.1" 404 8897
Not Found: /web/.env
[31/Mar/2026 00:23:52] "GET /web/.env HTTP/1.1" 404 8891
Not Found: /public/.env
[31/Mar/2026 00:23:52] "GET /public/.env HTTP/1.1" 404 8900
Not Found: /en/.env
[31/Mar/2026 00:23:53] "GET /en/.env HTTP/1.1" 404 8888
Not Found: /tools/.env
[31/Mar/2026 00:23:53] "GET /tools/.env HTTP/1.1" 404 8897
Not Found: /v1/.env
[31/Mar/2026 00:23:53] "GET /v1/.env HTTP/1.1" 404 8888
Not Found: /v2/.env
[31/Mar/2026 00:23:54] "GET /v2/.env HTTP/1.1" 404 8888
Not Found: /administrator/.env
[31/Mar/2026 00:23:54] "GET /administrator/.env HTTP/1.1" 404 8921
Not Found: /laravel/.env
[31/Mar/2026 00:23:54] "GET /laravel/.env HTTP/1.1" 404 8903
Not Found: /storage/.env
[31/Mar/2026 00:23:54] "GET /storage/.env HTTP/1.1" 404 8903
Not Found: /backend/.env
[31/Mar/2026 00:23:55] "GET /backend/.env HTTP/1.1" 404 8903
Not Found: /server/.env
[31/Mar/2026 00:23:55] "GET /server/.env HTTP/1.1" 404 8900
Not Found: /frontend/.env
[31/Mar/2026 00:23:55] "GET /frontend/.env HTTP/1.1" 404 8906
Not Found: /current/.env
[31/Mar/2026 00:23:56] "GET /current/.env HTTP/1.1" 404 8903
Not Found: /dist/.env
[31/Mar/2026 00:23:56] "GET /dist/.env HTTP/1.1" 404 8894
Not Found: /build/.env
[31/Mar/2026 00:23:56] "GET /build/.env HTTP/1.1" 404 8897
Not Found: /public_html/.env
[31/Mar/2026 00:23:57] "GET /public_html/.env HTTP/1.1" 404 8915
Not Found: /live/.env
[31/Mar/2026 00:23:57] "GET /live/.env HTTP/1.1" 404 8894
Not Found: /prod/.env
[31/Mar/2026 00:23:57] "GET /prod/.env HTTP/1.1" 404 8894
Not Found: /dev/.env
[31/Mar/2026 00:23:58] "GET /dev/.env HTTP/1.1" 404 8891
Not Found: /project/.env
[31/Mar/2026 00:23:58] "GET /project/.env HTTP/1.1" 404 8903
Not Found: /client/.env
[31/Mar/2026 00:23:58] "GET /client/.env HTTP/1.1" 404 8900
Not Found: /service/.env
[31/Mar/2026 00:23:59] "GET /service/.env HTTP/1.1" 404 8903
Not Found: /node/.env
[31/Mar/2026 00:23:59] "GET /node/.env HTTP/1.1" 404 8894
[31/Mar/2026 00:23:59] "GET /phpinfo.php HTTP/1.1" 301 0
[31/Mar/2026 00:24:00] "GET /phpinfo.php/ HTTP/1.1" 302 0
[31/Mar/2026 00:24:00] "GET /giris/ HTTP/1.1" 200 5064
[31/Mar/2026 00:24:00] "GET /info.php HTTP/1.1" 301 0
[31/Mar/2026 00:24:01] "GET /info.php/ HTTP/1.1" 302 0
[31/Mar/2026 00:24:01] "GET /giris/ HTTP/1.1" 200 5064
[31/Mar/2026 00:24:01] "GET /php.php HTTP/1.1" 301 0
[31/Mar/2026 00:24:02] "GET /php.php/ HTTP/1.1" 302 0
[31/Mar/2026 00:24:02] "GET /giris/ HTTP/1.1" 200 5064
[31/Mar/2026 00:24:02] "GET /pinfo.php HTTP/1.1" 301 0
[31/Mar/2026 00:24:03] "GET /pinfo.php/ HTTP/1.1" 302 0
[31/Mar/2026 00:24:03] "GET /giris/ HTTP/1.1" 200 5064
[31/Mar/2026 00:24:03] "GET /phpinfo HTTP/1.1" 301 0
[31/Mar/2026 00:24:04] "GET /phpinfo/ HTTP/1.1" 302 0
[31/Mar/2026 00:24:04] "GET /giris/ HTTP/1.1" 200 5064
Not Found: /admin/phpinfo.php
[31/Mar/2026 00:24:04] "GET /admin/phpinfo.php HTTP/1.1" 404 8918
Not Found: /test/phpinfo.php
[31/Mar/2026 00:24:05] "GET /test/phpinfo.php HTTP/1.1" 404 8915
Not Found: /dev/phpinfo.php
[31/Mar/2026 00:24:05] "GET /dev/phpinfo.php HTTP/1.1" 404 8912
Not Found: /development/phpinfo.php
[31/Mar/2026 00:24:05] "GET /development/phpinfo.php HTTP/1.1" 404 8936
Not Found: /develop/phpinfo.php
[31/Mar/2026 00:24:06] "GET /develop/phpinfo.php HTTP/1.1" 404 8924
Not Found: /api/phpinfo.php
[31/Mar/2026 00:24:06] "GET /api/phpinfo.php HTTP/1.1" 404 8912
Not Found: /backend/phpinfo.php
[31/Mar/2026 00:24:06] "GET /backend/phpinfo.php HTTP/1.1" 404 8924
Not Found: /server/phpinfo.php
[31/Mar/2026 00:24:07] "GET /server/phpinfo.php HTTP/1.1" 404 8921
Not Found: /current/phpinfo.php
[31/Mar/2026 00:24:07] "GET /current/phpinfo.php HTTP/1.1" 404 8924
Not Found: /services/phpinfo.php
[31/Mar/2026 00:24:07] "GET /services/phpinfo.php HTTP/1.1" 404 8927
Not Found: /service/phpinfo.php
[31/Mar/2026 00:24:08] "GET /service/phpinfo.php HTTP/1.1" 404 8924
Not Found: /laravel/phpinfo.php
[31/Mar/2026 00:24:08] "GET /laravel/phpinfo.php HTTP/1.1" 404 8924
Not Found: /dashboard/phpinfo.php
[31/Mar/2026 00:24:08] "GET /dashboard/phpinfo.php HTTP/1.1" 404 8930
Not Found: /helper/phpinfo.php
[31/Mar/2026 00:24:09] "GET /helper/phpinfo.php HTTP/1.1" 404 8921
Not Found: /xampp/phpinfo.php
[31/Mar/2026 00:24:09] "GET /xampp/phpinfo.php HTTP/1.1" 404 8918
Not Found: /backup/phpinfo.php
[31/Mar/2026 00:24:09] "GET /backup/phpinfo.php HTTP/1.1" 404 8921
Not Found: /old/phpinfo.php
[31/Mar/2026 00:24:10] "GET /old/phpinfo.php HTTP/1.1" 404 8912
Not Found: /crm/phpinfo.php
[31/Mar/2026 00:24:10] "GET /crm/phpinfo.php HTTP/1.1" 404 8912
Not Found: /admin/info.php
[31/Mar/2026 00:24:11] "GET /admin/info.php HTTP/1.1" 404 8909
Not Found: /test/info.php
[31/Mar/2026 00:24:11] "GET /test/info.php HTTP/1.1" 404 8906
Not Found: /dev/info.php
[31/Mar/2026 00:24:11] "GET /dev/info.php HTTP/1.1" 404 8903
Not Found: /development/info.php
[31/Mar/2026 00:24:12] "GET /development/info.php HTTP/1.1" 404 8927
Not Found: /develop/info.php
[31/Mar/2026 00:24:12] "GET /develop/info.php HTTP/1.1" 404 8915
Not Found: /api/info.php
[31/Mar/2026 00:24:12] "GET /api/info.php HTTP/1.1" 404 8903
Not Found: /backend/info.php
[31/Mar/2026 00:24:13] "GET /backend/info.php HTTP/1.1" 404 8915
Not Found: /server/info.php
[31/Mar/2026 00:24:13] "GET /server/info.php HTTP/1.1" 404 8912
Not Found: /current/info.php
[31/Mar/2026 00:24:13] "GET /current/info.php HTTP/1.1" 404 8915
Not Found: /services/info.php
[31/Mar/2026 00:24:14] "GET /services/info.php HTTP/1.1" 404 8918
Not Found: /service/info.php
[31/Mar/2026 00:24:14] "GET /service/info.php HTTP/1.1" 404 8915
Not Found: /laravel/info.php
[31/Mar/2026 00:24:14] "GET /laravel/info.php HTTP/1.1" 404 8915
Not Found: /helper/info.php
[31/Mar/2026 00:24:15] "GET /helper/info.php HTTP/1.1" 404 8912
Not Found: /xampp/info.php
[31/Mar/2026 00:24:15] "GET /xampp/info.php HTTP/1.1" 404 8909
Not Found: /backup/info.php
[31/Mar/2026 00:24:15] "GET /backup/info.php HTTP/1.1" 404 8912
Not Found: /old/info.php
[31/Mar/2026 00:24:16] "GET /old/info.php HTTP/1.1" 404 8903
Not Found: /crm/info.php
[31/Mar/2026 00:24:16] "GET /crm/info.php HTTP/1.1" 404 8903
[31/Mar/2026 00:24:16] "GET /php-info.php HTTP/1.1" 301 0
[31/Mar/2026 00:24:17] "GET /php-info.php/ HTTP/1.1" 302 0
[31/Mar/2026 00:24:17] "GET /giris/ HTTP/1.1" 200 5064
[31/Mar/2026 00:24:17] "GET /phpversion.php HTTP/1.1" 301 0
[31/Mar/2026 00:24:18] "GET /phpversion.php/ HTTP/1.1" 302 0
[31/Mar/2026 00:24:18] "GET /giris/ HTTP/1.1" 200 5064
[31/Mar/2026 00:24:18] "GET /old_phpinfo.php HTTP/1.1" 301 0
[31/Mar/2026 00:24:19] "GET /old_phpinfo.php/ HTTP/1.1" 302 0
[31/Mar/2026 00:24:19] "GET /giris/ HTTP/1.1" 200 5064
Not Found: /_profiler/phpinfo
[31/Mar/2026 00:24:19] "GET /_profiler/phpinfo HTTP/1.1" 404 8918
[31/Mar/2026 00:24:20] "GET /_environment HTTP/1.1" 301 0
[31/Mar/2026 00:24:20] "GET /_environment/ HTTP/1.1" 302 0
[31/Mar/2026 00:24:20] "GET /giris/ HTTP/1.1" 200 5064
Not Found: /webroot/index.php/_environment
[31/Mar/2026 00:24:20] "GET /webroot/index.php/_environment HTTP/1.1" 404 8957
Not Found: /.git/config
[31/Mar/2026 00:24:21] "GET /.git/config HTTP/1.1" 404 8900
Not Found: /
[31/Mar/2026 00:24:21] "POST / HTTP/1.1" 404 8850
Not Found: /
[31/Mar/2026 00:24:21] "POST / HTTP/1.1" 404 8850
Not Found: /
[31/Mar/2026 00:24:22] "POST / HTTP/1.1" 404 8850
[31/Mar/2026 00:36:10] "GET /robots.txt HTTP/1.1" 301 0
[31/Mar/2026 00:36:10] "GET /robots.txt/ HTTP/1.1" 302 0
[31/Mar/2026 00:36:10] "GET /giris/ HTTP/1.1" 200 5064
[31/Mar/2026 00:36:10] "GET /sitemap.xml HTTP/1.1" 301 0
[31/Mar/2026 00:36:11] "GET /sitemap.xml/ HTTP/1.1" 302 0
[31/Mar/2026 00:36:11] "GET /giris/ HTTP/1.1" 200 5064
[31/Mar/2026 00:48:08] "GET / HTTP/1.1" 200 16347
Not Found: /.env
[31/Mar/2026 00:48:08] "GET /.env HTTP/1.1" 404 2931
Not Found: /.env.bak
[31/Mar/2026 00:48:08] "GET /.env.bak HTTP/1.1" 404 2943
Not Found: /.env.save
[31/Mar/2026 00:48:09] "GET /.env.save HTTP/1.1" 404 2946
Not Found: /.env.local
[31/Mar/2026 00:48:09] "GET /.env.local HTTP/1.1" 404 2949
Not Found: /backend/.env
[31/Mar/2026 00:48:09] "GET /backend/.env HTTP/1.1" 404 2955
[31/Mar/2026 00:48:09] "GET /admin/.env HTTP/1.1" 302 0
[31/Mar/2026 00:48:09] "GET /admin/login/?next=/admin/.env HTTP/1.1" 200 4195
Not Found: /.git/config
[31/Mar/2026 00:48:09] "GET /.git/config HTTP/1.1" 404 2952
Not Found: /wp-config.php
[31/Mar/2026 00:48:09] "GET /wp-config.php HTTP/1.1" 404 2958
Not Found: /wp-config.php.old
[31/Mar/2026 00:48:09] "GET /wp-config.php.old HTTP/1.1" 404 2970
Not Found: /config.php
[31/Mar/2026 00:48:09] "GET /config.php HTTP/1.1" 404 2949
Not Found: /config.php.bak
[31/Mar/2026 00:48:09] "GET /config.php.bak HTTP/1.1" 404 2961
Not Found: /config.js
[31/Mar/2026 00:48:09] "GET /config.js HTTP/1.1" 404 2946
Not Found: /aws-config.js
[31/Mar/2026 00:48:10] "GET /aws-config.js HTTP/1.1" 404 2958
Not Found: /aws.config.js
[31/Mar/2026 00:48:10] "GET /aws.config.js HTTP/1.1" 404 2958
Not Found: /.git/HEAD
[31/Mar/2026 00:48:10] "GET /.git/HEAD HTTP/1.1" 404 2946
Not Found: /.git/config
[31/Mar/2026 00:48:10] "GET /.git/config HTTP/1.1" 404 2952
Not Found: /.git/config
[31/Mar/2026 00:53:32] "GET /.git/config HTTP/1.1" 404 2952
