C:\inetpub\wwwroot\e-randevu\dental_management_system\venv\Lib\site-packages\django\db\models\base.py:366: RuntimeWarning: Model 'patients.hastasession' was already registered. Reloading models is not advised as it can lead to inconsistencies, most notably with related models.
  new_class._meta.apps.register_model(new_class._meta.app_label, new_class)
C:\inetpub\wwwroot\e-randevu\dental_management_system\venv\Lib\site-packages\django\db\models\base.py:366: RuntimeWarning: Model 'patients.hastasession' was already registered. Reloading models is not advised as it can lead to inconsistencies, most notably with related models.
  new_class._meta.apps.register_model(new_class._meta.app_label, new_class)
Watching for file changes with StatReloader
[03/Apr/2026 13:09:39] "GET / HTTP/1.1" 200 9312
[03/Apr/2026 13:09:40] "GET / HTTP/1.1" 200 9312
Not Found: /wp-includes/wlwmanifest.xml
[03/Apr/2026 13:09:40] "GET /wp-includes/wlwmanifest.xml HTTP/1.1" 404 2999
Not Found: /xmlrpc.php
[03/Apr/2026 13:09:40] "GET /xmlrpc.php?rsd HTTP/1.1" 404 2952
[03/Apr/2026 13:09:40] "GET / HTTP/1.1" 200 9312
Not Found: /blog/wp-includes/wlwmanifest.xml
[03/Apr/2026 13:09:41] "GET /blog/wp-includes/wlwmanifest.xml HTTP/1.1" 404 3014
Not Found: /web/wp-includes/wlwmanifest.xml
[03/Apr/2026 13:09:41] "GET /web/wp-includes/wlwmanifest.xml HTTP/1.1" 404 3011
Not Found: /wordpress/wp-includes/wlwmanifest.xml
[03/Apr/2026 13:09:42] "GET /wordpress/wp-includes/wlwmanifest.xml HTTP/1.1" 404 3029
Not Found: /website/wp-includes/wlwmanifest.xml
[03/Apr/2026 13:09:42] "GET /website/wp-includes/wlwmanifest.xml HTTP/1.1" 404 3023
Not Found: /wp/wp-includes/wlwmanifest.xml
[03/Apr/2026 13:09:42] "GET /wp/wp-includes/wlwmanifest.xml HTTP/1.1" 404 3008
Not Found: /news/wp-includes/wlwmanifest.xml
[03/Apr/2026 13:09:43] "GET /news/wp-includes/wlwmanifest.xml HTTP/1.1" 404 3014
Not Found: /2018/wp-includes/wlwmanifest.xml
[03/Apr/2026 13:09:43] "GET /2018/wp-includes/wlwmanifest.xml HTTP/1.1" 404 3014
Not Found: /2019/wp-includes/wlwmanifest.xml
[03/Apr/2026 13:09:44] "GET /2019/wp-includes/wlwmanifest.xml HTTP/1.1" 404 3014
Not Found: /shop/wp-includes/wlwmanifest.xml
[03/Apr/2026 13:09:44] "GET /shop/wp-includes/wlwmanifest.xml HTTP/1.1" 404 3014
Not Found: /wp1/wp-includes/wlwmanifest.xml
[03/Apr/2026 13:09:44] "GET /wp1/wp-includes/wlwmanifest.xml HTTP/1.1" 404 3011
Not Found: /test/wp-includes/wlwmanifest.xml
[03/Apr/2026 13:09:44] "GET /test/wp-includes/wlwmanifest.xml HTTP/1.1" 404 3014
Not Found: /media/wp-includes/wlwmanifest.xml
[03/Apr/2026 13:09:45] "GET /media/wp-includes/wlwmanifest.xml HTTP/1.1" 404 3253
Not Found: /wp2/wp-includes/wlwmanifest.xml
[03/Apr/2026 13:09:45] "GET /wp2/wp-includes/wlwmanifest.xml HTTP/1.1" 404 3011
Not Found: /site/wp-includes/wlwmanifest.xml
[03/Apr/2026 13:09:45] "GET /site/wp-includes/wlwmanifest.xml HTTP/1.1" 404 3014
Not Found: /cms/wp-includes/wlwmanifest.xml
[03/Apr/2026 13:09:46] "GET /cms/wp-includes/wlwmanifest.xml HTTP/1.1" 404 3011
Not Found: /sito/wp-includes/wlwmanifest.xml
[03/Apr/2026 13:09:46] "GET /sito/wp-includes/wlwmanifest.xml HTTP/1.1" 404 3014
