C:\inetpub\wwwroot\e-randevu\dental_management_system\venv\Lib\site-packages\django\db\models\base.py:366: RuntimeWarning: Model 'patients.hastasession' was already registered. Reloading models is not advised as it can lead to inconsistencies, most notably with related models.
  new_class._meta.apps.register_model(new_class._meta.app_label, new_class)
C:\inetpub\wwwroot\e-randevu\dental_management_system\venv\Lib\site-packages\django\db\models\base.py:366: RuntimeWarning: Model 'patients.hastasession' was already registered. Reloading models is not advised as it can lead to inconsistencies, most notably with related models.
  new_class._meta.apps.register_model(new_class._meta.app_label, new_class)
Watching for file changes with StatReloader
Not Found: /robots.txt
Not Found: /robots.txt
[30/Mar/2026 23:04:07] "GET /robots.txt HTTP/1.1" 404 2949
[30/Mar/2026 23:04:07] "GET /robots.txt HTTP/1.1" 404 2949
Not Found: /robots.txt
[30/Mar/2026 23:04:07] "GET /robots.txt HTTP/1.1" 404 2949
Not Found: /robots.txt
Not Found: /robots.txt
Not Found: /robots.txt
[30/Mar/2026 23:04:07] "GET /robots.txt HTTP/1.1" 404 2949
[30/Mar/2026 23:04:07] "GET /robots.txt HTTP/1.1" 404 2949
[30/Mar/2026 23:04:07] "GET /robots.txt HTTP/1.1" 404 2949
Not Found: /robots.txt
[30/Mar/2026 23:04:08] "GET /robots.txt HTTP/1.1" 404 2949
Not Found: /robots.txt
[30/Mar/2026 23:04:09] "GET /robots.txt HTTP/1.1" 404 2949
Not Found: /robots.txt
[30/Mar/2026 23:04:10] "GET /robots.txt HTTP/1.1" 404 2949
Not Found: /robots.txt
[30/Mar/2026 23:04:11] "GET /robots.txt HTTP/1.1" 404 2949
Not Found: /
[30/Mar/2026 23:19:39] "GET / HTTP/1.1" 404 8849
Not Found: /
[30/Mar/2026 23:19:40] "GET / HTTP/1.1" 404 8849
