C:\inetpub\wwwroot\e-randevu\dental_management_system\venv\Lib\site-packages\django\db\models\base.py:366: RuntimeWarning: Model 'patients.hastasession' was already registered. Reloading models is not advised as it can lead to inconsistencies, most notably with related models.
  new_class._meta.apps.register_model(new_class._meta.app_label, new_class)
C:\inetpub\wwwroot\e-randevu\dental_management_system\venv\Lib\site-packages\django\db\models\base.py:366: RuntimeWarning: Model 'patients.hastasession' was already registered. Reloading models is not advised as it can lead to inconsistencies, most notably with related models.
  new_class._meta.apps.register_model(new_class._meta.app_label, new_class)
Watching for file changes with StatReloader
Not Found: /
[24/Apr/2026 10:06:46] "GET / HTTP/1.1" 404 8848
Internal Server Error: /
Traceback (most recent call last):
  File "C:\inetpub\wwwroot\e-randevu\dental_management_system\tenants\hasta_views.py", line 133, in klinik_randevu_sayfasi
    clinic = Clinic.objects.get(subdomain=subdomain, is_active=True)
             ^^^^^^^^^^^^^^^^^^^^^^^^^^^^^^^^^^^^^^^^^^^^^^^^^^^^^^^
  File "C:\inetpub\wwwroot\e-randevu\dental_management_system\venv\Lib\site-packages\django\db\models\manager.py", line 87, in manager_method
    return getattr(self.get_queryset(), name)(*args, **kwargs)
           ^^^^^^^^^^^^^^^^^^^^^^^^^^^^^^^^^^^^^^^^^^^^^^^^^^^
  File "C:\inetpub\wwwroot\e-randevu\dental_management_system\venv\Lib\site-packages\django\db\models\query.py", line 649, in get
    raise self.model.DoesNotExist(
tenants.models.Clinic.DoesNotExist: Clinic matching query does not exist.

During handling of the above exception, another exception occurred:

Traceback (most recent call last):
  File "C:\inetpub\wwwroot\e-randevu\dental_management_system\venv\Lib\site-packages\django\core\handlers\exception.py", line 55, in inner
    response = get_response(request)
               ^^^^^^^^^^^^^^^^^^^^^
  File "C:\inetpub\wwwroot\e-randevu\dental_management_system\venv\Lib\site-packages\django\core\handlers\base.py", line 197, in _get_response
    response = wrapped_callback(request, *callback_args, **callback_kwargs)
               ^^^^^^^^^^^^^^^^^^^^^^^^^^^^^^^^^^^^^^^^^^^^^^^^^^^^^^^^^^^^
  File "C:\inetpub\wwwroot\e-randevu\dental_management_system\tenants\hasta_views.py", line 135, in klinik_randevu_sayfasi
    return render(request, 'hasta/klinik_bulunamadi.html', {}, status=404)
           ^^^^^^^^^^^^^^^^^^^^^^^^^^^^^^^^^^^^^^^^^^^^^^^^^^^^^^^^^^^^^^^
  File "C:\inetpub\wwwroot\e-randevu\dental_management_system\venv\Lib\site-packages\django\shortcuts.py", line 25, in render
    content = loader.render_to_string(template_name, context, request, using=using)
              ^^^^^^^^^^^^^^^^^^^^^^^^^^^^^^^^^^^^^^^^^^^^^^^^^^^^^^^^^^^^^^^^^^^^^
  File "C:\inetpub\wwwroot\e-randevu\dental_management_system\venv\Lib\site-packages\django\template\loader.py", line 61, in render_to_string
    template = get_template(template_name, using=using)
               ^^^^^^^^^^^^^^^^^^^^^^^^^^^^^^^^^^^^^^^^
  File "C:\inetpub\wwwroot\e-randevu\dental_management_system\venv\Lib\site-packages\django\template\loader.py", line 19, in get_template
    raise TemplateDoesNotExist(template_name, chain=chain)
django.template.exceptions.TemplateDoesNotExist: hasta/klinik_bulunamadi.html
[24/Apr/2026 10:17:17] "GET / HTTP/1.1" 500 98166
Not Found: /wp-content/plugins/hellopress/wp_filemanager.php
[24/Apr/2026 10:24:35] "GET /wp-content/plugins/hellopress/wp_filemanager.php HTTP/1.1" 404 3062
Not Found: /wp-post-data.php
[24/Apr/2026 10:24:36] "GET /wp-post-data.php HTTP/1.1" 404 2966
Not Found: /k.php
[24/Apr/2026 10:24:36] "GET /k.php HTTP/1.1" 404 2933
Not Found: /1index.php
[24/Apr/2026 10:24:36] "GET /1index.php HTTP/1.1" 404 2948
Not Found: /kcs.php
[24/Apr/2026 10:24:36] "GET /kcs.php HTTP/1.1" 404 2939
Not Found: /Marvins.php
[24/Apr/2026 10:24:36] "GET /Marvins.php HTTP/1.1" 404 2951
Not Found: /inputs.php
[24/Apr/2026 10:24:36] "GET /inputs.php HTTP/1.1" 404 2948
Not Found: /file2.php
[24/Apr/2026 10:24:36] "GET /file2.php HTTP/1.1" 404 2945
Not Found: /envs.php
[24/Apr/2026 10:24:36] "GET /envs.php HTTP/1.1" 404 2942
Not Found: /wp-plugins.php
[24/Apr/2026 10:24:36] "GET /wp-plugins.php HTTP/1.1" 404 2960
Not Found: /keys.php
[24/Apr/2026 10:24:36] "GET /keys.php HTTP/1.1" 404 2942
Not Found: /pinfo.php
[24/Apr/2026 10:24:36] "GET /pinfo.php HTTP/1.1" 404 2945
Not Found: /litespeed.php
[24/Apr/2026 10:24:36] "GET /litespeed.php HTTP/1.1" 404 2957
Not Found: /environments.php
[24/Apr/2026 10:24:37] "GET /environments.php HTTP/1.1" 404 2966
Not Found: /raf.php
[24/Apr/2026 10:24:37] "GET /raf.php HTTP/1.1" 404 2939
Not Found: /ayk.php
[24/Apr/2026 10:24:37] "GET /ayk.php HTTP/1.1" 404 2939
Not Found: /infos.php
[24/Apr/2026 10:24:37] "GET /infos.php HTTP/1.1" 404 2945
Not Found: /aws.php
[24/Apr/2026 10:24:37] "GET /aws.php HTTP/1.1" 404 2939
Not Found: /embed.php
[24/Apr/2026 10:24:37] "GET /embed.php HTTP/1.1" 404 2945
Not Found: /stat.php
[24/Apr/2026 10:24:38] "GET /stat.php HTTP/1.1" 404 2942
Not Found: /setup.php
[24/Apr/2026 10:24:38] "GET /setup.php HTTP/1.1" 404 2945
Not Found: /development.php
[24/Apr/2026 10:24:38] "GET /development.php HTTP/1.1" 404 2963
Not Found: /environment.php
[24/Apr/2026 10:24:38] "GET /environment.php HTTP/1.1" 404 2963
Not Found: /db_config.php
[24/Apr/2026 10:24:38] "GET /db_config.php HTTP/1.1" 404 2957
Not Found: /Get_Site_Info.php
[24/Apr/2026 10:24:38] "GET /Get_Site_Info.php HTTP/1.1" 404 2969
Not Found: /deploy.php
[24/Apr/2026 10:24:39] "GET /deploy.php HTTP/1.1" 404 2948
Not Found: /apis.php
[24/Apr/2026 10:24:39] "GET /apis.php HTTP/1.1" 404 2942
Not Found: /asdf.php
[24/Apr/2026 10:24:39] "GET /asdf.php HTTP/1.1" 404 2942
Not Found: /1100.php
[24/Apr/2026 10:24:39] "GET /1100.php HTTP/1.1" 404 2942
Not Found: /._info.php
[24/Apr/2026 10:24:39] "GET /._info.php HTTP/1.1" 404 2948
Not Found: /php_flag.php
[24/Apr/2026 10:24:39] "GET /php_flag.php HTTP/1.1" 404 2954
Not Found: /test_info4.php
[24/Apr/2026 10:24:39] "GET /test_info4.php HTTP/1.1" 404 2960
Not Found: /test_phpinfo2.php
[24/Apr/2026 10:24:39] "GET /test_phpinfo2.php HTTP/1.1" 404 2969
Not Found: /HsFPDcD.php
[24/Apr/2026 10:24:39] "GET /HsFPDcD.php HTTP/1.1" 404 2951
Not Found: /config.inc.php
[24/Apr/2026 10:24:39] "GET /config.inc.php HTTP/1.1" 404 2960
Not Found: /phpversion.php
[24/Apr/2026 10:24:39] "GET /phpversion.php HTTP/1.1" 404 2960
Not Found: /asus.php
[24/Apr/2026 10:24:39] "GET /asus.php HTTP/1.1" 404 2942
Not Found: /php_version.php
[24/Apr/2026 10:24:39] "GET /php_version.php HTTP/1.1" 404 2963
Not Found: /abouts.php
[24/Apr/2026 10:24:40] "GET /abouts.php HTTP/1.1" 404 2948
Not Found: /profmanage.php
[24/Apr/2026 10:24:40] "GET /profmanage.php HTTP/1.1" 404 2960
Not Found: /makecvs.php
[24/Apr/2026 10:24:40] "GET /makecvs.php HTTP/1.1" 404 2951
Not Found: /phpreleaseinfo.php
[24/Apr/2026 10:24:40] "GET /phpreleaseinfo.php HTTP/1.1" 404 2972
Not Found: /configuration.php
[24/Apr/2026 10:24:40] "GET /configuration.php HTTP/1.1" 404 2969
Not Found: /ay.php
[24/Apr/2026 10:24:40] "GET /ay.php HTTP/1.1" 404 2936
Not Found: /hkvkjguw.php
[24/Apr/2026 10:24:40] "GET /hkvkjguw.php HTTP/1.1" 404 2954
Not Found: /Black.php
[24/Apr/2026 10:24:41] "GET /Black.php HTTP/1.1" 404 2945
Not Found: /infoinfo.php
[24/Apr/2026 10:24:41] "GET /infoinfo.php HTTP/1.1" 404 2954
[24/Apr/2026 10:33:07] "GET / HTTP/1.1" 200 9312
[24/Apr/2026 10:35:47] "GET / HTTP/1.1" 200 9312
Not Found: /xmlrpc.php
[24/Apr/2026 10:53:10] "POST /xmlrpc.php HTTP/1.1" 404 2950
