C:\inetpub\wwwroot\e-randevu\dental_management_system\venv\Lib\site-packages\django\db\models\base.py:366: RuntimeWarning: Model 'patients.hastasession' was already registered. Reloading models is not advised as it can lead to inconsistencies, most notably with related models.
  new_class._meta.apps.register_model(new_class._meta.app_label, new_class)
C:\inetpub\wwwroot\e-randevu\dental_management_system\venv\Lib\site-packages\django\db\models\base.py:366: RuntimeWarning: Model 'patients.hastasession' was already registered. Reloading models is not advised as it can lead to inconsistencies, most notably with related models.
  new_class._meta.apps.register_model(new_class._meta.app_label, new_class)
Watching for file changes with StatReloader
[28/Apr/2026 03:13:40] "GET / HTTP/1.1" 200 9312
[28/Apr/2026 03:13:46] "GET / HTTP/1.1" 200 9312
Not Found: /sitemap.xml
[28/Apr/2026 03:13:48] "GET /sitemap.xml HTTP/1.1" 404 2951
Not Found: /robots.txt
[28/Apr/2026 03:13:49] "GET /robots.txt HTTP/1.1" 404 2948
Not Found: /asset-manifest.json
[28/Apr/2026 03:13:51] "GET /asset-manifest.json HTTP/1.1" 404 2975
Not Found: /manifest.json
[28/Apr/2026 03:13:52] "GET /manifest.json HTTP/1.1" 404 2957
Not Found: /build-manifest.json
[28/Apr/2026 03:13:56] "GET /build-manifest.json HTTP/1.1" 404 2975
Not Found: /_next/static/buildManifest.js
[28/Apr/2026 03:14:01] "GET /_next/static/buildManifest.js HTTP/1.1" 404 3005
Not Found: /.aws/config
[28/Apr/2026 03:14:04] "GET /.aws/config HTTP/1.1" 404 2951
Not Found: /.env.example
[28/Apr/2026 03:14:07] "GET /.env.example HTTP/1.1" 404 2954
Not Found: /.env.old
Not Found: /.env.development
[28/Apr/2026 03:14:07] "GET /.env.old HTTP/1.1" 404 2942
[28/Apr/2026 03:14:07] "GET /.env.development HTTP/1.1" 404 2966
Not Found: /.env.backup
Not Found: /.env.production.bak
[28/Apr/2026 03:14:07] "GET /.env.backup HTTP/1.1" 404 2951
Not Found: /.env.bak
[28/Apr/2026 03:14:07] "GET /.env.production.bak HTTP/1.1" 404 2975
Not Found: /.env
Not Found: /config.env
Not Found: /.env.production
[28/Apr/2026 03:14:07] "GET /admin/.env HTTP/1.1" 302 0
Not Found: /api/.env
[28/Apr/2026 03:14:07] "GET /.env.bak HTTP/1.1" 404 2942
[28/Apr/2026 03:14:07] "GET /.env HTTP/1.1" 404 2930
[28/Apr/2026 03:14:07] "GET /config.env HTTP/1.1" 404 2948
Not Found: /.git/config
[28/Apr/2026 03:14:07] "GET /api/.env HTTP/1.1" 404 2942
[28/Apr/2026 03:14:07] "GET /.env.production HTTP/1.1" 404 2963
[28/Apr/2026 03:14:07] "GET /.git/config HTTP/1.1" 404 2951
Not Found: /app/.env
[28/Apr/2026 03:14:07] "GET /app/.env HTTP/1.1" 404 2942
Not Found: /backend/.env
[28/Apr/2026 03:14:07] "GET /backend/.env HTTP/1.1" 404 2954
Not Found: /public/.env
[28/Apr/2026 03:14:08] "GET /public/.env HTTP/1.1" 404 2951
Not Found: /.env.local
[28/Apr/2026 03:14:08] "GET /.env.local HTTP/1.1" 404 2948
[28/Apr/2026 03:14:08] "GET /admin/login/?next=/admin/.env HTTP/1.1" 200 4195
Not Found: /.aws/credentials
[28/Apr/2026 03:14:08] "GET /.aws/credentials HTTP/1.1" 404 2966
Not Found: /graphql
[28/Apr/2026 03:14:12] "GET /graphql HTTP/1.1" 404 2939
Not Found: /api/v1/env
[28/Apr/2026 03:14:13] "GET /api/v1/env HTTP/1.1" 404 2948
Not Found: /api/env
Not Found: /settings.json
[28/Apr/2026 03:14:13] "GET /api/env HTTP/1.1" 404 2939
Not Found: /api/v1/settings
[28/Apr/2026 03:14:13] "GET /settings.json HTTP/1.1" 404 2957
Not Found: /config.json
Not Found: /app-config.json
Not Found: /api/v1/config
[28/Apr/2026 03:14:13] "GET /api/v1/settings HTTP/1.1" 404 2963
Not Found: /api/config
[28/Apr/2026 03:14:13] "GET /config.json HTTP/1.1" 404 2951
Not Found: /env.js
[28/Apr/2026 03:14:13] "GET /app-config.json HTTP/1.1" 404 2963
[28/Apr/2026 03:14:13] "GET /api/v1/config HTTP/1.1" 404 2957
Not Found: /env.json
[28/Apr/2026 03:14:13] "GET /api/config HTTP/1.1" 404 2948
Not Found: /__env.js
[28/Apr/2026 03:14:13] "GET /env.js HTTP/1.1" 404 2936
Not Found: /runtime-config.js
Not Found: /config.js
[28/Apr/2026 03:14:13] "GET /env.json HTTP/1.1" 404 2942
Not Found: /api/settings
[28/Apr/2026 03:14:13] "GET /__env.js HTTP/1.1" 404 2942
[28/Apr/2026 03:14:13] "GET /runtime-config.js HTTP/1.1" 404 2969
[28/Apr/2026 03:14:13] "GET /config.js HTTP/1.1" 404 2945
[28/Apr/2026 03:14:13] "GET /api/settings HTTP/1.1" 404 2954
[28/Apr/2026 03:22:13] "GET / HTTP/1.1" 200 9312
Not Found: /robots.txt
[28/Apr/2026 03:33:48] "GET /robots.txt HTTP/1.1" 404 2949
Internal Server Error: /
Traceback (most recent call last):
  File "C:\inetpub\wwwroot\e-randevu\dental_management_system\tenants\hasta_views.py", line 133, in klinik_randevu_sayfasi
    clinic = Clinic.objects.get(subdomain=subdomain, is_active=True)
             ^^^^^^^^^^^^^^^^^^^^^^^^^^^^^^^^^^^^^^^^^^^^^^^^^^^^^^^
  File "C:\inetpub\wwwroot\e-randevu\dental_management_system\venv\Lib\site-packages\django\db\models\manager.py", line 87, in manager_method
    return getattr(self.get_queryset(), name)(*args, **kwargs)
           ^^^^^^^^^^^^^^^^^^^^^^^^^^^^^^^^^^^^^^^^^^^^^^^^^^^
  File "C:\inetpub\wwwroot\e-randevu\dental_management_system\venv\Lib\site-packages\django\db\models\query.py", line 649, in get
    raise self.model.DoesNotExist(
tenants.models.Clinic.DoesNotExist: Clinic matching query does not exist.

During handling of the above exception, another exception occurred:

Traceback (most recent call last):
  File "C:\inetpub\wwwroot\e-randevu\dental_management_system\venv\Lib\site-packages\django\core\handlers\exception.py", line 55, in inner
    response = get_response(request)
               ^^^^^^^^^^^^^^^^^^^^^
  File "C:\inetpub\wwwroot\e-randevu\dental_management_system\venv\Lib\site-packages\django\core\handlers\base.py", line 197, in _get_response
    response = wrapped_callback(request, *callback_args, **callback_kwargs)
               ^^^^^^^^^^^^^^^^^^^^^^^^^^^^^^^^^^^^^^^^^^^^^^^^^^^^^^^^^^^^
  File "C:\inetpub\wwwroot\e-randevu\dental_management_system\tenants\hasta_views.py", line 135, in klinik_randevu_sayfasi
    return render(request, 'hasta/klinik_bulunamadi.html', {}, status=404)
           ^^^^^^^^^^^^^^^^^^^^^^^^^^^^^^^^^^^^^^^^^^^^^^^^^^^^^^^^^^^^^^^
  File "C:\inetpub\wwwroot\e-randevu\dental_management_system\venv\Lib\site-packages\django\shortcuts.py", line 25, in render
    content = loader.render_to_string(template_name, context, request, using=using)
              ^^^^^^^^^^^^^^^^^^^^^^^^^^^^^^^^^^^^^^^^^^^^^^^^^^^^^^^^^^^^^^^^^^^^^
  File "C:\inetpub\wwwroot\e-randevu\dental_management_system\venv\Lib\site-packages\django\template\loader.py", line 61, in render_to_string
    template = get_template(template_name, using=using)
               ^^^^^^^^^^^^^^^^^^^^^^^^^^^^^^^^^^^^^^^^
  File "C:\inetpub\wwwroot\e-randevu\dental_management_system\venv\Lib\site-packages\django\template\loader.py", line 19, in get_template
    raise TemplateDoesNotExist(template_name, chain=chain)
django.template.exceptions.TemplateDoesNotExist: hasta/klinik_bulunamadi.html
[28/Apr/2026 03:35:34] "GET / HTTP/1.1" 500 98166
[28/Apr/2026 03:48:12] "GET / HTTP/1.1" 200 9312
[28/Apr/2026 03:48:13] "GET / HTTP/1.1" 200 9312
Not Found: /wp-includes/wlwmanifest.xml
[28/Apr/2026 03:48:13] "GET /wp-includes/wlwmanifest.xml HTTP/1.1" 404 2999
Not Found: /xmlrpc.php
[28/Apr/2026 03:48:13] "GET /xmlrpc.php?rsd HTTP/1.1" 404 2952
[28/Apr/2026 03:48:13] "GET / HTTP/1.1" 200 9312
Not Found: /blog/wp-includes/wlwmanifest.xml
[28/Apr/2026 03:48:13] "GET /blog/wp-includes/wlwmanifest.xml HTTP/1.1" 404 3014
Not Found: /web/wp-includes/wlwmanifest.xml
[28/Apr/2026 03:48:14] "GET /web/wp-includes/wlwmanifest.xml HTTP/1.1" 404 3011
Not Found: /wordpress/wp-includes/wlwmanifest.xml
[28/Apr/2026 03:48:14] "GET /wordpress/wp-includes/wlwmanifest.xml HTTP/1.1" 404 3029
Not Found: /website/wp-includes/wlwmanifest.xml
[28/Apr/2026 03:48:14] "GET /website/wp-includes/wlwmanifest.xml HTTP/1.1" 404 3023
Not Found: /wp/wp-includes/wlwmanifest.xml
[28/Apr/2026 03:48:14] "GET /wp/wp-includes/wlwmanifest.xml HTTP/1.1" 404 3008
Not Found: /news/wp-includes/wlwmanifest.xml
[28/Apr/2026 03:48:14] "GET /news/wp-includes/wlwmanifest.xml HTTP/1.1" 404 3014
Not Found: /2018/wp-includes/wlwmanifest.xml
[28/Apr/2026 03:48:14] "GET /2018/wp-includes/wlwmanifest.xml HTTP/1.1" 404 3014
Not Found: /2019/wp-includes/wlwmanifest.xml
[28/Apr/2026 03:48:14] "GET /2019/wp-includes/wlwmanifest.xml HTTP/1.1" 404 3014
Not Found: /shop/wp-includes/wlwmanifest.xml
[28/Apr/2026 03:48:15] "GET /shop/wp-includes/wlwmanifest.xml HTTP/1.1" 404 3014
Not Found: /wp1/wp-includes/wlwmanifest.xml
[28/Apr/2026 03:48:15] "GET /wp1/wp-includes/wlwmanifest.xml HTTP/1.1" 404 3011
Not Found: /test/wp-includes/wlwmanifest.xml
[28/Apr/2026 03:48:15] "GET /test/wp-includes/wlwmanifest.xml HTTP/1.1" 404 3014
Not Found: /media/wp-includes/wlwmanifest.xml
[28/Apr/2026 03:48:15] "GET /media/wp-includes/wlwmanifest.xml HTTP/1.1" 404 3253
Not Found: /wp2/wp-includes/wlwmanifest.xml
[28/Apr/2026 03:48:15] "GET /wp2/wp-includes/wlwmanifest.xml HTTP/1.1" 404 3011
Not Found: /site/wp-includes/wlwmanifest.xml
[28/Apr/2026 03:48:15] "GET /site/wp-includes/wlwmanifest.xml HTTP/1.1" 404 3014
Not Found: /cms/wp-includes/wlwmanifest.xml
[28/Apr/2026 03:48:16] "GET /cms/wp-includes/wlwmanifest.xml HTTP/1.1" 404 3011
Not Found: /sito/wp-includes/wlwmanifest.xml
[28/Apr/2026 03:48:16] "GET /sito/wp-includes/wlwmanifest.xml HTTP/1.1" 404 3014
Internal Server Error: /
Traceback (most recent call last):
  File "C:\inetpub\wwwroot\e-randevu\dental_management_system\tenants\hasta_views.py", line 133, in klinik_randevu_sayfasi
    clinic = Clinic.objects.get(subdomain=subdomain, is_active=True)
             ^^^^^^^^^^^^^^^^^^^^^^^^^^^^^^^^^^^^^^^^^^^^^^^^^^^^^^^
  File "C:\inetpub\wwwroot\e-randevu\dental_management_system\venv\Lib\site-packages\django\db\models\manager.py", line 87, in manager_method
    return getattr(self.get_queryset(), name)(*args, **kwargs)
           ^^^^^^^^^^^^^^^^^^^^^^^^^^^^^^^^^^^^^^^^^^^^^^^^^^^
  File "C:\inetpub\wwwroot\e-randevu\dental_management_system\venv\Lib\site-packages\django\db\models\query.py", line 649, in get
    raise self.model.DoesNotExist(
tenants.models.Clinic.DoesNotExist: Clinic matching query does not exist.

During handling of the above exception, another exception occurred:

Traceback (most recent call last):
  File "C:\inetpub\wwwroot\e-randevu\dental_management_system\venv\Lib\site-packages\django\core\handlers\exception.py", line 55, in inner
    response = get_response(request)
               ^^^^^^^^^^^^^^^^^^^^^
  File "C:\inetpub\wwwroot\e-randevu\dental_management_system\venv\Lib\site-packages\django\core\handlers\base.py", line 197, in _get_response
    response = wrapped_callback(request, *callback_args, **callback_kwargs)
               ^^^^^^^^^^^^^^^^^^^^^^^^^^^^^^^^^^^^^^^^^^^^^^^^^^^^^^^^^^^^
  File "C:\inetpub\wwwroot\e-randevu\dental_management_system\tenants\hasta_views.py", line 135, in klinik_randevu_sayfasi
    return render(request, 'hasta/klinik_bulunamadi.html', {}, status=404)
           ^^^^^^^^^^^^^^^^^^^^^^^^^^^^^^^^^^^^^^^^^^^^^^^^^^^^^^^^^^^^^^^
  File "C:\inetpub\wwwroot\e-randevu\dental_management_system\venv\Lib\site-packages\django\shortcuts.py", line 25, in render
    content = loader.render_to_string(template_name, context, request, using=using)
              ^^^^^^^^^^^^^^^^^^^^^^^^^^^^^^^^^^^^^^^^^^^^^^^^^^^^^^^^^^^^^^^^^^^^^
  File "C:\inetpub\wwwroot\e-randevu\dental_management_system\venv\Lib\site-packages\django\template\loader.py", line 61, in render_to_string
    template = get_template(template_name, using=using)
               ^^^^^^^^^^^^^^^^^^^^^^^^^^^^^^^^^^^^^^^^
  File "C:\inetpub\wwwroot\e-randevu\dental_management_system\venv\Lib\site-packages\django\template\loader.py", line 19, in get_template
    raise TemplateDoesNotExist(template_name, chain=chain)
django.template.exceptions.TemplateDoesNotExist: hasta/klinik_bulunamadi.html
[28/Apr/2026 03:52:26] "GET / HTTP/1.1" 500 98183
