C:\inetpub\wwwroot\e-randevu\dental_management_system\venv\Lib\site-packages\django\db\models\base.py:366: RuntimeWarning: Model 'patients.hastasession' was already registered. Reloading models is not advised as it can lead to inconsistencies, most notably with related models.
  new_class._meta.apps.register_model(new_class._meta.app_label, new_class)
C:\inetpub\wwwroot\e-randevu\dental_management_system\venv\Lib\site-packages\django\db\models\base.py:366: RuntimeWarning: Model 'patients.hastasession' was already registered. Reloading models is not advised as it can lead to inconsistencies, most notably with related models.
  new_class._meta.apps.register_model(new_class._meta.app_label, new_class)
Watching for file changes with StatReloader
[28/Apr/2026 13:37:42] "GET /kayit/ HTTP/1.1" 200 27238
[28/Apr/2026 13:42:11] "GET /robots.txt HTTP/1.1" 301 0
[28/Apr/2026 13:42:12] "GET /robots.txt/ HTTP/1.1" 302 0
[28/Apr/2026 13:42:12] "GET /giris/ HTTP/1.1" 200 5067
[28/Apr/2026 13:42:12] "GET /sitemap.xml HTTP/1.1" 301 0
[28/Apr/2026 13:42:12] "GET /sitemap.xml/ HTTP/1.1" 302 0
[28/Apr/2026 13:42:12] "GET /giris/ HTTP/1.1" 200 5067
Internal Server Error: /
Traceback (most recent call last):
  File "C:\inetpub\wwwroot\e-randevu\dental_management_system\tenants\hasta_views.py", line 133, in klinik_randevu_sayfasi
    clinic = Clinic.objects.get(subdomain=subdomain, is_active=True)
             ^^^^^^^^^^^^^^^^^^^^^^^^^^^^^^^^^^^^^^^^^^^^^^^^^^^^^^^
  File "C:\inetpub\wwwroot\e-randevu\dental_management_system\venv\Lib\site-packages\django\db\models\manager.py", line 87, in manager_method
    return getattr(self.get_queryset(), name)(*args, **kwargs)
           ^^^^^^^^^^^^^^^^^^^^^^^^^^^^^^^^^^^^^^^^^^^^^^^^^^^
  File "C:\inetpub\wwwroot\e-randevu\dental_management_system\venv\Lib\site-packages\django\db\models\query.py", line 649, in get
    raise self.model.DoesNotExist(
tenants.models.Clinic.DoesNotExist: Clinic matching query does not exist.

During handling of the above exception, another exception occurred:

Traceback (most recent call last):
  File "C:\inetpub\wwwroot\e-randevu\dental_management_system\venv\Lib\site-packages\django\core\handlers\exception.py", line 55, in inner
    response = get_response(request)
               ^^^^^^^^^^^^^^^^^^^^^
  File "C:\inetpub\wwwroot\e-randevu\dental_management_system\venv\Lib\site-packages\django\core\handlers\base.py", line 197, in _get_response
    response = wrapped_callback(request, *callback_args, **callback_kwargs)
               ^^^^^^^^^^^^^^^^^^^^^^^^^^^^^^^^^^^^^^^^^^^^^^^^^^^^^^^^^^^^
  File "C:\inetpub\wwwroot\e-randevu\dental_management_system\tenants\hasta_views.py", line 135, in klinik_randevu_sayfasi
    return render(request, 'hasta/klinik_bulunamadi.html', {}, status=404)
           ^^^^^^^^^^^^^^^^^^^^^^^^^^^^^^^^^^^^^^^^^^^^^^^^^^^^^^^^^^^^^^^
  File "C:\inetpub\wwwroot\e-randevu\dental_management_system\venv\Lib\site-packages\django\shortcuts.py", line 25, in render
    content = loader.render_to_string(template_name, context, request, using=using)
              ^^^^^^^^^^^^^^^^^^^^^^^^^^^^^^^^^^^^^^^^^^^^^^^^^^^^^^^^^^^^^^^^^^^^^
  File "C:\inetpub\wwwroot\e-randevu\dental_management_system\venv\Lib\site-packages\django\template\loader.py", line 61, in render_to_string
    template = get_template(template_name, using=using)
               ^^^^^^^^^^^^^^^^^^^^^^^^^^^^^^^^^^^^^^^^
  File "C:\inetpub\wwwroot\e-randevu\dental_management_system\venv\Lib\site-packages\django\template\loader.py", line 19, in get_template
    raise TemplateDoesNotExist(template_name, chain=chain)
django.template.exceptions.TemplateDoesNotExist: hasta/klinik_bulunamadi.html
[28/Apr/2026 13:57:56] "GET / HTTP/1.1" 500 98179
[28/Apr/2026 14:03:05] "GET /giris/ HTTP/1.1" 200 5067
Not Found: /
[28/Apr/2026 14:17:56] "GET / HTTP/1.1" 404 8849
Not Found: /
[28/Apr/2026 14:17:57] "GET / HTTP/1.1" 404 8849
[28/Apr/2026 14:17:57] "GET /favicon.ico HTTP/1.1" 301 0
[28/Apr/2026 14:17:57] "GET /favicon.png HTTP/1.1" 301 0
[28/Apr/2026 14:17:58] "GET /favicon.ico/ HTTP/1.1" 302 0
[28/Apr/2026 14:17:58] "GET /favicon.png/ HTTP/1.1" 302 0
[28/Apr/2026 14:17:58] "GET /giris/ HTTP/1.1" 200 5067
[28/Apr/2026 14:17:58] "GET /giris/ HTTP/1.1" 200 5067
Not Found: /
[28/Apr/2026 14:17:59] "GET / HTTP/1.1" 404 8849
Not Found: /
[28/Apr/2026 14:17:59] "GET / HTTP/1.1" 404 8849
[28/Apr/2026 14:17:59] "GET /favicon.png HTTP/1.1" 301 0
[28/Apr/2026 14:17:59] "GET /favicon.ico HTTP/1.1" 301 0
[28/Apr/2026 14:17:59] "GET /favicon.ico/ HTTP/1.1" 302 0
[28/Apr/2026 14:17:59] "GET /favicon.png/ HTTP/1.1" 302 0
[28/Apr/2026 14:17:59] "GET /favicon.png HTTP/1.1" 301 0
[28/Apr/2026 14:17:59] "GET /favicon.ico HTTP/1.1" 301 0
Not Found: /
[28/Apr/2026 14:17:59] "GET / HTTP/1.1" 404 8849
[28/Apr/2026 14:18:00] "GET /favicon.png/ HTTP/1.1" 302 0
[28/Apr/2026 14:18:00] "GET /favicon.ico/ HTTP/1.1" 302 0
Not Found: /
[28/Apr/2026 14:18:00] "GET / HTTP/1.1" 404 8849
[28/Apr/2026 14:18:00] "GET /giris/ HTTP/1.1" 200 5067
[28/Apr/2026 14:18:00] "GET /giris/ HTTP/1.1" 200 5067
[28/Apr/2026 14:18:00] "GET /favicon.png HTTP/1.1" 301 0
[28/Apr/2026 14:18:00] "GET /favicon.ico HTTP/1.1" 301 0
[28/Apr/2026 14:18:00] "GET /favicon.png/ HTTP/1.1" 302 0
[28/Apr/2026 14:18:01] "GET /favicon.ico/ HTTP/1.1" 302 0
[28/Apr/2026 14:18:01] "GET /giris/ HTTP/1.1" 200 5067
[28/Apr/2026 14:18:01] "GET /giris/ HTTP/1.1" 200 5067
[28/Apr/2026 14:18:01] "GET /giris/ HTTP/1.1" 200 5067
[28/Apr/2026 14:18:01] "GET /giris/ HTTP/1.1" 200 5067
Not Found: /
[28/Apr/2026 14:18:02] "GET / HTTP/1.1" 404 8848
Not Found: /
[28/Apr/2026 14:18:03] "GET / HTTP/1.1" 404 8849
Not Found: /
[28/Apr/2026 14:18:03] "GET / HTTP/1.1" 404 8848
[28/Apr/2026 14:18:03] "GET /favicon.ico HTTP/1.1" 301 0
Not Found: /
[28/Apr/2026 14:18:03] "GET / HTTP/1.1" 404 8849
[28/Apr/2026 14:18:03] "GET /favicon.png HTTP/1.1" 301 0
[28/Apr/2026 14:18:03] "GET /favicon.ico/ HTTP/1.1" 302 0
[28/Apr/2026 14:18:03] "GET /favicon.png/ HTTP/1.1" 302 0
[28/Apr/2026 14:18:03] "GET /favicon.ico HTTP/1.1" 301 0
[28/Apr/2026 14:18:03] "GET /favicon.png HTTP/1.1" 301 0
[28/Apr/2026 14:18:06] "GET /favicon.ico/ HTTP/1.1" 302 0
[28/Apr/2026 14:18:06] "GET /favicon.png/ HTTP/1.1" 302 0
[28/Apr/2026 14:18:06] "GET /giris/ HTTP/1.1" 200 5067
[28/Apr/2026 14:18:06] "GET /giris/ HTTP/1.1" 200 5067
Not Found: /
[28/Apr/2026 14:18:07] "GET / HTTP/1.1" 404 8848
Not Found: /
[28/Apr/2026 14:18:07] "GET / HTTP/1.1" 404 8848
[28/Apr/2026 14:18:07] "GET /favicon.ico HTTP/1.1" 301 0
[28/Apr/2026 14:18:07] "GET /favicon.ico/ HTTP/1.1" 302 0
[28/Apr/2026 14:18:07] "GET /favicon.png HTTP/1.1" 301 0
[28/Apr/2026 14:18:08] "GET /favicon.png/ HTTP/1.1" 302 0
Not Found: /
[28/Apr/2026 14:18:08] "GET / HTTP/1.1" 404 8849
Not Found: /
[28/Apr/2026 14:18:08] "GET / HTTP/1.1" 404 8849
[28/Apr/2026 14:18:09] "GET /favicon.png HTTP/1.1" 301 0
[28/Apr/2026 14:18:09] "GET /favicon.ico HTTP/1.1" 301 0
[28/Apr/2026 14:18:09] "GET /favicon.png/ HTTP/1.1" 302 0
[28/Apr/2026 14:18:09] "GET /giris/ HTTP/1.1" 200 5067
[28/Apr/2026 14:18:09] "GET /giris/ HTTP/1.1" 200 5067
[28/Apr/2026 14:18:09] "GET /favicon.ico/ HTTP/1.1" 302 0
[28/Apr/2026 14:18:09] "GET /giris/ HTTP/1.1" 200 5067
[28/Apr/2026 14:18:09] "GET /giris/ HTTP/1.1" 200 5067
Not Found: /
[28/Apr/2026 14:37:35] "GET / HTTP/1.1" 404 8849
[28/Apr/2026 14:37:35] "GET /favicon.ico HTTP/1.1" 301 0
[28/Apr/2026 14:37:36] "GET /favicon.ico/ HTTP/1.1" 302 0
[28/Apr/2026 14:37:36] "GET /giris/ HTTP/1.1" 200 5067
[28/Apr/2026 14:37:36] "GET /favicon.png HTTP/1.1" 301 0
[28/Apr/2026 14:37:36] "GET /favicon.png/ HTTP/1.1" 302 0
[28/Apr/2026 14:37:37] "GET /giris/ HTTP/1.1" 200 5067
Not Found: /
[28/Apr/2026 14:38:15] "GET / HTTP/1.1" 404 8849
[28/Apr/2026 14:38:15] "GET /favicon.ico HTTP/1.1" 301 0
[28/Apr/2026 14:38:16] "GET /favicon.ico/ HTTP/1.1" 302 0
[28/Apr/2026 14:38:16] "GET /giris/ HTTP/1.1" 200 5067
Not Found: /
[28/Apr/2026 14:39:08] "GET / HTTP/1.1" 404 8849
[28/Apr/2026 14:39:08] "GET /favicon.ico HTTP/1.1" 301 0
[28/Apr/2026 14:39:09] "GET /favicon.ico/ HTTP/1.1" 302 0
[28/Apr/2026 14:39:09] "GET /giris/ HTTP/1.1" 200 5067
[28/Apr/2026 14:39:09] "GET /favicon.png HTTP/1.1" 301 0
[28/Apr/2026 14:39:09] "GET /favicon.png/ HTTP/1.1" 302 0
[28/Apr/2026 14:39:09] "GET /giris/ HTTP/1.1" 200 5067
Not Found: /
[28/Apr/2026 14:51:14] "GET / HTTP/1.1" 404 8849
[28/Apr/2026 14:51:14] "GET /favicon.ico HTTP/1.1" 301 0
[28/Apr/2026 14:51:15] "GET /favicon.ico/ HTTP/1.1" 302 0
[28/Apr/2026 14:51:15] "GET /giris/ HTTP/1.1" 200 5067
[28/Apr/2026 14:51:15] "GET /favicon.png HTTP/1.1" 301 0
[28/Apr/2026 14:51:16] "GET /favicon.png/ HTTP/1.1" 302 0
[28/Apr/2026 14:51:16] "GET /giris/ HTTP/1.1" 200 5067
Not Found: /
[28/Apr/2026 14:52:00] "GET / HTTP/1.1" 404 8849
[28/Apr/2026 14:52:00] "GET /favicon.ico HTTP/1.1" 301 0
[28/Apr/2026 14:52:00] "GET /favicon.ico/ HTTP/1.1" 302 0
[28/Apr/2026 14:52:00] "GET /giris/ HTTP/1.1" 200 5067
[28/Apr/2026 14:57:50] "GET /.env HTTP/1.1" 301 0
[28/Apr/2026 14:57:52] "GET /.env HTTP/1.1" 301 0
