C:\inetpub\wwwroot\e-randevu\dental_management_system\venv\Lib\site-packages\django\db\models\base.py:366: RuntimeWarning: Model 'patients.hastasession' was already registered. Reloading models is not advised as it can lead to inconsistencies, most notably with related models.
  new_class._meta.apps.register_model(new_class._meta.app_label, new_class)
C:\inetpub\wwwroot\e-randevu\dental_management_system\venv\Lib\site-packages\django\db\models\base.py:366: RuntimeWarning: Model 'patients.hastasession' was already registered. Reloading models is not advised as it can lead to inconsistencies, most notably with related models.
  new_class._meta.apps.register_model(new_class._meta.app_label, new_class)
Watching for file changes with StatReloader
Not Found: /
Not Found: /
[04/Apr/2026 23:14:23] "GET / HTTP/1.1" 404 8849
[04/Apr/2026 23:14:23] "GET / HTTP/1.1" 404 8849
Internal Server Error: /
Traceback (most recent call last):
  File "C:\inetpub\wwwroot\e-randevu\dental_management_system\tenants\hasta_views.py", line 133, in klinik_randevu_sayfasi
    clinic = Clinic.objects.get(subdomain=subdomain, is_active=True)
             ^^^^^^^^^^^^^^^^^^^^^^^^^^^^^^^^^^^^^^^^^^^^^^^^^^^^^^^
  File "C:\inetpub\wwwroot\e-randevu\dental_management_system\venv\Lib\site-packages\django\db\models\manager.py", line 87, in manager_method
    return getattr(self.get_queryset(), name)(*args, **kwargs)
           ^^^^^^^^^^^^^^^^^^^^^^^^^^^^^^^^^^^^^^^^^^^^^^^^^^^
  File "C:\inetpub\wwwroot\e-randevu\dental_management_system\venv\Lib\site-packages\django\db\models\query.py", line 649, in get
    raise self.model.DoesNotExist(
tenants.models.Clinic.DoesNotExist: Clinic matching query does not exist.

During handling of the above exception, another exception occurred:

Traceback (most recent call last):
  File "C:\inetpub\wwwroot\e-randevu\dental_management_system\venv\Lib\site-packages\django\core\handlers\exception.py", line 55, in inner
    response = get_response(request)
               ^^^^^^^^^^^^^^^^^^^^^
  File "C:\inetpub\wwwroot\e-randevu\dental_management_system\venv\Lib\site-packages\django\core\handlers\base.py", line 197, in _get_response
    response = wrapped_callback(request, *callback_args, **callback_kwargs)
               ^^^^^^^^^^^^^^^^^^^^^^^^^^^^^^^^^^^^^^^^^^^^^^^^^^^^^^^^^^^^
  File "C:\inetpub\wwwroot\e-randevu\dental_management_system\tenants\hasta_views.py", line 135, in klinik_randevu_sayfasi
    return render(request, 'hasta/klinik_bulunamadi.html', {}, status=404)
           ^^^^^^^^^^^^^^^^^^^^^^^^^^^^^^^^^^^^^^^^^^^^^^^^^^^^^^^^^^^^^^^
  File "C:\inetpub\wwwroot\e-randevu\dental_management_system\venv\Lib\site-packages\django\shortcuts.py", line 25, in render
    content = loader.render_to_string(template_name, context, request, using=using)
              ^^^^^^^^^^^^^^^^^^^^^^^^^^^^^^^^^^^^^^^^^^^^^^^^^^^^^^^^^^^^^^^^^^^^^
  File "C:\inetpub\wwwroot\e-randevu\dental_management_system\venv\Lib\site-packages\django\template\loader.py", line 61, in render_to_string
    template = get_template(template_name, using=using)
               ^^^^^^^^^^^^^^^^^^^^^^^^^^^^^^^^^^^^^^^^
  File "C:\inetpub\wwwroot\e-randevu\dental_management_system\venv\Lib\site-packages\django\template\loader.py", line 19, in get_template
    raise TemplateDoesNotExist(template_name, chain=chain)
django.template.exceptions.TemplateDoesNotExist: hasta/klinik_bulunamadi.html
[04/Apr/2026 23:30:38] "GET / HTTP/1.1" 500 98182
[04/Apr/2026 23:44:01] "GET / HTTP/1.1" 200 9312
Not Found: /
[05/Apr/2026 00:04:12] "GET / HTTP/1.1" 404 8848
[05/Apr/2026 00:22:36] "GET / HTTP/1.1" 200 9312
[05/Apr/2026 00:22:36] "GET /static/css/ana_sayfa.css HTTP/1.1" 200 10882
Not Found: /favicon.ico
[05/Apr/2026 00:22:36] "GET /favicon.ico HTTP/1.1" 404 2952
[05/Apr/2026 00:22:54] "GET / HTTP/1.1" 200 9312
[05/Apr/2026 00:22:54] "GET /static/css/ana_sayfa.css HTTP/1.1" 200 10882
Not Found: /favicon.ico
[05/Apr/2026 00:22:55] "GET /favicon.ico HTTP/1.1" 404 2952
Not Found: /wp-login.php
[05/Apr/2026 00:28:19] "GET /wp-login.php HTTP/1.1" 404 2954
[05/Apr/2026 00:33:19] "GET / HTTP/1.1" 200 9312
Not Found: /robots.txt
[05/Apr/2026 00:42:17] "GET /robots.txt HTTP/1.1" 404 2948
[05/Apr/2026 00:44:17] "GET / HTTP/1.1" 200 9312
[05/Apr/2026 00:57:48] "GET /robots.txt HTTP/1.1" 301 0
[05/Apr/2026 00:57:49] "GET /robots.txt/ HTTP/1.1" 302 0
[05/Apr/2026 00:57:49] "GET /giris/ HTTP/1.1" 200 5067
[05/Apr/2026 00:58:31] "GET /giris/ HTTP/1.1" 200 5067
[05/Apr/2026 00:59:12] "GET / HTTP/1.1" 200 9312
[05/Apr/2026 00:59:12] "GET / HTTP/1.1" 200 9312
Not Found: /wp-includes/wlwmanifest.xml
[05/Apr/2026 00:59:12] "GET /wp-includes/wlwmanifest.xml HTTP/1.1" 404 2999
Not Found: /xmlrpc.php
[05/Apr/2026 00:59:13] "GET /xmlrpc.php?rsd HTTP/1.1" 404 2952
[05/Apr/2026 00:59:13] "GET / HTTP/1.1" 200 9312
Not Found: /blog/wp-includes/wlwmanifest.xml
[05/Apr/2026 00:59:13] "GET /blog/wp-includes/wlwmanifest.xml HTTP/1.1" 404 3014
Not Found: /web/wp-includes/wlwmanifest.xml
[05/Apr/2026 00:59:13] "GET /web/wp-includes/wlwmanifest.xml HTTP/1.1" 404 3011
Not Found: /wordpress/wp-includes/wlwmanifest.xml
[05/Apr/2026 00:59:13] "GET /wordpress/wp-includes/wlwmanifest.xml HTTP/1.1" 404 3029
Not Found: /website/wp-includes/wlwmanifest.xml
[05/Apr/2026 00:59:13] "GET /website/wp-includes/wlwmanifest.xml HTTP/1.1" 404 3023
Not Found: /wp/wp-includes/wlwmanifest.xml
[05/Apr/2026 00:59:14] "GET /wp/wp-includes/wlwmanifest.xml HTTP/1.1" 404 3008
Not Found: /news/wp-includes/wlwmanifest.xml
[05/Apr/2026 00:59:14] "GET /news/wp-includes/wlwmanifest.xml HTTP/1.1" 404 3014
Not Found: /2018/wp-includes/wlwmanifest.xml
[05/Apr/2026 00:59:14] "GET /2018/wp-includes/wlwmanifest.xml HTTP/1.1" 404 3014
Not Found: /2019/wp-includes/wlwmanifest.xml
[05/Apr/2026 00:59:14] "GET /2019/wp-includes/wlwmanifest.xml HTTP/1.1" 404 3014
Not Found: /shop/wp-includes/wlwmanifest.xml
[05/Apr/2026 00:59:14] "GET /shop/wp-includes/wlwmanifest.xml HTTP/1.1" 404 3014
Not Found: /wp1/wp-includes/wlwmanifest.xml
[05/Apr/2026 00:59:14] "GET /wp1/wp-includes/wlwmanifest.xml HTTP/1.1" 404 3011
Not Found: /test/wp-includes/wlwmanifest.xml
[05/Apr/2026 00:59:15] "GET /test/wp-includes/wlwmanifest.xml HTTP/1.1" 404 3014
Not Found: /media/wp-includes/wlwmanifest.xml
[05/Apr/2026 00:59:15] "GET /media/wp-includes/wlwmanifest.xml HTTP/1.1" 404 3253
Not Found: /wp2/wp-includes/wlwmanifest.xml
[05/Apr/2026 00:59:15] "GET /wp2/wp-includes/wlwmanifest.xml HTTP/1.1" 404 3011
Not Found: /site/wp-includes/wlwmanifest.xml
[05/Apr/2026 00:59:15] "GET /site/wp-includes/wlwmanifest.xml HTTP/1.1" 404 3014
Not Found: /cms/wp-includes/wlwmanifest.xml
[05/Apr/2026 00:59:16] "GET /cms/wp-includes/wlwmanifest.xml HTTP/1.1" 404 3011
Not Found: /sito/wp-includes/wlwmanifest.xml
[05/Apr/2026 00:59:16] "GET /sito/wp-includes/wlwmanifest.xml HTTP/1.1" 404 3014
