C:\inetpub\wwwroot\e-randevu\dental_management_system\venv\Lib\site-packages\django\db\models\base.py:366: RuntimeWarning: Model 'patients.hastasession' was already registered. Reloading models is not advised as it can lead to inconsistencies, most notably with related models.
  new_class._meta.apps.register_model(new_class._meta.app_label, new_class)
C:\inetpub\wwwroot\e-randevu\dental_management_system\venv\Lib\site-packages\django\db\models\base.py:366: RuntimeWarning: Model 'patients.hastasession' was already registered. Reloading models is not advised as it can lead to inconsistencies, most notably with related models.
  new_class._meta.apps.register_model(new_class._meta.app_label, new_class)
Watching for file changes with StatReloader
Not Found: /
[01/May/2026 03:09:18] "GET / HTTP/1.1" 404 8848
Not Found: /sitemap.xml.gz
[01/May/2026 03:24:30] "GET /sitemap.xml.gz HTTP/1.1" 404 2961
Internal Server Error: /
Traceback (most recent call last):
  File "C:\inetpub\wwwroot\e-randevu\dental_management_system\tenants\hasta_views.py", line 133, in klinik_randevu_sayfasi
    clinic = Clinic.objects.get(subdomain=subdomain, is_active=True)
             ^^^^^^^^^^^^^^^^^^^^^^^^^^^^^^^^^^^^^^^^^^^^^^^^^^^^^^^
  File "C:\inetpub\wwwroot\e-randevu\dental_management_system\venv\Lib\site-packages\django\db\models\manager.py", line 87, in manager_method
    return getattr(self.get_queryset(), name)(*args, **kwargs)
           ^^^^^^^^^^^^^^^^^^^^^^^^^^^^^^^^^^^^^^^^^^^^^^^^^^^
  File "C:\inetpub\wwwroot\e-randevu\dental_management_system\venv\Lib\site-packages\django\db\models\query.py", line 649, in get
    raise self.model.DoesNotExist(
tenants.models.Clinic.DoesNotExist: Clinic matching query does not exist.

During handling of the above exception, another exception occurred:

Traceback (most recent call last):
  File "C:\inetpub\wwwroot\e-randevu\dental_management_system\venv\Lib\site-packages\django\core\handlers\exception.py", line 55, in inner
    response = get_response(request)
               ^^^^^^^^^^^^^^^^^^^^^
  File "C:\inetpub\wwwroot\e-randevu\dental_management_system\venv\Lib\site-packages\django\core\handlers\base.py", line 197, in _get_response
    response = wrapped_callback(request, *callback_args, **callback_kwargs)
               ^^^^^^^^^^^^^^^^^^^^^^^^^^^^^^^^^^^^^^^^^^^^^^^^^^^^^^^^^^^^
  File "C:\inetpub\wwwroot\e-randevu\dental_management_system\tenants\hasta_views.py", line 135, in klinik_randevu_sayfasi
    return render(request, 'hasta/klinik_bulunamadi.html', {}, status=404)
           ^^^^^^^^^^^^^^^^^^^^^^^^^^^^^^^^^^^^^^^^^^^^^^^^^^^^^^^^^^^^^^^
  File "C:\inetpub\wwwroot\e-randevu\dental_management_system\venv\Lib\site-packages\django\shortcuts.py", line 25, in render
    content = loader.render_to_string(template_name, context, request, using=using)
              ^^^^^^^^^^^^^^^^^^^^^^^^^^^^^^^^^^^^^^^^^^^^^^^^^^^^^^^^^^^^^^^^^^^^^
  File "C:\inetpub\wwwroot\e-randevu\dental_management_system\venv\Lib\site-packages\django\template\loader.py", line 61, in render_to_string
    template = get_template(template_name, using=using)
               ^^^^^^^^^^^^^^^^^^^^^^^^^^^^^^^^^^^^^^^^
  File "C:\inetpub\wwwroot\e-randevu\dental_management_system\venv\Lib\site-packages\django\template\loader.py", line 19, in get_template
    raise TemplateDoesNotExist(template_name, chain=chain)
django.template.exceptions.TemplateDoesNotExist: hasta/klinik_bulunamadi.html
[01/May/2026 03:32:20] "GET / HTTP/1.1" 500 97294
Internal Server Error: /
Traceback (most recent call last):
  File "C:\inetpub\wwwroot\e-randevu\dental_management_system\tenants\hasta_views.py", line 133, in klinik_randevu_sayfasi
    clinic = Clinic.objects.get(subdomain=subdomain, is_active=True)
             ^^^^^^^^^^^^^^^^^^^^^^^^^^^^^^^^^^^^^^^^^^^^^^^^^^^^^^^
  File "C:\inetpub\wwwroot\e-randevu\dental_management_system\venv\Lib\site-packages\django\db\models\manager.py", line 87, in manager_method
    return getattr(self.get_queryset(), name)(*args, **kwargs)
           ^^^^^^^^^^^^^^^^^^^^^^^^^^^^^^^^^^^^^^^^^^^^^^^^^^^
  File "C:\inetpub\wwwroot\e-randevu\dental_management_system\venv\Lib\site-packages\django\db\models\query.py", line 649, in get
    raise self.model.DoesNotExist(
tenants.models.Clinic.DoesNotExist: Clinic matching query does not exist.

During handling of the above exception, another exception occurred:

Traceback (most recent call last):
  File "C:\inetpub\wwwroot\e-randevu\dental_management_system\venv\Lib\site-packages\django\core\handlers\exception.py", line 55, in inner
    response = get_response(request)
               ^^^^^^^^^^^^^^^^^^^^^
  File "C:\inetpub\wwwroot\e-randevu\dental_management_system\venv\Lib\site-packages\django\core\handlers\base.py", line 197, in _get_response
    response = wrapped_callback(request, *callback_args, **callback_kwargs)
               ^^^^^^^^^^^^^^^^^^^^^^^^^^^^^^^^^^^^^^^^^^^^^^^^^^^^^^^^^^^^
  File "C:\inetpub\wwwroot\e-randevu\dental_management_system\tenants\hasta_views.py", line 135, in klinik_randevu_sayfasi
    return render(request, 'hasta/klinik_bulunamadi.html', {}, status=404)
           ^^^^^^^^^^^^^^^^^^^^^^^^^^^^^^^^^^^^^^^^^^^^^^^^^^^^^^^^^^^^^^^
  File "C:\inetpub\wwwroot\e-randevu\dental_management_system\venv\Lib\site-packages\django\shortcuts.py", line 25, in render
    content = loader.render_to_string(template_name, context, request, using=using)
              ^^^^^^^^^^^^^^^^^^^^^^^^^^^^^^^^^^^^^^^^^^^^^^^^^^^^^^^^^^^^^^^^^^^^^
  File "C:\inetpub\wwwroot\e-randevu\dental_management_system\venv\Lib\site-packages\django\template\loader.py", line 61, in render_to_string
    template = get_template(template_name, using=using)
               ^^^^^^^^^^^^^^^^^^^^^^^^^^^^^^^^^^^^^^^^
  File "C:\inetpub\wwwroot\e-randevu\dental_management_system\venv\Lib\site-packages\django\template\loader.py", line 19, in get_template
    raise TemplateDoesNotExist(template_name, chain=chain)
django.template.exceptions.TemplateDoesNotExist: hasta/klinik_bulunamadi.html
[01/May/2026 03:32:27] "GET / HTTP/1.1" 500 97254
Not Found: /sitemap.xml
[01/May/2026 03:32:38] "GET /sitemap.xml HTTP/1.1" 404 2358
Not Found: /robots.txt
[01/May/2026 03:32:44] "GET /robots.txt HTTP/1.1" 404 2355
Not Found: /asset-manifest.json
[01/May/2026 03:32:51] "GET /asset-manifest.json HTTP/1.1" 404 2382
Not Found: /manifest.json
[01/May/2026 03:32:59] "GET /manifest.json HTTP/1.1" 404 2364
Not Found: /build-manifest.json
[01/May/2026 03:33:01] "GET /build-manifest.json HTTP/1.1" 404 2382
Not Found: /_next/static/buildManifest.js
[01/May/2026 03:33:10] "GET /_next/static/buildManifest.js HTTP/1.1" 404 2412
Not Found: /serverless.yml
[01/May/2026 03:33:17] "GET /serverless.yml HTTP/1.1" 404 2367
Not Found: /.env.production
Not Found: /.ssh/config
[01/May/2026 03:33:17] "GET /.env.production HTTP/1.1" 404 2370
[01/May/2026 03:33:17] "GET /.ssh/config HTTP/1.1" 404 2358
Not Found: /wp-config.bak
Not Found: /public/.env
[01/May/2026 03:33:17] "GET /wp-config.bak HTTP/1.1" 404 2364
Not Found: /.terraform/terraform.tfstate
Not Found: /app/.env
Not Found: /.env.local
[01/May/2026 03:33:17] "GET /.terraform/terraform.tfstate HTTP/1.1" 404 2409
Not Found: /terraform.tfvars
[01/May/2026 03:33:17] "GET /public/.env HTTP/1.1" 404 2358
[01/May/2026 03:33:17] "GET /app/.env HTTP/1.1" 404 2349
Not Found: /.ssh/id_rsa
[01/May/2026 03:33:17] "GET /.env.local HTTP/1.1" 404 2355
Not Found: /.ssh/id_dsa
[01/May/2026 03:33:17] "GET /terraform.tfvars HTTP/1.1" 404 2373
Not Found: /.env.example
[01/May/2026 03:33:17] "GET /.ssh/id_rsa HTTP/1.1" 404 2358
Not Found: /.ssh/authorized_keys
[01/May/2026 03:33:17] "GET /.ssh/id_dsa HTTP/1.1" 404 2358
Not Found: /wp-config.php~
Not Found: /terraform.tfstate
[01/May/2026 03:33:17] "GET /.env.example HTTP/1.1" 404 2361
[01/May/2026 03:33:17] "GET /.ssh/authorized_keys HTTP/1.1" 404 2385
[01/May/2026 03:33:17] "GET /wp-config.php~ HTTP/1.1" 404 2367
[01/May/2026 03:33:17] "GET /terraform.tfstate HTTP/1.1" 404 2376
Not Found: /.ssh/id_ecdsa
Not Found: /backend/.env
[01/May/2026 03:33:18] "GET /.ssh/id_ecdsa HTTP/1.1" 404 2364
[01/May/2026 03:33:18] "GET /backend/.env HTTP/1.1" 404 2361
Not Found: /admin/.env
Not Found: /.env.bak
[01/May/2026 03:33:20] "GET /admin/.env HTTP/1.1" 404 2355
Not Found: /terraform.tfstate.backup
[01/May/2026 03:33:20] "GET /.env.bak HTTP/1.1" 404 2349
Not Found: /.git/config
Not Found: /.env.old
[01/May/2026 03:33:20] "GET /terraform.tfstate.backup HTTP/1.1" 404 2397
Not Found: /config.env
[01/May/2026 03:33:20] "GET /.env.old HTTP/1.1" 404 2349
Not Found: /.env.development
[01/May/2026 03:33:20] "GET /.git/config HTTP/1.1" 404 2358
Not Found: /.aws/credentials
[01/May/2026 03:33:20] "GET /config.env HTTP/1.1" 404 2355
Not Found: /.env
[01/May/2026 03:33:20] "GET /.env.development HTTP/1.1" 404 2373
Not Found: /.env.backup
Not Found: /.ssh/id_ed25519
[01/May/2026 03:33:20] "GET /.aws/credentials HTTP/1.1" 404 2373
Not Found: /api/.env
[01/May/2026 03:33:20] "GET /.env HTTP/1.1" 404 2337
[01/May/2026 03:33:20] "GET /.ssh/id_ed25519 HTTP/1.1" 404 2370
Not Found: /.aws/config
[01/May/2026 03:33:20] "GET /.env.backup HTTP/1.1" 404 2358
Not Found: /.ssh/known_hosts
[01/May/2026 03:33:20] "GET /api/.env HTTP/1.1" 404 2349
Not Found: /.env.production.bak
[01/May/2026 03:33:20] "GET /.aws/config HTTP/1.1" 404 2358
[01/May/2026 03:33:20] "GET /.ssh/known_hosts HTTP/1.1" 404 2373
[01/May/2026 03:33:20] "GET /.env.production.bak HTTP/1.1" 404 2382
Not Found: /api/config
[01/May/2026 03:33:26] "GET /api/config HTTP/1.1" 404 2355
Not Found: /env.js
Not Found: /__env.js
Not Found: /graphql
[01/May/2026 03:33:26] "GET /env.js HTTP/1.1" 404 2343
Not Found: /api/env
[01/May/2026 03:33:26] "GET /__env.js HTTP/1.1" 404 2349
Not Found: /settings.json
[01/May/2026 03:33:26] "GET /graphql HTTP/1.1" 404 2346
Not Found: /app-config.json
[01/May/2026 03:33:26] "GET /api/env HTTP/1.1" 404 2346
Not Found: /config.js
[01/May/2026 03:33:26] "GET /settings.json HTTP/1.1" 404 2364
Not Found: /api/v1/settings
[01/May/2026 03:33:26] "GET /app-config.json HTTP/1.1" 404 2370
Not Found: /api/v1/config
[01/May/2026 03:33:26] "GET /config.js HTTP/1.1" 404 2352
Not Found: /runtime-config.js
[01/May/2026 03:33:26] "GET /api/v1/settings HTTP/1.1" 404 2370
Not Found: /api/v1/env
[01/May/2026 03:33:26] "GET /api/v1/config HTTP/1.1" 404 2364
Not Found: /config.json
[01/May/2026 03:33:26] "GET /runtime-config.js HTTP/1.1" 404 2376
Not Found: /env.json
[01/May/2026 03:33:26] "GET /api/v1/env HTTP/1.1" 404 2355
Not Found: /api/settings
[01/May/2026 03:33:26] "GET /config.json HTTP/1.1" 404 2358
[01/May/2026 03:33:26] "GET /env.json HTTP/1.1" 404 2349
[01/May/2026 03:33:26] "GET /api/settings HTTP/1.1" 404 2361
[01/May/2026 03:37:07] "GET / HTTP/1.1" 200 9312
Not Found: /robots.txt
[01/May/2026 03:48:30] "GET /robots.txt HTTP/1.1" 404 2356
Not Found: /sitemap.xml.gz
[01/May/2026 03:49:29] "GET /sitemap.xml.gz HTTP/1.1" 404 2368
