C:\inetpub\wwwroot\e-randevu\dental_management_system\venv\Lib\site-packages\django\db\models\base.py:366: RuntimeWarning: Model 'patients.hastasession' was already registered. Reloading models is not advised as it can lead to inconsistencies, most notably with related models.
  new_class._meta.apps.register_model(new_class._meta.app_label, new_class)
C:\inetpub\wwwroot\e-randevu\dental_management_system\venv\Lib\site-packages\django\db\models\base.py:366: RuntimeWarning: Model 'patients.hastasession' was already registered. Reloading models is not advised as it can lead to inconsistencies, most notably with related models.
  new_class._meta.apps.register_model(new_class._meta.app_label, new_class)
Watching for file changes with StatReloader
Not Found: /robots.txt
[05/May/2026 15:00:29] "GET /robots.txt HTTP/1.1" 404 2949
[05/May/2026 15:00:31] "GET / HTTP/1.1" 200 9312
[05/May/2026 15:00:31] "GET / HTTP/1.1" 200 9312
[05/May/2026 15:00:31] "GET / HTTP/1.1" 200 9312
[05/May/2026 15:00:31] "GET / HTTP/1.1" 200 9312
[05/May/2026 15:00:31] "GET / HTTP/1.1" 200 9312
[05/May/2026 15:00:32] "GET / HTTP/1.1" 200 9312
[05/May/2026 15:00:33] "GET / HTTP/1.1" 200 9312
[05/May/2026 15:00:33] "GET / HTTP/1.1" 200 9312
[05/May/2026 15:18:30] "GET / HTTP/1.1" 200 9312
[05/May/2026 15:21:46] "GET /static/css/ana_sayfa.css HTTP/1.1" 200 10882
Not Found: /favicon.ico
[05/May/2026 15:21:49] "GET /favicon.ico HTTP/1.1" 404 2952
[05/May/2026 15:24:26] "GET / HTTP/1.1" 200 9312
[05/May/2026 15:24:26] "GET /static/css/ana_sayfa.css HTTP/1.1" 200 10882
[05/May/2026 15:24:27] "GET / HTTP/1.1" 200 9312
[05/May/2026 15:24:27] "GET /static/css/ana_sayfa.css HTTP/1.1" 200 10882
Not Found: /favicon.ico
[05/May/2026 15:36:36] "GET /favicon.ico HTTP/1.1" 404 2952
