C:\inetpub\wwwroot\e-randevu\dental_management_system\venv\Lib\site-packages\django\db\models\base.py:366: RuntimeWarning: Model 'patients.hastasession' was already registered. Reloading models is not advised as it can lead to inconsistencies, most notably with related models.
  new_class._meta.apps.register_model(new_class._meta.app_label, new_class)
C:\inetpub\wwwroot\e-randevu\dental_management_system\venv\Lib\site-packages\django\db\models\base.py:366: RuntimeWarning: Model 'patients.hastasession' was already registered. Reloading models is not advised as it can lead to inconsistencies, most notably with related models.
  new_class._meta.apps.register_model(new_class._meta.app_label, new_class)
Watching for file changes with StatReloader
Internal Server Error: /
Traceback (most recent call last):
  File "C:\inetpub\wwwroot\e-randevu\dental_management_system\tenants\hasta_views.py", line 133, in klinik_randevu_sayfasi
    clinic = Clinic.objects.get(subdomain=subdomain, is_active=True)
             ^^^^^^^^^^^^^^^^^^^^^^^^^^^^^^^^^^^^^^^^^^^^^^^^^^^^^^^
  File "C:\inetpub\wwwroot\e-randevu\dental_management_system\venv\Lib\site-packages\django\db\models\manager.py", line 87, in manager_method
    return getattr(self.get_queryset(), name)(*args, **kwargs)
           ^^^^^^^^^^^^^^^^^^^^^^^^^^^^^^^^^^^^^^^^^^^^^^^^^^^
  File "C:\inetpub\wwwroot\e-randevu\dental_management_system\venv\Lib\site-packages\django\db\models\query.py", line 649, in get
    raise self.model.DoesNotExist(
tenants.models.Clinic.DoesNotExist: Clinic matching query does not exist.

During handling of the above exception, another exception occurred:

Traceback (most recent call last):
  File "C:\inetpub\wwwroot\e-randevu\dental_management_system\venv\Lib\site-packages\django\core\handlers\exception.py", line 55, in inner
    response = get_response(request)
               ^^^^^^^^^^^^^^^^^^^^^
  File "C:\inetpub\wwwroot\e-randevu\dental_management_system\venv\Lib\site-packages\django\core\handlers\base.py", line 197, in _get_response
    response = wrapped_callback(request, *callback_args, **callback_kwargs)
               ^^^^^^^^^^^^^^^^^^^^^^^^^^^^^^^^^^^^^^^^^^^^^^^^^^^^^^^^^^^^
  File "C:\inetpub\wwwroot\e-randevu\dental_management_system\tenants\hasta_views.py", line 135, in klinik_randevu_sayfasi
    return render(request, 'hasta/klinik_bulunamadi.html', {}, status=404)
           ^^^^^^^^^^^^^^^^^^^^^^^^^^^^^^^^^^^^^^^^^^^^^^^^^^^^^^^^^^^^^^^
  File "C:\inetpub\wwwroot\e-randevu\dental_management_system\venv\Lib\site-packages\django\shortcuts.py", line 25, in render
    content = loader.render_to_string(template_name, context, request, using=using)
              ^^^^^^^^^^^^^^^^^^^^^^^^^^^^^^^^^^^^^^^^^^^^^^^^^^^^^^^^^^^^^^^^^^^^^
  File "C:\inetpub\wwwroot\e-randevu\dental_management_system\venv\Lib\site-packages\django\template\loader.py", line 61, in render_to_string
    template = get_template(template_name, using=using)
               ^^^^^^^^^^^^^^^^^^^^^^^^^^^^^^^^^^^^^^^^
  File "C:\inetpub\wwwroot\e-randevu\dental_management_system\venv\Lib\site-packages\django\template\loader.py", line 19, in get_template
    raise TemplateDoesNotExist(template_name, chain=chain)
django.template.exceptions.TemplateDoesNotExist: hasta/klinik_bulunamadi.html
[07/May/2026 02:18:19] "GET / HTTP/1.1" 500 98184
[07/May/2026 02:30:20] "GET /5Q1QKL/api/bildirimler/ HTTP/1.1" 302 0
Not Found: /accounts/login/
[07/May/2026 02:30:20] "GET /accounts/login/?next=/5Q1QKL/api/bildirimler/ HTTP/1.1" 404 8942
[07/May/2026 02:30:25] "GET /5Q1QKL/api/bildirimler/ HTTP/1.1" 302 0
Not Found: /accounts/login/
[07/May/2026 02:30:25] "GET /accounts/login/?next=/5Q1QKL/api/bildirimler/ HTTP/1.1" 404 8942
[07/May/2026 02:30:40] "GET /5Q1QKL/api/bildirimler/ HTTP/1.1" 302 0
Not Found: /accounts/login/
[07/May/2026 02:30:40] "GET /accounts/login/?next=/5Q1QKL/api/bildirimler/ HTTP/1.1" 404 8942
[07/May/2026 02:30:55] "GET /5Q1QKL/api/bildirimler/ HTTP/1.1" 302 0
Not Found: /accounts/login/
[07/May/2026 02:30:55] "GET /accounts/login/?next=/5Q1QKL/api/bildirimler/ HTTP/1.1" 404 8942
[07/May/2026 02:31:10] "GET /5Q1QKL/api/bildirimler/ HTTP/1.1" 302 0
Not Found: /accounts/login/
[07/May/2026 02:31:10] "GET /accounts/login/?next=/5Q1QKL/api/bildirimler/ HTTP/1.1" 404 8942
[07/May/2026 02:31:31] "GET /5Q1QKL/api/bildirimler/ HTTP/1.1" 302 0
Not Found: /accounts/login/
[07/May/2026 02:31:31] "GET /accounts/login/?next=/5Q1QKL/api/bildirimler/ HTTP/1.1" 404 8942
[07/May/2026 02:32:31] "GET /5Q1QKL/api/bildirimler/ HTTP/1.1" 302 0
Not Found: /accounts/login/
[07/May/2026 02:32:31] "GET /accounts/login/?next=/5Q1QKL/api/bildirimler/ HTTP/1.1" 404 8942
[07/May/2026 02:33:31] "GET /5Q1QKL/api/bildirimler/ HTTP/1.1" 302 0
Not Found: /accounts/login/
[07/May/2026 02:33:31] "GET /accounts/login/?next=/5Q1QKL/api/bildirimler/ HTTP/1.1" 404 8942
[07/May/2026 02:34:31] "GET /5Q1QKL/api/bildirimler/ HTTP/1.1" 302 0
Not Found: /accounts/login/
[07/May/2026 02:34:31] "GET /accounts/login/?next=/5Q1QKL/api/bildirimler/ HTTP/1.1" 404 8942
[07/May/2026 02:35:31] "GET /5Q1QKL/api/bildirimler/ HTTP/1.1" 302 0
Not Found: /accounts/login/
[07/May/2026 02:35:31] "GET /accounts/login/?next=/5Q1QKL/api/bildirimler/ HTTP/1.1" 404 8942
[07/May/2026 02:36:31] "GET /5Q1QKL/api/bildirimler/ HTTP/1.1" 302 0
Not Found: /accounts/login/
[07/May/2026 02:36:31] "GET /accounts/login/?next=/5Q1QKL/api/bildirimler/ HTTP/1.1" 404 8942
[07/May/2026 02:37:31] "GET /5Q1QKL/api/bildirimler/ HTTP/1.1" 302 0
Not Found: /accounts/login/
[07/May/2026 02:37:31] "GET /accounts/login/?next=/5Q1QKL/api/bildirimler/ HTTP/1.1" 404 8942
[07/May/2026 02:38:31] "GET /5Q1QKL/api/bildirimler/ HTTP/1.1" 302 0
Not Found: /accounts/login/
[07/May/2026 02:38:31] "GET /accounts/login/?next=/5Q1QKL/api/bildirimler/ HTTP/1.1" 404 8942
[07/May/2026 02:39:31] "GET /5Q1QKL/api/bildirimler/ HTTP/1.1" 302 0
Not Found: /accounts/login/
[07/May/2026 02:39:31] "GET /accounts/login/?next=/5Q1QKL/api/bildirimler/ HTTP/1.1" 404 8942
[07/May/2026 02:40:31] "GET /5Q1QKL/api/bildirimler/ HTTP/1.1" 302 0
Not Found: /accounts/login/
[07/May/2026 02:40:31] "GET /accounts/login/?next=/5Q1QKL/api/bildirimler/ HTTP/1.1" 404 8942
[07/May/2026 02:41:31] "GET /5Q1QKL/api/bildirimler/ HTTP/1.1" 302 0
Not Found: /accounts/login/
[07/May/2026 02:41:31] "GET /accounts/login/?next=/5Q1QKL/api/bildirimler/ HTTP/1.1" 404 8942
[07/May/2026 02:42:31] "GET /5Q1QKL/api/bildirimler/ HTTP/1.1" 302 0
Not Found: /accounts/login/
[07/May/2026 02:42:31] "GET /accounts/login/?next=/5Q1QKL/api/bildirimler/ HTTP/1.1" 404 8942
[07/May/2026 02:43:31] "GET /5Q1QKL/api/bildirimler/ HTTP/1.1" 302 0
Not Found: /accounts/login/
[07/May/2026 02:43:31] "GET /accounts/login/?next=/5Q1QKL/api/bildirimler/ HTTP/1.1" 404 8942
[07/May/2026 02:44:31] "GET /5Q1QKL/api/bildirimler/ HTTP/1.1" 302 0
Not Found: /accounts/login/
[07/May/2026 02:44:31] "GET /accounts/login/?next=/5Q1QKL/api/bildirimler/ HTTP/1.1" 404 8942
[07/May/2026 02:45:31] "GET /5Q1QKL/api/bildirimler/ HTTP/1.1" 302 0
Not Found: /accounts/login/
[07/May/2026 02:45:31] "GET /accounts/login/?next=/5Q1QKL/api/bildirimler/ HTTP/1.1" 404 8942
[07/May/2026 02:46:31] "GET /5Q1QKL/api/bildirimler/ HTTP/1.1" 302 0
Not Found: /accounts/login/
[07/May/2026 02:46:31] "GET /accounts/login/?next=/5Q1QKL/api/bildirimler/ HTTP/1.1" 404 8942
