C:\inetpub\wwwroot\e-randevu\dental_management_system\venv\Lib\site-packages\django\db\models\base.py:366: RuntimeWarning: Model 'patients.hastasession' was already registered. Reloading models is not advised as it can lead to inconsistencies, most notably with related models.
  new_class._meta.apps.register_model(new_class._meta.app_label, new_class)
C:\inetpub\wwwroot\e-randevu\dental_management_system\venv\Lib\site-packages\django\db\models\base.py:366: RuntimeWarning: Model 'patients.hastasession' was already registered. Reloading models is not advised as it can lead to inconsistencies, most notably with related models.
  new_class._meta.apps.register_model(new_class._meta.app_label, new_class)
Watching for file changes with StatReloader
Not Found: /robots.txt
[05/May/2026 08:36:02] "GET /robots.txt HTTP/1.1" 404 2949
[05/May/2026 08:36:12] "GET / HTTP/1.1" 200 9312
Not Found: /robots.txt
[05/May/2026 08:36:13] "GET /robots.txt HTTP/1.1" 404 2949
[05/May/2026 08:36:15] "GET /static/css/ana_sayfa.css HTTP/1.1" 200 10882
[05/May/2026 08:40:20] "GET /static/css/ana_sayfa.css HTTP/1.1" 200 10882
Not Found: /
[05/May/2026 08:47:03] "GET / HTTP/1.1" 404 8848
[05/May/2026 08:49:53] "GET /robots.txt HTTP/1.1" 301 0
[05/May/2026 08:49:54] "GET /robots.txt/ HTTP/1.1" 302 0
[05/May/2026 08:49:54] "GET /giris/ HTTP/1.1" 200 5067
[05/May/2026 08:49:54] "GET /sitemap.xml HTTP/1.1" 301 0
[05/May/2026 08:49:54] "GET /sitemap.xml/ HTTP/1.1" 302 0
[05/May/2026 08:49:54] "GET /giris/ HTTP/1.1" 200 5067
