C:\inetpub\wwwroot\e-randevu\dental_management_system\venv\Lib\site-packages\django\db\models\base.py:366: RuntimeWarning: Model 'patients.hastasession' was already registered. Reloading models is not advised as it can lead to inconsistencies, most notably with related models.
  new_class._meta.apps.register_model(new_class._meta.app_label, new_class)
C:\inetpub\wwwroot\e-randevu\dental_management_system\venv\Lib\site-packages\django\db\models\base.py:366: RuntimeWarning: Model 'patients.hastasession' was already registered. Reloading models is not advised as it can lead to inconsistencies, most notably with related models.
  new_class._meta.apps.register_model(new_class._meta.app_label, new_class)
Watching for file changes with StatReloader
Not Found: /robots.txt
[19/Apr/2026 07:09:28] "GET /robots.txt HTTP/1.1" 404 2362
[19/Apr/2026 07:09:28] "GET / HTTP/1.1" 200 54407
Not Found: /robots.txt
[19/Apr/2026 07:10:40] "GET /robots.txt HTTP/1.1" 404 2360
[19/Apr/2026 07:10:41] "GET / HTTP/1.1" 200 54403
Not Found: /robots.txt
[19/Apr/2026 07:10:57] "GET /robots.txt HTTP/1.1" 404 2362
[19/Apr/2026 07:10:58] "GET / HTTP/1.1" 200 54407
Not Found: /robots.txt
[19/Apr/2026 07:11:00] "GET /robots.txt HTTP/1.1" 404 2362
[19/Apr/2026 07:11:00] "GET / HTTP/1.1" 200 39145
Not Found: /robots.txt
[19/Apr/2026 07:11:01] "GET /robots.txt HTTP/1.1" 404 2362
[19/Apr/2026 07:11:02] "GET / HTTP/1.1" 200 54407
Not Found: /robots.txt
[19/Apr/2026 07:11:55] "GET /robots.txt HTTP/1.1" 404 2949
[19/Apr/2026 07:11:55] "GET /media/clinics/logos/download.jpg HTTP/1.1" 200 3832
Not Found: /robots.txt
[19/Apr/2026 07:15:32] "GET /robots.txt HTTP/1.1" 404 2360
[19/Apr/2026 07:15:33] "GET / HTTP/1.1" 200 20638
Not Found: /robots.txt
[19/Apr/2026 07:28:51] "GET /robots.txt HTTP/1.1" 404 2356
