C:\inetpub\wwwroot\e-randevu\dental_management_system\venv\Lib\site-packages\django\db\models\base.py:366: RuntimeWarning: Model 'patients.hastasession' was already registered. Reloading models is not advised as it can lead to inconsistencies, most notably with related models.
  new_class._meta.apps.register_model(new_class._meta.app_label, new_class)
C:\inetpub\wwwroot\e-randevu\dental_management_system\venv\Lib\site-packages\django\db\models\base.py:366: RuntimeWarning: Model 'patients.hastasession' was already registered. Reloading models is not advised as it can lead to inconsistencies, most notably with related models.
  new_class._meta.apps.register_model(new_class._meta.app_label, new_class)
Watching for file changes with StatReloader
[09/Apr/2026 09:51:44] "GET / HTTP/1.1" 200 9312
[09/Apr/2026 10:01:00] "GET / HTTP/1.1" 200 9312
Not Found: /wp-includes/ID3/license.txt
[09/Apr/2026 10:01:00] "GET /wp-includes/ID3/license.txt HTTP/1.1" 404 2999
Not Found: /feed/
[09/Apr/2026 10:01:00] "GET /feed/ HTTP/1.1" 404 2933
Not Found: /xmlrpc.php
[09/Apr/2026 10:01:00] "GET /xmlrpc.php?rsd HTTP/1.1" 404 2952
Not Found: /blog/wp-includes/wlwmanifest.xml
[09/Apr/2026 10:01:00] "GET /blog/wp-includes/wlwmanifest.xml HTTP/1.1" 404 3014
Not Found: /web/wp-includes/wlwmanifest.xml
[09/Apr/2026 10:01:00] "GET /web/wp-includes/wlwmanifest.xml HTTP/1.1" 404 3011
Not Found: /wordpress/wp-includes/wlwmanifest.xml
[09/Apr/2026 10:01:00] "GET /wordpress/wp-includes/wlwmanifest.xml HTTP/1.1" 404 3029
Not Found: /wp/wp-includes/wlwmanifest.xml
[09/Apr/2026 10:01:00] "GET /wp/wp-includes/wlwmanifest.xml HTTP/1.1" 404 3008
Not Found: /2020/wp-includes/wlwmanifest.xml
[09/Apr/2026 10:01:00] "GET /2020/wp-includes/wlwmanifest.xml HTTP/1.1" 404 3014
Not Found: /2019/wp-includes/wlwmanifest.xml
[09/Apr/2026 10:01:00] "GET /2019/wp-includes/wlwmanifest.xml HTTP/1.1" 404 3014
Not Found: /2021/wp-includes/wlwmanifest.xml
[09/Apr/2026 10:01:01] "GET /2021/wp-includes/wlwmanifest.xml HTTP/1.1" 404 3014
Not Found: /shop/wp-includes/wlwmanifest.xml
[09/Apr/2026 10:01:01] "GET /shop/wp-includes/wlwmanifest.xml HTTP/1.1" 404 3014
Not Found: /wp1/wp-includes/wlwmanifest.xml
[09/Apr/2026 10:01:01] "GET /wp1/wp-includes/wlwmanifest.xml HTTP/1.1" 404 3011
Not Found: /test/wp-includes/wlwmanifest.xml
[09/Apr/2026 10:01:01] "GET /test/wp-includes/wlwmanifest.xml HTTP/1.1" 404 3014
Not Found: /site/wp-includes/wlwmanifest.xml
[09/Apr/2026 10:01:01] "GET /site/wp-includes/wlwmanifest.xml HTTP/1.1" 404 3014
Not Found: /cms/wp-includes/wlwmanifest.xml
[09/Apr/2026 10:01:01] "GET /cms/wp-includes/wlwmanifest.xml HTTP/1.1" 404 3011
[09/Apr/2026 10:12:22] "GET / HTTP/1.1" 200 9312
Internal Server Error: /
Traceback (most recent call last):
  File "C:\inetpub\wwwroot\e-randevu\dental_management_system\tenants\hasta_views.py", line 133, in klinik_randevu_sayfasi
    clinic = Clinic.objects.get(subdomain=subdomain, is_active=True)
             ^^^^^^^^^^^^^^^^^^^^^^^^^^^^^^^^^^^^^^^^^^^^^^^^^^^^^^^
  File "C:\inetpub\wwwroot\e-randevu\dental_management_system\venv\Lib\site-packages\django\db\models\manager.py", line 87, in manager_method
    return getattr(self.get_queryset(), name)(*args, **kwargs)
           ^^^^^^^^^^^^^^^^^^^^^^^^^^^^^^^^^^^^^^^^^^^^^^^^^^^
  File "C:\inetpub\wwwroot\e-randevu\dental_management_system\venv\Lib\site-packages\django\db\models\query.py", line 649, in get
    raise self.model.DoesNotExist(
tenants.models.Clinic.DoesNotExist: Clinic matching query does not exist.

During handling of the above exception, another exception occurred:

Traceback (most recent call last):
  File "C:\inetpub\wwwroot\e-randevu\dental_management_system\venv\Lib\site-packages\django\core\handlers\exception.py", line 55, in inner
    response = get_response(request)
               ^^^^^^^^^^^^^^^^^^^^^
  File "C:\inetpub\wwwroot\e-randevu\dental_management_system\venv\Lib\site-packages\django\core\handlers\base.py", line 197, in _get_response
    response = wrapped_callback(request, *callback_args, **callback_kwargs)
               ^^^^^^^^^^^^^^^^^^^^^^^^^^^^^^^^^^^^^^^^^^^^^^^^^^^^^^^^^^^^
  File "C:\inetpub\wwwroot\e-randevu\dental_management_system\tenants\hasta_views.py", line 135, in klinik_randevu_sayfasi
    return render(request, 'hasta/klinik_bulunamadi.html', {}, status=404)
           ^^^^^^^^^^^^^^^^^^^^^^^^^^^^^^^^^^^^^^^^^^^^^^^^^^^^^^^^^^^^^^^
  File "C:\inetpub\wwwroot\e-randevu\dental_management_system\venv\Lib\site-packages\django\shortcuts.py", line 25, in render
    content = loader.render_to_string(template_name, context, request, using=using)
              ^^^^^^^^^^^^^^^^^^^^^^^^^^^^^^^^^^^^^^^^^^^^^^^^^^^^^^^^^^^^^^^^^^^^^
  File "C:\inetpub\wwwroot\e-randevu\dental_management_system\venv\Lib\site-packages\django\template\loader.py", line 61, in render_to_string
    template = get_template(template_name, using=using)
               ^^^^^^^^^^^^^^^^^^^^^^^^^^^^^^^^^^^^^^^^
  File "C:\inetpub\wwwroot\e-randevu\dental_management_system\venv\Lib\site-packages\django\template\loader.py", line 19, in get_template
    raise TemplateDoesNotExist(template_name, chain=chain)
django.template.exceptions.TemplateDoesNotExist: hasta/klinik_bulunamadi.html
[09/Apr/2026 10:28:20] "GET / HTTP/1.1" 500 98164
Internal Server Error: /
Traceback (most recent call last):
  File "C:\inetpub\wwwroot\e-randevu\dental_management_system\tenants\hasta_views.py", line 133, in klinik_randevu_sayfasi
    clinic = Clinic.objects.get(subdomain=subdomain, is_active=True)
             ^^^^^^^^^^^^^^^^^^^^^^^^^^^^^^^^^^^^^^^^^^^^^^^^^^^^^^^
  File "C:\inetpub\wwwroot\e-randevu\dental_management_system\venv\Lib\site-packages\django\db\models\manager.py", line 87, in manager_method
    return getattr(self.get_queryset(), name)(*args, **kwargs)
           ^^^^^^^^^^^^^^^^^^^^^^^^^^^^^^^^^^^^^^^^^^^^^^^^^^^
  File "C:\inetpub\wwwroot\e-randevu\dental_management_system\venv\Lib\site-packages\django\db\models\query.py", line 649, in get
    raise self.model.DoesNotExist(
tenants.models.Clinic.DoesNotExist: Clinic matching query does not exist.

During handling of the above exception, another exception occurred:

Traceback (most recent call last):
  File "C:\inetpub\wwwroot\e-randevu\dental_management_system\venv\Lib\site-packages\django\core\handlers\exception.py", line 55, in inner
    response = get_response(request)
               ^^^^^^^^^^^^^^^^^^^^^
  File "C:\inetpub\wwwroot\e-randevu\dental_management_system\venv\Lib\site-packages\django\core\handlers\base.py", line 197, in _get_response
    response = wrapped_callback(request, *callback_args, **callback_kwargs)
               ^^^^^^^^^^^^^^^^^^^^^^^^^^^^^^^^^^^^^^^^^^^^^^^^^^^^^^^^^^^^
  File "C:\inetpub\wwwroot\e-randevu\dental_management_system\tenants\hasta_views.py", line 135, in klinik_randevu_sayfasi
    return render(request, 'hasta/klinik_bulunamadi.html', {}, status=404)
           ^^^^^^^^^^^^^^^^^^^^^^^^^^^^^^^^^^^^^^^^^^^^^^^^^^^^^^^^^^^^^^^
  File "C:\inetpub\wwwroot\e-randevu\dental_management_system\venv\Lib\site-packages\django\shortcuts.py", line 25, in render
    content = loader.render_to_string(template_name, context, request, using=using)
              ^^^^^^^^^^^^^^^^^^^^^^^^^^^^^^^^^^^^^^^^^^^^^^^^^^^^^^^^^^^^^^^^^^^^^
  File "C:\inetpub\wwwroot\e-randevu\dental_management_system\venv\Lib\site-packages\django\template\loader.py", line 61, in render_to_string
    template = get_template(template_name, using=using)
               ^^^^^^^^^^^^^^^^^^^^^^^^^^^^^^^^^^^^^^^^
  File "C:\inetpub\wwwroot\e-randevu\dental_management_system\venv\Lib\site-packages\django\template\loader.py", line 19, in get_template
    raise TemplateDoesNotExist(template_name, chain=chain)
django.template.exceptions.TemplateDoesNotExist: hasta/klinik_bulunamadi.html
[09/Apr/2026 10:29:33] "GET / HTTP/1.1" 500 97463
[09/Apr/2026 10:46:00] "GET / HTTP/1.1" 200 9312
[09/Apr/2026 10:46:00] "GET /static/css/ana_sayfa.css HTTP/1.1" 200 10882
Not Found: /favicon.ico
[09/Apr/2026 10:46:01] "GET /favicon.ico HTTP/1.1" 404 2952
[09/Apr/2026 10:46:08] "GET / HTTP/1.1" 200 9312
[09/Apr/2026 10:46:16] "GET /?sehir=Istanbul HTTP/1.1" 200 10004
[09/Apr/2026 10:46:19] "GET / HTTP/1.1" 200 54924
[09/Apr/2026 10:46:19] "GET /static/css/klinik_randevu.css HTTP/1.1" 200 13013
Not Found: /favicon.ico
[09/Apr/2026 10:46:19] "GET /favicon.ico HTTP/1.1" 404 2366
