C:\inetpub\wwwroot\e-randevu\dental_management_system\venv\Lib\site-packages\django\db\models\base.py:366: RuntimeWarning: Model 'patients.hastasession' was already registered. Reloading models is not advised as it can lead to inconsistencies, most notably with related models.
  new_class._meta.apps.register_model(new_class._meta.app_label, new_class)
C:\inetpub\wwwroot\e-randevu\dental_management_system\venv\Lib\site-packages\django\db\models\base.py:366: RuntimeWarning: Model 'patients.hastasession' was already registered. Reloading models is not advised as it can lead to inconsistencies, most notably with related models.
  new_class._meta.apps.register_model(new_class._meta.app_label, new_class)
Watching for file changes with StatReloader
[08/Apr/2026 07:18:17] "GET / HTTP/1.1" 200 9312
Not Found: /.git/config
[08/Apr/2026 07:18:17] "GET /.git/config HTTP/1.1" 404 2951
Not Found: /backend/.env
[08/Apr/2026 07:18:17] "GET /backend/.env HTTP/1.1" 404 2954
Not Found: /.env
[08/Apr/2026 07:18:17] "GET /.env HTTP/1.1" 404 2930
Not Found: /.env
[08/Apr/2026 07:18:17] "GET /.env HTTP/1.1" 404 2930
Not Found: /.env
[08/Apr/2026 07:18:17] "GET /.env HTTP/1.1" 404 2930
Not Found: /.git/config
[08/Apr/2026 07:18:17] "GET /.git/config HTTP/1.1" 404 2951
Not Found: /backend/.env
[08/Apr/2026 07:18:17] "GET /backend/.env HTTP/1.1" 404 2954
Not Found: /backend/.env
[08/Apr/2026 07:18:17] "GET /backend/.env HTTP/1.1" 404 2954
Not Found: /.aws/credentials
[08/Apr/2026 07:18:17] "GET /.aws/credentials HTTP/1.1" 404 2966
Not Found: /info.php
[08/Apr/2026 07:18:17] "GET /info.php HTTP/1.1" 404 2942
Not Found: /error/
[08/Apr/2026 07:18:17] "GET /error/ HTTP/1.1" 404 2936
Not Found: /api/user
[08/Apr/2026 07:18:18] "GET /api/user HTTP/1.1" 404 2942
Not Found: /var/task/next.config.js
[08/Apr/2026 07:18:18] "GET /var/task/next.config.js HTTP/1.1" 404 2987
Not Found: /var/task/next.config.mjs
[08/Apr/2026 07:18:18] "GET /var/task/next.config.mjs HTTP/1.1" 404 2990
Not Found: /var/task/next.config.ts
[08/Apr/2026 07:18:18] "GET /var/task/next.config.ts HTTP/1.1" 404 2987
Not Found: /app/next.config.js
[08/Apr/2026 07:18:18] "GET /app/next.config.js HTTP/1.1" 404 2972
Not Found: /app/next.config.mjs
[08/Apr/2026 07:18:18] "GET /app/next.config.mjs HTTP/1.1" 404 2975
Not Found: /$(pwd)/next.config.js
[08/Apr/2026 07:18:18] "GET /$(pwd)/next.config.js HTTP/1.1" 404 2981
Not Found: /$(pwd)/next.config.mjs
[08/Apr/2026 07:18:18] "GET /$(pwd)/next.config.mjs HTTP/1.1" 404 2984
Not Found: /var/task/nuxt.config.js
[08/Apr/2026 07:18:18] "GET /var/task/nuxt.config.js HTTP/1.1" 404 2987
Not Found: /var/task/nuxt.config.ts
[08/Apr/2026 07:18:18] "GET /var/task/nuxt.config.ts HTTP/1.1" 404 2987
Not Found: /app/nuxt.config.js
[08/Apr/2026 07:18:18] "GET /app/nuxt.config.js HTTP/1.1" 404 2972
Not Found: /var/task/serverless.yml
[08/Apr/2026 07:18:18] "GET /var/task/serverless.yml HTTP/1.1" 404 2987
Not Found: /var/task/serverless.yaml
[08/Apr/2026 07:18:18] "GET /var/task/serverless.yaml HTTP/1.1" 404 2990
Not Found: /var/task/serverless.json
[08/Apr/2026 07:18:18] "GET /var/task/serverless.json HTTP/1.1" 404 2990
Not Found: /app/serverless.yml
[08/Apr/2026 07:18:18] "GET /app/serverless.yml HTTP/1.1" 404 2972
Not Found: /app/serverless.yaml
[08/Apr/2026 07:18:19] "GET /app/serverless.yaml HTTP/1.1" 404 2975
Not Found: /$(pwd)/serverless.yml
[08/Apr/2026 07:18:19] "GET /$(pwd)/serverless.yml HTTP/1.1" 404 2981
Not Found: /$(pwd)/serverless.yaml
[08/Apr/2026 07:18:19] "GET /$(pwd)/serverless.yaml HTTP/1.1" 404 2984
Not Found: /var/task/package.json
[08/Apr/2026 07:18:19] "GET /var/task/package.json HTTP/1.1" 404 2981
Not Found: /app/package.json
[08/Apr/2026 07:18:19] "GET /app/package.json HTTP/1.1" 404 2966
Not Found: /$(pwd)/package.json
[08/Apr/2026 07:18:19] "GET /$(pwd)/package.json HTTP/1.1" 404 2975
Not Found: /var/task/vercel.json
[08/Apr/2026 07:18:19] "GET /var/task/vercel.json HTTP/1.1" 404 2978
Not Found: /app/vercel.json
[08/Apr/2026 07:18:19] "GET /app/vercel.json HTTP/1.1" 404 2963
Not Found: /$(pwd)/vercel.json
[08/Apr/2026 07:18:19] "GET /$(pwd)/vercel.json HTTP/1.1" 404 2972
Not Found: /var/task/netlify.toml
[08/Apr/2026 07:18:19] "GET /var/task/netlify.toml HTTP/1.1" 404 2981
Not Found: /app/netlify.toml
[08/Apr/2026 07:18:19] "GET /app/netlify.toml HTTP/1.1" 404 2966
Not Found: /$(pwd)/netlify.toml
[08/Apr/2026 07:18:19] "GET /$(pwd)/netlify.toml HTTP/1.1" 404 2975
Not Found: /var/task/docker-compose.yml
[08/Apr/2026 07:18:19] "GET /var/task/docker-compose.yml HTTP/1.1" 404 2999
Not Found: /var/task/docker-compose.yaml
[08/Apr/2026 07:18:19] "GET /var/task/docker-compose.yaml HTTP/1.1" 404 3002
Not Found: /app/docker-compose.yml
[08/Apr/2026 07:18:19] "GET /app/docker-compose.yml HTTP/1.1" 404 2984
Not Found: /$(pwd)/docker-compose.yml
[08/Apr/2026 07:18:20] "GET /$(pwd)/docker-compose.yml HTTP/1.1" 404 2993
Not Found: /.dockerignore
[08/Apr/2026 07:18:20] "GET /.dockerignore HTTP/1.1" 404 2957
Not Found: /docker/overlay/config.json
[08/Apr/2026 07:18:20] "GET /docker/overlay/config.json HTTP/1.1" 404 2996
Not Found: /opt/mailcow-dockerized/mailcow.conf
[08/Apr/2026 07:18:20] "GET /opt/mailcow-dockerized/mailcow.conf HTTP/1.1" 404 3023
Not Found: /Dockerfile
[08/Apr/2026 07:18:20] "GET /Dockerfile HTTP/1.1" 404 2948
Not Found: /docker/registry/config.yml
[08/Apr/2026 07:18:20] "GET /docker/registry/config.yml HTTP/1.1" 404 2996
Not Found: /docker-compose.yml
[08/Apr/2026 07:18:20] "GET /docker-compose.yml HTTP/1.1" 404 2972
Not Found: /.docker/config.json
[08/Apr/2026 07:18:20] "GET /.docker/config.json HTTP/1.1" 404 2975
Not Found: /.docker/secrets.json
[08/Apr/2026 07:18:20] "GET /.docker/secrets.json HTTP/1.1" 404 2978
Not Found: /attacker/docker-compose.yml
[08/Apr/2026 07:18:20] "GET /attacker/docker-compose.yml HTTP/1.1" 404 2999
Not Found: /_vercel/insights
[08/Apr/2026 07:18:20] "GET /_vercel/insights HTTP/1.1" 404 2966
Not Found: /vercel.json
[08/Apr/2026 07:18:20] "GET /vercel.json HTTP/1.1" 404 2951
Not Found: /aws/bucket
[08/Apr/2026 07:18:20] "GET /aws/bucket HTTP/1.1" 404 2948
Not Found: /aws/buckets
[08/Apr/2026 07:18:20] "GET /aws/buckets HTTP/1.1" 404 2951
Not Found: /aws/config/s3.json
[08/Apr/2026 07:18:20] "GET /aws/config/s3.json HTTP/1.1" 404 2972
Not Found: /aws/s3/credentials
[08/Apr/2026 07:18:21] "GET /aws/s3/credentials HTTP/1.1" 404 2972
Not Found: /aws/s3/env.env
[08/Apr/2026 07:18:21] "GET /aws/s3/env.env HTTP/1.1" 404 2960
Not Found: /aws_s3_bucket
[08/Apr/2026 07:18:21] "GET /aws_s3_bucket HTTP/1.1" 404 2957
Not Found: /aws_s3_config.json
[08/Apr/2026 07:18:21] "GET /aws_s3_config.json HTTP/1.1" 404 2972
Not Found: /s3/.aws/config
[08/Apr/2026 07:18:21] "GET /s3/.aws/config HTTP/1.1" 404 2960
Not Found: /config/aws.php
[08/Apr/2026 07:18:21] "GET /config/aws.php HTTP/1.1" 404 2960
Not Found: /.aws/config
[08/Apr/2026 07:18:21] "GET /.aws/config HTTP/1.1" 404 2951
Not Found: /aws-codecommit/
[08/Apr/2026 07:18:21] "GET /aws-codecommit/ HTTP/1.1" 404 2963
Not Found: /aws.yaml
[08/Apr/2026 07:18:21] "GET /aws.yaml HTTP/1.1" 404 2942
Not Found: /old/aws_config
[08/Apr/2026 07:18:21] "GET /old/aws_config HTTP/1.1" 404 2960
Not Found: /aws.env.json
[08/Apr/2026 07:18:21] "GET /aws.env.json HTTP/1.1" 404 2954
Not Found: /aws.env
[08/Apr/2026 07:18:21] "GET /aws.env HTTP/1.1" 404 2939
Not Found: /aws-ses.json
[08/Apr/2026 07:18:21] "GET /aws-ses.json HTTP/1.1" 404 2954
Not Found: /aws/ses/smtp.env
[08/Apr/2026 07:18:21] "GET /aws/ses/smtp.env HTTP/1.1" 404 2966
Not Found: /aws/metadata
[08/Apr/2026 07:18:21] "GET /aws/metadata HTTP/1.1" 404 2954
Not Found: /aws.json
[08/Apr/2026 07:18:21] "GET /aws.json HTTP/1.1" 404 2942
Not Found: /aws.yml
[08/Apr/2026 07:18:22] "GET /aws.yml HTTP/1.1" 404 2939
Not Found: /.aws/credentials
[08/Apr/2026 07:18:22] "GET /.aws/credentials HTTP/1.1" 404 2966
Not Found: /.env.aws
[08/Apr/2026 07:18:22] "GET /.env.aws HTTP/1.1" 404 2942
Not Found: /s3/credentials
[08/Apr/2026 07:18:22] "GET /s3/credentials HTTP/1.1" 404 2960
Not Found: /s3/bucket.env
[08/Apr/2026 07:18:22] "GET /s3/bucket.env HTTP/1.1" 404 2957
Not Found: /s3/bucket
[08/Apr/2026 07:18:22] "GET /s3/bucket HTTP/1.1" 404 2945
Not Found: /s3/buckets
[08/Apr/2026 07:18:22] "GET /s3/buckets HTTP/1.1" 404 2948
Not Found: /s3/backup
[08/Apr/2026 07:18:22] "GET /s3/backup HTTP/1.1" 404 2945
Not Found: /s3.yml
[08/Apr/2026 07:18:22] "GET /s3.yml HTTP/1.1" 404 2936
Not Found: /s3.yaml
[08/Apr/2026 07:18:22] "GET /s3.yaml HTTP/1.1" 404 2939
Not Found: /s3.properties
[08/Apr/2026 07:18:22] "GET /s3.properties HTTP/1.1" 404 2957
Not Found: /s3.key
[08/Apr/2026 07:18:22] "GET /s3.key HTTP/1.1" 404 2936
Not Found: /s3.secret
[08/Apr/2026 07:18:22] "GET /s3.secret HTTP/1.1" 404 2945
Not Found: /s3/.env.bak
[08/Apr/2026 07:18:22] "GET /s3/.env.bak HTTP/1.1" 404 2951
Not Found: /root/.aws/credentials
[08/Apr/2026 07:18:22] "GET /root/.aws/credentials HTTP/1.1" 404 2981
Not Found: /root/.aws/config
[08/Apr/2026 07:18:22] "GET /root/.aws/config HTTP/1.1" 404 2966
Not Found: /home/*/.aws/credentials
[08/Apr/2026 07:18:23] "GET /home/*/.aws/credentials HTTP/1.1" 404 2987
Not Found: /.boto
[08/Apr/2026 07:18:23] "GET /.boto HTTP/1.1" 404 2933
Not Found: /root/.boto
[08/Apr/2026 07:18:23] "GET /root/.boto HTTP/1.1" 404 2948
Not Found: /.s3cfg
[08/Apr/2026 07:18:23] "GET /.s3cfg HTTP/1.1" 404 2936
Not Found: /root/.s3cfg
[08/Apr/2026 07:18:23] "GET /root/.s3cfg HTTP/1.1" 404 2951
Not Found: /etc/boto.cfg
[08/Apr/2026 07:18:23] "GET /etc/boto.cfg HTTP/1.1" 404 2954
Not Found: /.terraform/credentials.tfrc.json
[08/Apr/2026 07:18:23] "GET /.terraform/credentials.tfrc.json HTTP/1.1" 404 3014
Not Found: /terraform.tfstate
[08/Apr/2026 07:18:23] "GET /terraform.tfstate HTTP/1.1" 404 2969
Not Found: /terraform.tfstate.backup
[08/Apr/2026 07:18:23] "GET /terraform.tfstate.backup HTTP/1.1" 404 2990
Not Found: /.terraform.tfstate
[08/Apr/2026 07:18:23] "GET /.terraform.tfstate HTTP/1.1" 404 2972
Not Found: /serverless.yml
[08/Apr/2026 07:18:23] "GET /serverless.yml HTTP/1.1" 404 2960
Not Found: /serverless.yaml
[08/Apr/2026 07:18:23] "GET /serverless.yaml HTTP/1.1" 404 2963
Not Found: /sam-template.yaml
[08/Apr/2026 07:18:23] "GET /sam-template.yaml HTTP/1.1" 404 2969
Not Found: /template.yaml
[08/Apr/2026 07:18:23] "GET /template.yaml HTTP/1.1" 404 2957
Not Found: /amplify/team-provider-info.json
[08/Apr/2026 07:18:23] "GET /amplify/team-provider-info.json HTTP/1.1" 404 3011
Not Found: /.amplifyrc
[08/Apr/2026 07:18:23] "GET /.amplifyrc HTTP/1.1" 404 2948
Not Found: /$(pwd)/terraform.tfstate
[08/Apr/2026 07:18:24] "GET /$(pwd)/terraform.tfstate HTTP/1.1" 404 2990
Not Found: /$(pwd)/.terraform/terraform.tfstate
[08/Apr/2026 07:18:24] "GET /$(pwd)/.terraform/terraform.tfstate HTTP/1.1" 404 3023
Not Found: /$(pwd)/terraform.tfvars
[08/Apr/2026 07:18:24] "GET /$(pwd)/terraform.tfvars HTTP/1.1" 404 2987
Not Found: /$(pwd)/*.auto.tfvars
[08/Apr/2026 07:18:24] "GET /$(pwd)/*.auto.tfvars HTTP/1.1" 404 2978
Not Found: /app/terraform.tfstate
[08/Apr/2026 07:18:24] "GET /app/terraform.tfstate HTTP/1.1" 404 2981
Not Found: /app/.terraform/terraform.tfstate
[08/Apr/2026 07:18:24] "GET /app/.terraform/terraform.tfstate HTTP/1.1" 404 3014
Not Found: /~/.aws/credentials
[08/Apr/2026 07:18:24] "GET /~/.aws/credentials HTTP/1.1" 404 2972
Not Found: /~/.aws/config
[08/Apr/2026 07:18:24] "GET /~/.aws/config HTTP/1.1" 404 2957
Not Found: /~/.boto
[08/Apr/2026 07:18:24] "GET /~/.boto HTTP/1.1" 404 2939
Not Found: /~/.s3cfg
[08/Apr/2026 07:18:24] "GET /~/.s3cfg HTTP/1.1" 404 2942
Not Found: /.terraform.lock.hcl
[08/Apr/2026 07:18:24] "GET /.terraform.lock.hcl HTTP/1.1" 404 2975
Not Found: /terraform.tfvars
[08/Apr/2026 07:18:24] "GET /terraform.tfvars HTTP/1.1" 404 2966
Not Found: /terraform/terraform.tfvars.json
[08/Apr/2026 07:18:24] "GET /terraform/terraform.tfvars.json HTTP/1.1" 404 3011
Not Found: /var/task/amplify.yml
[08/Apr/2026 07:18:24] "GET /var/task/amplify.yml HTTP/1.1" 404 2978
Not Found: /var/task/amplify.yaml
[08/Apr/2026 07:18:24] "GET /var/task/amplify.yaml HTTP/1.1" 404 2981
Not Found: /app/amplify.yml
[08/Apr/2026 07:18:25] "GET /app/amplify.yml HTTP/1.1" 404 2963
Not Found: /app/amplify.yaml
[08/Apr/2026 07:18:25] "GET /app/amplify.yaml HTTP/1.1" 404 2966
Not Found: /var/task/amplify/backend/function/*/src/index.js
[08/Apr/2026 07:18:25] "GET /var/task/amplify/backend/function/*/src/index.js HTTP/1.1" 404 3062
Not Found: /$(pwd)/.env
[08/Apr/2026 07:18:25] "GET /$(pwd)/.env HTTP/1.1" 404 2951
Not Found: /$(pwd)/.env.local
[08/Apr/2026 07:18:25] "GET /$(pwd)/.env.local HTTP/1.1" 404 2969
Not Found: /$(pwd)/.env.production
[08/Apr/2026 07:18:25] "GET /$(pwd)/.env.production HTTP/1.1" 404 2984
Not Found: /$(pwd)/.env.development
[08/Apr/2026 07:18:26] "GET /$(pwd)/.env.development HTTP/1.1" 404 2987
Not Found: /$(pwd)/.env.staging
[08/Apr/2026 07:18:26] "GET /$(pwd)/.env.staging HTTP/1.1" 404 2975
Not Found: /app/.env
[08/Apr/2026 07:18:26] "GET /app/.env HTTP/1.1" 404 2942
Not Found: /app/.env.local
[08/Apr/2026 07:18:26] "GET /app/.env.local HTTP/1.1" 404 2960
Not Found: /app/.env.production
[08/Apr/2026 07:18:26] "GET /app/.env.production HTTP/1.1" 404 2975
Not Found: /var/www/.env
[08/Apr/2026 07:18:26] "GET /var/www/.env HTTP/1.1" 404 2954
Not Found: /var/www/html/.env
[08/Apr/2026 07:18:26] "GET /var/www/html/.env HTTP/1.1" 404 2969
Not Found: /opt/.env
[08/Apr/2026 07:18:26] "GET /opt/.env HTTP/1.1" 404 2942
Not Found: /srv/.env
[08/Apr/2026 07:18:26] "GET /srv/.env HTTP/1.1" 404 2942
Not Found: /.env.example
[08/Apr/2026 07:18:26] "GET /.env.example HTTP/1.1" 404 2954
Not Found: /api/.env
[08/Apr/2026 07:18:26] "GET /api/.env HTTP/1.1" 404 2942
Not Found: /laravel/.env
[08/Apr/2026 07:18:26] "GET /laravel/.env HTTP/1.1" 404 2954
Not Found: /env
[08/Apr/2026 07:18:26] "GET /env HTTP/1.1" 404 2927
Not Found: /.git
[08/Apr/2026 07:18:26] "GET /.git HTTP/1.1" 404 2930
Not Found: /.git/HEAD
[08/Apr/2026 07:18:26] "GET /.git/HEAD HTTP/1.1" 404 2945
Not Found: /.git/index
[08/Apr/2026 07:18:26] "GET /.git/index HTTP/1.1" 404 2948
Not Found: /.git/logs/HEAD
[08/Apr/2026 07:18:27] "GET /.git/logs/HEAD HTTP/1.1" 404 2960
Not Found: /.git/logs/refs/heads/master
[08/Apr/2026 07:18:27] "GET /.git/logs/refs/heads/master HTTP/1.1" 404 2999
Not Found: /.git/logs/refs/heads/main
[08/Apr/2026 07:18:27] "GET /.git/logs/refs/heads/main HTTP/1.1" 404 2993
Not Found: /.git/logs/refs/remotes/origin/master
[08/Apr/2026 07:18:27] "GET /.git/logs/refs/remotes/origin/master HTTP/1.1" 404 3026
Not Found: /.git/logs/refs/remotes/origin/main
[08/Apr/2026 07:18:27] "GET /.git/logs/refs/remotes/origin/main HTTP/1.1" 404 3020
Not Found: /.git/hooks
[08/Apr/2026 07:18:27] "GET /.git/hooks HTTP/1.1" 404 2948
Not Found: /.git/info/exclude
[08/Apr/2026 07:18:27] "GET /.git/info/exclude HTTP/1.1" 404 2969
Not Found: /.git/refs/heads/master
[08/Apr/2026 07:18:27] "GET /.git/refs/heads/master HTTP/1.1" 404 2984
Not Found: /.git/refs/heads/main
[08/Apr/2026 07:18:27] "GET /.git/refs/heads/main HTTP/1.1" 404 2978
Not Found: /.git/refs/remotes/origin/HEAD
[08/Apr/2026 07:18:27] "GET /.git/refs/remotes/origin/HEAD HTTP/1.1" 404 3005
Not Found: /.git/packed-refs
[08/Apr/2026 07:18:27] "GET /.git/packed-refs HTTP/1.1" 404 2966
Not Found: /.git/objects
[08/Apr/2026 07:18:27] "GET /.git/objects HTTP/1.1" 404 2954
Not Found: /.git/COMMIT_EDITMSG
[08/Apr/2026 07:18:27] "GET /.git/COMMIT_EDITMSG HTTP/1.1" 404 2975
Not Found: /.git/description
[08/Apr/2026 07:18:27] "GET /.git/description HTTP/1.1" 404 2966
Not Found: /.git/FETCH_HEAD
[08/Apr/2026 07:18:27] "GET /.git/FETCH_HEAD HTTP/1.1" 404 2963
Not Found: /.git/ORIG_HEAD
[08/Apr/2026 07:18:27] "GET /.git/ORIG_HEAD HTTP/1.1" 404 2960
Not Found: /.github
[08/Apr/2026 07:18:28] "GET /.github HTTP/1.1" 404 2939
Not Found: /.github/workflows
[08/Apr/2026 07:18:28] "GET /.github/workflows HTTP/1.1" 404 2969
Not Found: /.github/workflows/main.yml
[08/Apr/2026 07:18:28] "GET /.github/workflows/main.yml HTTP/1.1" 404 2996
Not Found: /.github/workflows/ci.yml
[08/Apr/2026 07:18:28] "GET /.github/workflows/ci.yml HTTP/1.1" 404 2990
Not Found: /.github/dependabot.yml
[08/Apr/2026 07:18:28] "GET /.github/dependabot.yml HTTP/1.1" 404 2984
Not Found: /.github/CODEOWNERS
[08/Apr/2026 07:18:28] "GET /.github/CODEOWNERS HTTP/1.1" 404 2972
Not Found: /.github/ISSUE_TEMPLATE
[08/Apr/2026 07:18:28] "GET /.github/ISSUE_TEMPLATE HTTP/1.1" 404 2984
Not Found: /.github/PULL_REQUEST_TEMPLATE.md
[08/Apr/2026 07:18:28] "GET /.github/PULL_REQUEST_TEMPLATE.md HTTP/1.1" 404 3014
Not Found: /.github/funding.yml
[08/Apr/2026 07:18:28] "GET /.github/funding.yml HTTP/1.1" 404 2975
Not Found: /.github/stale.yml
[08/Apr/2026 07:18:28] "GET /.github/stale.yml HTTP/1.1" 404 2969
Not Found: /.gitlab-ci.yml
[08/Apr/2026 07:18:28] "GET /.gitlab-ci.yml HTTP/1.1" 404 2960
Not Found: /.gitlab
[08/Apr/2026 07:18:28] "GET /.gitlab HTTP/1.1" 404 2939
Not Found: /.gitlab/issue_templates
[08/Apr/2026 07:18:28] "GET /.gitlab/issue_templates HTTP/1.1" 404 2987
Not Found: /.gitlab/merge_request_templates
[08/Apr/2026 07:18:28] "GET /.gitlab/merge_request_templates HTTP/1.1" 404 3011
Not Found: /.gitlab-ci
[08/Apr/2026 07:18:28] "GET /.gitlab-ci HTTP/1.1" 404 2948
Not Found: /.gitignore
[08/Apr/2026 07:18:29] "GET /.gitignore HTTP/1.1" 404 2948
Not Found: /.gitattributes
[08/Apr/2026 07:18:29] "GET /.gitattributes HTTP/1.1" 404 2960
Not Found: /.gitmodules
[08/Apr/2026 07:18:29] "GET /.gitmodules HTTP/1.1" 404 2951
Not Found: /.git-credentials
[08/Apr/2026 07:18:29] "GET /.git-credentials HTTP/1.1" 404 2966
Not Found: /.git-askpass.sh
[08/Apr/2026 07:18:29] "GET /.git-askpass.sh HTTP/1.1" 404 2963
Not Found: /.git-secret
[08/Apr/2026 07:18:29] "GET /.git-secret HTTP/1.1" 404 2951
Not Found: /.git/hooks/pre-commit
[08/Apr/2026 07:18:29] "GET /.git/hooks/pre-commit HTTP/1.1" 404 2981
Not Found: /.git/hooks/post-commit
[08/Apr/2026 07:18:29] "GET /.git/hooks/post-commit HTTP/1.1" 404 2984
Not Found: /.git/info
[08/Apr/2026 07:18:29] "GET /.git/info HTTP/1.1" 404 2945
Not Found: /.git/objects/info
[08/Apr/2026 07:18:29] "GET /.git/objects/info HTTP/1.1" 404 2969
Not Found: /.git/objects/pack
[08/Apr/2026 07:18:29] "GET /.git/objects/pack HTTP/1.1" 404 2969
Not Found: /.git/config.bak
[08/Apr/2026 07:18:29] "GET /.git/config.bak HTTP/1.1" 404 2963
Not Found: /.git/config.old
[08/Apr/2026 07:18:29] "GET /.git/config.old HTTP/1.1" 404 2963
Not Found: /.git/config~
[08/Apr/2026 07:18:29] "GET /.git/config~ HTTP/1.1" 404 2954
Not Found: /.git/
[08/Apr/2026 07:18:29] "GET /.git/ HTTP/1.1" 404 2933
Not Found: /root/.git-credentials
[08/Apr/2026 07:18:30] "GET /root/.git-credentials HTTP/1.1" 404 2981
Not Found: /root/.gitconfig
[08/Apr/2026 07:18:30] "GET /root/.gitconfig HTTP/1.1" 404 2963
Not Found: /root/.netrc
[08/Apr/2026 07:18:30] "GET /root/.netrc HTTP/1.1" 404 2951
Not Found: /home/*/.git-credentials
[08/Apr/2026 07:18:30] "GET /home/*/.git-credentials HTTP/1.1" 404 2987
Not Found: /home/*/.gitconfig
[08/Apr/2026 07:18:30] "GET /home/*/.gitconfig HTTP/1.1" 404 2969
Not Found: /home/*/.netrc
[08/Apr/2026 07:18:30] "GET /home/*/.netrc HTTP/1.1" 404 2957
Not Found: /~/.git-credentials
[08/Apr/2026 07:18:30] "GET /~/.git-credentials HTTP/1.1" 404 2972
Not Found: /~/.gitconfig
[08/Apr/2026 07:18:30] "GET /~/.gitconfig HTTP/1.1" 404 2954
Not Found: /~/.netrc
[08/Apr/2026 07:18:30] "GET /~/.netrc HTTP/1.1" 404 2942
Not Found: /app/.git/config
[08/Apr/2026 07:18:30] "GET /app/.git/config HTTP/1.1" 404 2963
Not Found: /$(pwd)/.git/config
[08/Apr/2026 07:18:30] "GET /$(pwd)/.git/config HTTP/1.1" 404 2972
Not Found: /wp-json/wp/v2/users
[08/Apr/2026 07:18:30] "GET /wp-json/wp/v2/users HTTP/1.1" 404 2975
Not Found: /wp-content/debug.log
[08/Apr/2026 07:18:30] "GET /wp-content/debug.log HTTP/1.1" 404 2978
Not Found: /_profiler/phpinfo
[08/Apr/2026 07:18:30] "GET /_profiler/phpinfo HTTP/1.1" 404 2969
Not Found: /phpinfo.php
[08/Apr/2026 07:18:30] "GET /phpinfo.php HTTP/1.1" 404 2951
Not Found: /etc/apache2/apache2.conf
[08/Apr/2026 07:18:31] "GET /etc/apache2/apache2.conf HTTP/1.1" 404 2990
Not Found: /package-updates/*.cgi
[08/Apr/2026 07:18:31] "GET /package-updates/*.cgi HTTP/1.1" 404 2981
Not Found: /software/*.cgi
[08/Apr/2026 07:18:31] "GET /software/*.cgi?*u=* HTTP/1.1" 404 2965
Not Found: /package-updates/*
[08/Apr/2026 07:18:31] "GET /package-updates/*?*update* HTTP/1.1" 404 2978
Not Found: /webhook/*
[08/Apr/2026 07:18:31] "GET /webhook/* HTTP/1.1" 404 2945
Not Found: /webhook-test/*
[08/Apr/2026 07:18:31] "GET /webhook-test/* HTTP/1.1" 404 2960
Not Found: /form/*
[08/Apr/2026 07:18:31] "GET /form/* HTTP/1.1" 404 2936
Not Found: /form-test/*
[08/Apr/2026 07:18:31] "GET /form-test/* HTTP/1.1" 404 2951
Not Found: /webhook
[08/Apr/2026 07:18:31] "GET /webhook HTTP/1.1" 404 2939
Not Found: /form
[08/Apr/2026 07:18:31] "GET /form HTTP/1.1" 404 2930
Not Found: /rest/oauth1-credential/auth
[08/Apr/2026 07:18:31] "GET /rest/oauth1-credential/auth HTTP/1.1" 404 2999
Not Found: /rest/oauth2-credential/auth
[08/Apr/2026 07:18:31] "GET /rest/oauth2-credential/auth HTTP/1.1" 404 2999
Not Found: /rest/workflows
[08/Apr/2026 07:18:31] "GET /rest/workflows HTTP/1.1" 404 2960
Not Found: /rest/executions
[08/Apr/2026 07:18:31] "GET /rest/executions HTTP/1.1" 404 2963
Not Found: /rest/workflows/run
[08/Apr/2026 07:18:31] "GET /rest/workflows/run HTTP/1.1" 404 2972
Not Found: /api/v1/*
[08/Apr/2026 07:18:32] "GET /api/v1/* HTTP/1.1" 404 2942
Not Found: /api/v1/workflows
[08/Apr/2026 07:18:32] "GET /api/v1/workflows HTTP/1.1" 404 2966
Not Found: /api/v1/executions
[08/Apr/2026 07:18:32] "GET /api/v1/executions HTTP/1.1" 404 2969
Not Found: /api/v1/credentials
[08/Apr/2026 07:18:32] "GET /api/v1/credentials HTTP/1.1" 404 2972
Not Found: /__debug
[08/Apr/2026 07:18:32] "GET /__debug HTTP/1.1" 404 2939
Not Found: /.well-known/*
[08/Apr/2026 07:18:32] "GET /.well-known/* HTTP/1.1" 404 2957
Not Found: /healthz
[08/Apr/2026 07:18:32] "GET /healthz HTTP/1.1" 404 2939
Not Found: /metrics
[08/Apr/2026 07:18:32] "GET /metrics HTTP/1.1" 404 2939
Not Found: /rest/*
[08/Apr/2026 07:18:32] "GET /rest/* HTTP/1.1" 404 2936
Not Found: /rest/settings
[08/Apr/2026 07:18:32] "GET /rest/settings HTTP/1.1" 404 2957
Not Found: /rest/login
[08/Apr/2026 07:18:32] "GET /rest/login HTTP/1.1" 404 2948
Not Found: /rest/logout
[08/Apr/2026 07:18:32] "GET /rest/logout HTTP/1.1" 404 2951
Not Found: /rest/users
[08/Apr/2026 07:18:32] "GET /rest/users HTTP/1.1" 404 2948
Not Found: /rest/node-types
[08/Apr/2026 07:18:32] "GET /rest/node-types HTTP/1.1" 404 2963
Not Found: /rest/credentials-for-node
[08/Apr/2026 07:18:32] "GET /rest/credentials-for-node HTTP/1.1" 404 2993
Not Found: /rest/credential-translation
[08/Apr/2026 07:18:33] "GET /rest/credential-translation HTTP/1.1" 404 2999
Not Found: /rest/tags
[08/Apr/2026 07:18:33] "GET /rest/tags HTTP/1.1" 404 2945
Not Found: /rest/variables
[08/Apr/2026 07:18:33] "GET /rest/variables HTTP/1.1" 404 2960
Not Found: /rest/license
[08/Apr/2026 07:18:33] "GET /rest/license HTTP/1.1" 404 2954
Not Found: /webhook-waiting/*
[08/Apr/2026 07:18:33] "GET /webhook-waiting/* HTTP/1.1" 404 2969
Not Found: /chat/*
[08/Apr/2026 07:18:33] "GET /chat/* HTTP/1.1" 404 2936
Not Found: /chat
[08/Apr/2026 07:18:33] "GET /chat HTTP/1.1" 404 2930
Not Found: /*update.cgi*
[08/Apr/2026 07:18:33] "GET /*update.cgi* HTTP/1.1" 404 2954
Not Found: /sysinfo.cgi
[08/Apr/2026 07:18:33] "GET /sysinfo.cgi HTTP/1.1" 404 2951
Not Found: /proc/index.cgi
[08/Apr/2026 07:18:33] "GET /proc/index.cgi HTTP/1.1" 404 2960
Not Found: /servers/link.cgi
[08/Apr/2026 07:18:33] "GET /servers/link.cgi HTTP/1.1" 404 2966
Not Found: /servers/save.cgi
[08/Apr/2026 07:18:33] "GET /servers/save.cgi HTTP/1.1" 404 2966
Not Found: /package-updates/apt.cgi
[08/Apr/2026 07:18:33] "GET /package-updates/apt.cgi HTTP/1.1" 404 2987
Not Found: /package-updates/yum.cgi
[08/Apr/2026 07:18:33] "GET /package-updates/yum.cgi HTTP/1.1" 404 2987
Not Found: /package-updates/save.cgi
[08/Apr/2026 07:18:33] "GET /package-updates/save.cgi HTTP/1.1" 404 2990
Not Found: /package-updates/refresh.cgi
[08/Apr/2026 07:18:33] "GET /package-updates/refresh.cgi HTTP/1.1" 404 2999
Not Found: /package-updates/perform.cgi
[08/Apr/2026 07:18:34] "GET /package-updates/perform.cgi HTTP/1.1" 404 2999
Not Found: /package-updates/download.cgi
[08/Apr/2026 07:18:34] "GET /package-updates/download.cgi HTTP/1.1" 404 3002
Not Found: /package-updates/install.cgi
[08/Apr/2026 07:18:34] "GET /package-updates/install.cgi HTTP/1.1" 404 2999
Not Found: /package-updates/update.cgi
[08/Apr/2026 07:18:34] "GET /package-updates/update.cgi HTTP/1.1" 404 2996
Not Found: /package-updates/index.cgi
[08/Apr/2026 07:18:34] "GET /package-updates/index.cgi HTTP/1.1" 404 2993
Not Found: /software/update.cgi
[08/Apr/2026 07:18:34] "GET /software/update.cgi HTTP/1.1" 404 2975
Not Found: /software/install-updates.cgi
[08/Apr/2026 07:18:34] "GET /software/install-updates.cgi HTTP/1.1" 404 3002
Not Found: /package-updates/
[08/Apr/2026 07:18:34] "GET /package-updates/ HTTP/1.1" 404 2966
Not Found: /webmin/package-updates/update.cgi
[08/Apr/2026 07:18:34] "GET /webmin/package-updates/update.cgi HTTP/1.1" 404 3017
Not Found: /_next/data/*/index.json
[08/Apr/2026 07:18:34] "GET /_next/data/*/index.json HTTP/1.1" 404 2987
Not Found: /_next/data/*/about.json
[08/Apr/2026 07:18:34] "GET /_next/data/*/about.json HTTP/1.1" 404 2987
Not Found: /_next/data/*/*.json
[08/Apr/2026 07:18:34] "GET /_next/data/*/*.json HTTP/1.1" 404 2975
Not Found: /_next/static/*
[08/Apr/2026 07:18:34] "GET /_next/static/* HTTP/1.1" 404 2960
Not Found: /api/*
[08/Apr/2026 07:18:34] "GET /api/* HTTP/1.1" 404 2933
Not Found: /api/auth/*
[08/Apr/2026 07:18:34] "GET /api/auth/* HTTP/1.1" 404 2948
Not Found: /api/users/*
[08/Apr/2026 07:18:35] "GET /api/users/* HTTP/1.1" 404 2951
Not Found: /api/data/*
[08/Apr/2026 07:18:35] "GET /api/data/* HTTP/1.1" 404 2948
Not Found: /api/webhook/*
[08/Apr/2026 07:18:35] "GET /api/webhook/* HTTP/1.1" 404 2957
Not Found: /__nextjs_action
[08/Apr/2026 07:18:35] "GET /__nextjs_action HTTP/1.1" 404 2963
Not Found: /__nextjs_action/*
[08/Apr/2026 07:18:35] "GET /__nextjs_action/* HTTP/1.1" 404 2969
Not Found: /app/*
[08/Apr/2026 07:18:35] "GET /app/* HTTP/1.1" 404 2933
Not Found: /dashboard/*
[08/Apr/2026 07:18:35] "GET /dashboard/* HTTP/1.1" 404 2951
[08/Apr/2026 07:18:35] "GET /admin/* HTTP/1.1" 302 0
[08/Apr/2026 07:18:35] "GET /admin/login/?next=/admin/%2A HTTP/1.1" 200 4191
Not Found: /user/*
[08/Apr/2026 07:18:35] "GET /user/* HTTP/1.1" 404 2936
Not Found: /profile/*
[08/Apr/2026 07:18:35] "GET /profile/* HTTP/1.1" 404 2945
Not Found: /settings/*
[08/Apr/2026 07:18:35] "GET /settings/* HTTP/1.1" 404 2948
Not Found: /[slug]
[08/Apr/2026 07:18:35] "GET /%5Bslug%5D HTTP/1.1" 404 2940
Not Found: /[id]
[08/Apr/2026 07:18:35] "GET /%5Bid%5D HTTP/1.1" 404 2934
Not Found: /[...catchAll]
[08/Apr/2026 07:18:36] "GET /%5B...catchAll%5D HTTP/1.1" 404 2961
Not Found: /[[...optional]]
[08/Apr/2026 07:18:36] "GET /%5B%5B...optional%5D%5D HTTP/1.1" 404 2971
Not Found: /about
[08/Apr/2026 07:18:36] "GET /about HTTP/1.1" 404 2933
Not Found: /contact
[08/Apr/2026 07:18:36] "GET /contact HTTP/1.1" 404 2939
Not Found: /products
[08/Apr/2026 07:18:36] "GET /products HTTP/1.1" 404 2942
Not Found: /blog
[08/Apr/2026 07:18:36] "GET /blog HTTP/1.1" 404 2930
Not Found: /docs
[08/Apr/2026 07:18:36] "GET /docs HTTP/1.1" 404 2930
Not Found: /_react/action/*
[08/Apr/2026 07:18:36] "GET /_react/action/* HTTP/1.1" 404 2963
Not Found: /_react/data/*
[08/Apr/2026 07:18:36] "GET /_react/data/* HTTP/1.1" 404 2957
Not Found: /actions/*
[08/Apr/2026 07:18:36] "GET /actions/* HTTP/1.1" 404 2945
Not Found: /loaders/*
[08/Apr/2026 07:18:36] "GET /loaders/* HTTP/1.1" 404 2945
Not Found: /waku/*
[08/Apr/2026 07:18:36] "GET /waku/* HTTP/1.1" 404 2936
Not Found: /_waku/*
[08/Apr/2026 07:18:36] "GET /_waku/* HTTP/1.1" 404 2939
Not Found: /*
[08/Apr/2026 07:18:36] "GET /* HTTP/1.1" 404 2921
Not Found: /*/[id]
[08/Apr/2026 07:18:36] "GET /*/%5Bid%5D HTTP/1.1" 404 2940
Not Found: /*/[slug]
[08/Apr/2026 07:18:37] "GET /*/%5Bslug%5D HTTP/1.1" 404 2946
Not Found: /v1/*
[08/Apr/2026 07:18:37] "GET /v1/* HTTP/1.1" 404 2930
Not Found: /v2/*
[08/Apr/2026 07:18:37] "GET /v2/* HTTP/1.1" 404 2930
Not Found: /graphql
[08/Apr/2026 07:18:37] "GET /graphql HTTP/1.1" 404 2939
Not Found: /trpc/*
[08/Apr/2026 07:18:37] "GET /trpc/* HTTP/1.1" 404 2936
Not Found: /auth/*
[08/Apr/2026 07:18:37] "GET /auth/* HTTP/1.1" 404 2936
Not Found: /login
[08/Apr/2026 07:18:37] "GET /login HTTP/1.1" 404 2933
Not Found: /register
[08/Apr/2026 07:18:37] "GET /register HTTP/1.1" 404 2942
Not Found: /signup
[08/Apr/2026 07:18:37] "GET /signup HTTP/1.1" 404 2936
Not Found: /oauth/*
[08/Apr/2026 07:18:37] "GET /oauth/* HTTP/1.1" 404 2939
Not Found: /console/*
[08/Apr/2026 07:18:37] "GET /console/* HTTP/1.1" 404 2945
Not Found: /manage/*
[08/Apr/2026 07:18:37] "GET /manage/* HTTP/1.1" 404 2942
Not Found: /posts/*
[08/Apr/2026 07:18:37] "GET /posts/* HTTP/1.1" 404 2939
Not Found: /articles/*
[08/Apr/2026 07:18:37] "GET /articles/* HTTP/1.1" 404 2948
Not Found: /pages/*
[08/Apr/2026 07:18:37] "GET /pages/* HTTP/1.1" 404 2939
Not Found: /content/*
[08/Apr/2026 07:18:37] "GET /content/* HTTP/1.1" 404 2945
Not Found: /cart
[08/Apr/2026 07:18:38] "GET /cart HTTP/1.1" 404 2930
Not Found: /checkout
[08/Apr/2026 07:18:38] "GET /checkout HTTP/1.1" 404 2942
Not Found: /orders/*
[08/Apr/2026 07:18:38] "GET /orders/* HTTP/1.1" 404 2942
Not Found: /payment/*
[08/Apr/2026 07:18:38] "GET /payment/* HTTP/1.1" 404 2945
Not Found: /workspaces/*
[08/Apr/2026 07:18:38] "GET /workspaces/* HTTP/1.1" 404 2954
Not Found: /projects/*
[08/Apr/2026 07:18:38] "GET /projects/* HTTP/1.1" 404 2948
Not Found: /teams/*
[08/Apr/2026 07:18:38] "GET /teams/* HTTP/1.1" 404 2939
Not Found: /billing/*
[08/Apr/2026 07:18:38] "GET /billing/* HTTP/1.1" 404 2945
Not Found: /integrations/*
[08/Apr/2026 07:18:38] "GET /integrations/* HTTP/1.1" 404 2960
Not Found: /cms/*
[08/Apr/2026 07:18:38] "GET /cms/* HTTP/1.1" 404 2933
Not Found: /editor/*
[08/Apr/2026 07:18:38] "GET /editor/* HTTP/1.1" 404 2942
Not Found: /media/*
[08/Apr/2026 07:18:38] "GET /media/* HTTP/1.1" 404 3149
Not Found: /publish/*
[08/Apr/2026 07:18:38] "GET /publish/* HTTP/1.1" 404 2945
Not Found: /threads/*
[08/Apr/2026 07:18:38] "GET /threads/* HTTP/1.1" 404 2945
Not Found: /messages/*
[08/Apr/2026 07:18:38] "GET /messages/* HTTP/1.1" 404 2948
Not Found: /notifications/*
[08/Apr/2026 07:18:38] "GET /notifications/* HTTP/1.1" 404 2963
Not Found: /.netlify/functions/*
[08/Apr/2026 07:18:38] "GET /.netlify/functions/* HTTP/1.1" 404 2978
Not Found: /.vercel/functions/*
[08/Apr/2026 07:18:39] "GET /.vercel/functions/* HTTP/1.1" 404 2975
Not Found: /api/serverless/*
[08/Apr/2026 07:18:39] "GET /api/serverless/* HTTP/1.1" 404 2966
Not Found: /[locale]/*
[08/Apr/2026 07:18:39] "GET /%5Blocale%5D/* HTTP/1.1" 404 2952
Not Found: /en/*
[08/Apr/2026 07:18:39] "GET /en/* HTTP/1.1" 404 2930
Not Found: /fr/*
[08/Apr/2026 07:18:39] "GET /fr/* HTTP/1.1" 404 2930
Not Found: /[tenant]/*
[08/Apr/2026 07:18:39] "GET /%5Btenant%5D/* HTTP/1.1" 404 2952
Not Found: /[workspace]/*
[08/Apr/2026 07:18:39] "GET /%5Bworkspace%5D/* HTTP/1.1" 404 2961
Not Found: /shop/[category]/*
[08/Apr/2026 07:18:39] "GET /shop/%5Bcategory%5D/* HTTP/1.1" 404 2973
Not Found: /blog/[year]/[month]/[slug]
[08/Apr/2026 07:18:39] "GET /blog/%5Byear%5D/%5Bmonth%5D/%5Bslug%5D HTTP/1.1" 404 3008
Not Found: /:27017
[08/Apr/2026 07:18:39] "GET /:27017 HTTP/1.1" 404 2936
Not Found: /:27018
[08/Apr/2026 07:18:39] "GET /:27018 HTTP/1.1" 404 2936
Not Found: /:27019
[08/Apr/2026 07:18:39] "GET /:27019 HTTP/1.1" 404 2936
Not Found: /:28017
[08/Apr/2026 07:18:39] "GET /:28017 HTTP/1.1" 404 2936
Not Found: /.well-known/acme-challenge/*
[08/Apr/2026 07:18:39] "GET /.well-known/acme-challenge/* HTTP/1.1" 404 3002
Not Found: /.well-known/acme-challenge/
[08/Apr/2026 07:18:39] "GET /.well-known/acme-challenge/ HTTP/1.1" 404 2999
Not Found: /dnscfg.cgi
[08/Apr/2026 07:18:40] "GET /dnscfg.cgi HTTP/1.1" 404 2948
Not Found: /_layouts/*
[08/Apr/2026 07:18:40] "GET /_layouts/* HTTP/1.1" 404 2948
Not Found: /_layouts/15/*
[08/Apr/2026 07:18:40] "GET /_layouts/15/* HTTP/1.1" 404 2957
Not Found: /_api/*
[08/Apr/2026 07:18:40] "GET /_api/* HTTP/1.1" 404 2936
Not Found: /_vti_bin/*
[08/Apr/2026 07:18:40] "GET /_vti_bin/* HTTP/1.1" 404 2948
Not Found: /sendgrid.env
[08/Apr/2026 07:18:40] "GET /sendgrid.env HTTP/1.1" 404 2954
Not Found: /.env.testing
[08/Apr/2026 07:18:40] "GET /.env.testing HTTP/1.1" 404 2954
Not Found: /admin.html
[08/Apr/2026 07:18:40] "GET /admin.html HTTP/1.1" 404 2948
Not Found: /.env.development
[08/Apr/2026 07:18:40] "GET /.env.development HTTP/1.1" 404 2966
Not Found: /test
[08/Apr/2026 07:18:40] "GET /test HTTP/1.1" 404 2930
Not Found: /.env.production
[08/Apr/2026 07:18:40] "GET /.env.production HTTP/1.1" 404 2963
Not Found: /oauth/authorize
[08/Apr/2026 07:18:40] "GET /oauth/authorize HTTP/1.1" 404 2963
Not Found: /.env.test
[08/Apr/2026 07:18:40] "GET /.env.test HTTP/1.1" 404 2945
Not Found: /api/login
[08/Apr/2026 07:18:40] "GET /api/login HTTP/1.1" 404 2945
Not Found: /config/secrets.yml
[08/Apr/2026 07:18:40] "GET /config/secrets.yml HTTP/1.1" 404 2972
Not Found: /api/credentials
[08/Apr/2026 07:18:41] "GET /api/credentials HTTP/1.1" 404 2963
Not Found: /.env.local
[08/Apr/2026 07:18:41] "GET /.env.local HTTP/1.1" 404 2948
Not Found: /.env.prod
[08/Apr/2026 07:18:41] "GET /.env.prod HTTP/1.1" 404 2945
Not Found: /wp-config.php
[08/Apr/2026 07:18:41] "GET /wp-config.php HTTP/1.1" 404 2957
Not Found: /controlpanel
[08/Apr/2026 07:18:41] "GET /controlpanel HTTP/1.1" 404 2954
Not Found: /.cache
[08/Apr/2026 07:18:41] "GET /.cache HTTP/1.1" 404 2936
Not Found: /config/stripe.yaml
[08/Apr/2026 07:18:41] "GET /config/stripe.yaml HTTP/1.1" 404 2972
Not Found: /.well-known/stripe.txt
[08/Apr/2026 07:18:41] "GET /.well-known/stripe.txt HTTP/1.1" 404 2984
Not Found: /payment/stripe.json
[08/Apr/2026 07:18:41] "GET /payment/stripe.json HTTP/1.1" 404 2975
Not Found: /stripe.yaml
[08/Apr/2026 07:18:41] "GET /stripe.yaml HTTP/1.1" 404 2951
Not Found: /payment_gateways/stripe.yaml
[08/Apr/2026 07:18:41] "GET /payment_gateways/stripe.yaml HTTP/1.1" 404 3002
Not Found: /stripe/config.json
[08/Apr/2026 07:18:41] "GET /stripe/config.json HTTP/1.1" 404 2972
Not Found: /src/config/stripe.ts
[08/Apr/2026 07:18:41] "GET /src/config/stripe.ts HTTP/1.1" 404 2978
Not Found: /client/stripe.config.js
[08/Apr/2026 07:18:41] "GET /client/stripe.config.js HTTP/1.1" 404 2987
Not Found: /stripe.env
[08/Apr/2026 07:18:41] "GET /stripe.env HTTP/1.1" 404 2948
Not Found: /stripe.config.js
[08/Apr/2026 07:18:41] "GET /stripe.config.js HTTP/1.1" 404 2966
Not Found: /stripe/webhook_secret.env
[08/Apr/2026 07:18:42] "GET /stripe/webhook_secret.env HTTP/1.1" 404 2993
Not Found: /public/stripe.js
[08/Apr/2026 07:18:42] "GET /public/stripe.js HTTP/1.1" 404 2966
Not Found: /config/stripe.php
[08/Apr/2026 07:18:42] "GET /config/stripe.php HTTP/1.1" 404 2969
Not Found: /webhooks/incoming/stripe.json
[08/Apr/2026 07:18:42] "GET /webhooks/incoming/stripe.json HTTP/1.1" 404 3005
Not Found: /stripe-keys.json
[08/Apr/2026 07:18:42] "GET /stripe-keys.json HTTP/1.1" 404 2966
Not Found: /src/config/stripe.js
[08/Apr/2026 07:18:42] "GET /src/config/stripe.js HTTP/1.1" 404 2978
Not Found: /stripe.json
[08/Apr/2026 07:18:42] "GET /stripe.json HTTP/1.1" 404 2951
Not Found: /stripe-credentials.json
[08/Apr/2026 07:18:42] "GET /stripe-credentials.json HTTP/1.1" 404 2987
Not Found: /.well-known/stripe/
[08/Apr/2026 07:18:42] "GET /.well-known/stripe/ HTTP/1.1" 404 2975
Not Found: /.stripe/
[08/Apr/2026 07:18:42] "GET /.stripe/ HTTP/1.1" 404 2942
Not Found: /stripe/.env
[08/Apr/2026 07:18:42] "GET /stripe/.env HTTP/1.1" 404 2951
Not Found: /config/stripe.json
[08/Apr/2026 07:18:42] "GET /config/stripe.json HTTP/1.1" 404 2972
Not Found: /plugins/payments/stripe.json
[08/Apr/2026 07:18:42] "GET /plugins/payments/stripe.json HTTP/1.1" 404 3002
Forbidden (CSRF cookie not set.): /
[08/Apr/2026 07:18:42] "POST / HTTP/1.1" 403 3005
Forbidden (CSRF cookie not set.): /
[08/Apr/2026 07:18:43] "POST / HTTP/1.1" 403 3005
Not Found: /_next
[08/Apr/2026 07:18:43] "POST /_next HTTP/1.1" 404 2934
Not Found: /api
[08/Apr/2026 07:18:43] "POST /api HTTP/1.1" 404 2928
Not Found: /api/auth
[08/Apr/2026 07:18:43] "POST /api/auth HTTP/1.1" 404 2943
Not Found: /api/auth/callback
[08/Apr/2026 07:18:43] "POST /api/auth/callback HTTP/1.1" 404 2970
Not Found: /api/auth/session
[08/Apr/2026 07:18:43] "POST /api/auth/session HTTP/1.1" 404 2967
Not Found: /_rsc
[08/Apr/2026 07:18:43] "POST /_rsc HTTP/1.1" 404 2931
Not Found: /__rsc
[08/Apr/2026 07:18:43] "POST /__rsc HTTP/1.1" 404 2934
Not Found: /.action
[08/Apr/2026 07:18:43] "POST /.action HTTP/1.1" 404 2940
Not Found: /__nextjs_action
[08/Apr/2026 07:18:43] "POST /__nextjs_action HTTP/1.1" 404 2964
Not Found: /_middleware
[08/Apr/2026 07:18:44] "POST /_middleware HTTP/1.1" 404 2952
Not Found: /_next/image
[08/Apr/2026 07:18:44] "POST /_next/image HTTP/1.1" 404 2952
Not Found: /RSC/j4q7cmpkaza8oqm.txt
[08/Apr/2026 07:18:44] "POST /RSC/j4q7cmpkaza8oqm.txt HTTP/1.1" 404 2988
Not Found: /RSC/R/rfi50hatc98s6dr.txt
[08/Apr/2026 07:18:44] "POST /RSC/R/rfi50hatc98s6dr.txt HTTP/1.1" 404 2994
Forbidden (CSRF cookie not set.): /
[08/Apr/2026 07:18:44] "POST / HTTP/1.1" 403 3005
Forbidden (CSRF cookie not set.): /
[08/Apr/2026 07:18:44] "POST / HTTP/1.1" 403 3005
Forbidden (CSRF cookie not set.): /
[08/Apr/2026 07:18:44] "POST / HTTP/1.1" 403 3005
Forbidden (CSRF cookie not set.): /
[08/Apr/2026 07:18:45] "POST / HTTP/1.1" 403 3005
Forbidden (CSRF cookie not set.): /
[08/Apr/2026 07:18:45] "POST / HTTP/1.1" 403 3005
Forbidden (CSRF cookie not set.): /
[08/Apr/2026 07:18:45] "POST / HTTP/1.1" 403 3005
