C:\inetpub\wwwroot\e-randevu\dental_management_system\venv\Lib\site-packages\django\db\models\base.py:366: RuntimeWarning: Model 'patients.hastasession' was already registered. Reloading models is not advised as it can lead to inconsistencies, most notably with related models.
  new_class._meta.apps.register_model(new_class._meta.app_label, new_class)
C:\inetpub\wwwroot\e-randevu\dental_management_system\venv\Lib\site-packages\django\db\models\base.py:366: RuntimeWarning: Model 'patients.hastasession' was already registered. Reloading models is not advised as it can lead to inconsistencies, most notably with related models.
  new_class._meta.apps.register_model(new_class._meta.app_label, new_class)
Watching for file changes with StatReloader
Not Found: /
[03/May/2026 02:23:58] "GET / HTTP/1.1" 404 8848
[03/May/2026 02:27:44] "GET / HTTP/1.1" 200 9312
Not Found: /sitemap.xml.gz
[03/May/2026 02:30:22] "GET /sitemap.xml.gz HTTP/1.1" 404 2961
Not Found: /sitemap_index.xml
[03/May/2026 02:34:22] "GET /sitemap_index.xml HTTP/1.1" 404 2377
Not Found: /sitemap.xml.gz
[03/May/2026 02:35:59] "GET /sitemap.xml.gz HTTP/1.1" 404 2372
[03/May/2026 02:50:38] "GET /robots.txt HTTP/1.1" 301 0
[03/May/2026 02:50:39] "GET /robots.txt/ HTTP/1.1" 302 0
[03/May/2026 02:50:41] "GET /giris/ HTTP/1.1" 200 5067
[03/May/2026 02:54:15] "GET / HTTP/1.1" 200 9312
[03/May/2026 03:02:54] "GET /robots.txt HTTP/1.1" 301 0
[03/May/2026 03:02:54] "GET /robots.txt/ HTTP/1.1" 302 0
[03/May/2026 03:02:54] "GET /giris/ HTTP/1.1" 200 5067
[03/May/2026 03:02:56] "GET /sitemap.xml HTTP/1.1" 301 0
[03/May/2026 03:02:56] "GET /sitemap.xml/ HTTP/1.1" 302 0
[03/May/2026 03:02:56] "GET /giris/ HTTP/1.1" 200 5067
