C:\inetpub\wwwroot\e-randevu\dental_management_system\venv\Lib\site-packages\django\db\models\base.py:366: RuntimeWarning: Model 'patients.hastasession' was already registered. Reloading models is not advised as it can lead to inconsistencies, most notably with related models.
  new_class._meta.apps.register_model(new_class._meta.app_label, new_class)
C:\inetpub\wwwroot\e-randevu\dental_management_system\venv\Lib\site-packages\django\db\models\base.py:366: RuntimeWarning: Model 'patients.hastasession' was already registered. Reloading models is not advised as it can lead to inconsistencies, most notably with related models.
  new_class._meta.apps.register_model(new_class._meta.app_label, new_class)
Watching for file changes with StatReloader
Not Found: /wp-content/plugins/hellopress/wp_filemanager.php
[19/Apr/2026 14:43:41] "GET /wp-content/plugins/hellopress/wp_filemanager.php HTTP/1.1" 404 3062
Not Found: /robots.php
[19/Apr/2026 14:43:41] "GET /robots.php HTTP/1.1" 404 2948
Not Found: /oh.php
[19/Apr/2026 14:43:41] "GET /oh.php HTTP/1.1" 404 2936
Not Found: /lim.php
[19/Apr/2026 14:43:42] "GET /lim.php HTTP/1.1" 404 2939
Not Found: /hex.php
[19/Apr/2026 14:43:42] "GET /hex.php HTTP/1.1" 404 2939
Not Found: /wp-content/hex.php
[19/Apr/2026 14:43:42] "GET /wp-content/hex.php HTTP/1.1" 404 2972
Not Found: /gezdjgie.php
[19/Apr/2026 14:43:42] "GET /gezdjgie.php HTTP/1.1" 404 2954
Not Found: /link.php
[19/Apr/2026 14:43:42] "GET /link.php HTTP/1.1" 404 2942
Not Found: /ioxi-o.php
[19/Apr/2026 14:43:42] "GET /ioxi-o.php HTTP/1.1" 404 2948
Not Found: /abc.php
[19/Apr/2026 14:43:42] "GET /abc.php HTTP/1.1" 404 2939
Not Found: /just2.php
[19/Apr/2026 14:43:42] "GET /just2.php HTTP/1.1" 404 2945
Not Found: /0x.php
[19/Apr/2026 14:43:42] "GET /0x.php HTTP/1.1" 404 2936
Not Found: /doc.php
[19/Apr/2026 14:43:42] "GET /doc.php HTTP/1.1" 404 2939
Not Found: /ihodcrk.php
[19/Apr/2026 14:43:43] "GET /ihodcrk.php HTTP/1.1" 404 2951
Not Found: /mini.php
[19/Apr/2026 14:43:43] "GET /mini.php HTTP/1.1" 404 2942
Not Found: /owrlfoa.php
[19/Apr/2026 14:43:43] "GET /owrlfoa.php HTTP/1.1" 404 2951
Not Found: /p.php
[19/Apr/2026 14:43:43] "GET /p.php HTTP/1.1" 404 2933
Not Found: /sim.php
[19/Apr/2026 14:43:43] "GET /sim.php HTTP/1.1" 404 2939
Not Found: /bx.php
[19/Apr/2026 14:43:43] "GET /bx.php HTTP/1.1" 404 2936
Not Found: /simple.php
[19/Apr/2026 14:43:43] "GET /simple.php HTTP/1.1" 404 2948
Not Found: /ext.php
[19/Apr/2026 14:43:43] "GET /ext.php HTTP/1.1" 404 2939
Not Found: /afggdg.php
[19/Apr/2026 14:43:43] "GET /afggdg.php HTTP/1.1" 404 2948
Not Found: /as.php
[19/Apr/2026 14:43:43] "GET /as.php HTTP/1.1" 404 2936
Not Found: /wp-the1.php
[19/Apr/2026 14:43:44] "GET /wp-the1.php HTTP/1.1" 404 2951
Not Found: /gptsh.php
[19/Apr/2026 14:43:44] "GET /gptsh.php HTTP/1.1" 404 2945
