C:\inetpub\wwwroot\e-randevu\dental_management_system\venv\Lib\site-packages\django\db\models\base.py:366: RuntimeWarning: Model 'patients.hastasession' was already registered. Reloading models is not advised as it can lead to inconsistencies, most notably with related models.
  new_class._meta.apps.register_model(new_class._meta.app_label, new_class)
C:\inetpub\wwwroot\e-randevu\dental_management_system\venv\Lib\site-packages\django\db\models\base.py:366: RuntimeWarning: Model 'patients.hastasession' was already registered. Reloading models is not advised as it can lead to inconsistencies, most notably with related models.
  new_class._meta.apps.register_model(new_class._meta.app_label, new_class)
Watching for file changes with StatReloader
Not Found: /sitemap_index.xml
[01/May/2026 04:25:09] "GET /sitemap_index.xml HTTP/1.1" 404 2377
[01/May/2026 04:33:06] "GET / HTTP/1.1" 200 9312
[01/May/2026 04:50:29] "GET /robots.txt HTTP/1.1" 301 0
[01/May/2026 04:50:29] "GET /robots.txt/ HTTP/1.1" 302 0
[01/May/2026 04:50:29] "GET /giris/ HTTP/1.1" 200 5067
[01/May/2026 04:56:48] "GET / HTTP/1.1" 200 54407
[01/May/2026 04:56:51] "GET / HTTP/1.1" 200 54403
[01/May/2026 04:56:52] "GET / HTTP/1.1" 200 38803
[01/May/2026 04:56:57] "GET /media/clinics/logos/download.jpg HTTP/1.1" 200 3832
Not Found: /robots.txt
[01/May/2026 05:13:42] "GET /robots.txt HTTP/1.1" 404 2362
Not Found: /robots.txt
[01/May/2026 05:15:03] "GET /robots.txt HTTP/1.1" 404 2362
Not Found: /robots.txt
[01/May/2026 05:15:43] "GET /robots.txt HTTP/1.1" 404 2360
Not Found: /robots.txt
[01/May/2026 05:16:30] "GET /robots.txt HTTP/1.1" 404 2365
Not Found: /sitemap.xml
[01/May/2026 05:16:46] "GET /sitemap.xml HTTP/1.1" 404 2952
Not Found: /robots.txt
[01/May/2026 05:20:32] "GET /robots.txt HTTP/1.1" 404 2362
Not Found: /robots.txt
[01/May/2026 05:22:11] "GET /robots.txt HTTP/1.1" 404 2949
Not Found: /sitemap.xml.gz
[01/May/2026 05:42:57] "GET /sitemap.xml.gz HTTP/1.1" 404 2961
Not Found: /.git/config
[01/May/2026 05:43:35] "GET /.git/config HTTP/1.1" 404 2952
Not Found: /.git/HEAD
[01/May/2026 05:43:35] "GET /.git/HEAD HTTP/1.1" 404 2946
[01/May/2026 05:43:35] "GET / HTTP/1.1" 200 9312
Not Found: /robots.txt
[01/May/2026 05:44:13] "GET /robots.txt HTTP/1.1" 404 2363
Internal Server Error: /
Traceback (most recent call last):
  File "C:\inetpub\wwwroot\e-randevu\dental_management_system\tenants\hasta_views.py", line 133, in klinik_randevu_sayfasi
    clinic = Clinic.objects.get(subdomain=subdomain, is_active=True)
             ^^^^^^^^^^^^^^^^^^^^^^^^^^^^^^^^^^^^^^^^^^^^^^^^^^^^^^^
  File "C:\inetpub\wwwroot\e-randevu\dental_management_system\venv\Lib\site-packages\django\db\models\manager.py", line 87, in manager_method
    return getattr(self.get_queryset(), name)(*args, **kwargs)
           ^^^^^^^^^^^^^^^^^^^^^^^^^^^^^^^^^^^^^^^^^^^^^^^^^^^
  File "C:\inetpub\wwwroot\e-randevu\dental_management_system\venv\Lib\site-packages\django\db\models\query.py", line 649, in get
    raise self.model.DoesNotExist(
tenants.models.Clinic.DoesNotExist: Clinic matching query does not exist.

During handling of the above exception, another exception occurred:

Traceback (most recent call last):
  File "C:\inetpub\wwwroot\e-randevu\dental_management_system\venv\Lib\site-packages\django\core\handlers\exception.py", line 55, in inner
    response = get_response(request)
               ^^^^^^^^^^^^^^^^^^^^^
  File "C:\inetpub\wwwroot\e-randevu\dental_management_system\venv\Lib\site-packages\django\core\handlers\base.py", line 197, in _get_response
    response = wrapped_callback(request, *callback_args, **callback_kwargs)
               ^^^^^^^^^^^^^^^^^^^^^^^^^^^^^^^^^^^^^^^^^^^^^^^^^^^^^^^^^^^^
  File "C:\inetpub\wwwroot\e-randevu\dental_management_system\tenants\hasta_views.py", line 135, in klinik_randevu_sayfasi
    return render(request, 'hasta/klinik_bulunamadi.html', {}, status=404)
           ^^^^^^^^^^^^^^^^^^^^^^^^^^^^^^^^^^^^^^^^^^^^^^^^^^^^^^^^^^^^^^^
  File "C:\inetpub\wwwroot\e-randevu\dental_management_system\venv\Lib\site-packages\django\shortcuts.py", line 25, in render
    content = loader.render_to_string(template_name, context, request, using=using)
              ^^^^^^^^^^^^^^^^^^^^^^^^^^^^^^^^^^^^^^^^^^^^^^^^^^^^^^^^^^^^^^^^^^^^^
  File "C:\inetpub\wwwroot\e-randevu\dental_management_system\venv\Lib\site-packages\django\template\loader.py", line 61, in render_to_string
    template = get_template(template_name, using=using)
               ^^^^^^^^^^^^^^^^^^^^^^^^^^^^^^^^^^^^^^^^
  File "C:\inetpub\wwwroot\e-randevu\dental_management_system\venv\Lib\site-packages\django\template\loader.py", line 19, in get_template
    raise TemplateDoesNotExist(template_name, chain=chain)
django.template.exceptions.TemplateDoesNotExist: hasta/klinik_bulunamadi.html
[01/May/2026 05:49:03] "GET / HTTP/1.1" 500 98167
Not Found: /sitemap.xml.gz
[01/May/2026 05:51:57] "GET /sitemap.xml.gz HTTP/1.1" 404 2368
Not Found: /robots.txt
[01/May/2026 06:01:44] "GET /robots.txt HTTP/1.1" 404 2360
Not Found: /robots.txt
[01/May/2026 06:05:14] "GET /robots.txt HTTP/1.1" 404 2949
[01/May/2026 06:05:16] "GET / HTTP/1.1" 200 9312
[01/May/2026 06:05:36] "GET /static/css/ana_sayfa.css HTTP/1.1" 200 10882
Not Found: /robots.txt
[01/May/2026 06:13:41] "GET /robots.txt HTTP/1.1" 404 2362
Not Found: /sitemap.txt
[01/May/2026 06:33:24] "GET /sitemap.txt HTTP/1.1" 404 2364
Not Found: /sitemap_index.xml
[01/May/2026 06:35:50] "GET /sitemap_index.xml HTTP/1.1" 404 2377
