C:\inetpub\wwwroot\e-randevu\dental_management_system\venv\Lib\site-packages\django\db\models\base.py:366: RuntimeWarning: Model 'patients.hastasession' was already registered. Reloading models is not advised as it can lead to inconsistencies, most notably with related models.
  new_class._meta.apps.register_model(new_class._meta.app_label, new_class)
C:\inetpub\wwwroot\e-randevu\dental_management_system\venv\Lib\site-packages\django\db\models\base.py:366: RuntimeWarning: Model 'patients.hastasession' was already registered. Reloading models is not advised as it can lead to inconsistencies, most notably with related models.
  new_class._meta.apps.register_model(new_class._meta.app_label, new_class)
Watching for file changes with StatReloader
Internal Server Error: /
Traceback (most recent call last):
  File "C:\inetpub\wwwroot\e-randevu\dental_management_system\tenants\hasta_views.py", line 133, in klinik_randevu_sayfasi
    clinic = Clinic.objects.get(subdomain=subdomain, is_active=True)
             ^^^^^^^^^^^^^^^^^^^^^^^^^^^^^^^^^^^^^^^^^^^^^^^^^^^^^^^
  File "C:\inetpub\wwwroot\e-randevu\dental_management_system\venv\Lib\site-packages\django\db\models\manager.py", line 87, in manager_method
    return getattr(self.get_queryset(), name)(*args, **kwargs)
           ^^^^^^^^^^^^^^^^^^^^^^^^^^^^^^^^^^^^^^^^^^^^^^^^^^^
  File "C:\inetpub\wwwroot\e-randevu\dental_management_system\venv\Lib\site-packages\django\db\models\query.py", line 649, in get
    raise self.model.DoesNotExist(
tenants.models.Clinic.DoesNotExist: Clinic matching query does not exist.

During handling of the above exception, another exception occurred:

Traceback (most recent call last):
  File "C:\inetpub\wwwroot\e-randevu\dental_management_system\venv\Lib\site-packages\django\core\handlers\exception.py", line 55, in inner
    response = get_response(request)
               ^^^^^^^^^^^^^^^^^^^^^
  File "C:\inetpub\wwwroot\e-randevu\dental_management_system\venv\Lib\site-packages\django\core\handlers\base.py", line 197, in _get_response
    response = wrapped_callback(request, *callback_args, **callback_kwargs)
               ^^^^^^^^^^^^^^^^^^^^^^^^^^^^^^^^^^^^^^^^^^^^^^^^^^^^^^^^^^^^
  File "C:\inetpub\wwwroot\e-randevu\dental_management_system\tenants\hasta_views.py", line 135, in klinik_randevu_sayfasi
    return render(request, 'hasta/klinik_bulunamadi.html', {}, status=404)
           ^^^^^^^^^^^^^^^^^^^^^^^^^^^^^^^^^^^^^^^^^^^^^^^^^^^^^^^^^^^^^^^
  File "C:\inetpub\wwwroot\e-randevu\dental_management_system\venv\Lib\site-packages\django\shortcuts.py", line 25, in render
    content = loader.render_to_string(template_name, context, request, using=using)
              ^^^^^^^^^^^^^^^^^^^^^^^^^^^^^^^^^^^^^^^^^^^^^^^^^^^^^^^^^^^^^^^^^^^^^
  File "C:\inetpub\wwwroot\e-randevu\dental_management_system\venv\Lib\site-packages\django\template\loader.py", line 61, in render_to_string
    template = get_template(template_name, using=using)
               ^^^^^^^^^^^^^^^^^^^^^^^^^^^^^^^^^^^^^^^^
  File "C:\inetpub\wwwroot\e-randevu\dental_management_system\venv\Lib\site-packages\django\template\loader.py", line 19, in get_template
    raise TemplateDoesNotExist(template_name, chain=chain)
django.template.exceptions.TemplateDoesNotExist: hasta/klinik_bulunamadi.html
[04/Apr/2026 15:48:43] "GET / HTTP/1.1" 500 98166
Not Found: /xmlrpc.php
[04/Apr/2026 16:01:02] "POST /xmlrpc.php HTTP/1.1" 404 2950
Not Found: /wp-content/plugins/hellopress/wp_filemanager.php
[04/Apr/2026 16:02:58] "GET /wp-content/plugins/hellopress/wp_filemanager.php HTTP/1.1" 404 3062
Not Found: /radio.php
[04/Apr/2026 16:02:58] "GET /radio.php HTTP/1.1" 404 2945
Not Found: /wp-admin/install.php
[04/Apr/2026 16:02:58] "GET /wp-admin/install.php HTTP/1.1" 404 2978
Not Found: /wp-content/plugins/hellopress/wp_filemanager.php
[04/Apr/2026 16:02:59] "GET /wp-content/plugins/hellopress/wp_filemanager.php HTTP/1.1" 404 3062
Not Found: /alfa-rex.php7
[04/Apr/2026 16:02:59] "GET /alfa-rex.php7 HTTP/1.1" 404 2957
Not Found: /wp-content/themes/admin.php
[04/Apr/2026 16:02:59] "GET /wp-content/themes/admin.php HTTP/1.1" 404 2999
Not Found: /images/autoload_classmap.php
[04/Apr/2026 16:02:59] "GET /images/autoload_classmap.php HTTP/1.1" 404 3002
Not Found: /.well-known/file.php
[04/Apr/2026 16:02:59] "GET /.well-known/file.php HTTP/1.1" 404 2978
Not Found: /wp-includes/css/wp-login.php
[04/Apr/2026 16:02:59] "GET /wp-includes/css/wp-login.php HTTP/1.1" 404 3002
[04/Apr/2026 16:03:00] "GET /admin/function.php/install.php HTTP/1.1" 302 0
[04/Apr/2026 16:03:00] "GET /admin/login/?next=/admin/function.php/install.php HTTP/1.1" 200 4235
Not Found: /wp-includes/sodium_compat/src/index.php
[04/Apr/2026 16:03:01] "GET /wp-includes/sodium_compat/src/index.php HTTP/1.1" 404 3035
Not Found: /wp-includes/Text/Diff/Engine/index.php
[04/Apr/2026 16:03:01] "GET /wp-includes/Text/Diff/Engine/index.php HTTP/1.1" 404 3032
Not Found: /wp-content/themes/index.php
[04/Apr/2026 16:03:01] "GET /wp-content/themes/index.php HTTP/1.1" 404 2999
Not Found: /wp-includes/sitemaps/about.php
[04/Apr/2026 16:03:01] "GET /wp-includes/sitemaps/about.php HTTP/1.1" 404 3008
Not Found: /edit.php
[04/Apr/2026 16:03:02] "GET /edit.php HTTP/1.1" 404 2942
Not Found: /.well-known/index.php
[04/Apr/2026 16:03:02] "GET /.well-known/index.php HTTP/1.1" 404 2981
Not Found: /.well-known/makeasmtp.php
[04/Apr/2026 16:03:02] "GET /.well-known/makeasmtp.php HTTP/1.1" 404 2993
Not Found: /.well-known/admin.php
[04/Apr/2026 16:03:03] "GET /.well-known/admin.php HTTP/1.1" 404 2981
Not Found: /wp-includes/Text/about.php
[04/Apr/2026 16:03:03] "GET /wp-includes/Text/about.php HTTP/1.1" 404 2996
Not Found: /wp-includes/images/smilies/index.php
[04/Apr/2026 16:03:03] "GET /wp-includes/images/smilies/index.php HTTP/1.1" 404 3026
Not Found: /images/about.php
[04/Apr/2026 16:03:03] "GET /images/about.php HTTP/1.1" 404 2966
Not Found: /admin.php/wp-includes/certificates/about.php
[04/Apr/2026 16:03:04] "GET /admin.php/wp-includes/certificates/about.php HTTP/1.1" 404 3050
Not Found: /wp-links.php
[04/Apr/2026 16:03:04] "GET /wp-links.php HTTP/1.1" 404 2954
Not Found: /alexantr/filemanager.php
[04/Apr/2026 16:03:04] "GET /alexantr/filemanager.php HTTP/1.1" 404 2990
Not Found: /link.php/wp-content/plugins/wp-conflg.php
[04/Apr/2026 16:03:05] "GET /link.php/wp-content/plugins/wp-conflg.php HTTP/1.1" 404 3041
Not Found: /wp-includes/rest-api/about.php
[04/Apr/2026 16:03:05] "GET /wp-includes/rest-api/about.php HTTP/1.1" 404 3008
Not Found: /wp-mail.php
[04/Apr/2026 16:03:05] "GET /wp-mail.php HTTP/1.1" 404 2951
Not Found: /content.php
[04/Apr/2026 16:03:05] "GET /content.php HTTP/1.1" 404 2951
Not Found: /wp-admin/css/colors/index.php
[04/Apr/2026 16:03:06] "GET /wp-admin/css/colors/index.php HTTP/1.1" 404 3005
Not Found: /cong.php/wp-admin/js/index.php
[04/Apr/2026 16:03:06] "GET /cong.php/wp-admin/js/index.php HTTP/1.1" 404 3008
Not Found: /wp-includes/images/about.php
[04/Apr/2026 16:03:06] "GET /wp-includes/images/about.php HTTP/1.1" 404 3002
Not Found: /wp-includes/IXR/about.php
[04/Apr/2026 16:03:07] "GET /wp-includes/IXR/about.php HTTP/1.1" 404 2993
Not Found: /wp-includes/js/wp-login.php
[04/Apr/2026 16:03:07] "GET /wp-includes/js/wp-login.php HTTP/1.1" 404 2999
Not Found: /wp-content/languages/about.php
[04/Apr/2026 16:03:08] "GET /wp-content/languages/about.php HTTP/1.1" 404 3008
Not Found: /info.php
[04/Apr/2026 16:03:08] "GET /info.php HTTP/1.1" 404 2942
Not Found: /wp-admin/css/colors.php
[04/Apr/2026 16:03:08] "GET /wp-admin/css/colors.php HTTP/1.1" 404 2987
Not Found: /wp-includes/html-api/chosen.php
[04/Apr/2026 16:03:08] "GET /wp-includes/html-api/chosen.php HTTP/1.1" 404 3011
Not Found: /cgi-bin/admin.php
[04/Apr/2026 16:03:08] "GET /cgi-bin/admin.php HTTP/1.1" 404 2969
Not Found: /wp-includes/Text/Diff/about.php
[04/Apr/2026 16:03:08] "GET /wp-includes/Text/Diff/about.php HTTP/1.1" 404 3011
Not Found: /wp-includes/css/alfa-rex.php
[04/Apr/2026 16:03:09] "GET /wp-includes/css/alfa-rex.php HTTP/1.1" 404 3002
Not Found: /wp-includes/Text/Diff/Renderer/about.php
[04/Apr/2026 16:03:09] "GET /wp-includes/Text/Diff/Renderer/about.php HTTP/1.1" 404 3038
Not Found: /wp-content/admin.php
[04/Apr/2026 16:03:09] "GET /wp-content/admin.php HTTP/1.1" 404 2978
Not Found: /wp-content/autoload_classmap.php
[04/Apr/2026 16:03:09] "GET /wp-content/autoload_classmap.php HTTP/1.1" 404 3014
