C:\inetpub\wwwroot\e-randevu\dental_management_system\venv\Lib\site-packages\django\db\models\base.py:366: RuntimeWarning: Model 'patients.hastasession' was already registered. Reloading models is not advised as it can lead to inconsistencies, most notably with related models.
  new_class._meta.apps.register_model(new_class._meta.app_label, new_class)
C:\inetpub\wwwroot\e-randevu\dental_management_system\venv\Lib\site-packages\django\db\models\base.py:366: RuntimeWarning: Model 'patients.hastasession' was already registered. Reloading models is not advised as it can lead to inconsistencies, most notably with related models.
  new_class._meta.apps.register_model(new_class._meta.app_label, new_class)
Watching for file changes with StatReloader
Internal Server Error: /
Traceback (most recent call last):
  File "C:\inetpub\wwwroot\e-randevu\dental_management_system\tenants\hasta_views.py", line 133, in klinik_randevu_sayfasi
    clinic = Clinic.objects.get(subdomain=subdomain, is_active=True)
             ^^^^^^^^^^^^^^^^^^^^^^^^^^^^^^^^^^^^^^^^^^^^^^^^^^^^^^^
  File "C:\inetpub\wwwroot\e-randevu\dental_management_system\venv\Lib\site-packages\django\db\models\manager.py", line 87, in manager_method
    return getattr(self.get_queryset(), name)(*args, **kwargs)
           ^^^^^^^^^^^^^^^^^^^^^^^^^^^^^^^^^^^^^^^^^^^^^^^^^^^
  File "C:\inetpub\wwwroot\e-randevu\dental_management_system\venv\Lib\site-packages\django\db\models\query.py", line 649, in get
    raise self.model.DoesNotExist(
tenants.models.Clinic.DoesNotExist: Clinic matching query does not exist.

During handling of the above exception, another exception occurred:

Traceback (most recent call last):
  File "C:\inetpub\wwwroot\e-randevu\dental_management_system\venv\Lib\site-packages\django\core\handlers\exception.py", line 55, in inner
    response = get_response(request)
               ^^^^^^^^^^^^^^^^^^^^^
  File "C:\inetpub\wwwroot\e-randevu\dental_management_system\venv\Lib\site-packages\django\core\handlers\base.py", line 197, in _get_response
    response = wrapped_callback(request, *callback_args, **callback_kwargs)
               ^^^^^^^^^^^^^^^^^^^^^^^^^^^^^^^^^^^^^^^^^^^^^^^^^^^^^^^^^^^^
  File "C:\inetpub\wwwroot\e-randevu\dental_management_system\tenants\hasta_views.py", line 135, in klinik_randevu_sayfasi
    return render(request, 'hasta/klinik_bulunamadi.html', {}, status=404)
           ^^^^^^^^^^^^^^^^^^^^^^^^^^^^^^^^^^^^^^^^^^^^^^^^^^^^^^^^^^^^^^^
  File "C:\inetpub\wwwroot\e-randevu\dental_management_system\venv\Lib\site-packages\django\shortcuts.py", line 25, in render
    content = loader.render_to_string(template_name, context, request, using=using)
              ^^^^^^^^^^^^^^^^^^^^^^^^^^^^^^^^^^^^^^^^^^^^^^^^^^^^^^^^^^^^^^^^^^^^^
  File "C:\inetpub\wwwroot\e-randevu\dental_management_system\venv\Lib\site-packages\django\template\loader.py", line 61, in render_to_string
    template = get_template(template_name, using=using)
               ^^^^^^^^^^^^^^^^^^^^^^^^^^^^^^^^^^^^^^^^
  File "C:\inetpub\wwwroot\e-randevu\dental_management_system\venv\Lib\site-packages\django\template\loader.py", line 19, in get_template
    raise TemplateDoesNotExist(template_name, chain=chain)
django.template.exceptions.TemplateDoesNotExist: hasta/klinik_bulunamadi.html
[08/Apr/2026 00:57:53] "GET / HTTP/1.1" 500 98184
[08/Apr/2026 01:14:48] "GET / HTTP/1.1" 200 9312
[08/Apr/2026 01:14:50] "GET /?q= HTTP/1.1" 200 9312
[08/Apr/2026 01:14:50] "GET /?q= HTTP/1.1" 200 9312
[08/Apr/2026 01:26:36] "GET /.env HTTP/1.1" 301 0
[08/Apr/2026 01:26:36] "GET /.env/ HTTP/1.1" 302 0
[08/Apr/2026 01:26:36] "GET /giris/ HTTP/1.1" 200 5067
Internal Server Error: /
Traceback (most recent call last):
  File "C:\inetpub\wwwroot\e-randevu\dental_management_system\tenants\hasta_views.py", line 133, in klinik_randevu_sayfasi
    clinic = Clinic.objects.get(subdomain=subdomain, is_active=True)
             ^^^^^^^^^^^^^^^^^^^^^^^^^^^^^^^^^^^^^^^^^^^^^^^^^^^^^^^
  File "C:\inetpub\wwwroot\e-randevu\dental_management_system\venv\Lib\site-packages\django\db\models\manager.py", line 87, in manager_method
    return getattr(self.get_queryset(), name)(*args, **kwargs)
           ^^^^^^^^^^^^^^^^^^^^^^^^^^^^^^^^^^^^^^^^^^^^^^^^^^^
  File "C:\inetpub\wwwroot\e-randevu\dental_management_system\venv\Lib\site-packages\django\db\models\query.py", line 649, in get
    raise self.model.DoesNotExist(
tenants.models.Clinic.DoesNotExist: Clinic matching query does not exist.

During handling of the above exception, another exception occurred:

Traceback (most recent call last):
  File "C:\inetpub\wwwroot\e-randevu\dental_management_system\venv\Lib\site-packages\django\core\handlers\exception.py", line 55, in inner
    response = get_response(request)
               ^^^^^^^^^^^^^^^^^^^^^
  File "C:\inetpub\wwwroot\e-randevu\dental_management_system\venv\Lib\site-packages\django\core\handlers\base.py", line 197, in _get_response
    response = wrapped_callback(request, *callback_args, **callback_kwargs)
               ^^^^^^^^^^^^^^^^^^^^^^^^^^^^^^^^^^^^^^^^^^^^^^^^^^^^^^^^^^^^
  File "C:\inetpub\wwwroot\e-randevu\dental_management_system\tenants\hasta_views.py", line 135, in klinik_randevu_sayfasi
    return render(request, 'hasta/klinik_bulunamadi.html', {}, status=404)
           ^^^^^^^^^^^^^^^^^^^^^^^^^^^^^^^^^^^^^^^^^^^^^^^^^^^^^^^^^^^^^^^
  File "C:\inetpub\wwwroot\e-randevu\dental_management_system\venv\Lib\site-packages\django\shortcuts.py", line 25, in render
    content = loader.render_to_string(template_name, context, request, using=using)
              ^^^^^^^^^^^^^^^^^^^^^^^^^^^^^^^^^^^^^^^^^^^^^^^^^^^^^^^^^^^^^^^^^^^^^
  File "C:\inetpub\wwwroot\e-randevu\dental_management_system\venv\Lib\site-packages\django\template\loader.py", line 61, in render_to_string
    template = get_template(template_name, using=using)
               ^^^^^^^^^^^^^^^^^^^^^^^^^^^^^^^^^^^^^^^^
  File "C:\inetpub\wwwroot\e-randevu\dental_management_system\venv\Lib\site-packages\django\template\loader.py", line 19, in get_template
    raise TemplateDoesNotExist(template_name, chain=chain)
django.template.exceptions.TemplateDoesNotExist: hasta/klinik_bulunamadi.html
[08/Apr/2026 01:36:13] "GET / HTTP/1.1" 500 97457
Not Found: /
[08/Apr/2026 01:42:35] "GET / HTTP/1.1" 404 8848
[08/Apr/2026 01:42:51] "GET / HTTP/1.1" 200 9312
[08/Apr/2026 01:42:52] "GET /static/css/ana_sayfa.css HTTP/1.1" 200 10882
[08/Apr/2026 01:42:56] "HEAD / HTTP/1.1" 200 0
[08/Apr/2026 01:46:29] "GET / HTTP/1.1" 200 9312
Internal Server Error: /
Traceback (most recent call last):
  File "C:\inetpub\wwwroot\e-randevu\dental_management_system\tenants\hasta_views.py", line 133, in klinik_randevu_sayfasi
    clinic = Clinic.objects.get(subdomain=subdomain, is_active=True)
             ^^^^^^^^^^^^^^^^^^^^^^^^^^^^^^^^^^^^^^^^^^^^^^^^^^^^^^^
  File "C:\inetpub\wwwroot\e-randevu\dental_management_system\venv\Lib\site-packages\django\db\models\manager.py", line 87, in manager_method
    return getattr(self.get_queryset(), name)(*args, **kwargs)
           ^^^^^^^^^^^^^^^^^^^^^^^^^^^^^^^^^^^^^^^^^^^^^^^^^^^
  File "C:\inetpub\wwwroot\e-randevu\dental_management_system\venv\Lib\site-packages\django\db\models\query.py", line 649, in get
    raise self.model.DoesNotExist(
tenants.models.Clinic.DoesNotExist: Clinic matching query does not exist.

During handling of the above exception, another exception occurred:

Traceback (most recent call last):
  File "C:\inetpub\wwwroot\e-randevu\dental_management_system\venv\Lib\site-packages\django\core\handlers\exception.py", line 55, in inner
    response = get_response(request)
               ^^^^^^^^^^^^^^^^^^^^^
  File "C:\inetpub\wwwroot\e-randevu\dental_management_system\venv\Lib\site-packages\django\core\handlers\base.py", line 197, in _get_response
    response = wrapped_callback(request, *callback_args, **callback_kwargs)
               ^^^^^^^^^^^^^^^^^^^^^^^^^^^^^^^^^^^^^^^^^^^^^^^^^^^^^^^^^^^^
  File "C:\inetpub\wwwroot\e-randevu\dental_management_system\tenants\hasta_views.py", line 135, in klinik_randevu_sayfasi
    return render(request, 'hasta/klinik_bulunamadi.html', {}, status=404)
           ^^^^^^^^^^^^^^^^^^^^^^^^^^^^^^^^^^^^^^^^^^^^^^^^^^^^^^^^^^^^^^^
  File "C:\inetpub\wwwroot\e-randevu\dental_management_system\venv\Lib\site-packages\django\shortcuts.py", line 25, in render
    content = loader.render_to_string(template_name, context, request, using=using)
              ^^^^^^^^^^^^^^^^^^^^^^^^^^^^^^^^^^^^^^^^^^^^^^^^^^^^^^^^^^^^^^^^^^^^^
  File "C:\inetpub\wwwroot\e-randevu\dental_management_system\venv\Lib\site-packages\django\template\loader.py", line 61, in render_to_string
    template = get_template(template_name, using=using)
               ^^^^^^^^^^^^^^^^^^^^^^^^^^^^^^^^^^^^^^^^
  File "C:\inetpub\wwwroot\e-randevu\dental_management_system\venv\Lib\site-packages\django\template\loader.py", line 19, in get_template
    raise TemplateDoesNotExist(template_name, chain=chain)
django.template.exceptions.TemplateDoesNotExist: hasta/klinik_bulunamadi.html
[08/Apr/2026 01:53:50] "GET / HTTP/1.1" 500 98184
[08/Apr/2026 01:55:15] "GET / HTTP/1.1" 200 9312
Forbidden (Referer checking failed - no Referer.): /
[08/Apr/2026 01:55:15] "POST / HTTP/1.1" 403 3565
Forbidden (Referer checking failed - no Referer.): /
[08/Apr/2026 01:55:15] "POST / HTTP/1.1" 403 3565
Not Found: /en/
[08/Apr/2026 01:55:16] "POST /en/ HTTP/1.1" 404 2929
Not Found: /app/
[08/Apr/2026 01:55:16] "POST /app/ HTTP/1.1" 404 2932
Not Found: /api/
[08/Apr/2026 01:55:16] "POST /api/ HTTP/1.1" 404 2932
Not Found: /_next/
[08/Apr/2026 01:55:16] "POST /_next/ HTTP/1.1" 404 2938
Forbidden (Referer checking failed - no Referer.): /
[08/Apr/2026 01:55:16] "POST / HTTP/1.1" 403 3565
Forbidden (Referer checking failed - no Referer.): /
[08/Apr/2026 01:55:16] "POST / HTTP/1.1" 403 3565
Not Found: /en/
[08/Apr/2026 01:55:16] "POST /en/ HTTP/1.1" 404 2929
Not Found: /app/
[08/Apr/2026 01:55:16] "POST /app/ HTTP/1.1" 404 2932
Not Found: /api/
[08/Apr/2026 01:55:16] "POST /api/ HTTP/1.1" 404 2932
Not Found: /_next/
[08/Apr/2026 01:55:16] "POST /_next/ HTTP/1.1" 404 2938
Forbidden (Referer checking failed - no Referer.): /
[08/Apr/2026 01:55:16] "POST / HTTP/1.1" 403 3565
Forbidden (Referer checking failed - no Referer.): /
[08/Apr/2026 01:55:16] "POST / HTTP/1.1" 403 3565
Not Found: /en/
[08/Apr/2026 01:55:16] "POST /en/ HTTP/1.1" 404 2929
Not Found: /app/
[08/Apr/2026 01:55:16] "POST /app/ HTTP/1.1" 404 2932
Not Found: /api/
[08/Apr/2026 01:55:16] "POST /api/ HTTP/1.1" 404 2932
Not Found: /_next/
[08/Apr/2026 01:55:16] "POST /_next/ HTTP/1.1" 404 2938
Forbidden (Referer checking failed - no Referer.): /
[08/Apr/2026 01:55:17] "POST / HTTP/1.1" 403 3565
Forbidden (Referer checking failed - no Referer.): /
[08/Apr/2026 01:55:17] "POST / HTTP/1.1" 403 3565
Not Found: /en/
[08/Apr/2026 01:55:17] "POST /en/ HTTP/1.1" 404 2929
Not Found: /app/
[08/Apr/2026 01:55:17] "POST /app/ HTTP/1.1" 404 2932
Not Found: /api/
[08/Apr/2026 01:55:17] "POST /api/ HTTP/1.1" 404 2932
Not Found: /_next/
[08/Apr/2026 01:55:17] "POST /_next/ HTTP/1.1" 404 2938
Forbidden (Referer checking failed - no Referer.): /
[08/Apr/2026 01:55:17] "POST / HTTP/1.1" 403 3565
Forbidden (Referer checking failed - no Referer.): /
[08/Apr/2026 01:55:17] "POST / HTTP/1.1" 403 3565
Not Found: /en/
[08/Apr/2026 01:55:17] "POST /en/ HTTP/1.1" 404 2929
Not Found: /app/
[08/Apr/2026 01:55:17] "POST /app/ HTTP/1.1" 404 2932
Not Found: /api/
[08/Apr/2026 01:55:17] "POST /api/ HTTP/1.1" 404 2932
Not Found: /_next/
[08/Apr/2026 01:55:17] "POST /_next/ HTTP/1.1" 404 2938
Forbidden (Referer checking failed - no Referer.): /
[08/Apr/2026 01:55:17] "POST / HTTP/1.1" 403 3565
Forbidden (Referer checking failed - no Referer.): /
[08/Apr/2026 01:55:17] "POST / HTTP/1.1" 403 3565
Not Found: /en/
[08/Apr/2026 01:55:17] "POST /en/ HTTP/1.1" 404 2929
Not Found: /app/
[08/Apr/2026 01:55:18] "POST /app/ HTTP/1.1" 404 2932
Not Found: /api/
[08/Apr/2026 01:55:18] "POST /api/ HTTP/1.1" 404 2932
Not Found: /_next/
[08/Apr/2026 01:55:18] "POST /_next/ HTTP/1.1" 404 2938
Forbidden (Referer checking failed - no Referer.): /
[08/Apr/2026 01:55:18] "POST / HTTP/1.1" 403 3565
Forbidden (Referer checking failed - no Referer.): /
[08/Apr/2026 01:55:18] "POST / HTTP/1.1" 403 3565
Not Found: /en/
[08/Apr/2026 01:55:18] "POST /en/ HTTP/1.1" 404 2929
Not Found: /app/
[08/Apr/2026 01:55:18] "POST /app/ HTTP/1.1" 404 2932
Not Found: /api/
[08/Apr/2026 01:55:18] "POST /api/ HTTP/1.1" 404 2932
Not Found: /_next/
[08/Apr/2026 01:55:18] "POST /_next/ HTTP/1.1" 404 2938
Forbidden (Referer checking failed - no Referer.): /
[08/Apr/2026 01:55:18] "POST / HTTP/1.1" 403 3565
Forbidden (Referer checking failed - no Referer.): /
[08/Apr/2026 01:55:18] "POST / HTTP/1.1" 403 3565
Not Found: /en/
[08/Apr/2026 01:55:18] "POST /en/ HTTP/1.1" 404 2929
Not Found: /app/
[08/Apr/2026 01:55:18] "POST /app/ HTTP/1.1" 404 2932
Not Found: /api/
[08/Apr/2026 01:55:18] "POST /api/ HTTP/1.1" 404 2932
Not Found: /_next/
[08/Apr/2026 01:55:18] "POST /_next/ HTTP/1.1" 404 2938
[08/Apr/2026 02:08:21] "GET / HTTP/1.1" 200 9312
Not Found: /robots.txt
[08/Apr/2026 02:11:39] "GET /robots.txt HTTP/1.1" 404 2948
[08/Apr/2026 02:13:14] "GET /hasta/giris/ HTTP/1.1" 200 3539
