C:\inetpub\wwwroot\e-randevu\dental_management_system\venv\Lib\site-packages\django\db\models\base.py:366: RuntimeWarning: Model 'patients.hastasession' was already registered. Reloading models is not advised as it can lead to inconsistencies, most notably with related models.
  new_class._meta.apps.register_model(new_class._meta.app_label, new_class)
C:\inetpub\wwwroot\e-randevu\dental_management_system\venv\Lib\site-packages\django\db\models\base.py:366: RuntimeWarning: Model 'patients.hastasession' was already registered. Reloading models is not advised as it can lead to inconsistencies, most notably with related models.
  new_class._meta.apps.register_model(new_class._meta.app_label, new_class)
Watching for file changes with StatReloader
Not Found: /wp-content/plugins/hellopress/wp_filemanager.php
[29/Apr/2026 02:42:28] "GET /wp-content/plugins/hellopress/wp_filemanager.php HTTP/1.1" 404 3062
Not Found: /path.php
[29/Apr/2026 02:42:29] "GET /path.php HTTP/1.1" 404 2942
Not Found: /main.php
[29/Apr/2026 02:42:29] "GET /main.php HTTP/1.1" 404 2942
Not Found: /file2.php
[29/Apr/2026 02:42:29] "GET /file2.php HTTP/1.1" 404 2945
Not Found: /wp-config.php.swo
[29/Apr/2026 02:42:29] "GET /wp-config.php.swo HTTP/1.1" 404 2969
Not Found: /smtp.php
[29/Apr/2026 02:42:29] "GET /smtp.php HTTP/1.1" 404 2942
Not Found: /.env.php.dist
[29/Apr/2026 02:42:29] "GET /.env.php.dist HTTP/1.1" 404 2957
Not Found: /oo.php
[29/Apr/2026 02:42:30] "GET /oo.php HTTP/1.1" 404 2936
Not Found: /white.php
[29/Apr/2026 02:42:30] "GET /white.php HTTP/1.1" 404 2945
Not Found: /user-edit.php
[29/Apr/2026 02:42:30] "GET /user-edit.php HTTP/1.1" 404 2957
Not Found: /epinyins.php
[29/Apr/2026 02:42:30] "GET /epinyins.php HTTP/1.1" 404 2954
Not Found: /0.php
[29/Apr/2026 02:42:30] "GET /0.php HTTP/1.1" 404 2933
Not Found: /environment.php
[29/Apr/2026 02:42:30] "GET /environment.php HTTP/1.1" 404 2963
[29/Apr/2026 02:47:09] "GET /robots.txt HTTP/1.1" 301 0
[29/Apr/2026 02:47:09] "GET /robots.txt/ HTTP/1.1" 302 0
[29/Apr/2026 02:47:09] "GET /giris/ HTTP/1.1" 200 5067
[29/Apr/2026 02:47:10] "GET /sitemap.xml HTTP/1.1" 301 0
[29/Apr/2026 02:47:10] "GET /sitemap.xml/ HTTP/1.1" 302 0
[29/Apr/2026 02:47:10] "GET /giris/ HTTP/1.1" 200 5067
[29/Apr/2026 02:50:02] "GET / HTTP/1.1" 200 9312
[29/Apr/2026 03:08:54] "GET / HTTP/1.1" 200 9312
[29/Apr/2026 03:18:19] "HEAD / HTTP/1.1" 200 0
Internal Server Error: /
Traceback (most recent call last):
  File "C:\inetpub\wwwroot\e-randevu\dental_management_system\tenants\hasta_views.py", line 133, in klinik_randevu_sayfasi
    clinic = Clinic.objects.get(subdomain=subdomain, is_active=True)
             ^^^^^^^^^^^^^^^^^^^^^^^^^^^^^^^^^^^^^^^^^^^^^^^^^^^^^^^
  File "C:\inetpub\wwwroot\e-randevu\dental_management_system\venv\Lib\site-packages\django\db\models\manager.py", line 87, in manager_method
    return getattr(self.get_queryset(), name)(*args, **kwargs)
           ^^^^^^^^^^^^^^^^^^^^^^^^^^^^^^^^^^^^^^^^^^^^^^^^^^^
  File "C:\inetpub\wwwroot\e-randevu\dental_management_system\venv\Lib\site-packages\django\db\models\query.py", line 649, in get
    raise self.model.DoesNotExist(
tenants.models.Clinic.DoesNotExist: Clinic matching query does not exist.

During handling of the above exception, another exception occurred:

Traceback (most recent call last):
  File "C:\inetpub\wwwroot\e-randevu\dental_management_system\venv\Lib\site-packages\django\core\handlers\exception.py", line 55, in inner
    response = get_response(request)
               ^^^^^^^^^^^^^^^^^^^^^
  File "C:\inetpub\wwwroot\e-randevu\dental_management_system\venv\Lib\site-packages\django\core\handlers\base.py", line 197, in _get_response
    response = wrapped_callback(request, *callback_args, **callback_kwargs)
               ^^^^^^^^^^^^^^^^^^^^^^^^^^^^^^^^^^^^^^^^^^^^^^^^^^^^^^^^^^^^
  File "C:\inetpub\wwwroot\e-randevu\dental_management_system\tenants\hasta_views.py", line 135, in klinik_randevu_sayfasi
    return render(request, 'hasta/klinik_bulunamadi.html', {}, status=404)
           ^^^^^^^^^^^^^^^^^^^^^^^^^^^^^^^^^^^^^^^^^^^^^^^^^^^^^^^^^^^^^^^
  File "C:\inetpub\wwwroot\e-randevu\dental_management_system\venv\Lib\site-packages\django\shortcuts.py", line 25, in render
    content = loader.render_to_string(template_name, context, request, using=using)
              ^^^^^^^^^^^^^^^^^^^^^^^^^^^^^^^^^^^^^^^^^^^^^^^^^^^^^^^^^^^^^^^^^^^^^
  File "C:\inetpub\wwwroot\e-randevu\dental_management_system\venv\Lib\site-packages\django\template\loader.py", line 61, in render_to_string
    template = get_template(template_name, using=using)
               ^^^^^^^^^^^^^^^^^^^^^^^^^^^^^^^^^^^^^^^^
  File "C:\inetpub\wwwroot\e-randevu\dental_management_system\venv\Lib\site-packages\django\template\loader.py", line 19, in get_template
    raise TemplateDoesNotExist(template_name, chain=chain)
django.template.exceptions.TemplateDoesNotExist: hasta/klinik_bulunamadi.html
[29/Apr/2026 03:33:30] "GET / HTTP/1.1" 500 98184
