C:\inetpub\wwwroot\e-randevu\dental_management_system\venv\Lib\site-packages\django\db\models\base.py:366: RuntimeWarning: Model 'patients.hastasession' was already registered. Reloading models is not advised as it can lead to inconsistencies, most notably with related models.
  new_class._meta.apps.register_model(new_class._meta.app_label, new_class)
C:\inetpub\wwwroot\e-randevu\dental_management_system\venv\Lib\site-packages\django\db\models\base.py:366: RuntimeWarning: Model 'patients.hastasession' was already registered. Reloading models is not advised as it can lead to inconsistencies, most notably with related models.
  new_class._meta.apps.register_model(new_class._meta.app_label, new_class)
Watching for file changes with StatReloader
[12/Apr/2026 01:41:57] "GET / HTTP/1.1" 200 9312
[12/Apr/2026 01:41:58] "GET / HTTP/1.1" 200 9312
Not Found: /wp-includes/wlwmanifest.xml
[12/Apr/2026 01:41:58] "GET /wp-includes/wlwmanifest.xml HTTP/1.1" 404 2999
Not Found: /xmlrpc.php
[12/Apr/2026 01:41:58] "GET /xmlrpc.php?rsd HTTP/1.1" 404 2952
[12/Apr/2026 01:41:58] "GET / HTTP/1.1" 200 9312
Not Found: /blog/wp-includes/wlwmanifest.xml
[12/Apr/2026 01:41:58] "GET /blog/wp-includes/wlwmanifest.xml HTTP/1.1" 404 3014
Not Found: /web/wp-includes/wlwmanifest.xml
[12/Apr/2026 01:41:58] "GET /web/wp-includes/wlwmanifest.xml HTTP/1.1" 404 3011
Not Found: /wordpress/wp-includes/wlwmanifest.xml
[12/Apr/2026 01:41:59] "GET /wordpress/wp-includes/wlwmanifest.xml HTTP/1.1" 404 3029
Not Found: /website/wp-includes/wlwmanifest.xml
[12/Apr/2026 01:41:59] "GET /website/wp-includes/wlwmanifest.xml HTTP/1.1" 404 3023
Not Found: /wp/wp-includes/wlwmanifest.xml
[12/Apr/2026 01:41:59] "GET /wp/wp-includes/wlwmanifest.xml HTTP/1.1" 404 3008
Not Found: /news/wp-includes/wlwmanifest.xml
[12/Apr/2026 01:41:59] "GET /news/wp-includes/wlwmanifest.xml HTTP/1.1" 404 3014
Not Found: /2020/wp-includes/wlwmanifest.xml
[12/Apr/2026 01:41:59] "GET /2020/wp-includes/wlwmanifest.xml HTTP/1.1" 404 3014
Not Found: /2019/wp-includes/wlwmanifest.xml
[12/Apr/2026 01:41:59] "GET /2019/wp-includes/wlwmanifest.xml HTTP/1.1" 404 3014
Not Found: /shop/wp-includes/wlwmanifest.xml
[12/Apr/2026 01:42:00] "GET /shop/wp-includes/wlwmanifest.xml HTTP/1.1" 404 3014
Not Found: /wp1/wp-includes/wlwmanifest.xml
[12/Apr/2026 01:42:00] "GET /wp1/wp-includes/wlwmanifest.xml HTTP/1.1" 404 3011
Not Found: /test/wp-includes/wlwmanifest.xml
[12/Apr/2026 01:42:00] "GET /test/wp-includes/wlwmanifest.xml HTTP/1.1" 404 3014
Not Found: /wp2/wp-includes/wlwmanifest.xml
[12/Apr/2026 01:42:00] "GET /wp2/wp-includes/wlwmanifest.xml HTTP/1.1" 404 3011
Not Found: /site/wp-includes/wlwmanifest.xml
[12/Apr/2026 01:42:00] "GET /site/wp-includes/wlwmanifest.xml HTTP/1.1" 404 3014
Not Found: /cms/wp-includes/wlwmanifest.xml
[12/Apr/2026 01:42:00] "GET /cms/wp-includes/wlwmanifest.xml HTTP/1.1" 404 3011
Not Found: /sito/wp-includes/wlwmanifest.xml
[12/Apr/2026 01:42:00] "GET /sito/wp-includes/wlwmanifest.xml HTTP/1.1" 404 3014
Not Found: /robots.txt
[12/Apr/2026 01:54:36] "GET /robots.txt HTTP/1.1" 404 2356
Not Found: /robots.txt
[12/Apr/2026 02:09:55] "GET /robots.txt HTTP/1.1" 404 2949
[12/Apr/2026 02:14:15] "GET / HTTP/1.1" 200 9312
Internal Server Error: /
Traceback (most recent call last):
  File "C:\inetpub\wwwroot\e-randevu\dental_management_system\tenants\hasta_views.py", line 133, in klinik_randevu_sayfasi
    clinic = Clinic.objects.get(subdomain=subdomain, is_active=True)
             ^^^^^^^^^^^^^^^^^^^^^^^^^^^^^^^^^^^^^^^^^^^^^^^^^^^^^^^
  File "C:\inetpub\wwwroot\e-randevu\dental_management_system\venv\Lib\site-packages\django\db\models\manager.py", line 87, in manager_method
    return getattr(self.get_queryset(), name)(*args, **kwargs)
           ^^^^^^^^^^^^^^^^^^^^^^^^^^^^^^^^^^^^^^^^^^^^^^^^^^^
  File "C:\inetpub\wwwroot\e-randevu\dental_management_system\venv\Lib\site-packages\django\db\models\query.py", line 649, in get
    raise self.model.DoesNotExist(
tenants.models.Clinic.DoesNotExist: Clinic matching query does not exist.

During handling of the above exception, another exception occurred:

Traceback (most recent call last):
  File "C:\inetpub\wwwroot\e-randevu\dental_management_system\venv\Lib\site-packages\django\core\handlers\exception.py", line 55, in inner
    response = get_response(request)
               ^^^^^^^^^^^^^^^^^^^^^
  File "C:\inetpub\wwwroot\e-randevu\dental_management_system\venv\Lib\site-packages\django\core\handlers\base.py", line 197, in _get_response
    response = wrapped_callback(request, *callback_args, **callback_kwargs)
               ^^^^^^^^^^^^^^^^^^^^^^^^^^^^^^^^^^^^^^^^^^^^^^^^^^^^^^^^^^^^
  File "C:\inetpub\wwwroot\e-randevu\dental_management_system\tenants\hasta_views.py", line 135, in klinik_randevu_sayfasi
    return render(request, 'hasta/klinik_bulunamadi.html', {}, status=404)
           ^^^^^^^^^^^^^^^^^^^^^^^^^^^^^^^^^^^^^^^^^^^^^^^^^^^^^^^^^^^^^^^
  File "C:\inetpub\wwwroot\e-randevu\dental_management_system\venv\Lib\site-packages\django\shortcuts.py", line 25, in render
    content = loader.render_to_string(template_name, context, request, using=using)
              ^^^^^^^^^^^^^^^^^^^^^^^^^^^^^^^^^^^^^^^^^^^^^^^^^^^^^^^^^^^^^^^^^^^^^
  File "C:\inetpub\wwwroot\e-randevu\dental_management_system\venv\Lib\site-packages\django\template\loader.py", line 61, in render_to_string
    template = get_template(template_name, using=using)
               ^^^^^^^^^^^^^^^^^^^^^^^^^^^^^^^^^^^^^^^^
  File "C:\inetpub\wwwroot\e-randevu\dental_management_system\venv\Lib\site-packages\django\template\loader.py", line 19, in get_template
    raise TemplateDoesNotExist(template_name, chain=chain)
django.template.exceptions.TemplateDoesNotExist: hasta/klinik_bulunamadi.html
[12/Apr/2026 02:19:59] "GET / HTTP/1.1" 500 98180
[12/Apr/2026 02:29:56] "GET / HTTP/1.1" 200 9312
Not Found: /robots.txt
[12/Apr/2026 02:30:59] "GET /robots.txt HTTP/1.1" 404 2949
[12/Apr/2026 02:31:01] "GET / HTTP/1.1" 200 9312
[12/Apr/2026 02:39:28] "GET / HTTP/1.1" 200 9312
[12/Apr/2026 02:39:29] "GET / HTTP/1.1" 200 9312
Not Found: /wp-includes/wlwmanifest.xml
[12/Apr/2026 02:39:29] "GET /wp-includes/wlwmanifest.xml HTTP/1.1" 404 2999
Not Found: /xmlrpc.php
[12/Apr/2026 02:39:29] "GET /xmlrpc.php?rsd HTTP/1.1" 404 2952
[12/Apr/2026 02:39:29] "GET / HTTP/1.1" 200 9312
Not Found: /blog/wp-includes/wlwmanifest.xml
[12/Apr/2026 02:39:29] "GET /blog/wp-includes/wlwmanifest.xml HTTP/1.1" 404 3014
Not Found: /web/wp-includes/wlwmanifest.xml
[12/Apr/2026 02:39:29] "GET /web/wp-includes/wlwmanifest.xml HTTP/1.1" 404 3011
Not Found: /wordpress/wp-includes/wlwmanifest.xml
[12/Apr/2026 02:39:30] "GET /wordpress/wp-includes/wlwmanifest.xml HTTP/1.1" 404 3029
Not Found: /website/wp-includes/wlwmanifest.xml
[12/Apr/2026 02:39:30] "GET /website/wp-includes/wlwmanifest.xml HTTP/1.1" 404 3023
Not Found: /wp/wp-includes/wlwmanifest.xml
[12/Apr/2026 02:39:30] "GET /wp/wp-includes/wlwmanifest.xml HTTP/1.1" 404 3008
Not Found: /news/wp-includes/wlwmanifest.xml
[12/Apr/2026 02:39:30] "GET /news/wp-includes/wlwmanifest.xml HTTP/1.1" 404 3014
Not Found: /2020/wp-includes/wlwmanifest.xml
[12/Apr/2026 02:39:30] "GET /2020/wp-includes/wlwmanifest.xml HTTP/1.1" 404 3014
Not Found: /2019/wp-includes/wlwmanifest.xml
[12/Apr/2026 02:39:30] "GET /2019/wp-includes/wlwmanifest.xml HTTP/1.1" 404 3014
Not Found: /shop/wp-includes/wlwmanifest.xml
[12/Apr/2026 02:39:31] "GET /shop/wp-includes/wlwmanifest.xml HTTP/1.1" 404 3014
Not Found: /wp1/wp-includes/wlwmanifest.xml
[12/Apr/2026 02:39:31] "GET /wp1/wp-includes/wlwmanifest.xml HTTP/1.1" 404 3011
Not Found: /test/wp-includes/wlwmanifest.xml
[12/Apr/2026 02:39:31] "GET /test/wp-includes/wlwmanifest.xml HTTP/1.1" 404 3014
Not Found: /wp2/wp-includes/wlwmanifest.xml
[12/Apr/2026 02:39:31] "GET /wp2/wp-includes/wlwmanifest.xml HTTP/1.1" 404 3011
Not Found: /site/wp-includes/wlwmanifest.xml
[12/Apr/2026 02:39:31] "GET /site/wp-includes/wlwmanifest.xml HTTP/1.1" 404 3014
Not Found: /cms/wp-includes/wlwmanifest.xml
[12/Apr/2026 02:39:31] "GET /cms/wp-includes/wlwmanifest.xml HTTP/1.1" 404 3011
Not Found: /sito/wp-includes/wlwmanifest.xml
[12/Apr/2026 02:39:31] "GET /sito/wp-includes/wlwmanifest.xml HTTP/1.1" 404 3014
Not Found: /
[12/Apr/2026 02:54:07] "GET / HTTP/1.1" 404 8848
Not Found: /robots.txt
[12/Apr/2026 02:59:23] "GET /robots.txt HTTP/1.1" 404 2356
Not Found: /robots.txt
[12/Apr/2026 03:17:52] "GET /robots.txt HTTP/1.1" 404 2949
[12/Apr/2026 03:22:33] "GET / HTTP/1.1" 200 9312
