C:\inetpub\wwwroot\e-randevu\dental_management_system\venv\Lib\site-packages\django\db\models\base.py:366: RuntimeWarning: Model 'patients.hastasession' was already registered. Reloading models is not advised as it can lead to inconsistencies, most notably with related models.
  new_class._meta.apps.register_model(new_class._meta.app_label, new_class)
C:\inetpub\wwwroot\e-randevu\dental_management_system\venv\Lib\site-packages\django\db\models\base.py:366: RuntimeWarning: Model 'patients.hastasession' was already registered. Reloading models is not advised as it can lead to inconsistencies, most notably with related models.
  new_class._meta.apps.register_model(new_class._meta.app_label, new_class)
Watching for file changes with StatReloader
[29/Mar/2026 20:58:21] "GET / HTTP/1.1" 200 16347
[29/Mar/2026 20:58:21] "GET / HTTP/1.1" 200 16347
Not Found: /wp-includes/wlwmanifest.xml
[29/Mar/2026 20:58:21] "GET /wp-includes/wlwmanifest.xml HTTP/1.1" 404 2999
Not Found: /xmlrpc.php
[29/Mar/2026 20:58:21] "GET /xmlrpc.php?rsd HTTP/1.1" 404 2952
[29/Mar/2026 20:58:22] "GET / HTTP/1.1" 200 16347
Not Found: /blog/wp-includes/wlwmanifest.xml
[29/Mar/2026 20:58:22] "GET /blog/wp-includes/wlwmanifest.xml HTTP/1.1" 404 3014
Not Found: /web/wp-includes/wlwmanifest.xml
[29/Mar/2026 20:58:22] "GET /web/wp-includes/wlwmanifest.xml HTTP/1.1" 404 3011
Not Found: /wordpress/wp-includes/wlwmanifest.xml
[29/Mar/2026 20:58:22] "GET /wordpress/wp-includes/wlwmanifest.xml HTTP/1.1" 404 3029
Not Found: /website/wp-includes/wlwmanifest.xml
[29/Mar/2026 20:58:22] "GET /website/wp-includes/wlwmanifest.xml HTTP/1.1" 404 3023
Not Found: /wp/wp-includes/wlwmanifest.xml
[29/Mar/2026 20:58:22] "GET /wp/wp-includes/wlwmanifest.xml HTTP/1.1" 404 3008
Not Found: /news/wp-includes/wlwmanifest.xml
[29/Mar/2026 20:58:22] "GET /news/wp-includes/wlwmanifest.xml HTTP/1.1" 404 3014
Not Found: /2018/wp-includes/wlwmanifest.xml
[29/Mar/2026 20:58:22] "GET /2018/wp-includes/wlwmanifest.xml HTTP/1.1" 404 3014
Not Found: /2019/wp-includes/wlwmanifest.xml
[29/Mar/2026 20:58:22] "GET /2019/wp-includes/wlwmanifest.xml HTTP/1.1" 404 3014
Not Found: /shop/wp-includes/wlwmanifest.xml
[29/Mar/2026 20:58:22] "GET /shop/wp-includes/wlwmanifest.xml HTTP/1.1" 404 3014
Not Found: /wp1/wp-includes/wlwmanifest.xml
[29/Mar/2026 20:58:22] "GET /wp1/wp-includes/wlwmanifest.xml HTTP/1.1" 404 3011
Not Found: /test/wp-includes/wlwmanifest.xml
[29/Mar/2026 20:58:22] "GET /test/wp-includes/wlwmanifest.xml HTTP/1.1" 404 3014
Not Found: /media/wp-includes/wlwmanifest.xml
[29/Mar/2026 20:58:22] "GET /media/wp-includes/wlwmanifest.xml HTTP/1.1" 404 3253
Not Found: /wp2/wp-includes/wlwmanifest.xml
[29/Mar/2026 20:58:22] "GET /wp2/wp-includes/wlwmanifest.xml HTTP/1.1" 404 3011
Not Found: /site/wp-includes/wlwmanifest.xml
[29/Mar/2026 20:58:22] "GET /site/wp-includes/wlwmanifest.xml HTTP/1.1" 404 3014
Not Found: /cms/wp-includes/wlwmanifest.xml
[29/Mar/2026 20:58:22] "GET /cms/wp-includes/wlwmanifest.xml HTTP/1.1" 404 3011
Not Found: /sito/wp-includes/wlwmanifest.xml
[29/Mar/2026 20:58:23] "GET /sito/wp-includes/wlwmanifest.xml HTTP/1.1" 404 3014
Not Found: /.git/config
[29/Mar/2026 20:59:01] "GET /.git/config HTTP/1.1" 404 8900
Internal Server Error: /
Traceback (most recent call last):
  File "C:\inetpub\wwwroot\e-randevu\dental_management_system\tenants\hasta_views.py", line 133, in klinik_randevu_sayfasi
    clinic = Clinic.objects.get(subdomain=subdomain, is_active=True)
             ^^^^^^^^^^^^^^^^^^^^^^^^^^^^^^^^^^^^^^^^^^^^^^^^^^^^^^^
  File "C:\inetpub\wwwroot\e-randevu\dental_management_system\venv\Lib\site-packages\django\db\models\manager.py", line 87, in manager_method
    return getattr(self.get_queryset(), name)(*args, **kwargs)
           ^^^^^^^^^^^^^^^^^^^^^^^^^^^^^^^^^^^^^^^^^^^^^^^^^^^
  File "C:\inetpub\wwwroot\e-randevu\dental_management_system\venv\Lib\site-packages\django\db\models\query.py", line 649, in get
    raise self.model.DoesNotExist(
tenants.models.Clinic.DoesNotExist: Clinic matching query does not exist.

During handling of the above exception, another exception occurred:

Traceback (most recent call last):
  File "C:\inetpub\wwwroot\e-randevu\dental_management_system\venv\Lib\site-packages\django\core\handlers\exception.py", line 55, in inner
    response = get_response(request)
               ^^^^^^^^^^^^^^^^^^^^^
  File "C:\inetpub\wwwroot\e-randevu\dental_management_system\venv\Lib\site-packages\django\core\handlers\base.py", line 197, in _get_response
    response = wrapped_callback(request, *callback_args, **callback_kwargs)
               ^^^^^^^^^^^^^^^^^^^^^^^^^^^^^^^^^^^^^^^^^^^^^^^^^^^^^^^^^^^^
  File "C:\inetpub\wwwroot\e-randevu\dental_management_system\tenants\hasta_views.py", line 135, in klinik_randevu_sayfasi
    return render(request, 'hasta/klinik_bulunamadi.html', {}, status=404)
           ^^^^^^^^^^^^^^^^^^^^^^^^^^^^^^^^^^^^^^^^^^^^^^^^^^^^^^^^^^^^^^^
  File "C:\inetpub\wwwroot\e-randevu\dental_management_system\venv\Lib\site-packages\django\shortcuts.py", line 25, in render
    content = loader.render_to_string(template_name, context, request, using=using)
              ^^^^^^^^^^^^^^^^^^^^^^^^^^^^^^^^^^^^^^^^^^^^^^^^^^^^^^^^^^^^^^^^^^^^^
  File "C:\inetpub\wwwroot\e-randevu\dental_management_system\venv\Lib\site-packages\django\template\loader.py", line 61, in render_to_string
    template = get_template(template_name, using=using)
               ^^^^^^^^^^^^^^^^^^^^^^^^^^^^^^^^^^^^^^^^
  File "C:\inetpub\wwwroot\e-randevu\dental_management_system\venv\Lib\site-packages\django\template\loader.py", line 19, in get_template
    raise TemplateDoesNotExist(template_name, chain=chain)
django.template.exceptions.TemplateDoesNotExist: hasta/klinik_bulunamadi.html
[29/Mar/2026 21:07:45] "GET / HTTP/1.1" 500 98109
[29/Mar/2026 21:09:51] "GET / HTTP/1.1" 200 16347
[29/Mar/2026 21:09:51] "GET / HTTP/1.1" 200 16347
[29/Mar/2026 21:09:56] "GET / HTTP/1.1" 200 16347
Not Found: /favicon.ico
[29/Mar/2026 21:09:57] "GET /favicon.ico HTTP/1.1" 404 2952
[29/Mar/2026 21:10:07] "GET / HTTP/1.1" 200 16347
Not Found: /favicon.ico
[29/Mar/2026 21:10:08] "GET /favicon.ico HTTP/1.1" 404 2952
[29/Mar/2026 21:18:12] "GET /wp-login.php HTTP/1.1" 301 0
[29/Mar/2026 21:18:12] "GET /wp-login.php/ HTTP/1.1" 302 0
[29/Mar/2026 21:18:12] "GET /giris/ HTTP/1.1" 200 5064
[29/Mar/2026 21:18:14] "GET /wp-login.php HTTP/1.1" 301 0
[29/Mar/2026 21:18:14] "GET /wp-login.php/ HTTP/1.1" 302 0
[29/Mar/2026 21:18:14] "GET /giris/ HTTP/1.1" 200 5064
[29/Mar/2026 21:18:14] "GET /wp-admin/ HTTP/1.1" 302 0
[29/Mar/2026 21:18:14] "GET /giris/ HTTP/1.1" 200 5064
[29/Mar/2026 21:18:14] "GET /wp-admin/ HTTP/1.1" 302 0
[29/Mar/2026 21:18:15] "GET /giris/ HTTP/1.1" 200 5064
[29/Mar/2026 21:18:15] "HEAD /wp-json/ HTTP/1.1" 302 0
[29/Mar/2026 21:18:15] "HEAD /giris/ HTTP/1.1" 200 0
[29/Mar/2026 21:18:15] "GET /wp-json/ HTTP/1.1" 302 0
[29/Mar/2026 21:18:15] "GET /giris/ HTTP/1.1" 200 5064
Not Found: /
[29/Mar/2026 21:18:15] "HEAD /?rest_route=/ HTTP/1.1" 404 0
[29/Mar/2026 21:18:16] "HEAD /wp-json/ HTTP/1.1" 302 0
[29/Mar/2026 21:18:16] "HEAD /giris/ HTTP/1.1" 200 0
[29/Mar/2026 21:18:16] "GET /wp-json/ HTTP/1.1" 302 0
[29/Mar/2026 21:18:16] "GET /giris/ HTTP/1.1" 200 5064
Not Found: /
[29/Mar/2026 21:18:16] "HEAD /?rest_route=/ HTTP/1.1" 404 0
