C:\inetpub\wwwroot\e-randevu\dental_management_system\venv\Lib\site-packages\django\db\models\base.py:366: RuntimeWarning: Model 'patients.hastasession' was already registered. Reloading models is not advised as it can lead to inconsistencies, most notably with related models.
  new_class._meta.apps.register_model(new_class._meta.app_label, new_class)
C:\inetpub\wwwroot\e-randevu\dental_management_system\venv\Lib\site-packages\django\db\models\base.py:366: RuntimeWarning: Model 'patients.hastasession' was already registered. Reloading models is not advised as it can lead to inconsistencies, most notably with related models.
  new_class._meta.apps.register_model(new_class._meta.app_label, new_class)
Watching for file changes with StatReloader
[05/Apr/2026 04:54:37] "GET /5Q1QKL/api/bildirimler/ HTTP/1.1" 200 21
[05/Apr/2026 04:54:48] "GET /5Q1QKL/api/bildirimler/ HTTP/1.1" 200 21
[05/Apr/2026 04:55:03] "GET /5Q1QKL/api/bildirimler/ HTTP/1.1" 200 21
[05/Apr/2026 04:55:18] "GET /5Q1QKL/api/bildirimler/ HTTP/1.1" 200 21
[05/Apr/2026 04:55:33] "GET /5Q1QKL/api/bildirimler/ HTTP/1.1" 200 21
[05/Apr/2026 04:55:48] "GET /5Q1QKL/api/bildirimler/ HTTP/1.1" 200 21
[05/Apr/2026 04:56:03] "GET /5Q1QKL/api/bildirimler/ HTTP/1.1" 200 21
[05/Apr/2026 04:56:18] "GET /5Q1QKL/api/bildirimler/ HTTP/1.1" 200 21
[05/Apr/2026 04:56:33] "GET /5Q1QKL/api/bildirimler/ HTTP/1.1" 200 21
[05/Apr/2026 04:56:48] "GET /5Q1QKL/api/bildirimler/ HTTP/1.1" 200 21
[05/Apr/2026 04:57:03] "GET /5Q1QKL/api/bildirimler/ HTTP/1.1" 200 21
[05/Apr/2026 04:57:18] "GET /5Q1QKL/api/bildirimler/ HTTP/1.1" 200 21
[05/Apr/2026 04:57:33] "GET /5Q1QKL/api/bildirimler/ HTTP/1.1" 200 21
[05/Apr/2026 04:57:48] "GET /5Q1QKL/api/bildirimler/ HTTP/1.1" 200 21
[05/Apr/2026 04:58:03] "GET /5Q1QKL/api/bildirimler/ HTTP/1.1" 200 21
[05/Apr/2026 04:58:18] "GET /5Q1QKL/api/bildirimler/ HTTP/1.1" 200 21
[05/Apr/2026 04:58:33] "GET /5Q1QKL/api/bildirimler/ HTTP/1.1" 200 21
[05/Apr/2026 04:58:48] "GET /5Q1QKL/api/bildirimler/ HTTP/1.1" 200 21
[05/Apr/2026 04:59:03] "GET /5Q1QKL/api/bildirimler/ HTTP/1.1" 200 21
[05/Apr/2026 04:59:18] "GET /5Q1QKL/api/bildirimler/ HTTP/1.1" 200 21
[05/Apr/2026 04:59:33] "GET /5Q1QKL/api/bildirimler/ HTTP/1.1" 200 21
[05/Apr/2026 04:59:48] "GET /5Q1QKL/api/bildirimler/ HTTP/1.1" 200 21
[05/Apr/2026 05:00:03] "GET /5Q1QKL/api/bildirimler/ HTTP/1.1" 200 21
[05/Apr/2026 05:00:18] "GET /5Q1QKL/api/bildirimler/ HTTP/1.1" 200 21
[05/Apr/2026 05:00:33] "GET /5Q1QKL/api/bildirimler/ HTTP/1.1" 200 21
[05/Apr/2026 05:00:48] "GET /5Q1QKL/api/bildirimler/ HTTP/1.1" 200 21
[05/Apr/2026 05:01:03] "GET /5Q1QKL/api/bildirimler/ HTTP/1.1" 200 21
[05/Apr/2026 05:01:18] "GET /5Q1QKL/api/bildirimler/ HTTP/1.1" 200 21
[05/Apr/2026 05:01:33] "GET /5Q1QKL/api/bildirimler/ HTTP/1.1" 200 21
[05/Apr/2026 05:01:48] "GET /5Q1QKL/api/bildirimler/ HTTP/1.1" 200 21
[05/Apr/2026 05:02:03] "GET /5Q1QKL/api/bildirimler/ HTTP/1.1" 200 21
[05/Apr/2026 05:02:18] "GET /5Q1QKL/api/bildirimler/ HTTP/1.1" 200 21
[05/Apr/2026 05:02:33] "GET /5Q1QKL/api/bildirimler/ HTTP/1.1" 200 21
[05/Apr/2026 05:02:48] "GET /5Q1QKL/api/bildirimler/ HTTP/1.1" 200 21
[05/Apr/2026 05:03:03] "GET /5Q1QKL/api/bildirimler/ HTTP/1.1" 200 21
[05/Apr/2026 05:03:18] "GET /5Q1QKL/api/bildirimler/ HTTP/1.1" 200 21
[05/Apr/2026 05:03:33] "GET /5Q1QKL/api/bildirimler/ HTTP/1.1" 200 21
[05/Apr/2026 05:03:48] "GET /5Q1QKL/api/bildirimler/ HTTP/1.1" 200 21
[05/Apr/2026 05:04:03] "GET /5Q1QKL/api/bildirimler/ HTTP/1.1" 200 21
[05/Apr/2026 05:04:18] "GET /5Q1QKL/api/bildirimler/ HTTP/1.1" 200 21
[05/Apr/2026 05:04:33] "GET /5Q1QKL/api/bildirimler/ HTTP/1.1" 200 21
[05/Apr/2026 05:04:48] "GET /5Q1QKL/api/bildirimler/ HTTP/1.1" 200 21
[05/Apr/2026 05:05:03] "GET /5Q1QKL/api/bildirimler/ HTTP/1.1" 200 21
[05/Apr/2026 05:05:18] "GET /5Q1QKL/api/bildirimler/ HTTP/1.1" 200 21
[05/Apr/2026 05:05:33] "GET /5Q1QKL/api/bildirimler/ HTTP/1.1" 200 21
[05/Apr/2026 05:05:48] "GET /5Q1QKL/api/bildirimler/ HTTP/1.1" 200 21
[05/Apr/2026 05:06:03] "GET /5Q1QKL/api/bildirimler/ HTTP/1.1" 200 21
[05/Apr/2026 05:06:18] "GET /5Q1QKL/api/bildirimler/ HTTP/1.1" 200 21
[05/Apr/2026 05:06:33] "GET /5Q1QKL/api/bildirimler/ HTTP/1.1" 200 21
[05/Apr/2026 05:06:48] "GET /5Q1QKL/api/bildirimler/ HTTP/1.1" 200 21
[05/Apr/2026 05:07:03] "GET /5Q1QKL/api/bildirimler/ HTTP/1.1" 200 21
[05/Apr/2026 05:07:18] "GET /5Q1QKL/api/bildirimler/ HTTP/1.1" 200 21
[05/Apr/2026 05:07:33] "GET /5Q1QKL/api/bildirimler/ HTTP/1.1" 200 21
[05/Apr/2026 05:07:48] "GET /5Q1QKL/api/bildirimler/ HTTP/1.1" 200 21
[05/Apr/2026 05:08:03] "GET /5Q1QKL/api/bildirimler/ HTTP/1.1" 200 21
[05/Apr/2026 05:08:18] "GET /5Q1QKL/api/bildirimler/ HTTP/1.1" 200 21
[05/Apr/2026 05:08:33] "GET /5Q1QKL/api/bildirimler/ HTTP/1.1" 200 21
[05/Apr/2026 05:08:48] "GET /5Q1QKL/api/bildirimler/ HTTP/1.1" 200 21
[05/Apr/2026 05:09:03] "GET /5Q1QKL/api/bildirimler/ HTTP/1.1" 200 21
[05/Apr/2026 05:09:18] "GET /5Q1QKL/api/bildirimler/ HTTP/1.1" 200 21
[05/Apr/2026 05:09:33] "GET /5Q1QKL/api/bildirimler/ HTTP/1.1" 200 21
[05/Apr/2026 05:09:48] "GET /5Q1QKL/api/bildirimler/ HTTP/1.1" 200 21
[05/Apr/2026 05:10:03] "GET /5Q1QKL/api/bildirimler/ HTTP/1.1" 200 21
[05/Apr/2026 05:10:18] "GET /5Q1QKL/api/bildirimler/ HTTP/1.1" 200 21
[05/Apr/2026 05:10:33] "GET /5Q1QKL/api/bildirimler/ HTTP/1.1" 200 21
[05/Apr/2026 05:10:48] "GET /5Q1QKL/api/bildirimler/ HTTP/1.1" 200 21
[05/Apr/2026 05:11:03] "GET /5Q1QKL/api/bildirimler/ HTTP/1.1" 200 21
[05/Apr/2026 05:11:18] "GET /5Q1QKL/api/bildirimler/ HTTP/1.1" 200 21
[05/Apr/2026 05:11:33] "GET /5Q1QKL/api/bildirimler/ HTTP/1.1" 200 21
[05/Apr/2026 05:11:48] "GET /5Q1QKL/api/bildirimler/ HTTP/1.1" 200 21
[05/Apr/2026 05:12:03] "GET /5Q1QKL/api/bildirimler/ HTTP/1.1" 200 21
[05/Apr/2026 05:12:18] "GET /5Q1QKL/api/bildirimler/ HTTP/1.1" 200 21
[05/Apr/2026 05:12:33] "GET /5Q1QKL/api/bildirimler/ HTTP/1.1" 200 21
[05/Apr/2026 05:12:48] "GET /5Q1QKL/api/bildirimler/ HTTP/1.1" 200 21
[05/Apr/2026 05:13:03] "GET /5Q1QKL/api/bildirimler/ HTTP/1.1" 200 21
[05/Apr/2026 05:13:18] "GET /5Q1QKL/api/bildirimler/ HTTP/1.1" 200 21
[05/Apr/2026 05:13:33] "GET /5Q1QKL/api/bildirimler/ HTTP/1.1" 200 21
[05/Apr/2026 05:13:48] "GET /5Q1QKL/api/bildirimler/ HTTP/1.1" 200 21
[05/Apr/2026 05:14:03] "GET /5Q1QKL/api/bildirimler/ HTTP/1.1" 200 21
[05/Apr/2026 05:14:18] "GET /5Q1QKL/api/bildirimler/ HTTP/1.1" 200 21
[05/Apr/2026 05:14:33] "GET /5Q1QKL/api/bildirimler/ HTTP/1.1" 200 21
[05/Apr/2026 05:14:48] "GET /5Q1QKL/api/bildirimler/ HTTP/1.1" 200 21
[05/Apr/2026 05:15:03] "GET /5Q1QKL/api/bildirimler/ HTTP/1.1" 200 21
[05/Apr/2026 05:15:18] "GET /5Q1QKL/api/bildirimler/ HTTP/1.1" 200 21
[05/Apr/2026 05:15:33] "GET /5Q1QKL/api/bildirimler/ HTTP/1.1" 200 21
[05/Apr/2026 05:15:48] "GET /5Q1QKL/api/bildirimler/ HTTP/1.1" 200 21
[05/Apr/2026 05:16:03] "GET /5Q1QKL/api/bildirimler/ HTTP/1.1" 200 21
[05/Apr/2026 05:16:18] "GET /5Q1QKL/api/bildirimler/ HTTP/1.1" 200 21
[05/Apr/2026 05:16:33] "GET /5Q1QKL/api/bildirimler/ HTTP/1.1" 200 21
[05/Apr/2026 05:16:48] "GET /5Q1QKL/api/bildirimler/ HTTP/1.1" 200 21
[05/Apr/2026 05:17:03] "GET /5Q1QKL/api/bildirimler/ HTTP/1.1" 200 21
[05/Apr/2026 05:17:18] "GET /5Q1QKL/api/bildirimler/ HTTP/1.1" 200 21
[05/Apr/2026 05:17:33] "GET /5Q1QKL/api/bildirimler/ HTTP/1.1" 200 21
[05/Apr/2026 05:17:44] "GET / HTTP/1.1" 200 9312
[05/Apr/2026 05:17:48] "GET /5Q1QKL/api/bildirimler/ HTTP/1.1" 200 21
[05/Apr/2026 05:18:03] "GET /5Q1QKL/api/bildirimler/ HTTP/1.1" 200 21
[05/Apr/2026 05:18:18] "GET /5Q1QKL/api/bildirimler/ HTTP/1.1" 200 21
[05/Apr/2026 05:18:33] "GET /5Q1QKL/api/bildirimler/ HTTP/1.1" 200 21
[05/Apr/2026 05:18:48] "GET /5Q1QKL/api/bildirimler/ HTTP/1.1" 200 21
[05/Apr/2026 05:19:03] "GET /5Q1QKL/api/bildirimler/ HTTP/1.1" 200 21
[05/Apr/2026 05:19:18] "GET /5Q1QKL/api/bildirimler/ HTTP/1.1" 200 21
[05/Apr/2026 05:19:33] "GET /5Q1QKL/api/bildirimler/ HTTP/1.1" 200 21
[05/Apr/2026 05:19:48] "GET /5Q1QKL/api/bildirimler/ HTTP/1.1" 200 21
[05/Apr/2026 05:20:03] "GET /5Q1QKL/api/bildirimler/ HTTP/1.1" 200 21
[05/Apr/2026 05:20:18] "GET /5Q1QKL/api/bildirimler/ HTTP/1.1" 200 21
[05/Apr/2026 05:20:33] "GET /5Q1QKL/api/bildirimler/ HTTP/1.1" 200 21
[05/Apr/2026 05:20:48] "GET /5Q1QKL/api/bildirimler/ HTTP/1.1" 200 21
[05/Apr/2026 05:21:03] "GET /5Q1QKL/api/bildirimler/ HTTP/1.1" 200 21
[05/Apr/2026 05:21:18] "GET /5Q1QKL/api/bildirimler/ HTTP/1.1" 200 21
[05/Apr/2026 05:21:33] "GET /5Q1QKL/api/bildirimler/ HTTP/1.1" 200 21
[05/Apr/2026 05:21:48] "GET /5Q1QKL/api/bildirimler/ HTTP/1.1" 200 21
[05/Apr/2026 05:22:03] "GET /5Q1QKL/api/bildirimler/ HTTP/1.1" 200 21
[05/Apr/2026 05:22:18] "GET /5Q1QKL/api/bildirimler/ HTTP/1.1" 200 21
[05/Apr/2026 05:22:33] "GET /5Q1QKL/api/bildirimler/ HTTP/1.1" 200 21
[05/Apr/2026 05:22:48] "GET /5Q1QKL/api/bildirimler/ HTTP/1.1" 200 21
[05/Apr/2026 05:23:03] "GET /5Q1QKL/api/bildirimler/ HTTP/1.1" 200 21
[05/Apr/2026 05:23:18] "GET /5Q1QKL/api/bildirimler/ HTTP/1.1" 200 21
[05/Apr/2026 05:23:33] "GET /5Q1QKL/api/bildirimler/ HTTP/1.1" 200 21
[05/Apr/2026 05:23:48] "GET /5Q1QKL/api/bildirimler/ HTTP/1.1" 200 21
[05/Apr/2026 05:24:03] "GET /5Q1QKL/api/bildirimler/ HTTP/1.1" 200 21
[05/Apr/2026 05:24:18] "GET /5Q1QKL/api/bildirimler/ HTTP/1.1" 200 21
[05/Apr/2026 05:24:33] "GET /5Q1QKL/api/bildirimler/ HTTP/1.1" 200 21
[05/Apr/2026 05:24:48] "GET /5Q1QKL/api/bildirimler/ HTTP/1.1" 200 21
