C:\inetpub\wwwroot\e-randevu\dental_management_system\venv\Lib\site-packages\django\db\models\base.py:366: RuntimeWarning: Model 'patients.hastasession' was already registered. Reloading models is not advised as it can lead to inconsistencies, most notably with related models.
  new_class._meta.apps.register_model(new_class._meta.app_label, new_class)
C:\inetpub\wwwroot\e-randevu\dental_management_system\venv\Lib\site-packages\django\db\models\base.py:366: RuntimeWarning: Model 'patients.hastasession' was already registered. Reloading models is not advised as it can lead to inconsistencies, most notably with related models.
  new_class._meta.apps.register_model(new_class._meta.app_label, new_class)
Watching for file changes with StatReloader
Internal Server Error: /
Traceback (most recent call last):
  File "C:\inetpub\wwwroot\e-randevu\dental_management_system\tenants\hasta_views.py", line 133, in klinik_randevu_sayfasi
    clinic = Clinic.objects.get(subdomain=subdomain, is_active=True)
             ^^^^^^^^^^^^^^^^^^^^^^^^^^^^^^^^^^^^^^^^^^^^^^^^^^^^^^^
  File "C:\inetpub\wwwroot\e-randevu\dental_management_system\venv\Lib\site-packages\django\db\models\manager.py", line 87, in manager_method
    return getattr(self.get_queryset(), name)(*args, **kwargs)
           ^^^^^^^^^^^^^^^^^^^^^^^^^^^^^^^^^^^^^^^^^^^^^^^^^^^
  File "C:\inetpub\wwwroot\e-randevu\dental_management_system\venv\Lib\site-packages\django\db\models\query.py", line 649, in get
    raise self.model.DoesNotExist(
tenants.models.Clinic.DoesNotExist: Clinic matching query does not exist.

During handling of the above exception, another exception occurred:

Traceback (most recent call last):
  File "C:\inetpub\wwwroot\e-randevu\dental_management_system\venv\Lib\site-packages\django\core\handlers\exception.py", line 55, in inner
    response = get_response(request)
               ^^^^^^^^^^^^^^^^^^^^^
  File "C:\inetpub\wwwroot\e-randevu\dental_management_system\venv\Lib\site-packages\django\core\handlers\base.py", line 197, in _get_response
    response = wrapped_callback(request, *callback_args, **callback_kwargs)
               ^^^^^^^^^^^^^^^^^^^^^^^^^^^^^^^^^^^^^^^^^^^^^^^^^^^^^^^^^^^^
  File "C:\inetpub\wwwroot\e-randevu\dental_management_system\tenants\hasta_views.py", line 135, in klinik_randevu_sayfasi
    return render(request, 'hasta/klinik_bulunamadi.html', {}, status=404)
           ^^^^^^^^^^^^^^^^^^^^^^^^^^^^^^^^^^^^^^^^^^^^^^^^^^^^^^^^^^^^^^^
  File "C:\inetpub\wwwroot\e-randevu\dental_management_system\venv\Lib\site-packages\django\shortcuts.py", line 25, in render
    content = loader.render_to_string(template_name, context, request, using=using)
              ^^^^^^^^^^^^^^^^^^^^^^^^^^^^^^^^^^^^^^^^^^^^^^^^^^^^^^^^^^^^^^^^^^^^^
  File "C:\inetpub\wwwroot\e-randevu\dental_management_system\venv\Lib\site-packages\django\template\loader.py", line 61, in render_to_string
    template = get_template(template_name, using=using)
               ^^^^^^^^^^^^^^^^^^^^^^^^^^^^^^^^^^^^^^^^
  File "C:\inetpub\wwwroot\e-randevu\dental_management_system\venv\Lib\site-packages\django\template\loader.py", line 19, in get_template
    raise TemplateDoesNotExist(template_name, chain=chain)
django.template.exceptions.TemplateDoesNotExist: hasta/klinik_bulunamadi.html
[03/May/2026 05:02:29] "GET / HTTP/1.1" 500 98164
Not Found: /sitemap.xml
[03/May/2026 05:02:35] "GET /sitemap.xml HTTP/1.1" 404 2364
Not Found: /sitemap.txt
[03/May/2026 05:16:54] "GET /sitemap.txt HTTP/1.1" 404 2952
Not Found: /sitemap_index.xml
[03/May/2026 05:26:35] "GET /sitemap_index.xml HTTP/1.1" 404 2381
Not Found: /robots.txt
[03/May/2026 05:27:27] "GET /robots.txt HTTP/1.1" 404 2356
Not Found: /atom.xml
[03/May/2026 05:28:54] "GET /atom.xml HTTP/1.1" 404 2355
Not Found: /sitemaps.xml
[03/May/2026 05:33:03] "GET /sitemaps.xml HTTP/1.1" 404 2362
Not Found: /sitemap.txt
[03/May/2026 05:33:16] "GET /sitemap.txt HTTP/1.1" 404 2363
Not Found: /.git/HEAD
Not Found: /.git/config
[03/May/2026 05:42:12] "GET /.git/HEAD HTTP/1.1" 404 2946
[03/May/2026 05:42:12] "GET /.git/config HTTP/1.1" 404 2952
[03/May/2026 05:42:12] "GET / HTTP/1.1" 200 9312
[03/May/2026 05:53:14] "GET /robots.txt HTTP/1.1" 301 0
[03/May/2026 05:53:14] "GET /robots.txt/ HTTP/1.1" 302 0
[03/May/2026 05:53:15] "GET /giris/ HTTP/1.1" 200 5067
[03/May/2026 05:53:15] "GET /sitemap.xml HTTP/1.1" 301 0
[03/May/2026 05:53:15] "GET /sitemap.xml/ HTTP/1.1" 302 0
[03/May/2026 05:53:15] "GET /giris/ HTTP/1.1" 200 5067
Not Found: /atom.xml
[03/May/2026 05:55:47] "GET /atom.xml HTTP/1.1" 404 2350
