C:\inetpub\wwwroot\e-randevu\dental_management_system\venv\Lib\site-packages\django\db\models\base.py:366: RuntimeWarning: Model 'patients.hastasession' was already registered. Reloading models is not advised as it can lead to inconsistencies, most notably with related models.
  new_class._meta.apps.register_model(new_class._meta.app_label, new_class)
C:\inetpub\wwwroot\e-randevu\dental_management_system\venv\Lib\site-packages\django\db\models\base.py:366: RuntimeWarning: Model 'patients.hastasession' was already registered. Reloading models is not advised as it can lead to inconsistencies, most notably with related models.
  new_class._meta.apps.register_model(new_class._meta.app_label, new_class)
Watching for file changes with StatReloader
[20/Apr/2026 01:47:47] "GET / HTTP/1.1" 200 9312
[20/Apr/2026 01:47:49] "GET / HTTP/1.1" 200 9312
[20/Apr/2026 01:47:51] "GET / HTTP/1.1" 200 9312
[20/Apr/2026 01:47:51] "GET / HTTP/1.1" 200 9312
[20/Apr/2026 01:47:51] "GET /static/css/ana_sayfa.css HTTP/1.1" 200 10882
Not Found: /favicon.ico
[20/Apr/2026 01:47:52] "GET /favicon.ico HTTP/1.1" 404 2952
[20/Apr/2026 01:47:52] "GET /static/css/ana_sayfa.css HTTP/1.1" 200 10882
Not Found: /favicon.ico
[20/Apr/2026 01:47:53] "GET /favicon.ico HTTP/1.1" 404 2952
Not Found: /
[20/Apr/2026 01:50:15] "GET / HTTP/1.1" 404 8848
Not Found: /robots.txt
[20/Apr/2026 02:04:45] "GET /robots.txt HTTP/1.1" 404 2949
Not Found: /enhancecp
[20/Apr/2026 02:04:45] "GET /enhancecp HTTP/1.1" 404 2946
[20/Apr/2026 02:13:43] "GET / HTTP/1.1" 200 9312
[20/Apr/2026 02:14:23] "GET / HTTP/1.1" 200 9312
