C:\inetpub\wwwroot\e-randevu\dental_management_system\venv\Lib\site-packages\django\db\models\base.py:366: RuntimeWarning: Model 'patients.hastasession' was already registered. Reloading models is not advised as it can lead to inconsistencies, most notably with related models.
  new_class._meta.apps.register_model(new_class._meta.app_label, new_class)
C:\inetpub\wwwroot\e-randevu\dental_management_system\venv\Lib\site-packages\django\db\models\base.py:366: RuntimeWarning: Model 'patients.hastasession' was already registered. Reloading models is not advised as it can lead to inconsistencies, most notably with related models.
  new_class._meta.apps.register_model(new_class._meta.app_label, new_class)
Watching for file changes with StatReloader
Internal Server Error: /
Traceback (most recent call last):
  File "C:\inetpub\wwwroot\e-randevu\dental_management_system\tenants\hasta_views.py", line 133, in klinik_randevu_sayfasi
    clinic = Clinic.objects.get(subdomain=subdomain, is_active=True)
             ^^^^^^^^^^^^^^^^^^^^^^^^^^^^^^^^^^^^^^^^^^^^^^^^^^^^^^^
  File "C:\inetpub\wwwroot\e-randevu\dental_management_system\venv\Lib\site-packages\django\db\models\manager.py", line 87, in manager_method
    return getattr(self.get_queryset(), name)(*args, **kwargs)
           ^^^^^^^^^^^^^^^^^^^^^^^^^^^^^^^^^^^^^^^^^^^^^^^^^^^
  File "C:\inetpub\wwwroot\e-randevu\dental_management_system\venv\Lib\site-packages\django\db\models\query.py", line 649, in get
    raise self.model.DoesNotExist(
tenants.models.Clinic.DoesNotExist: Clinic matching query does not exist.

During handling of the above exception, another exception occurred:

Traceback (most recent call last):
  File "C:\inetpub\wwwroot\e-randevu\dental_management_system\venv\Lib\site-packages\django\core\handlers\exception.py", line 55, in inner
    response = get_response(request)
               ^^^^^^^^^^^^^^^^^^^^^
  File "C:\inetpub\wwwroot\e-randevu\dental_management_system\venv\Lib\site-packages\django\core\handlers\base.py", line 197, in _get_response
    response = wrapped_callback(request, *callback_args, **callback_kwargs)
               ^^^^^^^^^^^^^^^^^^^^^^^^^^^^^^^^^^^^^^^^^^^^^^^^^^^^^^^^^^^^
  File "C:\inetpub\wwwroot\e-randevu\dental_management_system\tenants\hasta_views.py", line 135, in klinik_randevu_sayfasi
    return render(request, 'hasta/klinik_bulunamadi.html', {}, status=404)
           ^^^^^^^^^^^^^^^^^^^^^^^^^^^^^^^^^^^^^^^^^^^^^^^^^^^^^^^^^^^^^^^
  File "C:\inetpub\wwwroot\e-randevu\dental_management_system\venv\Lib\site-packages\django\shortcuts.py", line 25, in render
    content = loader.render_to_string(template_name, context, request, using=using)
              ^^^^^^^^^^^^^^^^^^^^^^^^^^^^^^^^^^^^^^^^^^^^^^^^^^^^^^^^^^^^^^^^^^^^^
  File "C:\inetpub\wwwroot\e-randevu\dental_management_system\venv\Lib\site-packages\django\template\loader.py", line 61, in render_to_string
    template = get_template(template_name, using=using)
               ^^^^^^^^^^^^^^^^^^^^^^^^^^^^^^^^^^^^^^^^
  File "C:\inetpub\wwwroot\e-randevu\dental_management_system\venv\Lib\site-packages\django\template\loader.py", line 19, in get_template
    raise TemplateDoesNotExist(template_name, chain=chain)
django.template.exceptions.TemplateDoesNotExist: hasta/klinik_bulunamadi.html
[14/Apr/2026 15:00:58] "GET / HTTP/1.1" 500 98164
Not Found: /robots.txt
[14/Apr/2026 15:10:41] "GET /robots.txt HTTP/1.1" 404 2949
Not Found: /config.php
Not Found: /server.js
[14/Apr/2026 15:12:48] "GET /config.php HTTP/1.1" 404 2948
Not Found: /.env
[14/Apr/2026 15:12:48] "GET /server.js HTTP/1.1" 404 2945
Not Found: /.git/config
[14/Apr/2026 15:12:48] "GET /.env HTTP/1.1" 404 2930
[14/Apr/2026 15:12:48] "GET /.git/config HTTP/1.1" 404 2951
Not Found: /phpinfo.php
[14/Apr/2026 15:12:48] "GET /phpinfo.php HTTP/1.1" 404 2951
Not Found: /wp-config.php
Not Found: /app.js
[14/Apr/2026 15:12:48] "GET /wp-config.php HTTP/1.1" 404 2957
[14/Apr/2026 15:12:48] "GET /app.js HTTP/1.1" 404 2936
Not Found: /info.php
Not Found: /appsettings.json
[14/Apr/2026 15:12:48] "GET /appsettings.json HTTP/1.1" 404 2966
[14/Apr/2026 15:12:48] "GET /info.php HTTP/1.1" 404 2942
Not Found: /.gitconfig
Not Found: /application.yml
[14/Apr/2026 15:14:28] "GET /.gitconfig HTTP/1.1" 404 2948
Not Found: /config.js
[14/Apr/2026 15:14:28] "GET /application.yml HTTP/1.1" 404 2963
[14/Apr/2026 15:14:28] "GET /config.js HTTP/1.1" 404 2945
Not Found: /db.php
Not Found: /settings.php
[14/Apr/2026 15:14:28] "GET /db.php HTTP/1.1" 404 2936
Not Found: /.env.bak
[14/Apr/2026 15:14:28] "GET /settings.php HTTP/1.1" 404 2954
[14/Apr/2026 15:14:28] "GET /.env.bak HTTP/1.1" 404 2942
Not Found: /database.php
[14/Apr/2026 15:14:28] "GET /database.php HTTP/1.1" 404 2954
Not Found: /docker-compose.yml
[14/Apr/2026 15:14:29] "GET /docker-compose.yml HTTP/1.1" 404 2972
Not Found: /composer.json
[14/Apr/2026 15:14:29] "GET /composer.json HTTP/1.1" 404 2957
Not Found: /.aws/credentials
[14/Apr/2026 15:15:27] "GET /.aws/credentials HTTP/1.1" 404 2966
Not Found: /pinfo.php
Not Found: /.env.js
[14/Apr/2026 15:15:27] "GET /pinfo.php HTTP/1.1" 404 2945
[14/Apr/2026 15:15:27] "GET /.env.js HTTP/1.1" 404 2939
Not Found: /phpinfo/info.php
[14/Apr/2026 15:15:28] "GET /phpinfo/info.php HTTP/1.1" 404 2966
Not Found: /app/config/parameters.yml
Not Found: /config/parameters.yml
Not Found: /server_info.php
[14/Apr/2026 15:15:28] "GET /app/config/parameters.yml HTTP/1.1" 404 2993
Not Found: /config.json
[14/Apr/2026 15:15:28] "GET /server_info.php HTTP/1.1" 404 2963
Not Found: /.env-config.js
[14/Apr/2026 15:15:28] "GET /config/parameters.yml HTTP/1.1" 404 2981
Not Found: /test.php
[14/Apr/2026 15:15:28] "GET /config.json HTTP/1.1" 404 2951
Not Found: /index.php
Not Found: /config/application.yml
[14/Apr/2026 15:15:28] "GET /.env-config.js HTTP/1.1" 404 2960
Not Found: /portal/phpinfo.php
[14/Apr/2026 15:15:28] "GET /test.php HTTP/1.1" 404 2942
Not Found: /configuration.php
Not Found: /php_info.php
[14/Apr/2026 15:15:28] "GET /index.php HTTP/1.1" 404 2945
Not Found: /functions.php
[14/Apr/2026 15:15:28] "GET /config/application.yml HTTP/1.1" 404 2984
Not Found: /settings.py
[14/Apr/2026 15:15:28] "GET /portal/phpinfo.php HTTP/1.1" 404 2972
[14/Apr/2026 15:15:28] "GET /configuration.php HTTP/1.1" 404 2969
[14/Apr/2026 15:15:28] "GET /php_info.php HTTP/1.1" 404 2954
[14/Apr/2026 15:15:28] "GET /functions.php HTTP/1.1" 404 2957
[14/Apr/2026 15:15:28] "GET /settings.py HTTP/1.1" 404 2951
Internal Server Error: /
Traceback (most recent call last):
  File "C:\inetpub\wwwroot\e-randevu\dental_management_system\tenants\hasta_views.py", line 133, in klinik_randevu_sayfasi
    clinic = Clinic.objects.get(subdomain=subdomain, is_active=True)
             ^^^^^^^^^^^^^^^^^^^^^^^^^^^^^^^^^^^^^^^^^^^^^^^^^^^^^^^
  File "C:\inetpub\wwwroot\e-randevu\dental_management_system\venv\Lib\site-packages\django\db\models\manager.py", line 87, in manager_method
    return getattr(self.get_queryset(), name)(*args, **kwargs)
           ^^^^^^^^^^^^^^^^^^^^^^^^^^^^^^^^^^^^^^^^^^^^^^^^^^^
  File "C:\inetpub\wwwroot\e-randevu\dental_management_system\venv\Lib\site-packages\django\db\models\query.py", line 649, in get
    raise self.model.DoesNotExist(
tenants.models.Clinic.DoesNotExist: Clinic matching query does not exist.

During handling of the above exception, another exception occurred:

Traceback (most recent call last):
  File "C:\inetpub\wwwroot\e-randevu\dental_management_system\venv\Lib\site-packages\django\core\handlers\exception.py", line 55, in inner
    response = get_response(request)
               ^^^^^^^^^^^^^^^^^^^^^
  File "C:\inetpub\wwwroot\e-randevu\dental_management_system\venv\Lib\site-packages\django\core\handlers\base.py", line 197, in _get_response
    response = wrapped_callback(request, *callback_args, **callback_kwargs)
               ^^^^^^^^^^^^^^^^^^^^^^^^^^^^^^^^^^^^^^^^^^^^^^^^^^^^^^^^^^^^
  File "C:\inetpub\wwwroot\e-randevu\dental_management_system\tenants\hasta_views.py", line 135, in klinik_randevu_sayfasi
    return render(request, 'hasta/klinik_bulunamadi.html', {}, status=404)
           ^^^^^^^^^^^^^^^^^^^^^^^^^^^^^^^^^^^^^^^^^^^^^^^^^^^^^^^^^^^^^^^
  File "C:\inetpub\wwwroot\e-randevu\dental_management_system\venv\Lib\site-packages\django\shortcuts.py", line 25, in render
    content = loader.render_to_string(template_name, context, request, using=using)
              ^^^^^^^^^^^^^^^^^^^^^^^^^^^^^^^^^^^^^^^^^^^^^^^^^^^^^^^^^^^^^^^^^^^^^
  File "C:\inetpub\wwwroot\e-randevu\dental_management_system\venv\Lib\site-packages\django\template\loader.py", line 61, in render_to_string
    template = get_template(template_name, using=using)
               ^^^^^^^^^^^^^^^^^^^^^^^^^^^^^^^^^^^^^^^^
  File "C:\inetpub\wwwroot\e-randevu\dental_management_system\venv\Lib\site-packages\django\template\loader.py", line 19, in get_template
    raise TemplateDoesNotExist(template_name, chain=chain)
django.template.exceptions.TemplateDoesNotExist: hasta/klinik_bulunamadi.html
[14/Apr/2026 15:30:36] "GET / HTTP/1.1" 500 98180
