C:\inetpub\wwwroot\e-randevu\dental_management_system\venv\Lib\site-packages\django\db\models\base.py:366: RuntimeWarning: Model 'patients.hastasession' was already registered. Reloading models is not advised as it can lead to inconsistencies, most notably with related models.
  new_class._meta.apps.register_model(new_class._meta.app_label, new_class)
C:\inetpub\wwwroot\e-randevu\dental_management_system\venv\Lib\site-packages\django\db\models\base.py:366: RuntimeWarning: Model 'patients.hastasession' was already registered. Reloading models is not advised as it can lead to inconsistencies, most notably with related models.
  new_class._meta.apps.register_model(new_class._meta.app_label, new_class)
Watching for file changes with StatReloader
[05/May/2026 19:58:35] "GET / HTTP/1.1" 200 9312
[05/May/2026 20:08:14] "GET / HTTP/1.1" 200 9312
Forbidden (Referer checking failed - no Referer.): /
[05/May/2026 20:08:14] "POST / HTTP/1.1" 403 3565
Forbidden (Referer checking failed - no Referer.): /
[05/May/2026 20:08:14] "POST / HTTP/1.1" 403 3565
Forbidden (Referer checking failed - no Referer.): /
[05/May/2026 20:08:14] "POST / HTTP/1.1" 403 3565
Forbidden (Referer checking failed - no Referer.): /
[05/May/2026 20:08:14] "POST / HTTP/1.1" 403 3565
Forbidden (Referer checking failed - no Referer.): /
[05/May/2026 20:08:14] "POST / HTTP/1.1" 403 3565
Forbidden (Referer checking failed - no Referer.): /
[05/May/2026 20:08:14] "POST / HTTP/1.1" 403 3565
Forbidden (Referer checking failed - no Referer.): /
[05/May/2026 20:08:14] "POST / HTTP/1.1" 403 3565
Forbidden (Referer checking failed - no Referer.): /
[05/May/2026 20:08:14] "POST / HTTP/1.1" 403 3565
Forbidden (Referer checking failed - no Referer.): /
[05/May/2026 20:08:14] "POST / HTTP/1.1" 403 3565
