C:\inetpub\wwwroot\e-randevu\dental_management_system\venv\Lib\site-packages\django\db\models\base.py:366: RuntimeWarning: Model 'patients.hastasession' was already registered. Reloading models is not advised as it can lead to inconsistencies, most notably with related models.
  new_class._meta.apps.register_model(new_class._meta.app_label, new_class)
C:\inetpub\wwwroot\e-randevu\dental_management_system\venv\Lib\site-packages\django\db\models\base.py:366: RuntimeWarning: Model 'patients.hastasession' was already registered. Reloading models is not advised as it can lead to inconsistencies, most notably with related models.
  new_class._meta.apps.register_model(new_class._meta.app_label, new_class)
Watching for file changes with StatReloader
[07/Apr/2026 07:31:11] "GET / HTTP/1.1" 200 9312
[07/Apr/2026 07:31:12] "GET / HTTP/1.1" 200 9312
[07/Apr/2026 07:32:30] "GET /static/css/ana_sayfa.css HTTP/1.1" 200 10882
[07/Apr/2026 07:36:49] "GET /robots.txt HTTP/1.1" 301 0
[07/Apr/2026 07:36:49] "GET /robots.txt/ HTTP/1.1" 302 0
[07/Apr/2026 07:36:50] "GET /giris/ HTTP/1.1" 200 5067
[07/Apr/2026 07:43:21] "GET / HTTP/1.1" 200 9312
[07/Apr/2026 07:51:19] "GET /5Q1QKL/api/bildirimler/ HTTP/1.1" 200 21
[07/Apr/2026 07:51:33] "GET /5Q1QKL/api/bildirimler/ HTTP/1.1" 200 21
[07/Apr/2026 07:51:48] "GET /5Q1QKL/api/bildirimler/ HTTP/1.1" 200 21
[07/Apr/2026 07:52:03] "GET /5Q1QKL/api/bildirimler/ HTTP/1.1" 200 21
[07/Apr/2026 07:52:18] "GET /5Q1QKL/api/bildirimler/ HTTP/1.1" 200 21
[07/Apr/2026 07:52:33] "GET /5Q1QKL/api/bildirimler/ HTTP/1.1" 200 21
[07/Apr/2026 07:52:48] "GET /5Q1QKL/api/bildirimler/ HTTP/1.1" 200 21
[07/Apr/2026 07:53:03] "GET /5Q1QKL/api/bildirimler/ HTTP/1.1" 200 21
[07/Apr/2026 07:53:18] "GET /5Q1QKL/api/bildirimler/ HTTP/1.1" 200 21
[07/Apr/2026 07:53:33] "GET /5Q1QKL/api/bildirimler/ HTTP/1.1" 200 21
[07/Apr/2026 07:53:48] "GET /5Q1QKL/api/bildirimler/ HTTP/1.1" 200 21
[07/Apr/2026 07:54:03] "GET /5Q1QKL/api/bildirimler/ HTTP/1.1" 200 21
[07/Apr/2026 07:54:18] "GET /5Q1QKL/api/bildirimler/ HTTP/1.1" 200 21
[07/Apr/2026 07:54:33] "GET /5Q1QKL/api/bildirimler/ HTTP/1.1" 200 21
[07/Apr/2026 07:54:48] "GET /5Q1QKL/api/bildirimler/ HTTP/1.1" 200 21
[07/Apr/2026 07:55:03] "GET /5Q1QKL/api/bildirimler/ HTTP/1.1" 200 21
[07/Apr/2026 07:55:18] "GET /5Q1QKL/api/bildirimler/ HTTP/1.1" 200 21
[07/Apr/2026 07:55:33] "GET /5Q1QKL/api/bildirimler/ HTTP/1.1" 200 21
[07/Apr/2026 07:55:48] "GET /5Q1QKL/api/bildirimler/ HTTP/1.1" 200 21
[07/Apr/2026 07:56:03] "GET /5Q1QKL/api/bildirimler/ HTTP/1.1" 200 21
[07/Apr/2026 07:56:18] "GET /5Q1QKL/api/bildirimler/ HTTP/1.1" 200 21
[07/Apr/2026 07:56:33] "GET /5Q1QKL/api/bildirimler/ HTTP/1.1" 200 21
[07/Apr/2026 07:56:48] "GET /5Q1QKL/api/bildirimler/ HTTP/1.1" 200 21
[07/Apr/2026 07:57:03] "GET /5Q1QKL/api/bildirimler/ HTTP/1.1" 200 21
[07/Apr/2026 07:57:18] "GET /5Q1QKL/api/bildirimler/ HTTP/1.1" 200 21
[07/Apr/2026 07:57:33] "GET /5Q1QKL/api/bildirimler/ HTTP/1.1" 200 21
[07/Apr/2026 07:57:48] "GET /5Q1QKL/api/bildirimler/ HTTP/1.1" 200 21
[07/Apr/2026 07:58:03] "GET /5Q1QKL/api/bildirimler/ HTTP/1.1" 200 21
[07/Apr/2026 07:58:18] "GET /5Q1QKL/api/bildirimler/ HTTP/1.1" 200 21
[07/Apr/2026 07:58:33] "GET /5Q1QKL/api/bildirimler/ HTTP/1.1" 200 21
[07/Apr/2026 07:58:48] "GET /5Q1QKL/api/bildirimler/ HTTP/1.1" 200 21
[07/Apr/2026 07:59:03] "GET /5Q1QKL/api/bildirimler/ HTTP/1.1" 200 21
[07/Apr/2026 07:59:18] "GET /5Q1QKL/api/bildirimler/ HTTP/1.1" 200 21
[07/Apr/2026 07:59:33] "GET /5Q1QKL/api/bildirimler/ HTTP/1.1" 200 21
[07/Apr/2026 07:59:48] "GET /5Q1QKL/api/bildirimler/ HTTP/1.1" 200 21
[07/Apr/2026 08:00:03] "GET /5Q1QKL/api/bildirimler/ HTTP/1.1" 200 21
[07/Apr/2026 08:00:24] "GET /5Q1QKL/api/bildirimler/ HTTP/1.1" 200 21
[07/Apr/2026 08:01:24] "GET /5Q1QKL/api/bildirimler/ HTTP/1.1" 200 21
[07/Apr/2026 08:02:24] "GET /5Q1QKL/api/bildirimler/ HTTP/1.1" 200 21
[07/Apr/2026 08:03:25] "GET /5Q1QKL/api/bildirimler/ HTTP/1.1" 200 21
[07/Apr/2026 08:04:24] "GET /5Q1QKL/api/bildirimler/ HTTP/1.1" 200 21
Internal Server Error: /
Traceback (most recent call last):
  File "C:\inetpub\wwwroot\e-randevu\dental_management_system\tenants\hasta_views.py", line 133, in klinik_randevu_sayfasi
    clinic = Clinic.objects.get(subdomain=subdomain, is_active=True)
             ^^^^^^^^^^^^^^^^^^^^^^^^^^^^^^^^^^^^^^^^^^^^^^^^^^^^^^^
  File "C:\inetpub\wwwroot\e-randevu\dental_management_system\venv\Lib\site-packages\django\db\models\manager.py", line 87, in manager_method
    return getattr(self.get_queryset(), name)(*args, **kwargs)
           ^^^^^^^^^^^^^^^^^^^^^^^^^^^^^^^^^^^^^^^^^^^^^^^^^^^
  File "C:\inetpub\wwwroot\e-randevu\dental_management_system\venv\Lib\site-packages\django\db\models\query.py", line 649, in get
    raise self.model.DoesNotExist(
tenants.models.Clinic.DoesNotExist: Clinic matching query does not exist.

During handling of the above exception, another exception occurred:

Traceback (most recent call last):
  File "C:\inetpub\wwwroot\e-randevu\dental_management_system\venv\Lib\site-packages\django\core\handlers\exception.py", line 55, in inner
    response = get_response(request)
               ^^^^^^^^^^^^^^^^^^^^^
  File "C:\inetpub\wwwroot\e-randevu\dental_management_system\venv\Lib\site-packages\django\core\handlers\base.py", line 197, in _get_response
    response = wrapped_callback(request, *callback_args, **callback_kwargs)
               ^^^^^^^^^^^^^^^^^^^^^^^^^^^^^^^^^^^^^^^^^^^^^^^^^^^^^^^^^^^^
  File "C:\inetpub\wwwroot\e-randevu\dental_management_system\tenants\hasta_views.py", line 135, in klinik_randevu_sayfasi
    return render(request, 'hasta/klinik_bulunamadi.html', {}, status=404)
           ^^^^^^^^^^^^^^^^^^^^^^^^^^^^^^^^^^^^^^^^^^^^^^^^^^^^^^^^^^^^^^^
  File "C:\inetpub\wwwroot\e-randevu\dental_management_system\venv\Lib\site-packages\django\shortcuts.py", line 25, in render
    content = loader.render_to_string(template_name, context, request, using=using)
              ^^^^^^^^^^^^^^^^^^^^^^^^^^^^^^^^^^^^^^^^^^^^^^^^^^^^^^^^^^^^^^^^^^^^^
  File "C:\inetpub\wwwroot\e-randevu\dental_management_system\venv\Lib\site-packages\django\template\loader.py", line 61, in render_to_string
    template = get_template(template_name, using=using)
               ^^^^^^^^^^^^^^^^^^^^^^^^^^^^^^^^^^^^^^^^
  File "C:\inetpub\wwwroot\e-randevu\dental_management_system\venv\Lib\site-packages\django\template\loader.py", line 19, in get_template
    raise TemplateDoesNotExist(template_name, chain=chain)
django.template.exceptions.TemplateDoesNotExist: hasta/klinik_bulunamadi.html
[07/Apr/2026 08:05:14] "GET / HTTP/1.1" 500 98181
[07/Apr/2026 08:05:24] "GET /5Q1QKL/api/bildirimler/ HTTP/1.1" 200 21
[07/Apr/2026 08:06:24] "GET /5Q1QKL/api/bildirimler/ HTTP/1.1" 200 21
[07/Apr/2026 08:07:24] "GET /5Q1QKL/api/bildirimler/ HTTP/1.1" 200 21
Internal Server Error: /
Traceback (most recent call last):
  File "C:\inetpub\wwwroot\e-randevu\dental_management_system\tenants\hasta_views.py", line 133, in klinik_randevu_sayfasi
    clinic = Clinic.objects.get(subdomain=subdomain, is_active=True)
             ^^^^^^^^^^^^^^^^^^^^^^^^^^^^^^^^^^^^^^^^^^^^^^^^^^^^^^^
  File "C:\inetpub\wwwroot\e-randevu\dental_management_system\venv\Lib\site-packages\django\db\models\manager.py", line 87, in manager_method
    return getattr(self.get_queryset(), name)(*args, **kwargs)
           ^^^^^^^^^^^^^^^^^^^^^^^^^^^^^^^^^^^^^^^^^^^^^^^^^^^
  File "C:\inetpub\wwwroot\e-randevu\dental_management_system\venv\Lib\site-packages\django\db\models\query.py", line 649, in get
    raise self.model.DoesNotExist(
tenants.models.Clinic.DoesNotExist: Clinic matching query does not exist.

During handling of the above exception, another exception occurred:

Traceback (most recent call last):
  File "C:\inetpub\wwwroot\e-randevu\dental_management_system\venv\Lib\site-packages\django\core\handlers\exception.py", line 55, in inner
    response = get_response(request)
               ^^^^^^^^^^^^^^^^^^^^^
  File "C:\inetpub\wwwroot\e-randevu\dental_management_system\venv\Lib\site-packages\django\core\handlers\base.py", line 197, in _get_response
    response = wrapped_callback(request, *callback_args, **callback_kwargs)
               ^^^^^^^^^^^^^^^^^^^^^^^^^^^^^^^^^^^^^^^^^^^^^^^^^^^^^^^^^^^^
  File "C:\inetpub\wwwroot\e-randevu\dental_management_system\tenants\hasta_views.py", line 135, in klinik_randevu_sayfasi
    return render(request, 'hasta/klinik_bulunamadi.html', {}, status=404)
           ^^^^^^^^^^^^^^^^^^^^^^^^^^^^^^^^^^^^^^^^^^^^^^^^^^^^^^^^^^^^^^^
  File "C:\inetpub\wwwroot\e-randevu\dental_management_system\venv\Lib\site-packages\django\shortcuts.py", line 25, in render
    content = loader.render_to_string(template_name, context, request, using=using)
              ^^^^^^^^^^^^^^^^^^^^^^^^^^^^^^^^^^^^^^^^^^^^^^^^^^^^^^^^^^^^^^^^^^^^^
  File "C:\inetpub\wwwroot\e-randevu\dental_management_system\venv\Lib\site-packages\django\template\loader.py", line 61, in render_to_string
    template = get_template(template_name, using=using)
               ^^^^^^^^^^^^^^^^^^^^^^^^^^^^^^^^^^^^^^^^
  File "C:\inetpub\wwwroot\e-randevu\dental_management_system\venv\Lib\site-packages\django\template\loader.py", line 19, in get_template
    raise TemplateDoesNotExist(template_name, chain=chain)
django.template.exceptions.TemplateDoesNotExist: hasta/klinik_bulunamadi.html
[07/Apr/2026 08:08:02] "GET / HTTP/1.1" 500 98162
[07/Apr/2026 08:08:24] "GET /5Q1QKL/api/bildirimler/ HTTP/1.1" 200 21
[07/Apr/2026 08:09:24] "GET /5Q1QKL/api/bildirimler/ HTTP/1.1" 200 21
[07/Apr/2026 08:10:25] "GET /5Q1QKL/api/bildirimler/ HTTP/1.1" 200 21
[07/Apr/2026 08:11:24] "GET /5Q1QKL/api/bildirimler/ HTTP/1.1" 200 21
[07/Apr/2026 08:12:24] "GET /5Q1QKL/api/bildirimler/ HTTP/1.1" 200 21
Not Found: /robots.txt
[07/Apr/2026 08:13:23] "GET /robots.txt HTTP/1.1" 404 2949
[07/Apr/2026 08:13:24] "GET /5Q1QKL/api/bildirimler/ HTTP/1.1" 200 21
[07/Apr/2026 08:13:25] "GET / HTTP/1.1" 200 9312
[07/Apr/2026 08:14:25] "GET /5Q1QKL/api/bildirimler/ HTTP/1.1" 200 21
[07/Apr/2026 08:15:24] "GET /5Q1QKL/api/bildirimler/ HTTP/1.1" 200 21
[07/Apr/2026 08:16:24] "GET /5Q1QKL/api/bildirimler/ HTTP/1.1" 200 21
[07/Apr/2026 08:17:24] "GET /5Q1QKL/api/bildirimler/ HTTP/1.1" 200 21
[07/Apr/2026 08:18:24] "GET /5Q1QKL/api/bildirimler/ HTTP/1.1" 200 21
[07/Apr/2026 08:19:24] "GET /5Q1QKL/api/bildirimler/ HTTP/1.1" 200 21
[07/Apr/2026 08:20:25] "GET /5Q1QKL/api/bildirimler/ HTTP/1.1" 200 21
[07/Apr/2026 08:21:24] "GET /5Q1QKL/api/bildirimler/ HTTP/1.1" 200 21
[07/Apr/2026 08:22:24] "GET /5Q1QKL/api/bildirimler/ HTTP/1.1" 200 21
[07/Apr/2026 08:23:24] "GET /5Q1QKL/api/bildirimler/ HTTP/1.1" 200 21
[07/Apr/2026 08:24:24] "GET /5Q1QKL/api/bildirimler/ HTTP/1.1" 200 21
[07/Apr/2026 08:25:24] "GET /5Q1QKL/api/bildirimler/ HTTP/1.1" 200 21
[07/Apr/2026 08:26:24] "GET /5Q1QKL/api/bildirimler/ HTTP/1.1" 200 21
[07/Apr/2026 08:27:24] "GET /5Q1QKL/api/bildirimler/ HTTP/1.1" 200 21
[07/Apr/2026 08:28:24] "GET /5Q1QKL/api/bildirimler/ HTTP/1.1" 200 21
[07/Apr/2026 08:29:25] "GET /5Q1QKL/api/bildirimler/ HTTP/1.1" 200 21
[07/Apr/2026 08:30:24] "GET /5Q1QKL/api/bildirimler/ HTTP/1.1" 200 21
[07/Apr/2026 08:31:24] "GET /5Q1QKL/api/bildirimler/ HTTP/1.1" 200 21
[07/Apr/2026 08:32:24] "GET /5Q1QKL/api/bildirimler/ HTTP/1.1" 200 21
[07/Apr/2026 08:33:24] "GET /5Q1QKL/api/bildirimler/ HTTP/1.1" 200 21
[07/Apr/2026 08:34:24] "GET /5Q1QKL/api/bildirimler/ HTTP/1.1" 200 21
[07/Apr/2026 08:35:24] "GET /5Q1QKL/api/bildirimler/ HTTP/1.1" 200 21
[07/Apr/2026 08:36:24] "GET /5Q1QKL/api/bildirimler/ HTTP/1.1" 200 21
[07/Apr/2026 08:37:24] "GET /5Q1QKL/api/bildirimler/ HTTP/1.1" 200 21
[07/Apr/2026 08:38:24] "GET /5Q1QKL/api/bildirimler/ HTTP/1.1" 200 21
[07/Apr/2026 08:39:24] "GET /5Q1QKL/api/bildirimler/ HTTP/1.1" 200 21
[07/Apr/2026 08:40:24] "GET /5Q1QKL/api/bildirimler/ HTTP/1.1" 200 21
[07/Apr/2026 08:41:24] "GET /5Q1QKL/api/bildirimler/ HTTP/1.1" 200 21
[07/Apr/2026 08:42:24] "GET /5Q1QKL/api/bildirimler/ HTTP/1.1" 200 21
[07/Apr/2026 08:43:24] "GET /5Q1QKL/api/bildirimler/ HTTP/1.1" 200 21
[07/Apr/2026 08:44:24] "GET /5Q1QKL/api/bildirimler/ HTTP/1.1" 200 21
[07/Apr/2026 08:45:25] "GET /5Q1QKL/api/bildirimler/ HTTP/1.1" 200 21
[07/Apr/2026 08:46:24] "GET /5Q1QKL/api/bildirimler/ HTTP/1.1" 200 21
[07/Apr/2026 08:47:24] "GET /5Q1QKL/api/bildirimler/ HTTP/1.1" 200 21
Internal Server Error: /
Traceback (most recent call last):
  File "C:\inetpub\wwwroot\e-randevu\dental_management_system\tenants\hasta_views.py", line 133, in klinik_randevu_sayfasi
    clinic = Clinic.objects.get(subdomain=subdomain, is_active=True)
             ^^^^^^^^^^^^^^^^^^^^^^^^^^^^^^^^^^^^^^^^^^^^^^^^^^^^^^^
  File "C:\inetpub\wwwroot\e-randevu\dental_management_system\venv\Lib\site-packages\django\db\models\manager.py", line 87, in manager_method
    return getattr(self.get_queryset(), name)(*args, **kwargs)
           ^^^^^^^^^^^^^^^^^^^^^^^^^^^^^^^^^^^^^^^^^^^^^^^^^^^
  File "C:\inetpub\wwwroot\e-randevu\dental_management_system\venv\Lib\site-packages\django\db\models\query.py", line 649, in get
    raise self.model.DoesNotExist(
tenants.models.Clinic.DoesNotExist: Clinic matching query does not exist.

During handling of the above exception, another exception occurred:

Traceback (most recent call last):
  File "C:\inetpub\wwwroot\e-randevu\dental_management_system\venv\Lib\site-packages\django\core\handlers\exception.py", line 55, in inner
    response = get_response(request)
               ^^^^^^^^^^^^^^^^^^^^^
  File "C:\inetpub\wwwroot\e-randevu\dental_management_system\venv\Lib\site-packages\django\core\handlers\base.py", line 197, in _get_response
    response = wrapped_callback(request, *callback_args, **callback_kwargs)
               ^^^^^^^^^^^^^^^^^^^^^^^^^^^^^^^^^^^^^^^^^^^^^^^^^^^^^^^^^^^^
  File "C:\inetpub\wwwroot\e-randevu\dental_management_system\tenants\hasta_views.py", line 135, in klinik_randevu_sayfasi
    return render(request, 'hasta/klinik_bulunamadi.html', {}, status=404)
           ^^^^^^^^^^^^^^^^^^^^^^^^^^^^^^^^^^^^^^^^^^^^^^^^^^^^^^^^^^^^^^^
  File "C:\inetpub\wwwroot\e-randevu\dental_management_system\venv\Lib\site-packages\django\shortcuts.py", line 25, in render
    content = loader.render_to_string(template_name, context, request, using=using)
              ^^^^^^^^^^^^^^^^^^^^^^^^^^^^^^^^^^^^^^^^^^^^^^^^^^^^^^^^^^^^^^^^^^^^^
  File "C:\inetpub\wwwroot\e-randevu\dental_management_system\venv\Lib\site-packages\django\template\loader.py", line 61, in render_to_string
    template = get_template(template_name, using=using)
               ^^^^^^^^^^^^^^^^^^^^^^^^^^^^^^^^^^^^^^^^
  File "C:\inetpub\wwwroot\e-randevu\dental_management_system\venv\Lib\site-packages\django\template\loader.py", line 19, in get_template
    raise TemplateDoesNotExist(template_name, chain=chain)
django.template.exceptions.TemplateDoesNotExist: hasta/klinik_bulunamadi.html
[07/Apr/2026 08:48:00] "GET / HTTP/1.1" 500 97723
[07/Apr/2026 08:48:24] "GET /5Q1QKL/api/bildirimler/ HTTP/1.1" 200 21
[07/Apr/2026 08:49:25] "GET /5Q1QKL/api/bildirimler/ HTTP/1.1" 200 21
[07/Apr/2026 08:50:24] "GET /5Q1QKL/api/bildirimler/ HTTP/1.1" 200 21
[07/Apr/2026 08:51:24] "GET /5Q1QKL/api/bildirimler/ HTTP/1.1" 200 21
Not Found: /robots.txt
[07/Apr/2026 08:51:57] "GET /robots.txt HTTP/1.1" 404 2356
[07/Apr/2026 08:52:24] "GET /5Q1QKL/api/bildirimler/ HTTP/1.1" 200 21
[07/Apr/2026 08:53:24] "GET /5Q1QKL/api/bildirimler/ HTTP/1.1" 200 21
[07/Apr/2026 08:54:24] "GET /5Q1QKL/api/bildirimler/ HTTP/1.1" 200 21
[07/Apr/2026 08:55:24] "GET /5Q1QKL/api/bildirimler/ HTTP/1.1" 200 21
[07/Apr/2026 08:56:24] "GET /5Q1QKL/api/bildirimler/ HTTP/1.1" 200 21
[07/Apr/2026 08:57:24] "GET /5Q1QKL/api/bildirimler/ HTTP/1.1" 200 21
[07/Apr/2026 08:58:24] "GET /5Q1QKL/api/bildirimler/ HTTP/1.1" 200 21
