C:\inetpub\wwwroot\e-randevu\dental_management_system\venv\Lib\site-packages\django\db\models\base.py:366: RuntimeWarning: Model 'patients.hastasession' was already registered. Reloading models is not advised as it can lead to inconsistencies, most notably with related models.
  new_class._meta.apps.register_model(new_class._meta.app_label, new_class)
C:\inetpub\wwwroot\e-randevu\dental_management_system\venv\Lib\site-packages\django\db\models\base.py:366: RuntimeWarning: Model 'patients.hastasession' was already registered. Reloading models is not advised as it can lead to inconsistencies, most notably with related models.
  new_class._meta.apps.register_model(new_class._meta.app_label, new_class)
Watching for file changes with StatReloader
Internal Server Error: /
Traceback (most recent call last):
  File "C:\inetpub\wwwroot\e-randevu\dental_management_system\tenants\hasta_views.py", line 133, in klinik_randevu_sayfasi
    clinic = Clinic.objects.get(subdomain=subdomain, is_active=True)
             ^^^^^^^^^^^^^^^^^^^^^^^^^^^^^^^^^^^^^^^^^^^^^^^^^^^^^^^
  File "C:\inetpub\wwwroot\e-randevu\dental_management_system\venv\Lib\site-packages\django\db\models\manager.py", line 87, in manager_method
    return getattr(self.get_queryset(), name)(*args, **kwargs)
           ^^^^^^^^^^^^^^^^^^^^^^^^^^^^^^^^^^^^^^^^^^^^^^^^^^^
  File "C:\inetpub\wwwroot\e-randevu\dental_management_system\venv\Lib\site-packages\django\db\models\query.py", line 649, in get
    raise self.model.DoesNotExist(
tenants.models.Clinic.DoesNotExist: Clinic matching query does not exist.

During handling of the above exception, another exception occurred:

Traceback (most recent call last):
  File "C:\inetpub\wwwroot\e-randevu\dental_management_system\venv\Lib\site-packages\django\core\handlers\exception.py", line 55, in inner
    response = get_response(request)
               ^^^^^^^^^^^^^^^^^^^^^
  File "C:\inetpub\wwwroot\e-randevu\dental_management_system\venv\Lib\site-packages\django\core\handlers\base.py", line 197, in _get_response
    response = wrapped_callback(request, *callback_args, **callback_kwargs)
               ^^^^^^^^^^^^^^^^^^^^^^^^^^^^^^^^^^^^^^^^^^^^^^^^^^^^^^^^^^^^
  File "C:\inetpub\wwwroot\e-randevu\dental_management_system\tenants\hasta_views.py", line 135, in klinik_randevu_sayfasi
    return render(request, 'hasta/klinik_bulunamadi.html', {}, status=404)
           ^^^^^^^^^^^^^^^^^^^^^^^^^^^^^^^^^^^^^^^^^^^^^^^^^^^^^^^^^^^^^^^
  File "C:\inetpub\wwwroot\e-randevu\dental_management_system\venv\Lib\site-packages\django\shortcuts.py", line 25, in render
    content = loader.render_to_string(template_name, context, request, using=using)
              ^^^^^^^^^^^^^^^^^^^^^^^^^^^^^^^^^^^^^^^^^^^^^^^^^^^^^^^^^^^^^^^^^^^^^
  File "C:\inetpub\wwwroot\e-randevu\dental_management_system\venv\Lib\site-packages\django\template\loader.py", line 61, in render_to_string
    template = get_template(template_name, using=using)
               ^^^^^^^^^^^^^^^^^^^^^^^^^^^^^^^^^^^^^^^^
  File "C:\inetpub\wwwroot\e-randevu\dental_management_system\venv\Lib\site-packages\django\template\loader.py", line 19, in get_template
    raise TemplateDoesNotExist(template_name, chain=chain)
django.template.exceptions.TemplateDoesNotExist: hasta/klinik_bulunamadi.html
[01/Apr/2026 22:43:37] "GET / HTTP/1.1" 500 98108
Not Found: /wp-content/plugins/hellopress/wp_filemanager.php
[01/Apr/2026 22:45:44] "GET /wp-content/plugins/hellopress/wp_filemanager.php HTTP/1.1" 404 3062
Not Found: /mini.php
[01/Apr/2026 22:45:44] "GET /mini.php HTTP/1.1" 404 2942
Not Found: /aa.php
[01/Apr/2026 22:45:44] "GET /aa.php HTTP/1.1" 404 2936
Not Found: /2.php
[01/Apr/2026 22:45:44] "GET /2.php HTTP/1.1" 404 2933
Not Found: /as.php
[01/Apr/2026 22:45:45] "GET /as.php HTTP/1.1" 404 2936
Not Found: /66.php
[01/Apr/2026 22:45:45] "GET /66.php?p= HTTP/1.1" 404 2939
Not Found: /file6.php
[01/Apr/2026 22:45:45] "GET /file6.php HTTP/1.1" 404 2945
Not Found: /wp-admins.php
[01/Apr/2026 22:45:45] "GET /wp-admins.php HTTP/1.1" 404 2957
Not Found: /a.php
[01/Apr/2026 22:45:45] "GET /a.php HTTP/1.1" 404 2933
Not Found: /alfa.php
[01/Apr/2026 22:45:45] "GET /alfa.php HTTP/1.1" 404 2942
Not Found: /about.php
[01/Apr/2026 22:45:46] "GET /about.php HTTP/1.1" 404 2945
Not Found: /wp-login.php
[01/Apr/2026 22:45:46] "GET /wp-login.php HTTP/1.1" 404 2954
Not Found: /default.php
[01/Apr/2026 22:45:46] "GET /default.php HTTP/1.1" 404 2951
Not Found: /abcd.php
[01/Apr/2026 22:45:46] "GET /abcd.php HTTP/1.1" 404 2942
Not Found: /ioxi002.PhP7
[01/Apr/2026 22:45:46] "GET /ioxi002.PhP7 HTTP/1.1" 404 2954
Not Found: /main.php
[01/Apr/2026 22:45:46] "GET /main.php HTTP/1.1" 404 2942
Not Found: /inputs.php
[01/Apr/2026 22:45:47] "GET /inputs.php HTTP/1.1" 404 2948
Not Found: /p.php
[01/Apr/2026 22:45:47] "GET /p.php HTTP/1.1" 404 2933
Not Found: /ca.php
[01/Apr/2026 22:45:47] "GET /ca.php HTTP/1.1" 404 2936
Not Found: /doc.php
[01/Apr/2026 22:45:47] "GET /doc.php HTTP/1.1" 404 2939
Not Found: /a4.php
[01/Apr/2026 22:45:47] "GET /a4.php HTTP/1.1" 404 2936
Not Found: /jquery.php
[01/Apr/2026 22:45:47] "GET /jquery.php HTTP/1.1" 404 2948
Not Found: /wp.php
[01/Apr/2026 22:45:47] "GET /wp.php HTTP/1.1" 404 2936
Not Found: /bolt.php
[01/Apr/2026 22:45:48] "GET /bolt.php HTTP/1.1" 404 2942
Not Found: /wp-admin/maint/admin.php
[01/Apr/2026 22:45:48] "GET /wp-admin/maint/admin.php HTTP/1.1" 404 2990
Not Found: /style.php
[01/Apr/2026 22:45:48] "GET /style.php HTTP/1.1" 404 2945
Not Found: /up.php
[01/Apr/2026 22:45:48] "GET /up.php?x= HTTP/1.1" 404 2939
Not Found: /wp-content/index.php
[01/Apr/2026 22:45:48] "GET /wp-content/index.php HTTP/1.1" 404 2978
Not Found: /222.php
[01/Apr/2026 22:45:48] "GET /222.php HTTP/1.1" 404 2939
Not Found: /wp-mail.php
[01/Apr/2026 22:45:48] "GET /wp-mail.php HTTP/1.1" 404 2951
Not Found: /d.php
[01/Apr/2026 22:45:49] "GET /d.php HTTP/1.1" 404 2933
Not Found: /goods.php
[01/Apr/2026 22:45:49] "GET /goods.php HTTP/1.1" 404 2945
Not Found: /file61.php
[01/Apr/2026 22:45:49] "GET /file61.php HTTP/1.1" 404 2948
Not Found: /info.php
[01/Apr/2026 22:45:49] "GET /info.php HTTP/1.1" 404 2942
Not Found: /config.php
[01/Apr/2026 22:45:49] "GET /config.php HTTP/1.1" 404 2948
Not Found: /1.php
[01/Apr/2026 22:45:49] "GET /1.php HTTP/1.1" 404 2933
Not Found: /test.php
[01/Apr/2026 22:45:50] "GET /test.php HTTP/1.1" 404 2942
Not Found: /click.php
[01/Apr/2026 22:45:50] "GET /click.php HTTP/1.1" 404 2945
Not Found: /wp-config-sample.php
[01/Apr/2026 22:45:50] "GET /wp-config-sample.php?p= HTTP/1.1" 404 2981
Not Found: /wp-info.php
[01/Apr/2026 22:45:50] "GET /wp-info.php HTTP/1.1" 404 2951
Not Found: /wp-atom.php
[01/Apr/2026 22:45:50] "GET /wp-atom.php HTTP/1.1" 404 2951
Not Found: /admin.php
[01/Apr/2026 22:45:50] "GET /admin.php HTTP/1.1" 404 2945
