C:\inetpub\wwwroot\e-randevu\dental_management_system\venv\Lib\site-packages\django\db\models\base.py:366: RuntimeWarning: Model 'patients.hastasession' was already registered. Reloading models is not advised as it can lead to inconsistencies, most notably with related models.
  new_class._meta.apps.register_model(new_class._meta.app_label, new_class)
C:\inetpub\wwwroot\e-randevu\dental_management_system\venv\Lib\site-packages\django\db\models\base.py:366: RuntimeWarning: Model 'patients.hastasession' was already registered. Reloading models is not advised as it can lead to inconsistencies, most notably with related models.
  new_class._meta.apps.register_model(new_class._meta.app_label, new_class)
Watching for file changes with StatReloader
Internal Server Error: /
Traceback (most recent call last):
  File "C:\inetpub\wwwroot\e-randevu\dental_management_system\tenants\hasta_views.py", line 133, in klinik_randevu_sayfasi
    clinic = Clinic.objects.get(subdomain=subdomain, is_active=True)
             ^^^^^^^^^^^^^^^^^^^^^^^^^^^^^^^^^^^^^^^^^^^^^^^^^^^^^^^
  File "C:\inetpub\wwwroot\e-randevu\dental_management_system\venv\Lib\site-packages\django\db\models\manager.py", line 87, in manager_method
    return getattr(self.get_queryset(), name)(*args, **kwargs)
           ^^^^^^^^^^^^^^^^^^^^^^^^^^^^^^^^^^^^^^^^^^^^^^^^^^^
  File "C:\inetpub\wwwroot\e-randevu\dental_management_system\venv\Lib\site-packages\django\db\models\query.py", line 649, in get
    raise self.model.DoesNotExist(
tenants.models.Clinic.DoesNotExist: Clinic matching query does not exist.

During handling of the above exception, another exception occurred:

Traceback (most recent call last):
  File "C:\inetpub\wwwroot\e-randevu\dental_management_system\venv\Lib\site-packages\django\core\handlers\exception.py", line 55, in inner
    response = get_response(request)
               ^^^^^^^^^^^^^^^^^^^^^
  File "C:\inetpub\wwwroot\e-randevu\dental_management_system\venv\Lib\site-packages\django\core\handlers\base.py", line 197, in _get_response
    response = wrapped_callback(request, *callback_args, **callback_kwargs)
               ^^^^^^^^^^^^^^^^^^^^^^^^^^^^^^^^^^^^^^^^^^^^^^^^^^^^^^^^^^^^
  File "C:\inetpub\wwwroot\e-randevu\dental_management_system\tenants\hasta_views.py", line 135, in klinik_randevu_sayfasi
    return render(request, 'hasta/klinik_bulunamadi.html', {}, status=404)
           ^^^^^^^^^^^^^^^^^^^^^^^^^^^^^^^^^^^^^^^^^^^^^^^^^^^^^^^^^^^^^^^
  File "C:\inetpub\wwwroot\e-randevu\dental_management_system\venv\Lib\site-packages\django\shortcuts.py", line 25, in render
    content = loader.render_to_string(template_name, context, request, using=using)
              ^^^^^^^^^^^^^^^^^^^^^^^^^^^^^^^^^^^^^^^^^^^^^^^^^^^^^^^^^^^^^^^^^^^^^
  File "C:\inetpub\wwwroot\e-randevu\dental_management_system\venv\Lib\site-packages\django\template\loader.py", line 61, in render_to_string
    template = get_template(template_name, using=using)
               ^^^^^^^^^^^^^^^^^^^^^^^^^^^^^^^^^^^^^^^^
  File "C:\inetpub\wwwroot\e-randevu\dental_management_system\venv\Lib\site-packages\django\template\loader.py", line 19, in get_template
    raise TemplateDoesNotExist(template_name, chain=chain)
django.template.exceptions.TemplateDoesNotExist: hasta/klinik_bulunamadi.html
[27/Apr/2026 11:22:50] "GET / HTTP/1.1" 500 98184
Not Found: /
[27/Apr/2026 11:42:24] "GET / HTTP/1.1" 404 8849
[27/Apr/2026 11:42:31] "GET /sitemap.xml HTTP/1.1" 301 0
[27/Apr/2026 11:42:35] "GET /robots.txt HTTP/1.1" 301 0
[27/Apr/2026 11:42:36] "GET /robots.txt/ HTTP/1.1" 302 0
[27/Apr/2026 11:42:44] "GET /asset-manifest.json HTTP/1.1" 301 0
[27/Apr/2026 11:42:48] "GET /manifest.json HTTP/1.1" 301 0
[27/Apr/2026 11:42:51] "GET /manifest.json/ HTTP/1.1" 302 0
[27/Apr/2026 11:42:57] "GET /build-manifest.json HTTP/1.1" 301 0
Not Found: /_next/static/buildManifest.js
[27/Apr/2026 11:42:59] "GET /_next/static/buildManifest.js HTTP/1.1" 404 8954
Not Found: /.aws/config
[27/Apr/2026 11:43:03] "GET /.aws/config HTTP/1.1" 404 8900
[27/Apr/2026 11:43:03] "GET /.env.production HTTP/1.1" 301 0
[27/Apr/2026 11:43:03] "GET /.env.local HTTP/1.1" 301 0
[27/Apr/2026 11:43:03] "GET /.env.example HTTP/1.1" 301 0
[27/Apr/2026 11:43:03] "GET /.env.old HTTP/1.1" 301 0
Not Found: /backend/.env
[27/Apr/2026 11:43:03] "GET /config.env HTTP/1.1" 301 0
[27/Apr/2026 11:43:03] "GET /.env.bak HTTP/1.1" 301 0
[27/Apr/2026 11:43:04] "GET /backend/.env HTTP/1.1" 404 8903
Not Found: /api/.env
[27/Apr/2026 11:43:04] "GET /api/.env HTTP/1.1" 404 8891
[27/Apr/2026 11:43:04] "GET /.env.production.bak HTTP/1.1" 301 0
[27/Apr/2026 11:43:04] "GET /.env HTTP/1.1" 301 0
Not Found: /public/.env
Not Found: /admin/.env
[27/Apr/2026 11:43:04] "GET /.env.backup HTTP/1.1" 301 0
Not Found: /app/.env
[27/Apr/2026 11:43:04] "GET /public/.env HTTP/1.1" 404 8900
[27/Apr/2026 11:43:04] "GET /admin/.env HTTP/1.1" 404 8897
[27/Apr/2026 11:43:04] "GET /app/.env HTTP/1.1" 404 8891
Not Found: /.git/config
Not Found: /.aws/credentials
[27/Apr/2026 11:43:04] "GET /.git/config HTTP/1.1" 404 8900
[27/Apr/2026 11:43:04] "GET /.aws/credentials HTTP/1.1" 404 8915
[27/Apr/2026 11:43:04] "GET /.env.development HTTP/1.1" 301 0
[27/Apr/2026 11:43:06] "GET /env.js HTTP/1.1" 301 0
Not Found: /api/env
[27/Apr/2026 11:43:06] "GET /env.json HTTP/1.1" 301 0
[27/Apr/2026 11:43:06] "GET /api/env HTTP/1.1" 404 8888
[27/Apr/2026 11:43:06] "GET /graphql HTTP/1.1" 301 0
[27/Apr/2026 11:43:06] "GET /runtime-config.js HTTP/1.1" 301 0
[27/Apr/2026 11:43:06] "GET /config.js HTTP/1.1" 301 0
Not Found: /api/v1/settings
Not Found: /api/v1/config
[27/Apr/2026 11:43:06] "GET /api/v1/settings HTTP/1.1" 404 8912
[27/Apr/2026 11:43:06] "GET /api/v1/config HTTP/1.1" 404 8906
Not Found: /api/v1/env
[27/Apr/2026 11:43:06] "GET /__env.js HTTP/1.1" 301 0
Not Found: /api/settings
[27/Apr/2026 11:43:06] "GET /api/v1/env HTTP/1.1" 404 8897
[27/Apr/2026 11:43:06] "GET /config.json HTTP/1.1" 301 0
[27/Apr/2026 11:43:06] "GET /api/settings HTTP/1.1" 404 8903
Not Found: /api/config
[27/Apr/2026 11:43:06] "GET /api/config HTTP/1.1" 404 8897
[27/Apr/2026 11:43:06] "GET /settings.json HTTP/1.1" 301 0
[27/Apr/2026 11:43:06] "GET /app-config.json HTTP/1.1" 301 0
[27/Apr/2026 11:43:07] "GET /config.js/ HTTP/1.1" 302 0
[27/Apr/2026 11:43:07] "GET /runtime-config.js/ HTTP/1.1" 302 0
[27/Apr/2026 11:43:07] "GET /__env.js/ HTTP/1.1" 302 0
[27/Apr/2026 11:43:07] "GET /config.json/ HTTP/1.1" 302 0
[27/Apr/2026 11:43:07] "GET /settings.json/ HTTP/1.1" 302 0
[27/Apr/2026 11:43:07] "GET /app-config.json/ HTTP/1.1" 302 0
[27/Apr/2026 11:43:10] "GET /graphql/ HTTP/1.1" 302 0
[27/Apr/2026 11:43:10] "GET /env.js/ HTTP/1.1" 302 0
[27/Apr/2026 11:43:10] "GET /env.json/ HTTP/1.1" 302 0
[27/Apr/2026 11:43:10] "GET /giris/ HTTP/1.1" 200 5067
[27/Apr/2026 11:43:10] "GET /giris/ HTTP/1.1" 200 5067
[27/Apr/2026 11:43:10] "GET /giris/ HTTP/1.1" 200 5067
[27/Apr/2026 11:43:10] "GET /giris/ HTTP/1.1" 200 5067
[27/Apr/2026 11:43:12] "GET /giris/ HTTP/1.1" 200 5067
[27/Apr/2026 11:43:13] "GET /giris/ HTTP/1.1" 200 5067
[27/Apr/2026 11:43:13] "GET /giris/ HTTP/1.1" 200 5067
[27/Apr/2026 11:43:13] "GET /giris/ HTTP/1.1" 200 5067
[27/Apr/2026 11:43:13] "GET /giris/ HTTP/1.1" 200 5067
Not Found: /
[27/Apr/2026 11:44:13] "GET / HTTP/1.1" 404 8848
[27/Apr/2026 11:49:13] "GET /robots.txt HTTP/1.1" 301 0
[27/Apr/2026 11:49:13] "GET /robots.txt/ HTTP/1.1" 302 0
[27/Apr/2026 11:49:13] "GET /giris/ HTTP/1.1" 200 5067
