C:\inetpub\wwwroot\e-randevu\dental_management_system\venv\Lib\site-packages\django\db\models\base.py:366: RuntimeWarning: Model 'patients.hastasession' was already registered. Reloading models is not advised as it can lead to inconsistencies, most notably with related models.
  new_class._meta.apps.register_model(new_class._meta.app_label, new_class)
C:\inetpub\wwwroot\e-randevu\dental_management_system\venv\Lib\site-packages\django\db\models\base.py:366: RuntimeWarning: Model 'patients.hastasession' was already registered. Reloading models is not advised as it can lead to inconsistencies, most notably with related models.
  new_class._meta.apps.register_model(new_class._meta.app_label, new_class)
Watching for file changes with StatReloader
Not Found: /wp-content/plugins/hellopress/wp_filemanager.php
[25/Apr/2026 05:27:09] "GET /wp-content/plugins/hellopress/wp_filemanager.php HTTP/1.1" 404 3062
Not Found: /hypo.php
[25/Apr/2026 05:27:09] "GET /hypo.php HTTP/1.1" 404 2942
Not Found: /insc.php
[25/Apr/2026 05:27:10] "GET /insc.php HTTP/1.1" 404 2942
Not Found: /wp-content/plugins/hellopress/wp_filemanager.php
[25/Apr/2026 05:28:19] "GET /wp-content/plugins/hellopress/wp_filemanager.php HTTP/1.1" 404 3062
Not Found: /file0.php
[25/Apr/2026 05:28:19] "GET /file0.php HTTP/1.1" 404 2945
Not Found: /t3s.php
[25/Apr/2026 05:28:19] "GET /t3s.php HTTP/1.1" 404 2939
Not Found: /uwu.php
[25/Apr/2026 05:28:19] "GET /uwu.php HTTP/1.1" 404 2939
Not Found: /uwa.php
[25/Apr/2026 05:28:19] "GET /uwa.php HTTP/1.1" 404 2939
Not Found: /crgio.php
[25/Apr/2026 05:28:19] "GET /crgio.php HTTP/1.1" 404 2945
Not Found: /mini.php
[25/Apr/2026 05:28:20] "GET /mini.php HTTP/1.1" 404 2942
Not Found: /wp-load.php
[25/Apr/2026 05:28:20] "GET /wp-load.php HTTP/1.1" 404 2951
Not Found: /77.php
[25/Apr/2026 05:28:21] "GET /77.php HTTP/1.1" 404 2936
Not Found: /.sghb.php
[25/Apr/2026 05:28:21] "GET /.sghb.php HTTP/1.1" 404 2945
Not Found: /zoko.php
[25/Apr/2026 05:28:22] "GET /zoko.php HTTP/1.1" 404 2942
Not Found: /solo1.php
[25/Apr/2026 05:28:23] "GET /solo1.php HTTP/1.1" 404 2945
Not Found: /locales.php
[25/Apr/2026 05:28:23] "GET /locales.php HTTP/1.1" 404 2951
Not Found: /bgymj.php
[25/Apr/2026 05:28:23] "GET /bgymj.php HTTP/1.1" 404 2945
Not Found: /pucci.php
[25/Apr/2026 05:28:23] "GET /pucci.php HTTP/1.1" 404 2945
Not Found: /wp-includes/blocks/details/
[25/Apr/2026 05:28:23] "GET /wp-includes/blocks/details/ HTTP/1.1" 404 2999
Not Found: /.dj/index.php
[25/Apr/2026 05:28:23] "GET /.dj/index.php HTTP/1.1" 404 2957
Not Found: /wp-includes/blocks/audio/
[25/Apr/2026 05:28:23] "GET /wp-includes/blocks/audio/ HTTP/1.1" 404 2993
Not Found: /.tmb/
[25/Apr/2026 05:28:23] "GET /.tmb/ HTTP/1.1" 404 2933
Not Found: /one.php
[25/Apr/2026 05:28:23] "GET /one.php HTTP/1.1" 404 2939
Not Found: /no20.php
[25/Apr/2026 05:28:23] "GET /no20.php HTTP/1.1" 404 2942
Not Found: /wp-alone.php
[25/Apr/2026 05:28:23] "GET /wp-alone.php HTTP/1.1" 404 2954
Not Found: /yasnu.php
[25/Apr/2026 05:28:24] "GET /yasnu.php HTTP/1.1" 404 2945
Not Found: /sl.php
[25/Apr/2026 05:28:24] "GET /sl.php HTTP/1.1" 404 2936
Not Found: /vuln.php
[25/Apr/2026 05:28:24] "GET /vuln.php HTTP/1.1" 404 2942
Not Found: /wp-temp.php
[25/Apr/2026 05:28:24] "GET /wp-temp.php HTTP/1.1" 404 2951
Not Found: /wp-content/themes/twentytwentyfive/assets/
[25/Apr/2026 05:28:24] "GET /wp-content/themes/twentytwentyfive/assets/ HTTP/1.1" 404 3044
Not Found: /wp-includes/blocks/buttons/
[25/Apr/2026 05:28:24] "GET /wp-includes/blocks/buttons/ HTTP/1.1" 404 2999
Not Found: /class-bda.php
[25/Apr/2026 05:28:24] "GET /class-bda.php HTTP/1.1" 404 2957
Not Found: /bhm.php
[25/Apr/2026 05:28:24] "GET /bhm.php HTTP/1.1" 404 2939
Not Found: /xmu.php
[25/Apr/2026 05:28:24] "GET /xmu.php HTTP/1.1" 404 2939
Not Found: /ref.php
[25/Apr/2026 05:28:24] "GET /ref.php HTTP/1.1" 404 2939
Not Found: /wp-xme.php
[25/Apr/2026 05:28:24] "GET /wp-xme.php HTTP/1.1" 404 2948
Not Found: /adminer.php
[25/Apr/2026 05:28:24] "GET /adminer.php HTTP/1.1" 404 2951
Not Found: /ktfow.php
[25/Apr/2026 05:28:25] "GET /ktfow.php HTTP/1.1" 404 2945
Not Found: /mode.php
[25/Apr/2026 05:28:25] "GET /mode.php HTTP/1.1" 404 2942
Not Found: /2468.php
[25/Apr/2026 05:28:25] "GET /2468.php HTTP/1.1" 404 2942
Not Found: /wp-admin/js/index.php
[25/Apr/2026 05:28:25] "GET /wp-admin/js/index.php HTTP/1.1" 404 2981
Not Found: /dx.php
[25/Apr/2026 05:28:25] "GET /dx.php HTTP/1.1" 404 2936
Not Found: /amdin.php
[25/Apr/2026 05:28:25] "GET /amdin.php HTTP/1.1" 404 2945
Not Found: /huya.php
[25/Apr/2026 05:28:25] "GET /huya.php HTTP/1.1" 404 2942
Not Found: /puc.php
[25/Apr/2026 05:28:25] "GET /puc.php HTTP/1.1" 404 2939
Not Found: /themes.php
[25/Apr/2026 05:28:25] "GET /themes.php HTTP/1.1" 404 2948
Not Found: /ewp.php
[25/Apr/2026 05:28:25] "GET /ewp.php HTTP/1.1" 404 2939
Not Found: /kikikoko.php
[25/Apr/2026 05:28:25] "GET /kikikoko.php HTTP/1.1" 404 2954
Not Found: /dx.php
[25/Apr/2026 05:28:25] "GET /dx.php HTTP/1.1" 404 2936
Not Found: /xff.php
[25/Apr/2026 05:28:26] "GET /xff.php HTTP/1.1" 404 2939
Not Found: /lupo.php
[25/Apr/2026 05:28:26] "GET /lupo.php HTTP/1.1" 404 2942
Not Found: /awa.php
[25/Apr/2026 05:28:26] "GET /awa.php HTTP/1.1" 404 2939
Not Found: /popo.php
[25/Apr/2026 05:28:26] "GET /popo.php HTTP/1.1" 404 2942
Not Found: /13.php
[25/Apr/2026 05:28:26] "GET /13.php HTTP/1.1" 404 2936
Not Found: /11.php
[25/Apr/2026 05:28:26] "GET /11.php HTTP/1.1" 404 2936
Not Found: /p.php
[25/Apr/2026 05:28:26] "GET /p.php HTTP/1.1" 404 2933
Not Found: /wp-includes/Requests/
[25/Apr/2026 05:28:26] "GET /wp-includes/Requests/ HTTP/1.1" 404 2981
Not Found: /bthil.php
[25/Apr/2026 05:28:26] "GET /bthil.php HTTP/1.1" 404 2945
Not Found: /shell.php
[25/Apr/2026 05:28:26] "GET /shell.php HTTP/1.1" 404 2945
Not Found: /seo.php
[25/Apr/2026 05:28:26] "GET /seo.php HTTP/1.1" 404 2939
Not Found: /7.php
[25/Apr/2026 05:28:26] "GET /7.php HTTP/1.1" 404 2933
Not Found: /8.php
[25/Apr/2026 05:28:26] "GET /8.php HTTP/1.1" 404 2933
Not Found: /1.php
[25/Apr/2026 05:28:27] "GET /1.php HTTP/1.1" 404 2933
Not Found: /2.php
[25/Apr/2026 05:28:27] "GET /2.php HTTP/1.1" 404 2933
Not Found: /3.php
[25/Apr/2026 05:28:27] "GET /3.php HTTP/1.1" 404 2933
Not Found: /4.php
[25/Apr/2026 05:28:27] "GET /4.php HTTP/1.1" 404 2933
Not Found: /5.php
[25/Apr/2026 05:28:27] "GET /5.php HTTP/1.1" 404 2933
Not Found: /6.php
[25/Apr/2026 05:28:27] "GET /6.php HTTP/1.1" 404 2933
Not Found: /9.php
[25/Apr/2026 05:28:27] "GET /9.php HTTP/1.1" 404 2933
Not Found: /10.php
[25/Apr/2026 05:28:27] "GET /10.php HTTP/1.1" 404 2936
Not Found: /100.php
[25/Apr/2026 05:28:27] "GET /100.php HTTP/1.1" 404 2939
Not Found: /.well-known/nastar.php
[25/Apr/2026 05:28:27] "GET /.well-known/nastar.php HTTP/1.1" 404 2984
Not Found: /2026w.php
[25/Apr/2026 05:28:27] "GET /2026w.php HTTP/1.1" 404 2945
Not Found: /xwpg.php
[25/Apr/2026 05:28:27] "GET /xwpg.php HTTP/1.1" 404 2942
Not Found: /ass.php
[25/Apr/2026 05:28:27] "GET /ass.php HTTP/1.1" 404 2939
Not Found: /about.php
[25/Apr/2026 05:28:28] "GET /about.php HTTP/1.1" 404 2945
Not Found: /no18.php
[25/Apr/2026 05:28:28] "GET /no18.php HTTP/1.1" 404 2942
Not Found: /fine.php
[25/Apr/2026 05:28:28] "GET /fine.php HTTP/1.1" 404 2942
Not Found: /hplfuns.php
[25/Apr/2026 05:28:28] "GET /hplfuns.php HTTP/1.1" 404 2951
Not Found: /xa.php
[25/Apr/2026 05:28:28] "GET /xa.php HTTP/1.1" 404 2936
Not Found: /admin.php
[25/Apr/2026 05:28:28] "GET /admin.php HTTP/1.1" 404 2945
Not Found: /inege.php
[25/Apr/2026 05:28:28] "GET /inege.php HTTP/1.1" 404 2945
Not Found: /uuu.php
[25/Apr/2026 05:28:28] "GET /uuu.php HTTP/1.1" 404 2939
Not Found: /no1.php
[25/Apr/2026 05:28:28] "GET /no1.php HTTP/1.1" 404 2939
Not Found: /w2025.php
[25/Apr/2026 05:28:28] "GET /w2025.php HTTP/1.1" 404 2945
Not Found: /fvvff.php
[25/Apr/2026 05:28:28] "GET /fvvff.php HTTP/1.1" 404 2945
Not Found: /a2.php
[25/Apr/2026 05:28:29] "GET /a2.php HTTP/1.1" 404 2936
Not Found: /edit.php
[25/Apr/2026 05:28:29] "GET /edit.php HTTP/1.1" 404 2942
Not Found: /ioxi-o.php
[25/Apr/2026 05:28:29] "GET /ioxi-o.php HTTP/1.1" 404 2948
Not Found: /wp-content/admin.php
[25/Apr/2026 05:28:29] "GET /wp-content/admin.php HTTP/1.1" 404 2978
Not Found: /66.php
[25/Apr/2026 05:28:29] "GET /66.php HTTP/1.1" 404 2936
Not Found: /a5.php
[25/Apr/2026 05:28:29] "GET /a5.php HTTP/1.1" 404 2936
Not Found: /ol.php
[25/Apr/2026 05:28:29] "GET /ol.php HTTP/1.1" 404 2936
Not Found: /f6.php
[25/Apr/2026 05:28:29] "GET /f6.php HTTP/1.1" 404 2936
Not Found: /inputs.php
[25/Apr/2026 05:28:29] "GET /inputs.php HTTP/1.1" 404 2948
Not Found: /style.php
[25/Apr/2026 05:28:29] "GET /style.php HTTP/1.1" 404 2945
Not Found: /av.php
[25/Apr/2026 05:28:29] "GET /av.php HTTP/1.1" 404 2936
Not Found: /wp-admin/css/bolt.php
[25/Apr/2026 05:28:29] "GET /wp-admin/css/bolt.php HTTP/1.1" 404 2981
Not Found: /wp-act.php
[25/Apr/2026 05:28:29] "GET /wp-act.php HTTP/1.1" 404 2948
Not Found: /classwithtostring.php
[25/Apr/2026 05:28:30] "GET /classwithtostring.php?p= HTTP/1.1" 404 2984
Not Found: /wp-content/themes/index.php
[25/Apr/2026 05:28:30] "GET /wp-content/themes/index.php HTTP/1.1" 404 2999
Not Found: /sbhu.php
[25/Apr/2026 05:28:30] "GET /sbhu.php HTTP/1.1" 404 2942
Not Found: /wp-blog.php
[25/Apr/2026 05:28:30] "GET /wp-blog.php HTTP/1.1" 404 2951
Not Found: /wp-includes/js/jquery/
[25/Apr/2026 05:28:30] "GET /wp-includes/js/jquery/ HTTP/1.1" 404 2984
Not Found: /wp-content/admin.php
[25/Apr/2026 05:28:30] "GET /wp-content/admin.php HTTP/1.1" 404 2978
Not Found: /ms-edit.php
[25/Apr/2026 05:28:30] "GET /ms-edit.php HTTP/1.1" 404 2951
Not Found: /adminfuns.php
[25/Apr/2026 05:28:30] "GET /adminfuns.php HTTP/1.1" 404 2957
Not Found: /goods.php
[25/Apr/2026 05:28:30] "GET /goods.php HTTP/1.1" 404 2945
Not Found: /ms-edit.php
[25/Apr/2026 05:28:30] "GET /ms-edit.php HTTP/1.1" 404 2951
Not Found: /222.php
[25/Apr/2026 05:28:30] "GET /222.php HTTP/1.1" 404 2939
Not Found: /cgi-bin/index.php
[25/Apr/2026 05:28:30] "GET /cgi-bin/index.php HTTP/1.1" 404 2969
Not Found: /fff.php
[25/Apr/2026 05:28:30] "GET /fff.php HTTP/1.1" 404 2939
Not Found: /wp-content/
[25/Apr/2026 05:28:31] "GET /wp-content/ HTTP/1.1" 404 2951
Not Found: /makeasmtp.php
[25/Apr/2026 05:28:31] "GET /makeasmtp.php?p= HTTP/1.1" 404 2960
Not Found: /admin1.php
[25/Apr/2026 05:28:31] "GET /admin1.php HTTP/1.1" 404 2948
Not Found: /wp-includes/css/dist/
[25/Apr/2026 05:28:31] "GET /wp-includes/css/dist/ HTTP/1.1" 404 2981
Not Found: /BDKR28WP.php
[25/Apr/2026 05:28:31] "GET /BDKR28WP.php HTTP/1.1" 404 2954
Not Found: /wp-includes/l10n/
[25/Apr/2026 05:28:31] "GET /wp-includes/l10n/ HTTP/1.1" 404 2969
Not Found: /wp-content/uploads/
[25/Apr/2026 05:28:31] "GET /wp-content/uploads/ HTTP/1.1" 404 2975
Not Found: /wp.php
[25/Apr/2026 05:28:31] "GET /wp.php HTTP/1.1" 404 2936
Not Found: /wp-admin/js/fi.php
[25/Apr/2026 05:28:31] "GET /wp-admin/js/fi.php HTTP/1.1" 404 2972
Not Found: /fe5.php
[25/Apr/2026 05:28:31] "GET /fe5.php HTTP/1.1" 404 2939
Not Found: /wp-content/uploads/2021/02/index.php
[25/Apr/2026 05:28:31] "GET /wp-content/uploads/2021/02/index.php HTTP/1.1" 404 3026
Not Found: /av.php
[25/Apr/2026 05:28:32] "GET /av.php HTTP/1.1" 404 2936
Not Found: /abcd.php
[25/Apr/2026 05:28:32] "GET /abcd.php HTTP/1.1" 404 2942
Not Found: /a1.php
[25/Apr/2026 05:28:32] "GET /a1.php HTTP/1.1" 404 2936
Not Found: /update/f35.php
[25/Apr/2026 05:28:32] "GET /update/f35.php HTTP/1.1" 404 2960
Not Found: /wp-includes/Text/Diff/Engine/about.php
[25/Apr/2026 05:28:32] "GET /wp-includes/Text/Diff/Engine/about.php HTTP/1.1" 404 3032
Not Found: /f35.php
[25/Apr/2026 05:28:33] "GET /f35.php HTTP/1.1" 404 2939
Not Found: /wp-includes/css/index.php
[25/Apr/2026 05:28:33] "GET /wp-includes/css/index.php?p= HTTP/1.1" 404 2996
Not Found: /wp-includes/SimplePie/
[25/Apr/2026 05:28:33] "GET /wp-includes/SimplePie/ HTTP/1.1" 404 2984
Not Found: /k.php
[25/Apr/2026 05:28:33] "GET /k.php HTTP/1.1" 404 2933
Not Found: /bal.php
[25/Apr/2026 05:28:33] "GET /bal.php HTTP/1.1" 404 2939
Not Found: /in.php
[25/Apr/2026 05:28:33] "GET /in.php HTTP/1.1" 404 2936
Not Found: /gssdd.php
[25/Apr/2026 05:28:33] "GET /gssdd.php HTTP/1.1" 404 2945
Not Found: /cgi-bin/admin.php
[25/Apr/2026 05:28:33] "GET /cgi-bin/admin.php HTTP/1.1" 404 2969
Not Found: /bs1.php
[25/Apr/2026 05:28:33] "GET /bs1.php HTTP/1.1" 404 2939
Not Found: /wp-content/plugins/pwnd/as.php
[25/Apr/2026 05:28:34] "GET /wp-content/plugins/pwnd/as.php HTTP/1.1" 404 3008
Not Found: /axx.php
[25/Apr/2026 05:28:34] "GET /axx.php HTTP/1.1" 404 2939
Not Found: /gettest.php
[25/Apr/2026 05:28:34] "GET /gettest.php HTTP/1.1" 404 2951
Not Found: /acp.php
[25/Apr/2026 05:28:34] "GET /acp.php HTTP/1.1" 404 2939
Not Found: /file48.php
[25/Apr/2026 05:28:34] "GET /file48.php HTTP/1.1" 404 2948
Not Found: /wp-content/
[25/Apr/2026 05:28:35] "GET /wp-content/ HTTP/1.1" 404 2951
Not Found: /simple.php
[25/Apr/2026 05:28:35] "GET /simple.php HTTP/1.1" 404 2948
Not Found: /drykl.php
[25/Apr/2026 05:28:35] "GET /drykl.php HTTP/1.1" 404 2945
Not Found: /xxx.php
[25/Apr/2026 05:28:35] "GET /xxx.php HTTP/1.1" 404 2939
Not Found: /hypo.php
[25/Apr/2026 05:28:35] "GET /hypo.php HTTP/1.1" 404 2942
Not Found: /file18.php
[25/Apr/2026 05:28:35] "GET /file18.php HTTP/1.1" 404 2948
Not Found: /xwx1.php
[25/Apr/2026 05:28:35] "GET /xwx1.php HTTP/1.1" 404 2942
Not Found: /wp-admin/css/colors/blue/
[25/Apr/2026 05:28:35] "GET /wp-admin/css/colors/blue/ HTTP/1.1" 404 2993
Not Found: /chosen.php
[25/Apr/2026 05:28:35] "GET /chosen.php HTTP/1.1" 404 2948
Internal Server Error: /
Traceback (most recent call last):
  File "C:\inetpub\wwwroot\e-randevu\dental_management_system\tenants\hasta_views.py", line 133, in klinik_randevu_sayfasi
    clinic = Clinic.objects.get(subdomain=subdomain, is_active=True)
             ^^^^^^^^^^^^^^^^^^^^^^^^^^^^^^^^^^^^^^^^^^^^^^^^^^^^^^^
  File "C:\inetpub\wwwroot\e-randevu\dental_management_system\venv\Lib\site-packages\django\db\models\manager.py", line 87, in manager_method
    return getattr(self.get_queryset(), name)(*args, **kwargs)
           ^^^^^^^^^^^^^^^^^^^^^^^^^^^^^^^^^^^^^^^^^^^^^^^^^^^
  File "C:\inetpub\wwwroot\e-randevu\dental_management_system\venv\Lib\site-packages\django\db\models\query.py", line 649, in get
    raise self.model.DoesNotExist(
tenants.models.Clinic.DoesNotExist: Clinic matching query does not exist.

During handling of the above exception, another exception occurred:

Traceback (most recent call last):
  File "C:\inetpub\wwwroot\e-randevu\dental_management_system\venv\Lib\site-packages\django\core\handlers\exception.py", line 55, in inner
    response = get_response(request)
               ^^^^^^^^^^^^^^^^^^^^^
  File "C:\inetpub\wwwroot\e-randevu\dental_management_system\venv\Lib\site-packages\django\core\handlers\base.py", line 197, in _get_response
    response = wrapped_callback(request, *callback_args, **callback_kwargs)
               ^^^^^^^^^^^^^^^^^^^^^^^^^^^^^^^^^^^^^^^^^^^^^^^^^^^^^^^^^^^^
  File "C:\inetpub\wwwroot\e-randevu\dental_management_system\tenants\hasta_views.py", line 135, in klinik_randevu_sayfasi
    return render(request, 'hasta/klinik_bulunamadi.html', {}, status=404)
           ^^^^^^^^^^^^^^^^^^^^^^^^^^^^^^^^^^^^^^^^^^^^^^^^^^^^^^^^^^^^^^^
  File "C:\inetpub\wwwroot\e-randevu\dental_management_system\venv\Lib\site-packages\django\shortcuts.py", line 25, in render
    content = loader.render_to_string(template_name, context, request, using=using)
              ^^^^^^^^^^^^^^^^^^^^^^^^^^^^^^^^^^^^^^^^^^^^^^^^^^^^^^^^^^^^^^^^^^^^^
  File "C:\inetpub\wwwroot\e-randevu\dental_management_system\venv\Lib\site-packages\django\template\loader.py", line 61, in render_to_string
    template = get_template(template_name, using=using)
               ^^^^^^^^^^^^^^^^^^^^^^^^^^^^^^^^^^^^^^^^
  File "C:\inetpub\wwwroot\e-randevu\dental_management_system\venv\Lib\site-packages\django\template\loader.py", line 19, in get_template
    raise TemplateDoesNotExist(template_name, chain=chain)
django.template.exceptions.TemplateDoesNotExist: hasta/klinik_bulunamadi.html
[25/Apr/2026 05:34:39] "GET / HTTP/1.1" 500 97384
