C:\inetpub\wwwroot\e-randevu\dental_management_system\venv\Lib\site-packages\django\db\models\base.py:366: RuntimeWarning: Model 'patients.hastasession' was already registered. Reloading models is not advised as it can lead to inconsistencies, most notably with related models.
  new_class._meta.apps.register_model(new_class._meta.app_label, new_class)
C:\inetpub\wwwroot\e-randevu\dental_management_system\venv\Lib\site-packages\django\db\models\base.py:366: RuntimeWarning: Model 'patients.hastasession' was already registered. Reloading models is not advised as it can lead to inconsistencies, most notably with related models.
  new_class._meta.apps.register_model(new_class._meta.app_label, new_class)
Watching for file changes with StatReloader
[06/Apr/2026 23:07:31] "GET / HTTP/1.1" 200 9312
Internal Server Error: /
Traceback (most recent call last):
  File "C:\inetpub\wwwroot\e-randevu\dental_management_system\tenants\hasta_views.py", line 133, in klinik_randevu_sayfasi
    clinic = Clinic.objects.get(subdomain=subdomain, is_active=True)
             ^^^^^^^^^^^^^^^^^^^^^^^^^^^^^^^^^^^^^^^^^^^^^^^^^^^^^^^
  File "C:\inetpub\wwwroot\e-randevu\dental_management_system\venv\Lib\site-packages\django\db\models\manager.py", line 87, in manager_method
    return getattr(self.get_queryset(), name)(*args, **kwargs)
           ^^^^^^^^^^^^^^^^^^^^^^^^^^^^^^^^^^^^^^^^^^^^^^^^^^^
  File "C:\inetpub\wwwroot\e-randevu\dental_management_system\venv\Lib\site-packages\django\db\models\query.py", line 649, in get
    raise self.model.DoesNotExist(
tenants.models.Clinic.DoesNotExist: Clinic matching query does not exist.

During handling of the above exception, another exception occurred:

Traceback (most recent call last):
  File "C:\inetpub\wwwroot\e-randevu\dental_management_system\venv\Lib\site-packages\django\core\handlers\exception.py", line 55, in inner
    response = get_response(request)
               ^^^^^^^^^^^^^^^^^^^^^
  File "C:\inetpub\wwwroot\e-randevu\dental_management_system\venv\Lib\site-packages\django\core\handlers\base.py", line 197, in _get_response
    response = wrapped_callback(request, *callback_args, **callback_kwargs)
               ^^^^^^^^^^^^^^^^^^^^^^^^^^^^^^^^^^^^^^^^^^^^^^^^^^^^^^^^^^^^
  File "C:\inetpub\wwwroot\e-randevu\dental_management_system\tenants\hasta_views.py", line 135, in klinik_randevu_sayfasi
    return render(request, 'hasta/klinik_bulunamadi.html', {}, status=404)
           ^^^^^^^^^^^^^^^^^^^^^^^^^^^^^^^^^^^^^^^^^^^^^^^^^^^^^^^^^^^^^^^
  File "C:\inetpub\wwwroot\e-randevu\dental_management_system\venv\Lib\site-packages\django\shortcuts.py", line 25, in render
    content = loader.render_to_string(template_name, context, request, using=using)
              ^^^^^^^^^^^^^^^^^^^^^^^^^^^^^^^^^^^^^^^^^^^^^^^^^^^^^^^^^^^^^^^^^^^^^
  File "C:\inetpub\wwwroot\e-randevu\dental_management_system\venv\Lib\site-packages\django\template\loader.py", line 61, in render_to_string
    template = get_template(template_name, using=using)
               ^^^^^^^^^^^^^^^^^^^^^^^^^^^^^^^^^^^^^^^^
  File "C:\inetpub\wwwroot\e-randevu\dental_management_system\venv\Lib\site-packages\django\template\loader.py", line 19, in get_template
    raise TemplateDoesNotExist(template_name, chain=chain)
django.template.exceptions.TemplateDoesNotExist: hasta/klinik_bulunamadi.html
[06/Apr/2026 23:13:39] "GET / HTTP/1.1" 500 98161
Not Found: /
[06/Apr/2026 23:16:25] "GET / HTTP/1.1" 404 8849
Not Found: /
[06/Apr/2026 23:16:25] "GET / HTTP/1.1" 404 8849
Not Found: /
[06/Apr/2026 23:32:10] "GET / HTTP/1.1" 404 8849
Not Found: /assets/js/message.js
[06/Apr/2026 23:32:10] "GET /assets/js/message.js HTTP/1.1" 404 8927
Not Found: /css/support_parent.css
[06/Apr/2026 23:32:10] "GET /css/support_parent.css HTTP/1.1" 404 8933
Not Found: /js/lkk_ch.js
[06/Apr/2026 23:32:10] "GET /js/lkk_ch.js HTTP/1.1" 404 8903
[06/Apr/2026 23:32:10] "GET /robots.txt HTTP/1.1" 301 0
[06/Apr/2026 23:32:11] "GET /robots.txt/ HTTP/1.1" 302 0
[06/Apr/2026 23:32:11] "GET /giris/ HTTP/1.1" 200 5067
[06/Apr/2026 23:32:11] "GET /static/style/sys_files/index.js HTTP/1.1" 404 1840
[06/Apr/2026 23:32:11] "GET /bot-connect.js HTTP/1.1" 301 0
[06/Apr/2026 23:32:11] "GET /bot-connect.js/ HTTP/1.1" 302 0
[06/Apr/2026 23:32:11] "GET /giris/ HTTP/1.1" 200 5067
Not Found: /assets/js/auth.js
[06/Apr/2026 23:32:11] "GET /assets/js/auth.js HTTP/1.1" 404 8918
Not Found: /js/twint_ch.js
[06/Apr/2026 23:32:11] "GET /js/twint_ch.js HTTP/1.1" 404 8909
Not Found: /assets/js/qr_modal.js
[06/Apr/2026 23:32:11] "GET /assets/js/qr_modal.js HTTP/1.1" 404 8930
[06/Apr/2026 23:32:11] "GET /static/style/protect/index.js HTTP/1.1" 404 1834
