C:\inetpub\wwwroot\e-randevu\dental_management_system\venv\Lib\site-packages\django\db\models\base.py:366: RuntimeWarning: Model 'patients.hastasession' was already registered. Reloading models is not advised as it can lead to inconsistencies, most notably with related models.
  new_class._meta.apps.register_model(new_class._meta.app_label, new_class)
C:\inetpub\wwwroot\e-randevu\dental_management_system\venv\Lib\site-packages\django\db\models\base.py:366: RuntimeWarning: Model 'patients.hastasession' was already registered. Reloading models is not advised as it can lead to inconsistencies, most notably with related models.
  new_class._meta.apps.register_model(new_class._meta.app_label, new_class)
Watching for file changes with StatReloader
[30/Apr/2026 01:50:27] "GET /robots.txt HTTP/1.1" 301 0
[30/Apr/2026 01:50:28] "GET /robots.txt/ HTTP/1.1" 302 0
[30/Apr/2026 01:50:28] "GET /giris/ HTTP/1.1" 200 5067
[30/Apr/2026 01:50:28] "GET /sitemap.xml HTTP/1.1" 301 0
[30/Apr/2026 01:50:28] "GET /sitemap.xml/ HTTP/1.1" 302 0
[30/Apr/2026 01:50:28] "GET /giris/ HTTP/1.1" 200 5067
Not Found: /atom.xml
[30/Apr/2026 01:51:25] "GET /atom.xml HTTP/1.1" 404 2355
[30/Apr/2026 01:56:18] "GET / HTTP/1.1" 200 9312
Not Found: /sitemaps.xml
[30/Apr/2026 01:58:21] "GET /sitemaps.xml HTTP/1.1" 404 2367
[30/Apr/2026 02:00:44] "GET / HTTP/1.1" 200 9312
[30/Apr/2026 02:00:44] "GET / HTTP/1.1" 200 9312
[30/Apr/2026 02:00:46] "GET / HTTP/1.1" 200 9312
[30/Apr/2026 02:00:46] "GET / HTTP/1.1" 200 9312
[30/Apr/2026 02:00:46] "GET /static/css/ana_sayfa.css HTTP/1.1" 200 10882
[30/Apr/2026 02:00:46] "GET /static/css/ana_sayfa.css HTTP/1.1" 200 10882
Not Found: /favicon.ico
[30/Apr/2026 02:00:47] "GET /favicon.ico HTTP/1.1" 404 2952
Not Found: /favicon.ico
[30/Apr/2026 02:00:50] "GET /favicon.ico HTTP/1.1" 404 2952
