C:\inetpub\wwwroot\e-randevu\dental_management_system\venv\Lib\site-packages\django\db\models\base.py:366: RuntimeWarning: Model 'patients.hastasession' was already registered. Reloading models is not advised as it can lead to inconsistencies, most notably with related models.
  new_class._meta.apps.register_model(new_class._meta.app_label, new_class)
C:\inetpub\wwwroot\e-randevu\dental_management_system\venv\Lib\site-packages\django\db\models\base.py:366: RuntimeWarning: Model 'patients.hastasession' was already registered. Reloading models is not advised as it can lead to inconsistencies, most notably with related models.
  new_class._meta.apps.register_model(new_class._meta.app_label, new_class)
Watching for file changes with StatReloader
Not Found: /sitemap.xml.gz
[02/May/2026 12:58:05] "GET /sitemap.xml.gz HTTP/1.1" 404 2368
Not Found: /.netrc
[02/May/2026 13:04:54] "GET /.netrc HTTP/1.1" 404 2344
Not Found: /.env.dev
Not Found: /.env.test
Not Found: /.env.development
[02/May/2026 13:04:54] "GET /.env.dev HTTP/1.1" 404 2350
[02/May/2026 13:04:54] "GET /.env.test HTTP/1.1" 404 2353
[02/May/2026 13:04:54] "GET /.env.development HTTP/1.1" 404 2374
Not Found: /.kube/config
[02/May/2026 13:04:54] "GET /.kube/config HTTP/1.1" 404 2362
Not Found: /.npmrc
[02/May/2026 13:04:54] "GET /.npmrc HTTP/1.1" 404 2344
Not Found: /.htpasswd
[02/May/2026 13:04:54,690] - Broken pipe from ('127.0.0.1', 50996)
Not Found: /.docker/config.json
Not Found: /i.php
[02/May/2026 13:05:17] "GET /.docker/config.json HTTP/1.1" 404 2387
Not Found: /.aws/config
[02/May/2026 13:05:17] "GET /i.php HTTP/1.1" 404 2345
[02/May/2026 13:05:17] "GET /.aws/config HTTP/1.1" 404 2363
Not Found: /.env.local
Not Found: /.aws/config
[02/May/2026 13:05:17] "GET /.env.local HTTP/1.1" 404 2360
Not Found: /php.php
[02/May/2026 13:05:17] "GET /.aws/config HTTP/1.1" 404 2363
[02/May/2026 13:05:17] "GET /php.php HTTP/1.1" 404 2351
Not Found: /phpinfo.php
Not Found: /.env
Not Found: /info.php
[02/May/2026 13:05:17] "GET /phpinfo.php HTTP/1.1" 404 2363
Not Found: /.aws/credentials
[02/May/2026 13:05:17] "GET /.env HTTP/1.1" 404 2342
Not Found: /.aws/credentials
[02/May/2026 13:05:17] "GET /info.php HTTP/1.1" 404 2354
[02/May/2026 13:05:17] "GET /.aws/credentials HTTP/1.1" 404 2378
[02/May/2026 13:05:17] "GET /.aws/credentials HTTP/1.1" 404 2378
Not Found: /.env.prod
Not Found: /test.php
[02/May/2026 13:05:17] "GET /.env.prod HTTP/1.1" 404 2357
Not Found: /.env.production
[02/May/2026 13:05:17] "GET /test.php HTTP/1.1" 404 2354
[02/May/2026 13:05:17] "GET /.env.production HTTP/1.1" 404 2375
Not Found: /.env.dev
[02/May/2026 13:05:17] "GET /.env.dev HTTP/1.1" 404 2354
Not Found: /php-info.php
Not Found: /.kube/config
[02/May/2026 13:05:17] "GET /php-info.php HTTP/1.1" 404 2366
Not Found: /.dockerenv
[02/May/2026 13:05:17] "GET /.kube/config HTTP/1.1" 404 2366
[02/May/2026 13:05:17] "GET /.dockerenv HTTP/1.1" 404 2360
Not Found: /.env.development
[02/May/2026 13:05:17] "GET /.env.development HTTP/1.1" 404 2378
Not Found: /.netrc
[02/May/2026 13:05:17] "GET /.netrc HTTP/1.1" 404 2348
Internal Server Error: /
Traceback (most recent call last):
  File "C:\inetpub\wwwroot\e-randevu\dental_management_system\tenants\hasta_views.py", line 133, in klinik_randevu_sayfasi
    clinic = Clinic.objects.get(subdomain=subdomain, is_active=True)
             ^^^^^^^^^^^^^^^^^^^^^^^^^^^^^^^^^^^^^^^^^^^^^^^^^^^^^^^
  File "C:\inetpub\wwwroot\e-randevu\dental_management_system\venv\Lib\site-packages\django\db\models\manager.py", line 87, in manager_method
    return getattr(self.get_queryset(), name)(*args, **kwargs)
           ^^^^^^^^^^^^^^^^^^^^^^^^^^^^^^^^^^^^^^^^^^^^^^^^^^^
  File "C:\inetpub\wwwroot\e-randevu\dental_management_system\venv\Lib\site-packages\django\db\models\query.py", line 649, in get
    raise self.model.DoesNotExist(
tenants.models.Clinic.DoesNotExist: Clinic matching query does not exist.

During handling of the above exception, another exception occurred:

Traceback (most recent call last):
  File "C:\inetpub\wwwroot\e-randevu\dental_management_system\venv\Lib\site-packages\django\core\handlers\exception.py", line 55, in inner
    response = get_response(request)
               ^^^^^^^^^^^^^^^^^^^^^
  File "C:\inetpub\wwwroot\e-randevu\dental_management_system\venv\Lib\site-packages\django\core\handlers\base.py", line 197, in _get_response
    response = wrapped_callback(request, *callback_args, **callback_kwargs)
               ^^^^^^^^^^^^^^^^^^^^^^^^^^^^^^^^^^^^^^^^^^^^^^^^^^^^^^^^^^^^
  File "C:\inetpub\wwwroot\e-randevu\dental_management_system\tenants\hasta_views.py", line 135, in klinik_randevu_sayfasi
    return render(request, 'hasta/klinik_bulunamadi.html', {}, status=404)
           ^^^^^^^^^^^^^^^^^^^^^^^^^^^^^^^^^^^^^^^^^^^^^^^^^^^^^^^^^^^^^^^
  File "C:\inetpub\wwwroot\e-randevu\dental_management_system\venv\Lib\site-packages\django\shortcuts.py", line 25, in render
    content = loader.render_to_string(template_name, context, request, using=using)
              ^^^^^^^^^^^^^^^^^^^^^^^^^^^^^^^^^^^^^^^^^^^^^^^^^^^^^^^^^^^^^^^^^^^^^
  File "C:\inetpub\wwwroot\e-randevu\dental_management_system\venv\Lib\site-packages\django\template\loader.py", line 61, in render_to_string
    template = get_template(template_name, using=using)
               ^^^^^^^^^^^^^^^^^^^^^^^^^^^^^^^^^^^^^^^^
  File "C:\inetpub\wwwroot\e-randevu\dental_management_system\venv\Lib\site-packages\django\template\loader.py", line 19, in get_template
    raise TemplateDoesNotExist(template_name, chain=chain)
django.template.exceptions.TemplateDoesNotExist: hasta/klinik_bulunamadi.html
[02/May/2026 13:05:17] "GET / HTTP/1.1" 500 97668
Internal Server Error: /
Traceback (most recent call last):
  File "C:\inetpub\wwwroot\e-randevu\dental_management_system\tenants\hasta_views.py", line 133, in klinik_randevu_sayfasi
    clinic = Clinic.objects.get(subdomain=subdomain, is_active=True)
             ^^^^^^^^^^^^^^^^^^^^^^^^^^^^^^^^^^^^^^^^^^^^^^^^^^^^^^^
  File "C:\inetpub\wwwroot\e-randevu\dental_management_system\venv\Lib\site-packages\django\db\models\manager.py", line 87, in manager_method
    return getattr(self.get_queryset(), name)(*args, **kwargs)
           ^^^^^^^^^^^^^^^^^^^^^^^^^^^^^^^^^^^^^^^^^^^^^^^^^^^
  File "C:\inetpub\wwwroot\e-randevu\dental_management_system\venv\Lib\site-packages\django\db\models\query.py", line 649, in get
    raise self.model.DoesNotExist(
tenants.models.Clinic.DoesNotExist: Clinic matching query does not exist.

During handling of the above exception, another exception occurred:

Traceback (most recent call last):
  File "C:\inetpub\wwwroot\e-randevu\dental_management_system\venv\Lib\site-packages\django\core\handlers\exception.py", line 55, in inner
    response = get_response(request)
               ^^^^^^^^^^^^^^^^^^^^^
  File "C:\inetpub\wwwroot\e-randevu\dental_management_system\venv\Lib\site-packages\django\core\handlers\base.py", line 197, in _get_response
    response = wrapped_callback(request, *callback_args, **callback_kwargs)
               ^^^^^^^^^^^^^^^^^^^^^^^^^^^^^^^^^^^^^^^^^^^^^^^^^^^^^^^^^^^^
  File "C:\inetpub\wwwroot\e-randevu\dental_management_system\tenants\hasta_views.py", line 135, in klinik_randevu_sayfasi
    return render(request, 'hasta/klinik_bulunamadi.html', {}, status=404)
           ^^^^^^^^^^^^^^^^^^^^^^^^^^^^^^^^^^^^^^^^^^^^^^^^^^^^^^^^^^^^^^^
  File "C:\inetpub\wwwroot\e-randevu\dental_management_system\venv\Lib\site-packages\django\shortcuts.py", line 25, in render
    content = loader.render_to_string(template_name, context, request, using=using)
              ^^^^^^^^^^^^^^^^^^^^^^^^^^^^^^^^^^^^^^^^^^^^^^^^^^^^^^^^^^^^^^^^^^^^^
  File "C:\inetpub\wwwroot\e-randevu\dental_management_system\venv\Lib\site-packages\django\template\loader.py", line 61, in render_to_string
    template = get_template(template_name, using=using)
               ^^^^^^^^^^^^^^^^^^^^^^^^^^^^^^^^^^^^^^^^
  File "C:\inetpub\wwwroot\e-randevu\dental_management_system\venv\Lib\site-packages\django\template\loader.py", line 19, in get_template
    raise TemplateDoesNotExist(template_name, chain=chain)
django.template.exceptions.TemplateDoesNotExist: hasta/klinik_bulunamadi.html
Not Found: /phpinfo.php
[02/May/2026 13:05:17] "GET / HTTP/1.1" 500 97465
[02/May/2026 13:05:17] "GET /phpinfo.php HTTP/1.1" 404 2363
Not Found: /info.php
[02/May/2026 13:05:17] "GET /info.php HTTP/1.1" 404 2354
Not Found: /.env.staging
[02/May/2026 13:05:18] "GET /.env.staging HTTP/1.1" 404 2366
Not Found: /.env.stage
[02/May/2026 13:05:18] "GET /.env.stage HTTP/1.1" 404 2360
Not Found: /php_info.php
[02/May/2026 13:05:18] "GET /php_info.php HTTP/1.1" 404 2366
Not Found: /php.php
[02/May/2026 13:05:18] "GET /php.php HTTP/1.1" 404 2351
Not Found: /.htpasswd
[02/May/2026 13:05:18] "GET /.htpasswd HTTP/1.1" 404 2357
Not Found: /.env.production
[02/May/2026 13:05:18] "GET /.env.production HTTP/1.1" 404 2375
Not Found: /.git/config
[02/May/2026 13:05:18] "GET /.git/config HTTP/1.1" 404 2363
Not Found: /test.php
[02/May/2026 13:05:18] "GET /test.php HTTP/1.1" 404 2354
Not Found: /.env.test
[02/May/2026 13:05:18] "GET /.env.test HTTP/1.1" 404 2357
Not Found: /.git/config
[02/May/2026 13:05:18] "GET /.git/config HTTP/1.1" 404 2363
Not Found: /.npmrc
[02/May/2026 13:05:18] "GET /.npmrc HTTP/1.1" 404 2348
Not Found: /index.php
[02/May/2026 13:05:18] "GET /index.php?=phpinfo() HTTP/1.1" 404 2368
Not Found: /.env
Not Found: /.env.staging
[02/May/2026 13:05:18] "GET /.env HTTP/1.1" 404 2342
Not Found: /.env.dev
[02/May/2026 13:05:18] "GET /.env.staging HTTP/1.1" 404 2366
Not Found: /_profiler/phpinfo
[02/May/2026 13:05:18] "GET /.env.dev HTTP/1.1" 404 2354
Not Found: /.env.prod
[02/May/2026 13:05:18] "GET /_profiler/phpinfo HTTP/1.1" 404 2381
[02/May/2026 13:05:18] "GET /.env.prod HTTP/1.1" 404 2357
Not Found: /.env.local
Not Found: /.git/HEAD
[02/May/2026 13:05:18] "GET /.env.local HTTP/1.1" 404 2360
[02/May/2026 13:05:18] "GET /.git/HEAD HTTP/1.1" 404 2357
Not Found: /.git/logs/HEAD
[02/May/2026 13:05:18] "GET /.git/logs/HEAD HTTP/1.1" 404 2372
Not Found: /.htpasswd
[02/May/2026 13:05:18] "GET /.htpasswd HTTP/1.1" 404 2357
Internal Server Error: /
Traceback (most recent call last):
  File "C:\inetpub\wwwroot\e-randevu\dental_management_system\tenants\hasta_views.py", line 133, in klinik_randevu_sayfasi
    clinic = Clinic.objects.get(subdomain=subdomain, is_active=True)
             ^^^^^^^^^^^^^^^^^^^^^^^^^^^^^^^^^^^^^^^^^^^^^^^^^^^^^^^
  File "C:\inetpub\wwwroot\e-randevu\dental_management_system\venv\Lib\site-packages\django\db\models\manager.py", line 87, in manager_method
    return getattr(self.get_queryset(), name)(*args, **kwargs)
           ^^^^^^^^^^^^^^^^^^^^^^^^^^^^^^^^^^^^^^^^^^^^^^^^^^^
  File "C:\inetpub\wwwroot\e-randevu\dental_management_system\venv\Lib\site-packages\django\db\models\query.py", line 649, in get
    raise self.model.DoesNotExist(
tenants.models.Clinic.DoesNotExist: Clinic matching query does not exist.

During handling of the above exception, another exception occurred:

Traceback (most recent call last):
  File "C:\inetpub\wwwroot\e-randevu\dental_management_system\venv\Lib\site-packages\django\core\handlers\exception.py", line 55, in inner
    response = get_response(request)
               ^^^^^^^^^^^^^^^^^^^^^
  File "C:\inetpub\wwwroot\e-randevu\dental_management_system\venv\Lib\site-packages\django\core\handlers\base.py", line 197, in _get_response
    response = wrapped_callback(request, *callback_args, **callback_kwargs)
               ^^^^^^^^^^^^^^^^^^^^^^^^^^^^^^^^^^^^^^^^^^^^^^^^^^^^^^^^^^^^
  File "C:\inetpub\wwwroot\e-randevu\dental_management_system\tenants\hasta_views.py", line 135, in klinik_randevu_sayfasi
    return render(request, 'hasta/klinik_bulunamadi.html', {}, status=404)
           ^^^^^^^^^^^^^^^^^^^^^^^^^^^^^^^^^^^^^^^^^^^^^^^^^^^^^^^^^^^^^^^
  File "C:\inetpub\wwwroot\e-randevu\dental_management_system\venv\Lib\site-packages\django\shortcuts.py", line 25, in render
    content = loader.render_to_string(template_name, context, request, using=using)
              ^^^^^^^^^^^^^^^^^^^^^^^^^^^^^^^^^^^^^^^^^^^^^^^^^^^^^^^^^^^^^^^^^^^^^
  File "C:\inetpub\wwwroot\e-randevu\dental_management_system\venv\Lib\site-packages\django\template\loader.py", line 61, in render_to_string
    template = get_template(template_name, using=using)
               ^^^^^^^^^^^^^^^^^^^^^^^^^^^^^^^^^^^^^^^^
  File "C:\inetpub\wwwroot\e-randevu\dental_management_system\venv\Lib\site-packages\django\template\loader.py", line 19, in get_template
    raise TemplateDoesNotExist(template_name, chain=chain)
django.template.exceptions.TemplateDoesNotExist: hasta/klinik_bulunamadi.html
[02/May/2026 13:05:18] "GET /?=phpinfo() HTTP/1.1" 500 97927
Not Found: /.git/index
[02/May/2026 13:05:18] "GET /.git/index HTTP/1.1" 404 2360
Not Found: /.git/refs/heads/main
[02/May/2026 13:05:18] "GET /.git/refs/heads/main HTTP/1.1" 404 2390
Not Found: /.git/refs/heads/master
[02/May/2026 13:05:18] "GET /.git/refs/heads/master HTTP/1.1" 404 2396
Not Found: /.env.test
Not Found: /.env.development
[02/May/2026 13:05:18] "GET /.env.test HTTP/1.1" 404 2357
[02/May/2026 13:05:18] "GET /.env.development HTTP/1.1" 404 2378
Not Found: /.env::$DATA
Not Found: /.git-credentials
Not Found: /.git/packed-refs
[02/May/2026 13:05:18] "GET /.env::$DATA HTTP/1.1" 404 2363
Not Found: /.env;.jpg
[02/May/2026 13:05:18] "GET /.git-credentials HTTP/1.1" 404 2378
[02/May/2026 13:05:18] "GET /.git/packed-refs HTTP/1.1" 404 2378
[02/May/2026 13:05:18] "GET /.env;.jpg HTTP/1.1" 404 2359
Not Found: /.env;.css
[02/May/2026 13:05:18] "GET /.env;.css HTTP/1.1" 404 2359
Not Found: /.env.bak
[02/May/2026 13:05:18] "GET /.env.bak HTTP/1.1" 404 2354
Not Found: /.git-credentials
[02/May/2026 13:05:18] "GET /.git-credentials HTTP/1.1" 404 2378
Not Found: /.env.backup
[02/May/2026 13:05:18] "GET /.env.backup HTTP/1.1" 404 2363
Not Found: /.gitconfig
Not Found: /wp-config.php.bak
[02/May/2026 13:05:18] "GET /.gitconfig HTTP/1.1" 404 2360
[02/May/2026 13:05:18] "GET /wp-config.php.bak HTTP/1.1" 404 2381
Not Found: /.env.old
[02/May/2026 13:05:18] "GET /.env.old HTTP/1.1" 404 2354
Not Found: /.env.swp
Not Found: /.env~
[02/May/2026 13:05:18] "GET /.env.swp HTTP/1.1" 404 2354
[02/May/2026 13:05:18] "GET /.env~ HTTP/1.1" 404 2345
Not Found: /wp-config.php.save
[02/May/2026 13:05:18] "GET /wp-config.php.save HTTP/1.1" 404 2384
Not Found: /wp-config.php.old
Not Found: /.env_backup
[02/May/2026 13:05:18] "GET /wp-config.php.old HTTP/1.1" 404 2381
[02/May/2026 13:05:18] "GET /.env_backup HTTP/1.1" 404 2363
Not Found: /wp-config.php.txt
[02/May/2026 13:05:18] "GET /wp-config.php.txt HTTP/1.1" 404 2381
Not Found: /.env.dist
Not Found: /.env.save
[02/May/2026 13:05:18] "GET /.env.dist HTTP/1.1" 404 2357
[02/May/2026 13:05:18] "GET /.env.save HTTP/1.1" 404 2357
Not Found: /wp-config.php.orig
[02/May/2026 13:05:18] "GET /wp-config.php.orig HTTP/1.1" 404 2384
Not Found: /wp-config.php~
[02/May/2026 13:05:18] "GET /wp-config.php~ HTTP/1.1" 404 2372
Not Found: /wp-config-backup.php
[02/May/2026 13:05:18] "GET /wp-config-backup.php HTTP/1.1" 404 2390
Not Found: /wp-config.php.swp
[02/May/2026 13:05:19] "GET /wp-config.php.swp HTTP/1.1" 404 2381
Not Found: /.env.backup
[02/May/2026 13:05:19] "GET /.env.backup HTTP/1.1" 404 2363
Not Found: /.env.production.local
[02/May/2026 13:05:19] "GET /.env.production.local HTTP/1.1" 404 2393
Not Found: /.env.bak
[02/May/2026 13:05:19] "GET /.env.bak HTTP/1.1" 404 2354
Not Found: /.env.old
[02/May/2026 13:05:19] "GET /.env.old HTTP/1.1" 404 2354
Not Found: /.env.development.local
[02/May/2026 13:05:19] "GET /.env.development.local HTTP/1.1" 404 2396
Not Found: /wp-config_old.php
[02/May/2026 13:05:19] "GET /wp-config_old.php HTTP/1.1" 404 2381
Not Found: /old-wp-config.php
[02/May/2026 13:05:19] "GET /old-wp-config.php HTTP/1.1" 404 2381
Not Found: /backup/wp-config.php
[02/May/2026 13:05:19] "GET /backup/wp-config.php HTTP/1.1" 404 2390
Not Found: /.env.save
[02/May/2026 13:05:19] "GET /.env.save HTTP/1.1" 404 2357
Not Found: /wp-config-old.php
[02/May/2026 13:05:19] "GET /wp-config-old.php HTTP/1.1" 404 2381
Not Found: /backend/.env
[02/May/2026 13:05:19] "GET /backend/.env HTTP/1.1" 404 2366
Not Found: /wp-config.php::$DATA
[02/May/2026 13:05:19] "GET /wp-config.php::$DATA HTTP/1.1" 404 2390
Not Found: /wp-content/debug.log
[02/May/2026 13:05:19] "GET /wp-content/debug.log HTTP/1.1" 404 2390
Not Found: /server-status
[02/May/2026 13:05:19] "GET /server-status HTTP/1.1" 404 2369
Not Found: /apps/.env
[02/May/2026 13:05:19] "GET /apps/.env HTTP/1.1" 404 2357
Not Found: /api/.env
[02/May/2026 13:05:19] "GET /api/.env HTTP/1.1" 404 2354
Not Found: /app/.env
[02/May/2026 13:05:19] "GET /app/.env HTTP/1.1" 404 2354
Not Found: /api/v1/.env
[02/May/2026 13:05:19] "GET /api/v1/.env HTTP/1.1" 404 2363
Not Found: /server-status
[02/May/2026 13:05:19] "GET /server-status?auto HTTP/1.1" 404 2374
Not Found: /web/.env
[02/May/2026 13:05:19] "GET /web/.env HTTP/1.1" 404 2354
Not Found: /server-info
Not Found: /admin/.env
[02/May/2026 13:05:19] "GET /admin/.env HTTP/1.1" 404 2360
[02/May/2026 13:05:19] "GET /server-info HTTP/1.1" 404 2363
Not Found: /nginx_status
Not Found: /config/.env
[02/May/2026 13:05:19] "GET /config/.env HTTP/1.1" 404 2363
[02/May/2026 13:05:19] "GET /nginx_status HTTP/1.1" 404 2366
Not Found: /public/.env
[02/May/2026 13:05:19] "GET /public/.env HTTP/1.1" 404 2363
Not Found: /laravel/.env
[02/May/2026 13:05:19] "GET /laravel/.env HTTP/1.1" 404 2366
Not Found: /app_dev.php
[02/May/2026 13:05:19] "GET /app_dev.php HTTP/1.1" 404 2363
Not Found: /storage/.env
[02/May/2026 13:05:19] "GET /storage/.env HTTP/1.1" 404 2366
Not Found: /composer.json
[02/May/2026 13:05:19] "GET /composer.json HTTP/1.1" 404 2369
Not Found: /_profiler
[02/May/2026 13:05:19] "GET /_profiler HTTP/1.1" 404 2357
Not Found: /src/.env
[02/May/2026 13:05:19] "GET /src/.env HTTP/1.1" 404 2354
Not Found: /server/.env
[02/May/2026 13:05:19] "GET /server/.env HTTP/1.1" 404 2363
Not Found: /api/.env
[02/May/2026 13:05:19] "GET /api/.env HTTP/1.1" 404 2354
Not Found: /composer.lock
[02/May/2026 13:05:19] "GET /composer.lock HTTP/1.1" 404 2369
Not Found: /backend/.env
[02/May/2026 13:05:19] "GET /backend/.env HTTP/1.1" 404 2366
Not Found: /auth.json
[02/May/2026 13:05:19] "GET /auth.json HTTP/1.1" 404 2357
Not Found: /prisma/.env
[02/May/2026 13:05:19] "GET /prisma/.env HTTP/1.1" 404 2363
Not Found: /.composer/auth.json
[02/May/2026 13:05:19] "GET /.composer/auth.json HTTP/1.1" 404 2387
Internal Server Error: /
Traceback (most recent call last):
  File "C:\inetpub\wwwroot\e-randevu\dental_management_system\tenants\hasta_views.py", line 133, in klinik_randevu_sayfasi
    clinic = Clinic.objects.get(subdomain=subdomain, is_active=True)
             ^^^^^^^^^^^^^^^^^^^^^^^^^^^^^^^^^^^^^^^^^^^^^^^^^^^^^^^
  File "C:\inetpub\wwwroot\e-randevu\dental_management_system\venv\Lib\site-packages\django\db\models\manager.py", line 87, in manager_method
    return getattr(self.get_queryset(), name)(*args, **kwargs)
           ^^^^^^^^^^^^^^^^^^^^^^^^^^^^^^^^^^^^^^^^^^^^^^^^^^^
  File "C:\inetpub\wwwroot\e-randevu\dental_management_system\venv\Lib\site-packages\django\db\models\query.py", line 649, in get
    raise self.model.DoesNotExist(
tenants.models.Clinic.DoesNotExist: Clinic matching query does not exist.

During handling of the above exception, another exception occurred:

Traceback (most recent call last):
  File "C:\inetpub\wwwroot\e-randevu\dental_management_system\venv\Lib\site-packages\django\core\handlers\exception.py", line 55, in inner
    response = get_response(request)
               ^^^^^^^^^^^^^^^^^^^^^
  File "C:\inetpub\wwwroot\e-randevu\dental_management_system\venv\Lib\site-packages\django\core\handlers\base.py", line 197, in _get_response
    response = wrapped_callback(request, *callback_args, **callback_kwargs)
               ^^^^^^^^^^^^^^^^^^^^^^^^^^^^^^^^^^^^^^^^^^^^^^^^^^^^^^^^^^^^
  File "C:\inetpub\wwwroot\e-randevu\dental_management_system\tenants\hasta_views.py", line 135, in klinik_randevu_sayfasi
    return render(request, 'hasta/klinik_bulunamadi.html', {}, status=404)
           ^^^^^^^^^^^^^^^^^^^^^^^^^^^^^^^^^^^^^^^^^^^^^^^^^^^^^^^^^^^^^^^
  File "C:\inetpub\wwwroot\e-randevu\dental_management_system\venv\Lib\site-packages\django\shortcuts.py", line 25, in render
    content = loader.render_to_string(template_name, context, request, using=using)
              ^^^^^^^^^^^^^^^^^^^^^^^^^^^^^^^^^^^^^^^^^^^^^^^^^^^^^^^^^^^^^^^^^^^^^
  File "C:\inetpub\wwwroot\e-randevu\dental_management_system\venv\Lib\site-packages\django\template\loader.py", line 61, in render_to_string
    template = get_template(template_name, using=using)
               ^^^^^^^^^^^^^^^^^^^^^^^^^^^^^^^^^^^^^^^^
  File "C:\inetpub\wwwroot\e-randevu\dental_management_system\venv\Lib\site-packages\django\template\loader.py", line 19, in get_template
    raise TemplateDoesNotExist(template_name, chain=chain)
django.template.exceptions.TemplateDoesNotExist: hasta/klinik_bulunamadi.html
[02/May/2026 13:05:19] "GET /?-s HTTP/1.1" 500 20535
Not Found: /app/.env
Not Found: /public/.env
[02/May/2026 13:05:19] "GET /app/.env HTTP/1.1" 404 2354
[02/May/2026 13:05:19] "GET /public/.env HTTP/1.1" 404 2363
Not Found: /laravel/.env
[02/May/2026 13:05:19] "GET /laravel/.env HTTP/1.1" 404 2366
Not Found: /actuator/env
[02/May/2026 13:05:19] "GET /actuator/env HTTP/1.1" 404 2366
Not Found: /admin/.env
[02/May/2026 13:05:19] "GET /admin/.env HTTP/1.1" 404 2360
Not Found: /src/.env
Not Found: /actuator/configprops
[02/May/2026 13:05:19] "GET /src/.env HTTP/1.1" 404 2354
[02/May/2026 13:05:19] "GET /actuator/configprops HTTP/1.1" 404 2390
Not Found: /actuator/configprops
[02/May/2026 13:05:19] "GET /actuator/configprops HTTP/1.1" 404 2390
Not Found: /actuator/env
[02/May/2026 13:05:19] "GET /actuator/env HTTP/1.1" 404 2366
Not Found: /actuator/health
Not Found: /server/.env
[02/May/2026 13:05:19] "GET /actuator/health HTTP/1.1" 404 2375
Not Found: /env
[02/May/2026 13:05:19] "GET /server/.env HTTP/1.1" 404 2363
Not Found: /config/.env
[02/May/2026 13:05:19] "GET /env HTTP/1.1" 404 2339
[02/May/2026 13:05:19] "GET /config/.env HTTP/1.1" 404 2363
Not Found: /actuator/mappings
[02/May/2026 13:05:19] "GET /actuator/mappings HTTP/1.1" 404 2381
Not Found: /env.txt
[02/May/2026 13:05:19] "GET /env.txt HTTP/1.1" 404 2351
Not Found: /.env
[02/May/2026 13:05:32] "GET /.env HTTP/1.1" 404 2338
Not Found: /i.php
[02/May/2026 13:05:32] "GET /i.php HTTP/1.1" 404 2341
Not Found: /.aws/config
Not Found: /php.php
Not Found: /.env.production
Not Found: /.aws/config
[02/May/2026 13:05:32] "GET /php.php HTTP/1.1" 404 2347
Not Found: /.aws/credentials
[02/May/2026 13:05:32] "GET /.aws/config HTTP/1.1" 404 2359
Not Found: /.env.local
[02/May/2026 13:05:32] "GET /.aws/config HTTP/1.1" 404 2359
Not Found: /.aws/credentials
[02/May/2026 13:05:32] "GET /.env.production HTTP/1.1" 404 2371
[02/May/2026 13:05:32] "GET /.aws/credentials HTTP/1.1" 404 2374
Not Found: /.env.prod
[02/May/2026 13:05:32] "GET /.env.local HTTP/1.1" 404 2356
Not Found: /test.php
Not Found: /.docker/config.json
[02/May/2026 13:05:32] "GET /.aws/credentials HTTP/1.1" 404 2374
[02/May/2026 13:05:32] "GET /.env.prod HTTP/1.1" 404 2353
[02/May/2026 13:05:32] "GET /test.php HTTP/1.1" 404 2350
[02/May/2026 13:05:32] "GET /.docker/config.json HTTP/1.1" 404 2383
Not Found: /info.php
Not Found: /phpinfo.php
[02/May/2026 13:05:32] "GET /info.php HTTP/1.1" 404 2350
[02/May/2026 13:05:32] "GET /phpinfo.php HTTP/1.1" 404 2359
Not Found: /php-info.php
[02/May/2026 13:05:32] "GET /php-info.php HTTP/1.1" 404 2362
Internal Server Error: /
Traceback (most recent call last):
  File "C:\inetpub\wwwroot\e-randevu\dental_management_system\tenants\hasta_views.py", line 133, in klinik_randevu_sayfasi
    clinic = Clinic.objects.get(subdomain=subdomain, is_active=True)
             ^^^^^^^^^^^^^^^^^^^^^^^^^^^^^^^^^^^^^^^^^^^^^^^^^^^^^^^
  File "C:\inetpub\wwwroot\e-randevu\dental_management_system\venv\Lib\site-packages\django\db\models\manager.py", line 87, in manager_method
    return getattr(self.get_queryset(), name)(*args, **kwargs)
           ^^^^^^^^^^^^^^^^^^^^^^^^^^^^^^^^^^^^^^^^^^^^^^^^^^^
  File "C:\inetpub\wwwroot\e-randevu\dental_management_system\venv\Lib\site-packages\django\db\models\query.py", line 649, in get
    raise self.model.DoesNotExist(
tenants.models.Clinic.DoesNotExist: Clinic matching query does not exist.

During handling of the above exception, another exception occurred:

Traceback (most recent call last):
  File "C:\inetpub\wwwroot\e-randevu\dental_management_system\venv\Lib\site-packages\django\core\handlers\exception.py", line 55, in inner
    response = get_response(request)
               ^^^^^^^^^^^^^^^^^^^^^
  File "C:\inetpub\wwwroot\e-randevu\dental_management_system\venv\Lib\site-packages\django\core\handlers\base.py", line 197, in _get_response
    response = wrapped_callback(request, *callback_args, **callback_kwargs)
               ^^^^^^^^^^^^^^^^^^^^^^^^^^^^^^^^^^^^^^^^^^^^^^^^^^^^^^^^^^^^
  File "C:\inetpub\wwwroot\e-randevu\dental_management_system\tenants\hasta_views.py", line 135, in klinik_randevu_sayfasi
    return render(request, 'hasta/klinik_bulunamadi.html', {}, status=404)
           ^^^^^^^^^^^^^^^^^^^^^^^^^^^^^^^^^^^^^^^^^^^^^^^^^^^^^^^^^^^^^^^
  File "C:\inetpub\wwwroot\e-randevu\dental_management_system\venv\Lib\site-packages\django\shortcuts.py", line 25, in render
    content = loader.render_to_string(template_name, context, request, using=using)
              ^^^^^^^^^^^^^^^^^^^^^^^^^^^^^^^^^^^^^^^^^^^^^^^^^^^^^^^^^^^^^^^^^^^^^
  File "C:\inetpub\wwwroot\e-randevu\dental_management_system\venv\Lib\site-packages\django\template\loader.py", line 61, in render_to_string
    template = get_template(template_name, using=using)
               ^^^^^^^^^^^^^^^^^^^^^^^^^^^^^^^^^^^^^^^^
  File "C:\inetpub\wwwroot\e-randevu\dental_management_system\venv\Lib\site-packages\django\template\loader.py", line 19, in get_template
    raise TemplateDoesNotExist(template_name, chain=chain)
django.template.exceptions.TemplateDoesNotExist: hasta/klinik_bulunamadi.html
[02/May/2026 13:05:32] "GET / HTTP/1.1" 500 97512
Internal Server Error: /
Traceback (most recent call last):
  File "C:\inetpub\wwwroot\e-randevu\dental_management_system\tenants\hasta_views.py", line 133, in klinik_randevu_sayfasi
    clinic = Clinic.objects.get(subdomain=subdomain, is_active=True)
             ^^^^^^^^^^^^^^^^^^^^^^^^^^^^^^^^^^^^^^^^^^^^^^^^^^^^^^^
  File "C:\inetpub\wwwroot\e-randevu\dental_management_system\venv\Lib\site-packages\django\db\models\manager.py", line 87, in manager_method
    return getattr(self.get_queryset(), name)(*args, **kwargs)
           ^^^^^^^^^^^^^^^^^^^^^^^^^^^^^^^^^^^^^^^^^^^^^^^^^^^
  File "C:\inetpub\wwwroot\e-randevu\dental_management_system\venv\Lib\site-packages\django\db\models\query.py", line 649, in get
    raise self.model.DoesNotExist(
tenants.models.Clinic.DoesNotExist: Clinic matching query does not exist.

During handling of the above exception, another exception occurred:

Traceback (most recent call last):
  File "C:\inetpub\wwwroot\e-randevu\dental_management_system\venv\Lib\site-packages\django\core\handlers\exception.py", line 55, in inner
    response = get_response(request)
               ^^^^^^^^^^^^^^^^^^^^^
  File "C:\inetpub\wwwroot\e-randevu\dental_management_system\venv\Lib\site-packages\django\core\handlers\base.py", line 197, in _get_response
    response = wrapped_callback(request, *callback_args, **callback_kwargs)
               ^^^^^^^^^^^^^^^^^^^^^^^^^^^^^^^^^^^^^^^^^^^^^^^^^^^^^^^^^^^^
  File "C:\inetpub\wwwroot\e-randevu\dental_management_system\tenants\hasta_views.py", line 135, in klinik_randevu_sayfasi
    return render(request, 'hasta/klinik_bulunamadi.html', {}, status=404)
           ^^^^^^^^^^^^^^^^^^^^^^^^^^^^^^^^^^^^^^^^^^^^^^^^^^^^^^^^^^^^^^^
  File "C:\inetpub\wwwroot\e-randevu\dental_management_system\venv\Lib\site-packages\django\shortcuts.py", line 25, in render
    content = loader.render_to_string(template_name, context, request, using=using)
              ^^^^^^^^^^^^^^^^^^^^^^^^^^^^^^^^^^^^^^^^^^^^^^^^^^^^^^^^^^^^^^^^^^^^^
  File "C:\inetpub\wwwroot\e-randevu\dental_management_system\venv\Lib\site-packages\django\template\loader.py", line 61, in render_to_string
    template = get_template(template_name, using=using)
               ^^^^^^^^^^^^^^^^^^^^^^^^^^^^^^^^^^^^^^^^
  File "C:\inetpub\wwwroot\e-randevu\dental_management_system\venv\Lib\site-packages\django\template\loader.py", line 19, in get_template
    raise TemplateDoesNotExist(template_name, chain=chain)
django.template.exceptions.TemplateDoesNotExist: hasta/klinik_bulunamadi.html
[02/May/2026 13:05:32] "GET / HTTP/1.1" 500 20521
Not Found: /.env.dev
[02/May/2026 13:05:32] "GET /.env.dev HTTP/1.1" 404 2350
Not Found: /.npmrc
Not Found: /.netrc
Not Found: /.dockerenv
[02/May/2026 13:05:32] "GET /.npmrc HTTP/1.1" 404 2344
[02/May/2026 13:05:32] "GET /.netrc HTTP/1.1" 404 2344
[02/May/2026 13:05:32] "GET /.dockerenv HTTP/1.1" 404 2356
Not Found: /.env.development
[02/May/2026 13:05:32] "GET /.env.development HTTP/1.1" 404 2374
Not Found: /phpinfo.php
[02/May/2026 13:05:32] "GET /phpinfo.php HTTP/1.1" 404 2359
Not Found: /.env.test
Not Found: /info.php
Not Found: /test.php
[02/May/2026 13:05:32] "GET /.env.test HTTP/1.1" 404 2353
[02/May/2026 13:05:32] "GET /info.php HTTP/1.1" 404 2350
[02/May/2026 13:05:32] "GET /test.php HTTP/1.1" 404 2350
Not Found: /php_info.php
Not Found: /.env
[02/May/2026 13:05:32] "GET /php_info.php HTTP/1.1" 404 2362
Not Found: /.htpasswd
[02/May/2026 13:05:32] "GET /.env HTTP/1.1" 404 2338
[02/May/2026 13:05:32] "GET /.htpasswd HTTP/1.1" 404 2353
Not Found: /.env.staging
[02/May/2026 13:05:32] "GET /.env.staging HTTP/1.1" 404 2362
Not Found: /.htpasswd
Not Found: /.env.stage
[02/May/2026 13:05:32] "GET /.htpasswd HTTP/1.1" 404 2353
[02/May/2026 13:05:32] "GET /.env.stage HTTP/1.1" 404 2356
Not Found: /php.php
[02/May/2026 13:05:32] "GET /php.php HTTP/1.1" 404 2347
Not Found: /.kube/config
Not Found: /.git/config
[02/May/2026 13:05:32] "GET /.git/config HTTP/1.1" 404 2359
[02/May/2026 13:05:32] "GET /.kube/config HTTP/1.1" 404 2362
Not Found: /.git/config
Not Found: /index.php
Not Found: /.env.production
[02/May/2026 13:05:32] "GET /index.php?=phpinfo() HTTP/1.1" 404 2364
Not Found: /.env.local
[02/May/2026 13:05:32] "GET /.git/config HTTP/1.1" 404 2359
Not Found: /.env.prod
[02/May/2026 13:05:32] "GET /.env.production HTTP/1.1" 404 2371
[02/May/2026 13:05:32] "GET /.env.local HTTP/1.1" 404 2356
[02/May/2026 13:05:32] "GET /.env.prod HTTP/1.1" 404 2353
Not Found: /_profiler/phpinfo
Not Found: /.env.staging
[02/May/2026 13:05:32] "GET /_profiler/phpinfo HTTP/1.1" 404 2377
[02/May/2026 13:05:32] "GET /.env.staging HTTP/1.1" 404 2362
Not Found: /.env.dev
[02/May/2026 13:05:32] "GET /.env.dev HTTP/1.1" 404 2350
Not Found: /.git/index
[02/May/2026 13:05:32] "GET /.git/index HTTP/1.1" 404 2356
Not Found: /.git/logs/HEAD
[02/May/2026 13:05:32] "GET /.git/logs/HEAD HTTP/1.1" 404 2368
Internal Server Error: /
Traceback (most recent call last):
  File "C:\inetpub\wwwroot\e-randevu\dental_management_system\tenants\hasta_views.py", line 133, in klinik_randevu_sayfasi
    clinic = Clinic.objects.get(subdomain=subdomain, is_active=True)
             ^^^^^^^^^^^^^^^^^^^^^^^^^^^^^^^^^^^^^^^^^^^^^^^^^^^^^^^
  File "C:\inetpub\wwwroot\e-randevu\dental_management_system\venv\Lib\site-packages\django\db\models\manager.py", line 87, in manager_method
    return getattr(self.get_queryset(), name)(*args, **kwargs)
           ^^^^^^^^^^^^^^^^^^^^^^^^^^^^^^^^^^^^^^^^^^^^^^^^^^^
  File "C:\inetpub\wwwroot\e-randevu\dental_management_system\venv\Lib\site-packages\django\db\models\query.py", line 649, in get
    raise self.model.DoesNotExist(
tenants.models.Clinic.DoesNotExist: Clinic matching query does not exist.

During handling of the above exception, another exception occurred:

Traceback (most recent call last):
  File "C:\inetpub\wwwroot\e-randevu\dental_management_system\venv\Lib\site-packages\django\core\handlers\exception.py", line 55, in inner
    response = get_response(request)
               ^^^^^^^^^^^^^^^^^^^^^
  File "C:\inetpub\wwwroot\e-randevu\dental_management_system\venv\Lib\site-packages\django\core\handlers\base.py", line 197, in _get_response
    response = wrapped_callback(request, *callback_args, **callback_kwargs)
               ^^^^^^^^^^^^^^^^^^^^^^^^^^^^^^^^^^^^^^^^^^^^^^^^^^^^^^^^^^^^
  File "C:\inetpub\wwwroot\e-randevu\dental_management_system\tenants\hasta_views.py", line 135, in klinik_randevu_sayfasi
    return render(request, 'hasta/klinik_bulunamadi.html', {}, status=404)
           ^^^^^^^^^^^^^^^^^^^^^^^^^^^^^^^^^^^^^^^^^^^^^^^^^^^^^^^^^^^^^^^
  File "C:\inetpub\wwwroot\e-randevu\dental_management_system\venv\Lib\site-packages\django\shortcuts.py", line 25, in render
    content = loader.render_to_string(template_name, context, request, using=using)
              ^^^^^^^^^^^^^^^^^^^^^^^^^^^^^^^^^^^^^^^^^^^^^^^^^^^^^^^^^^^^^^^^^^^^^
  File "C:\inetpub\wwwroot\e-randevu\dental_management_system\venv\Lib\site-packages\django\template\loader.py", line 61, in render_to_string
    template = get_template(template_name, using=using)
               ^^^^^^^^^^^^^^^^^^^^^^^^^^^^^^^^^^^^^^^^
  File "C:\inetpub\wwwroot\e-randevu\dental_management_system\venv\Lib\site-packages\django\template\loader.py", line 19, in get_template
    raise TemplateDoesNotExist(template_name, chain=chain)
django.template.exceptions.TemplateDoesNotExist: hasta/klinik_bulunamadi.html
Not Found: /.env.development
Not Found: /.env.test
[02/May/2026 13:05:32] "GET /?=phpinfo() HTTP/1.1" 500 97898
[02/May/2026 13:05:32] "GET /.env.development HTTP/1.1" 404 2374
[02/May/2026 13:05:32] "GET /.env.test HTTP/1.1" 404 2353
Not Found: /.env::$DATA
[02/May/2026 13:05:32] "GET /.env::$DATA HTTP/1.1" 404 2359
Not Found: /.git/refs/heads/main
Not Found: /.git/HEAD
[02/May/2026 13:05:32] "GET /.git/refs/heads/main HTTP/1.1" 404 2386
[02/May/2026 13:05:33] "GET /.git/HEAD HTTP/1.1" 404 2353
Not Found: /.env;.css
[02/May/2026 13:05:33] "GET /.env;.css HTTP/1.1" 404 2355
Not Found: /.env.bak
[02/May/2026 13:05:33] "GET /.env.bak HTTP/1.1" 404 2350
Not Found: /.env.backup
Not Found: /.env;.jpg
Not Found: /.git/refs/heads/master
[02/May/2026 13:05:33] "GET /.env.backup HTTP/1.1" 404 2359
[02/May/2026 13:05:33] "GET /.env;.jpg HTTP/1.1" 404 2355
[02/May/2026 13:05:33] "GET /.git/refs/heads/master HTTP/1.1" 404 2392
Not Found: /.git-credentials
[02/May/2026 13:05:33] "GET /.git-credentials HTTP/1.1" 404 2374
Not Found: /.git/packed-refs
[02/May/2026 13:05:33] "GET /.git/packed-refs HTTP/1.1" 404 2374
Not Found: /wp-config.php.bak
[02/May/2026 13:05:33] "GET /wp-config.php.bak HTTP/1.1" 404 2377
Not Found: /.git-credentials
Not Found: /.env.old
[02/May/2026 13:05:33] "GET /.git-credentials HTTP/1.1" 404 2374
Not Found: /.gitconfig
[02/May/2026 13:05:33] "GET /.env.old HTTP/1.1" 404 2350
Not Found: /.env.save
[02/May/2026 13:05:33] "GET /.gitconfig HTTP/1.1" 404 2356
[02/May/2026 13:05:33] "GET /.env.save HTTP/1.1" 404 2353
Not Found: /.env.swp
[02/May/2026 13:05:33] "GET /.env.swp HTTP/1.1" 404 2350
Not Found: /.env~
[02/May/2026 13:05:33] "GET /.env~ HTTP/1.1" 404 2341
Not Found: /wp-config.php.save
Not Found: /wp-config.php.old
[02/May/2026 13:05:33] "GET /wp-config.php.save HTTP/1.1" 404 2380
[02/May/2026 13:05:33] "GET /wp-config.php.old HTTP/1.1" 404 2377
Not Found: /.env_backup
Not Found: /wp-config.php.txt
[02/May/2026 13:05:33] "GET /.env_backup HTTP/1.1" 404 2359
[02/May/2026 13:05:33] "GET /wp-config.php.txt HTTP/1.1" 404 2377
Not Found: /wp-config.php.swp
[02/May/2026 13:05:33] "GET /wp-config.php.swp HTTP/1.1" 404 2377
Not Found: /.env.dist
[02/May/2026 13:05:33] "GET /.env.dist HTTP/1.1" 404 2353
Not Found: /wp-config.php~
[02/May/2026 13:05:33] "GET /wp-config.php~ HTTP/1.1" 404 2368
Not Found: /.env.development.local
Not Found: /.env.backup
[02/May/2026 13:05:33] "GET /.env.development.local HTTP/1.1" 404 2392
[02/May/2026 13:05:33] "GET /.env.backup HTTP/1.1" 404 2359
Not Found: /.env.production.local
[02/May/2026 13:05:33] "GET /.env.production.local HTTP/1.1" 404 2389
Not Found: /wp-config.php.orig
[02/May/2026 13:05:33] "GET /wp-config.php.orig HTTP/1.1" 404 2380
Not Found: /.env.bak
[02/May/2026 13:05:33] "GET /.env.bak HTTP/1.1" 404 2350
Not Found: /wp-config-old.php
Not Found: /.env.old
[02/May/2026 13:05:33] "GET /wp-config-old.php HTTP/1.1" 404 2377
Not Found: /wp-config-backup.php
Not Found: /wp-config_old.php
[02/May/2026 13:05:33] "GET /.env.old HTTP/1.1" 404 2350
[02/May/2026 13:05:33] "GET /wp-config-backup.php HTTP/1.1" 404 2386
[02/May/2026 13:05:33] "GET /wp-config_old.php HTTP/1.1" 404 2377
Not Found: /.env.save
Not Found: /api/.env
[02/May/2026 13:05:33] "GET /.env.save HTTP/1.1" 404 2353
Not Found: /old-wp-config.php
Not Found: /api/v1/.env
[02/May/2026 13:05:33] "GET /api/.env HTTP/1.1" 404 2350
[02/May/2026 13:05:33] "GET /old-wp-config.php HTTP/1.1" 404 2377
[02/May/2026 13:05:33] "GET /api/v1/.env HTTP/1.1" 404 2359
Not Found: /backup/wp-config.php
[02/May/2026 13:05:33] "GET /backup/wp-config.php HTTP/1.1" 404 2386
Not Found: /backend/.env
[02/May/2026 13:05:33] "GET /backend/.env HTTP/1.1" 404 2362
Not Found: /wp-content/debug.log
[02/May/2026 13:05:33] "GET /wp-content/debug.log HTTP/1.1" 404 2386
Not Found: /apps/.env
Not Found: /public/.env
[02/May/2026 13:05:33] "GET /apps/.env HTTP/1.1" 404 2353
[02/May/2026 13:05:33] "GET /public/.env HTTP/1.1" 404 2359
Not Found: /wp-config.php::$DATA
[02/May/2026 13:05:33] "GET /wp-config.php::$DATA HTTP/1.1" 404 2386
Not Found: /admin/.env
Not Found: /server-info
Not Found: /app/.env
[02/May/2026 13:05:33] "GET /admin/.env HTTP/1.1" 404 2356
Not Found: /server-status
[02/May/2026 13:05:33] "GET /app/.env HTTP/1.1" 404 2350
[02/May/2026 13:05:33] "GET /server-info HTTP/1.1" 404 2359
[02/May/2026 13:05:33] "GET /server-status HTTP/1.1" 404 2365
Not Found: /nginx_status
Not Found: /web/.env
Not Found: /server-status
[02/May/2026 13:05:33] "GET /nginx_status HTTP/1.1" 404 2362
[02/May/2026 13:05:33] "GET /web/.env HTTP/1.1" 404 2350
[02/May/2026 13:05:33] "GET /server-status?auto HTTP/1.1" 404 2370
Not Found: /config/.env
[02/May/2026 13:05:33] "GET /config/.env HTTP/1.1" 404 2359
Not Found: /laravel/.env
[02/May/2026 13:05:33] "GET /laravel/.env HTTP/1.1" 404 2362
Not Found: /_profiler
Not Found: /app_dev.php
Not Found: /storage/.env
[02/May/2026 13:05:33] "GET /_profiler HTTP/1.1" 404 2353
[02/May/2026 13:05:33] "GET /app_dev.php HTTP/1.1" 404 2359
[02/May/2026 13:05:33] "GET /storage/.env HTTP/1.1" 404 2362
Not Found: /composer.json
[02/May/2026 13:05:33] "GET /composer.json HTTP/1.1" 404 2365
Not Found: /server/.env
[02/May/2026 13:05:33] "GET /server/.env HTTP/1.1" 404 2359
Not Found: /api/.env
[02/May/2026 13:05:33] "GET /api/.env HTTP/1.1" 404 2350
Not Found: /prisma/.env
[02/May/2026 13:05:33] "GET /prisma/.env HTTP/1.1" 404 2359
Not Found: /src/.env
Not Found: /composer.lock
Not Found: /auth.json
[02/May/2026 13:05:33] "GET /src/.env HTTP/1.1" 404 2350
[02/May/2026 13:05:33] "GET /composer.lock HTTP/1.1" 404 2365
[02/May/2026 13:05:33] "GET /auth.json HTTP/1.1" 404 2353
Not Found: /backend/.env
[02/May/2026 13:05:33] "GET /backend/.env HTTP/1.1" 404 2362
Not Found: /.composer/auth.json
[02/May/2026 13:05:33] "GET /.composer/auth.json HTTP/1.1" 404 2383
Not Found: /actuator/env
[02/May/2026 13:05:33] "GET /actuator/env HTTP/1.1" 404 2362
Not Found: /app/.env
[02/May/2026 13:05:33] "GET /app/.env HTTP/1.1" 404 2350
Internal Server Error: /
Traceback (most recent call last):
  File "C:\inetpub\wwwroot\e-randevu\dental_management_system\tenants\hasta_views.py", line 133, in klinik_randevu_sayfasi
    clinic = Clinic.objects.get(subdomain=subdomain, is_active=True)
             ^^^^^^^^^^^^^^^^^^^^^^^^^^^^^^^^^^^^^^^^^^^^^^^^^^^^^^^
  File "C:\inetpub\wwwroot\e-randevu\dental_management_system\venv\Lib\site-packages\django\db\models\manager.py", line 87, in manager_method
    return getattr(self.get_queryset(), name)(*args, **kwargs)
           ^^^^^^^^^^^^^^^^^^^^^^^^^^^^^^^^^^^^^^^^^^^^^^^^^^^
  File "C:\inetpub\wwwroot\e-randevu\dental_management_system\venv\Lib\site-packages\django\db\models\query.py", line 649, in get
    raise self.model.DoesNotExist(
tenants.models.Clinic.DoesNotExist: Clinic matching query does not exist.

During handling of the above exception, another exception occurred:

Traceback (most recent call last):
  File "C:\inetpub\wwwroot\e-randevu\dental_management_system\venv\Lib\site-packages\django\core\handlers\exception.py", line 55, in inner
    response = get_response(request)
               ^^^^^^^^^^^^^^^^^^^^^
  File "C:\inetpub\wwwroot\e-randevu\dental_management_system\venv\Lib\site-packages\django\core\handlers\base.py", line 197, in _get_response
    response = wrapped_callback(request, *callback_args, **callback_kwargs)
               ^^^^^^^^^^^^^^^^^^^^^^^^^^^^^^^^^^^^^^^^^^^^^^^^^^^^^^^^^^^^
  File "C:\inetpub\wwwroot\e-randevu\dental_management_system\tenants\hasta_views.py", line 135, in klinik_randevu_sayfasi
    return render(request, 'hasta/klinik_bulunamadi.html', {}, status=404)
           ^^^^^^^^^^^^^^^^^^^^^^^^^^^^^^^^^^^^^^^^^^^^^^^^^^^^^^^^^^^^^^^
  File "C:\inetpub\wwwroot\e-randevu\dental_management_system\venv\Lib\site-packages\django\shortcuts.py", line 25, in render
    content = loader.render_to_string(template_name, context, request, using=using)
              ^^^^^^^^^^^^^^^^^^^^^^^^^^^^^^^^^^^^^^^^^^^^^^^^^^^^^^^^^^^^^^^^^^^^^
  File "C:\inetpub\wwwroot\e-randevu\dental_management_system\venv\Lib\site-packages\django\template\loader.py", line 61, in render_to_string
    template = get_template(template_name, using=using)
               ^^^^^^^^^^^^^^^^^^^^^^^^^^^^^^^^^^^^^^^^
  File "C:\inetpub\wwwroot\e-randevu\dental_management_system\venv\Lib\site-packages\django\template\loader.py", line 19, in get_template
    raise TemplateDoesNotExist(template_name, chain=chain)
django.template.exceptions.TemplateDoesNotExist: hasta/klinik_bulunamadi.html
[02/May/2026 13:05:33] "GET /?-s HTTP/1.1" 500 20528
Not Found: /laravel/.env
[02/May/2026 13:05:33] "GET /laravel/.env HTTP/1.1" 404 2362
Not Found: /admin/.env
Not Found: /public/.env
Not Found: /actuator/env
[02/May/2026 13:05:33] "GET /public/.env HTTP/1.1" 404 2359
[02/May/2026 13:05:33] "GET /admin/.env HTTP/1.1" 404 2356
[02/May/2026 13:05:33] "GET /actuator/env HTTP/1.1" 404 2362
Not Found: /actuator/configprops
Not Found: /config/.env
[02/May/2026 13:05:33] "GET /actuator/configprops HTTP/1.1" 404 2386
[02/May/2026 13:05:33] "GET /config/.env HTTP/1.1" 404 2359
Not Found: /actuator/configprops
[02/May/2026 13:05:33] "GET /actuator/configprops HTTP/1.1" 404 2386
Not Found: /actuator/health
[02/May/2026 13:05:34] "GET /actuator/health HTTP/1.1" 404 2371
Not Found: /src/.env
Not Found: /actuator/mappings
[02/May/2026 13:05:34] "GET /src/.env HTTP/1.1" 404 2350
[02/May/2026 13:05:34] "GET /actuator/mappings HTTP/1.1" 404 2377
Not Found: /env.json
Not Found: /actuator/loggers
Not Found: /env
Not Found: /env.txt
[02/May/2026 13:05:34] "GET /actuator/loggers HTTP/1.1" 404 2374
Not Found: /actuator/beans
[02/May/2026 13:05:34] "GET /env.json HTTP/1.1" 404 2350
Not Found: /server/.env
[02/May/2026 13:05:34] "GET /env HTTP/1.1" 404 2335
Not Found: /actuator/beans
[02/May/2026 13:05:34] "GET /env.txt HTTP/1.1" 404 2347
[02/May/2026 13:05:34] "GET /actuator/beans HTTP/1.1" 404 2368
[02/May/2026 13:05:34] "GET /server/.env HTTP/1.1" 404 2359
[02/May/2026 13:05:34] "GET /actuator/beans HTTP/1.1" 404 2368
Not Found: /actuator/threaddump
[02/May/2026 13:05:34] "GET /actuator/threaddump HTTP/1.1" 404 2383
Not Found: /actuator/trace
[02/May/2026 13:05:34] "GET /actuator/trace HTTP/1.1" 404 2368
Not Found: /actuator/httptrace
[02/May/2026 13:05:34] "GET /actuator/httptrace HTTP/1.1" 404 2380
Not Found: /dump.sql
Not Found: /database.sql
Not Found: /db.sql
[02/May/2026 13:05:34] "GET /db.sql HTTP/1.1" 404 2344
[02/May/2026 13:05:34] "GET /dump.sql HTTP/1.1" 404 2350
[02/May/2026 13:05:34] "GET /database.sql HTTP/1.1" 404 2362
Not Found: /backup.sql
[02/May/2026 13:05:34] "GET /backup.sql HTTP/1.1" 404 2356
Not Found: /database_backup.sql
Not Found: /db_backup.sql
Not Found: /pg_dump.sql
[02/May/2026 13:05:34] "GET /database_backup.sql HTTP/1.1" 404 2383
Not Found: /mysqldump.sql
[02/May/2026 13:05:34] "GET /db_backup.sql HTTP/1.1" 404 2365
[02/May/2026 13:05:34] "GET /pg_dump.sql HTTP/1.1" 404 2359
[02/May/2026 13:05:34] "GET /mysqldump.sql HTTP/1.1" 404 2365
Not Found: /all-databases.sql
[02/May/2026 13:05:34] "GET /all-databases.sql HTTP/1.1" 404 2377
Not Found: /data.sql
[02/May/2026 13:05:34] "GET /data.sql HTTP/1.1" 404 2350
Not Found: /site.sql
[02/May/2026 13:05:34] "GET /site.sql HTTP/1.1" 404 2350
Not Found: /wordpress.sql
[02/May/2026 13:05:34] "GET /wordpress.sql HTTP/1.1" 404 2365
Not Found: /export.sql
[02/May/2026 13:05:34] "GET /export.sql HTTP/1.1" 404 2356
Not Found: /wp.sql
[02/May/2026 13:05:34] "GET /wp.sql HTTP/1.1" 404 2344
Not Found: /config/master.key
Not Found: /full_backup.sql
[02/May/2026 13:05:34] "GET /config/master.key HTTP/1.1" 404 2377
[02/May/2026 13:05:34] "GET /full_backup.sql HTTP/1.1" 404 2371
Not Found: /config/credentials.yml.enc
[02/May/2026 13:05:34] "GET /config/credentials.yml.enc HTTP/1.1" 404 2404
Not Found: /config/credentials/production.key
[02/May/2026 13:05:34] "GET /config/credentials/production.key HTTP/1.1" 404 2425
Not Found: /config/credentials/development.key
[02/May/2026 13:05:34] "GET /config/credentials/development.key HTTP/1.1" 404 2428
Not Found: /config/credentials/production.yml.enc
[02/May/2026 13:05:34] "GET /config/credentials/production.yml.enc HTTP/1.1" 404 2437
Not Found: /config/database.yml
[02/May/2026 13:05:34,629] - Broken pipe from ('127.0.0.1', 51011)
Not Found: /config/secrets.yml
[02/May/2026 13:05:34,632] - Broken pipe from ('127.0.0.1', 51013)
Not Found: /sitemap.txt
[02/May/2026 13:06:10] "GET /sitemap.txt HTTP/1.1" 404 2359
Not Found: /.env.production
[02/May/2026 13:06:51] "GET /.env.production HTTP/1.1" 404 2373
Not Found: /.env.local
[02/May/2026 13:06:51] "GET /.env.local HTTP/1.1" 404 2358
Not Found: /_profiler/phpinfo
Not Found: /index.php
Not Found: /.env
[02/May/2026 13:06:51] "GET /index.php?=phpinfo() HTTP/1.1" 404 2366
[02/May/2026 13:06:51] "GET /_profiler/phpinfo HTTP/1.1" 404 2379
[02/May/2026 13:06:51] "GET /.env HTTP/1.1" 404 2340
Internal Server Error: /
Traceback (most recent call last):
  File "C:\inetpub\wwwroot\e-randevu\dental_management_system\tenants\hasta_views.py", line 133, in klinik_randevu_sayfasi
    clinic = Clinic.objects.get(subdomain=subdomain, is_active=True)
             ^^^^^^^^^^^^^^^^^^^^^^^^^^^^^^^^^^^^^^^^^^^^^^^^^^^^^^^
  File "C:\inetpub\wwwroot\e-randevu\dental_management_system\venv\Lib\site-packages\django\db\models\manager.py", line 87, in manager_method
    return getattr(self.get_queryset(), name)(*args, **kwargs)
           ^^^^^^^^^^^^^^^^^^^^^^^^^^^^^^^^^^^^^^^^^^^^^^^^^^^
  File "C:\inetpub\wwwroot\e-randevu\dental_management_system\venv\Lib\site-packages\django\db\models\query.py", line 649, in get
    raise self.model.DoesNotExist(
tenants.models.Clinic.DoesNotExist: Clinic matching query does not exist.

During handling of the above exception, another exception occurred:

Traceback (most recent call last):
  File "C:\inetpub\wwwroot\e-randevu\dental_management_system\venv\Lib\site-packages\django\core\handlers\exception.py", line 55, in inner
    response = get_response(request)
               ^^^^^^^^^^^^^^^^^^^^^
  File "C:\inetpub\wwwroot\e-randevu\dental_management_system\venv\Lib\site-packages\django\core\handlers\base.py", line 197, in _get_response
    response = wrapped_callback(request, *callback_args, **callback_kwargs)
               ^^^^^^^^^^^^^^^^^^^^^^^^^^^^^^^^^^^^^^^^^^^^^^^^^^^^^^^^^^^^
  File "C:\inetpub\wwwroot\e-randevu\dental_management_system\tenants\hasta_views.py", line 135, in klinik_randevu_sayfasi
    return render(request, 'hasta/klinik_bulunamadi.html', {}, status=404)
           ^^^^^^^^^^^^^^^^^^^^^^^^^^^^^^^^^^^^^^^^^^^^^^^^^^^^^^^^^^^^^^^
  File "C:\inetpub\wwwroot\e-randevu\dental_management_system\venv\Lib\site-packages\django\shortcuts.py", line 25, in render
    content = loader.render_to_string(template_name, context, request, using=using)
              ^^^^^^^^^^^^^^^^^^^^^^^^^^^^^^^^^^^^^^^^^^^^^^^^^^^^^^^^^^^^^^^^^^^^^
  File "C:\inetpub\wwwroot\e-randevu\dental_management_system\venv\Lib\site-packages\django\template\loader.py", line 61, in render_to_string
    template = get_template(template_name, using=using)
               ^^^^^^^^^^^^^^^^^^^^^^^^^^^^^^^^^^^^^^^^
  File "C:\inetpub\wwwroot\e-randevu\dental_management_system\venv\Lib\site-packages\django\template\loader.py", line 19, in get_template
    raise TemplateDoesNotExist(template_name, chain=chain)
django.template.exceptions.TemplateDoesNotExist: hasta/klinik_bulunamadi.html
[02/May/2026 13:06:51] "GET /?=phpinfo() HTTP/1.1" 500 97916
Not Found: /.env.dev
[02/May/2026 13:06:51] "GET /.env.dev HTTP/1.1" 404 2352
Not Found: /.env.staging
[02/May/2026 13:06:52] "GET /.env.staging HTTP/1.1" 404 2364
Not Found: /php.php
Not Found: /.env.prod
[02/May/2026 13:06:52] "GET /php.php HTTP/1.1" 404 2349
[02/May/2026 13:06:52] "GET /.env.prod HTTP/1.1" 404 2355
Not Found: /php.php
[02/May/2026 13:07:28] "GET /php.php HTTP/1.1" 404 2349
Not Found: /.env.local
Not Found: /.env
[02/May/2026 13:07:28] "GET /.env.local HTTP/1.1" 404 2358
Not Found: /.env.production
[02/May/2026 13:07:28] "GET /.env HTTP/1.1" 404 2340
[02/May/2026 13:07:28] "GET /.env.production HTTP/1.1" 404 2373
Not Found: /.aws/config
[02/May/2026 13:07:28] "GET /.aws/config HTTP/1.1" 404 2361
Not Found: /i.php
Not Found: /.docker/config.json
Not Found: /test.php
[02/May/2026 13:07:28] "GET /i.php HTTP/1.1" 404 2343
Not Found: /phpinfo.php
[02/May/2026 13:07:28] "GET /test.php HTTP/1.1" 404 2352
Not Found: /.aws/credentials
Not Found: /info.php
Not Found: /.aws/config
[02/May/2026 13:07:28] "GET /.docker/config.json HTTP/1.1" 404 2385
[02/May/2026 13:07:28] "GET /phpinfo.php HTTP/1.1" 404 2361
[02/May/2026 13:07:28] "GET /.aws/credentials HTTP/1.1" 404 2376
Not Found: /.env.prod
[02/May/2026 13:07:28] "GET /info.php HTTP/1.1" 404 2352
Not Found: /.aws/credentials
[02/May/2026 13:07:28] "GET /.aws/config HTTP/1.1" 404 2361
[02/May/2026 13:07:28] "GET /.env.prod HTTP/1.1" 404 2355
Not Found: /.env.dev
[02/May/2026 13:07:28] "GET /.aws/credentials HTTP/1.1" 404 2376
Not Found: /php-info.php
[02/May/2026 13:07:28] "GET /.env.dev HTTP/1.1" 404 2352
Not Found: /.env.development
[02/May/2026 13:07:28] "GET /php-info.php HTTP/1.1" 404 2364
[02/May/2026 13:07:28] "GET /.env.development HTTP/1.1" 404 2376
Not Found: /phpinfo.php
Not Found: /.env.staging
[02/May/2026 13:07:28] "GET /phpinfo.php HTTP/1.1" 404 2361
[02/May/2026 13:07:28] "GET /.env.staging HTTP/1.1" 404 2364
Not Found: /.dockerenv
Not Found: /php_info.php
[02/May/2026 13:07:28] "GET /.dockerenv HTTP/1.1" 404 2358
[02/May/2026 13:07:28] "GET /php_info.php HTTP/1.1" 404 2364
Not Found: /info.php
[02/May/2026 13:07:29] "GET /info.php HTTP/1.1" 404 2352
Internal Server Error: /
Traceback (most recent call last):
  File "C:\inetpub\wwwroot\e-randevu\dental_management_system\tenants\hasta_views.py", line 133, in klinik_randevu_sayfasi
    clinic = Clinic.objects.get(subdomain=subdomain, is_active=True)
             ^^^^^^^^^^^^^^^^^^^^^^^^^^^^^^^^^^^^^^^^^^^^^^^^^^^^^^^
  File "C:\inetpub\wwwroot\e-randevu\dental_management_system\venv\Lib\site-packages\django\db\models\manager.py", line 87, in manager_method
    return getattr(self.get_queryset(), name)(*args, **kwargs)
           ^^^^^^^^^^^^^^^^^^^^^^^^^^^^^^^^^^^^^^^^^^^^^^^^^^^
  File "C:\inetpub\wwwroot\e-randevu\dental_management_system\venv\Lib\site-packages\django\db\models\query.py", line 649, in get
    raise self.model.DoesNotExist(
tenants.models.Clinic.DoesNotExist: Clinic matching query does not exist.

During handling of the above exception, another exception occurred:

Traceback (most recent call last):
  File "C:\inetpub\wwwroot\e-randevu\dental_management_system\venv\Lib\site-packages\django\core\handlers\exception.py", line 55, in inner
    response = get_response(request)
               ^^^^^^^^^^^^^^^^^^^^^
  File "C:\inetpub\wwwroot\e-randevu\dental_management_system\venv\Lib\site-packages\django\core\handlers\base.py", line 197, in _get_response
    response = wrapped_callback(request, *callback_args, **callback_kwargs)
               ^^^^^^^^^^^^^^^^^^^^^^^^^^^^^^^^^^^^^^^^^^^^^^^^^^^^^^^^^^^^
  File "C:\inetpub\wwwroot\e-randevu\dental_management_system\tenants\hasta_views.py", line 135, in klinik_randevu_sayfasi
    return render(request, 'hasta/klinik_bulunamadi.html', {}, status=404)
           ^^^^^^^^^^^^^^^^^^^^^^^^^^^^^^^^^^^^^^^^^^^^^^^^^^^^^^^^^^^^^^^
  File "C:\inetpub\wwwroot\e-randevu\dental_management_system\venv\Lib\site-packages\django\shortcuts.py", line 25, in render
    content = loader.render_to_string(template_name, context, request, using=using)
              ^^^^^^^^^^^^^^^^^^^^^^^^^^^^^^^^^^^^^^^^^^^^^^^^^^^^^^^^^^^^^^^^^^^^^
  File "C:\inetpub\wwwroot\e-randevu\dental_management_system\venv\Lib\site-packages\django\template\loader.py", line 61, in render_to_string
    template = get_template(template_name, using=using)
               ^^^^^^^^^^^^^^^^^^^^^^^^^^^^^^^^^^^^^^^^
  File "C:\inetpub\wwwroot\e-randevu\dental_management_system\venv\Lib\site-packages\django\template\loader.py", line 19, in get_template
    raise TemplateDoesNotExist(template_name, chain=chain)
django.template.exceptions.TemplateDoesNotExist: hasta/klinik_bulunamadi.html
Not Found: /.kube/config
Not Found: /.env.stage
[02/May/2026 13:07:29] "GET / HTTP/1.1" 500 97650
[02/May/2026 13:07:29] "GET /.kube/config HTTP/1.1" 404 2364
[02/May/2026 13:07:29] "GET /.env.stage HTTP/1.1" 404 2358
Internal Server Error: /
Traceback (most recent call last):
  File "C:\inetpub\wwwroot\e-randevu\dental_management_system\tenants\hasta_views.py", line 133, in klinik_randevu_sayfasi
    clinic = Clinic.objects.get(subdomain=subdomain, is_active=True)
             ^^^^^^^^^^^^^^^^^^^^^^^^^^^^^^^^^^^^^^^^^^^^^^^^^^^^^^^
  File "C:\inetpub\wwwroot\e-randevu\dental_management_system\venv\Lib\site-packages\django\db\models\manager.py", line 87, in manager_method
    return getattr(self.get_queryset(), name)(*args, **kwargs)
           ^^^^^^^^^^^^^^^^^^^^^^^^^^^^^^^^^^^^^^^^^^^^^^^^^^^
  File "C:\inetpub\wwwroot\e-randevu\dental_management_system\venv\Lib\site-packages\django\db\models\query.py", line 649, in get
    raise self.model.DoesNotExist(
tenants.models.Clinic.DoesNotExist: Clinic matching query does not exist.

During handling of the above exception, another exception occurred:

Traceback (most recent call last):
  File "C:\inetpub\wwwroot\e-randevu\dental_management_system\venv\Lib\site-packages\django\core\handlers\exception.py", line 55, in inner
    response = get_response(request)
               ^^^^^^^^^^^^^^^^^^^^^
  File "C:\inetpub\wwwroot\e-randevu\dental_management_system\venv\Lib\site-packages\django\core\handlers\base.py", line 197, in _get_response
    response = wrapped_callback(request, *callback_args, **callback_kwargs)
               ^^^^^^^^^^^^^^^^^^^^^^^^^^^^^^^^^^^^^^^^^^^^^^^^^^^^^^^^^^^^
  File "C:\inetpub\wwwroot\e-randevu\dental_management_system\tenants\hasta_views.py", line 135, in klinik_randevu_sayfasi
    return render(request, 'hasta/klinik_bulunamadi.html', {}, status=404)
           ^^^^^^^^^^^^^^^^^^^^^^^^^^^^^^^^^^^^^^^^^^^^^^^^^^^^^^^^^^^^^^^
  File "C:\inetpub\wwwroot\e-randevu\dental_management_system\venv\Lib\site-packages\django\shortcuts.py", line 25, in render
    content = loader.render_to_string(template_name, context, request, using=using)
              ^^^^^^^^^^^^^^^^^^^^^^^^^^^^^^^^^^^^^^^^^^^^^^^^^^^^^^^^^^^^^^^^^^^^^
  File "C:\inetpub\wwwroot\e-randevu\dental_management_system\venv\Lib\site-packages\django\template\loader.py", line 61, in render_to_string
    template = get_template(template_name, using=using)
               ^^^^^^^^^^^^^^^^^^^^^^^^^^^^^^^^^^^^^^^^
  File "C:\inetpub\wwwroot\e-randevu\dental_management_system\venv\Lib\site-packages\django\template\loader.py", line 19, in get_template
    raise TemplateDoesNotExist(template_name, chain=chain)
django.template.exceptions.TemplateDoesNotExist: hasta/klinik_bulunamadi.html
Not Found: /.env.test
[02/May/2026 13:07:29] "GET / HTTP/1.1" 500 97529
Not Found: /.npmrc
[02/May/2026 13:07:29] "GET /.env.test HTTP/1.1" 404 2355
[02/May/2026 13:07:29] "GET /.npmrc HTTP/1.1" 404 2346
Not Found: /.env.production
Not Found: /.env
[02/May/2026 13:07:29] "GET /.env HTTP/1.1" 404 2340
Not Found: /.netrc
[02/May/2026 13:07:29] "GET /.env.production HTTP/1.1" 404 2373
Not Found: /test.php
[02/May/2026 13:07:29] "GET /.netrc HTTP/1.1" 404 2346
[02/May/2026 13:07:29] "GET /test.php HTTP/1.1" 404 2352
Internal Server Error: /
Traceback (most recent call last):
  File "C:\inetpub\wwwroot\e-randevu\dental_management_system\tenants\hasta_views.py", line 133, in klinik_randevu_sayfasi
    clinic = Clinic.objects.get(subdomain=subdomain, is_active=True)
             ^^^^^^^^^^^^^^^^^^^^^^^^^^^^^^^^^^^^^^^^^^^^^^^^^^^^^^^
  File "C:\inetpub\wwwroot\e-randevu\dental_management_system\venv\Lib\site-packages\django\db\models\manager.py", line 87, in manager_method
    return getattr(self.get_queryset(), name)(*args, **kwargs)
           ^^^^^^^^^^^^^^^^^^^^^^^^^^^^^^^^^^^^^^^^^^^^^^^^^^^
  File "C:\inetpub\wwwroot\e-randevu\dental_management_system\venv\Lib\site-packages\django\db\models\query.py", line 649, in get
    raise self.model.DoesNotExist(
tenants.models.Clinic.DoesNotExist: Clinic matching query does not exist.

During handling of the above exception, another exception occurred:

Traceback (most recent call last):
  File "C:\inetpub\wwwroot\e-randevu\dental_management_system\venv\Lib\site-packages\django\core\handlers\exception.py", line 55, in inner
    response = get_response(request)
               ^^^^^^^^^^^^^^^^^^^^^
  File "C:\inetpub\wwwroot\e-randevu\dental_management_system\venv\Lib\site-packages\django\core\handlers\base.py", line 197, in _get_response
    response = wrapped_callback(request, *callback_args, **callback_kwargs)
               ^^^^^^^^^^^^^^^^^^^^^^^^^^^^^^^^^^^^^^^^^^^^^^^^^^^^^^^^^^^^
  File "C:\inetpub\wwwroot\e-randevu\dental_management_system\tenants\hasta_views.py", line 135, in klinik_randevu_sayfasi
    return render(request, 'hasta/klinik_bulunamadi.html', {}, status=404)
           ^^^^^^^^^^^^^^^^^^^^^^^^^^^^^^^^^^^^^^^^^^^^^^^^^^^^^^^^^^^^^^^
  File "C:\inetpub\wwwroot\e-randevu\dental_management_system\venv\Lib\site-packages\django\shortcuts.py", line 25, in render
    content = loader.render_to_string(template_name, context, request, using=using)
              ^^^^^^^^^^^^^^^^^^^^^^^^^^^^^^^^^^^^^^^^^^^^^^^^^^^^^^^^^^^^^^^^^^^^^
  File "C:\inetpub\wwwroot\e-randevu\dental_management_system\venv\Lib\site-packages\django\template\loader.py", line 61, in render_to_string
    template = get_template(template_name, using=using)
               ^^^^^^^^^^^^^^^^^^^^^^^^^^^^^^^^^^^^^^^^
  File "C:\inetpub\wwwroot\e-randevu\dental_management_system\venv\Lib\site-packages\django\template\loader.py", line 19, in get_template
    raise TemplateDoesNotExist(template_name, chain=chain)
django.template.exceptions.TemplateDoesNotExist: hasta/klinik_bulunamadi.html
[02/May/2026 13:07:29] "GET /?=phpinfo() HTTP/1.1" 500 97827
Not Found: /index.php
[02/May/2026 13:07:29] "GET /index.php?=phpinfo() HTTP/1.1" 404 2366
Not Found: /_profiler/phpinfo
Not Found: /.htpasswd
[02/May/2026 13:07:29] "GET /.htpasswd HTTP/1.1" 404 2355
[02/May/2026 13:07:29] "GET /_profiler/phpinfo HTTP/1.1" 404 2379
Not Found: /php.php
[02/May/2026 13:07:29] "GET /php.php HTTP/1.1" 404 2349
Not Found: /.git/config
[02/May/2026 13:07:29] "GET /.git/config HTTP/1.1" 404 2361
Not Found: /.git/config
[02/May/2026 13:07:29] "GET /.git/config HTTP/1.1" 404 2361
Not Found: /.env.prod
[02/May/2026 13:07:29] "GET /.env.prod HTTP/1.1" 404 2355
Not Found: /.htpasswd
[02/May/2026 13:07:29] "GET /.htpasswd HTTP/1.1" 404 2355
Not Found: /.env.local
[02/May/2026 13:07:29] "GET /.env.local HTTP/1.1" 404 2358
Not Found: /.env.staging
Not Found: /.env.dev
[02/May/2026 13:07:29] "GET /.env.staging HTTP/1.1" 404 2364
[02/May/2026 13:07:29] "GET /.env.dev HTTP/1.1" 404 2352
Not Found: /.git/logs/HEAD
[02/May/2026 13:07:29] "GET /.git/logs/HEAD HTTP/1.1" 404 2370
Not Found: /.git/HEAD
[02/May/2026 13:07:29] "GET /.git/HEAD HTTP/1.1" 404 2355
Not Found: /.git/index
[02/May/2026 13:07:29] "GET /.git/index HTTP/1.1" 404 2358
Not Found: /.env::$DATA
Not Found: /.env.test
[02/May/2026 13:07:29] "GET /.env::$DATA HTTP/1.1" 404 2361
[02/May/2026 13:07:29] "GET /.env.test HTTP/1.1" 404 2355
Not Found: /.git/refs/heads/master
[02/May/2026 13:07:29] "GET /.git/refs/heads/master HTTP/1.1" 404 2394
Not Found: /.env.backup
[02/May/2026 13:07:29] "GET /.env.backup HTTP/1.1" 404 2361
Not Found: /.git/refs/heads/main
[02/May/2026 13:07:29] "GET /.git/refs/heads/main HTTP/1.1" 404 2388
Not Found: /.env.development
[02/May/2026 13:07:29] "GET /.env.development HTTP/1.1" 404 2376
Not Found: /.env;.jpg
[02/May/2026 13:07:29] "GET /.env;.jpg HTTP/1.1" 404 2357
Not Found: /.env;.css
[02/May/2026 13:07:29] "GET /.env;.css HTTP/1.1" 404 2357
Not Found: /.env.bak
[02/May/2026 13:07:29] "GET /.env.bak HTTP/1.1" 404 2352
Not Found: /.env.old
Not Found: /.gitconfig
[02/May/2026 13:07:29] "GET /.env.old HTTP/1.1" 404 2352
[02/May/2026 13:07:29] "GET /.gitconfig HTTP/1.1" 404 2358
Not Found: /.git-credentials
[02/May/2026 13:07:29] "GET /.git-credentials HTTP/1.1" 404 2376
Not Found: /.git-credentials
[02/May/2026 13:07:29] "GET /.git-credentials HTTP/1.1" 404 2376
Not Found: /.git/packed-refs
[02/May/2026 13:07:29] "GET /.git/packed-refs HTTP/1.1" 404 2376
Not Found: /.env~
[02/May/2026 13:07:29] "GET /.env~ HTTP/1.1" 404 2343
Not Found: /wp-config.php.old
[02/May/2026 13:07:29] "GET /wp-config.php.old HTTP/1.1" 404 2379
Not Found: /wp-config.php.bak
[02/May/2026 13:07:30] "GET /wp-config.php.bak HTTP/1.1" 404 2379
Not Found: /.env.swp
[02/May/2026 13:07:30] "GET /.env.swp HTTP/1.1" 404 2352
Not Found: /wp-config.php.save
[02/May/2026 13:07:30] "GET /wp-config.php.save HTTP/1.1" 404 2382
Not Found: /.env.save
[02/May/2026 13:07:30] "GET /.env.save HTTP/1.1" 404 2355
Not Found: /.env_backup
[02/May/2026 13:07:30] "GET /.env_backup HTTP/1.1" 404 2361
Not Found: /.env.dist
[02/May/2026 13:07:30] "GET /.env.dist HTTP/1.1" 404 2355
Not Found: /.env.production.local
[02/May/2026 13:07:30] "GET /.env.production.local HTTP/1.1" 404 2391
Not Found: /.env.development.local
Not Found: /wp-config.php.swp
[02/May/2026 13:07:30] "GET /.env.development.local HTTP/1.1" 404 2394
[02/May/2026 13:07:30] "GET /wp-config.php.swp HTTP/1.1" 404 2379
Not Found: /wp-config.php.orig
[02/May/2026 13:07:30] "GET /wp-config.php.orig HTTP/1.1" 404 2382
Not Found: /wp-config.php.txt
[02/May/2026 13:07:30] "GET /wp-config.php.txt HTTP/1.1" 404 2379
Not Found: /.env.backup
[02/May/2026 13:07:30] "GET /.env.backup HTTP/1.1" 404 2361
Not Found: /wp-config.php~
[02/May/2026 13:07:30] "GET /wp-config.php~ HTTP/1.1" 404 2370
Not Found: /.env.bak
[02/May/2026 13:07:30] "GET /.env.bak HTTP/1.1" 404 2352
Not Found: /wp-config-backup.php
[02/May/2026 13:07:30] "GET /wp-config-backup.php HTTP/1.1" 404 2388
Not Found: /wp-config_old.php
[02/May/2026 13:07:30] "GET /wp-config_old.php HTTP/1.1" 404 2379
Not Found: /wp-config-old.php
[02/May/2026 13:07:30] "GET /wp-config-old.php HTTP/1.1" 404 2379
Not Found: /.env.save
[02/May/2026 13:07:30] "GET /.env.save HTTP/1.1" 404 2355
Not Found: /old-wp-config.php
[02/May/2026 13:07:30] "GET /old-wp-config.php HTTP/1.1" 404 2379
Not Found: /api/v1/.env
Not Found: /wp-config.php::$DATA
Not Found: /backup/wp-config.php
[02/May/2026 13:07:30] "GET /api/v1/.env HTTP/1.1" 404 2361
[02/May/2026 13:07:30] "GET /wp-config.php::$DATA HTTP/1.1" 404 2388
[02/May/2026 13:07:30] "GET /backup/wp-config.php HTTP/1.1" 404 2388
Not Found: /.env.old
[02/May/2026 13:07:30] "GET /.env.old HTTP/1.1" 404 2352
Not Found: /wp-content/debug.log
[02/May/2026 13:07:30] "GET /wp-content/debug.log HTTP/1.1" 404 2388
Not Found: /server-status
[02/May/2026 13:07:30] "GET /server-status HTTP/1.1" 404 2367
Not Found: /apps/.env
[02/May/2026 13:07:30] "GET /apps/.env HTTP/1.1" 404 2355
Not Found: /public/.env
[02/May/2026 13:07:30] "GET /public/.env HTTP/1.1" 404 2361
Not Found: /api/.env
[02/May/2026 13:07:30] "GET /api/.env HTTP/1.1" 404 2352
Not Found: /web/.env
Not Found: /server-status
[02/May/2026 13:07:30] "GET /server-status?auto HTTP/1.1" 404 2372
[02/May/2026 13:07:30] "GET /web/.env HTTP/1.1" 404 2352
Not Found: /app/.env
[02/May/2026 13:07:30] "GET /app/.env HTTP/1.1" 404 2352
Not Found: /backend/.env
[02/May/2026 13:07:30] "GET /backend/.env HTTP/1.1" 404 2364
Not Found: /nginx_status
Not Found: /_profiler
[02/May/2026 13:07:30] "GET /nginx_status HTTP/1.1" 404 2364
Not Found: /admin/.env
[02/May/2026 13:07:30] "GET /_profiler HTTP/1.1" 404 2355
[02/May/2026 13:07:30] "GET /admin/.env HTTP/1.1" 404 2358
Not Found: /app_dev.php
[02/May/2026 13:07:30] "GET /app_dev.php HTTP/1.1" 404 2361
Not Found: /config/.env
[02/May/2026 13:07:30] "GET /config/.env HTTP/1.1" 404 2361
Not Found: /storage/.env
[02/May/2026 13:07:30] "GET /storage/.env HTTP/1.1" 404 2364
Not Found: /src/.env
[02/May/2026 13:07:30] "GET /src/.env HTTP/1.1" 404 2352
Not Found: /composer.json
Not Found: /server-info
Not Found: /laravel/.env
[02/May/2026 13:07:30] "GET /composer.json HTTP/1.1" 404 2367
[02/May/2026 13:07:30] "GET /server-info HTTP/1.1" 404 2361
[02/May/2026 13:07:30] "GET /laravel/.env HTTP/1.1" 404 2364
Not Found: /composer.lock
Not Found: /prisma/.env
Not Found: /backend/.env
Not Found: /server/.env
[02/May/2026 13:07:30] "GET /composer.lock HTTP/1.1" 404 2367
[02/May/2026 13:07:30] "GET /prisma/.env HTTP/1.1" 404 2361
Not Found: /auth.json
[02/May/2026 13:07:30] "GET /backend/.env HTTP/1.1" 404 2364
Not Found: /api/.env
[02/May/2026 13:07:30] "GET /server/.env HTTP/1.1" 404 2361
[02/May/2026 13:07:30] "GET /auth.json HTTP/1.1" 404 2355
[02/May/2026 13:07:30] "GET /api/.env HTTP/1.1" 404 2352
Internal Server Error: /
Traceback (most recent call last):
  File "C:\inetpub\wwwroot\e-randevu\dental_management_system\tenants\hasta_views.py", line 133, in klinik_randevu_sayfasi
    clinic = Clinic.objects.get(subdomain=subdomain, is_active=True)
             ^^^^^^^^^^^^^^^^^^^^^^^^^^^^^^^^^^^^^^^^^^^^^^^^^^^^^^^
  File "C:\inetpub\wwwroot\e-randevu\dental_management_system\venv\Lib\site-packages\django\db\models\manager.py", line 87, in manager_method
    return getattr(self.get_queryset(), name)(*args, **kwargs)
           ^^^^^^^^^^^^^^^^^^^^^^^^^^^^^^^^^^^^^^^^^^^^^^^^^^^
  File "C:\inetpub\wwwroot\e-randevu\dental_management_system\venv\Lib\site-packages\django\db\models\query.py", line 649, in get
    raise self.model.DoesNotExist(
tenants.models.Clinic.DoesNotExist: Clinic matching query does not exist.

During handling of the above exception, another exception occurred:

Traceback (most recent call last):
  File "C:\inetpub\wwwroot\e-randevu\dental_management_system\venv\Lib\site-packages\django\core\handlers\exception.py", line 55, in inner
    response = get_response(request)
               ^^^^^^^^^^^^^^^^^^^^^
  File "C:\inetpub\wwwroot\e-randevu\dental_management_system\venv\Lib\site-packages\django\core\handlers\base.py", line 197, in _get_response
    response = wrapped_callback(request, *callback_args, **callback_kwargs)
               ^^^^^^^^^^^^^^^^^^^^^^^^^^^^^^^^^^^^^^^^^^^^^^^^^^^^^^^^^^^^
  File "C:\inetpub\wwwroot\e-randevu\dental_management_system\tenants\hasta_views.py", line 135, in klinik_randevu_sayfasi
    return render(request, 'hasta/klinik_bulunamadi.html', {}, status=404)
           ^^^^^^^^^^^^^^^^^^^^^^^^^^^^^^^^^^^^^^^^^^^^^^^^^^^^^^^^^^^^^^^
  File "C:\inetpub\wwwroot\e-randevu\dental_management_system\venv\Lib\site-packages\django\shortcuts.py", line 25, in render
    content = loader.render_to_string(template_name, context, request, using=using)
              ^^^^^^^^^^^^^^^^^^^^^^^^^^^^^^^^^^^^^^^^^^^^^^^^^^^^^^^^^^^^^^^^^^^^^
  File "C:\inetpub\wwwroot\e-randevu\dental_management_system\venv\Lib\site-packages\django\template\loader.py", line 61, in render_to_string
    template = get_template(template_name, using=using)
               ^^^^^^^^^^^^^^^^^^^^^^^^^^^^^^^^^^^^^^^^
  File "C:\inetpub\wwwroot\e-randevu\dental_management_system\venv\Lib\site-packages\django\template\loader.py", line 19, in get_template
    raise TemplateDoesNotExist(template_name, chain=chain)
django.template.exceptions.TemplateDoesNotExist: hasta/klinik_bulunamadi.html
[02/May/2026 13:07:30] "GET /?-s HTTP/1.1" 500 98016
Not Found: /actuator/env
[02/May/2026 13:07:30] "GET /actuator/env HTTP/1.1" 404 2364
Not Found: /.composer/auth.json
[02/May/2026 13:07:30] "GET /.composer/auth.json HTTP/1.1" 404 2385
[02/May/2026 13:07:37] "GET /php.php HTTP/1.1" 301 0
Not Found: /.aws/credentials
[02/May/2026 13:07:38] "GET /phpinfo.php HTTP/1.1" 301 0
Not Found: /.aws/config
[02/May/2026 13:07:38] "GET /.env HTTP/1.1" 301 0
[02/May/2026 13:07:38] "GET /.aws/credentials HTTP/1.1" 404 8915
Not Found: /
[02/May/2026 13:07:38] "GET /.env.prod HTTP/1.1" 301 0
[02/May/2026 13:07:38] "GET /.env.production HTTP/1.1" 301 0
[02/May/2026 13:07:38] "GET /.aws/config HTTP/1.1" 404 8900
[02/May/2026 13:07:38] "GET / HTTP/1.1" 404 8849
Not Found: /.aws/credentials
[02/May/2026 13:07:38] "GET /test.php HTTP/1.1" 301 0
[02/May/2026 13:07:38] "GET /.aws/credentials HTTP/1.1" 404 8915
[02/May/2026 13:07:38] "GET /info.php HTTP/1.1" 301 0
[02/May/2026 13:07:38] "GET /.dockerenv HTTP/1.1" 301 0
[02/May/2026 13:07:38] "GET /.env.dev HTTP/1.1" 301 0
[02/May/2026 13:07:38] "GET /php-info.php HTTP/1.1" 301 0
Not Found: /.docker/config.json
[02/May/2026 13:07:38] "GET /.docker/config.json HTTP/1.1" 404 8924
[02/May/2026 13:07:38] "GET /.netrc HTTP/1.1" 301 0
Not Found: /
[02/May/2026 13:07:38] "GET / HTTP/1.1" 404 8849
Not Found: /.aws/config
[02/May/2026 13:07:38] "GET /.aws/config HTTP/1.1" 404 8900
[02/May/2026 13:07:38] "GET /i.php HTTP/1.1" 301 0
Not Found: /.kube/config
[02/May/2026 13:07:38] "GET /.kube/config HTTP/1.1" 404 8903
[02/May/2026 13:07:38] "GET /php_info.php HTTP/1.1" 301 0
[02/May/2026 13:07:38] "GET /.env.local HTTP/1.1" 301 0
[02/May/2026 13:07:38] "GET /.env.staging HTTP/1.1" 301 0
[02/May/2026 13:07:38] "GET /.env.development HTTP/1.1" 301 0
[02/May/2026 13:07:38] "GET /.env.stage HTTP/1.1" 301 0
[02/May/2026 13:07:38] "GET /phpinfo.php HTTP/1.1" 301 0
[02/May/2026 13:07:38] "GET /.env.test HTTP/1.1" 301 0
[02/May/2026 13:07:38] "GET /info.php HTTP/1.1" 301 0
[02/May/2026 13:07:38] "GET /test.php HTTP/1.1" 301 0
[02/May/2026 13:07:38] "GET /.htpasswd HTTP/1.1" 301 0
[02/May/2026 13:07:38] "GET /.npmrc HTTP/1.1" 301 0
Not Found: /.git/config
[02/May/2026 13:07:38] "GET /php.php HTTP/1.1" 301 0
[02/May/2026 13:07:38] "GET /.git/config HTTP/1.1" 404 8900
[02/May/2026 13:07:38] "GET /.htpasswd HTTP/1.1" 301 0
Not Found: /.git/config
[02/May/2026 13:07:38] "GET /.git/config HTTP/1.1" 404 8900
[02/May/2026 13:07:38] "GET /.env HTTP/1.1" 301 0
Not Found: /
[02/May/2026 13:07:38] "GET /?=phpinfo() HTTP/1.1" 404 8860
[02/May/2026 13:07:39] "GET /.env.local HTTP/1.1" 301 0
[02/May/2026 13:07:39] "GET /.env.staging HTTP/1.1" 301 0
[02/May/2026 13:07:39] "GET /index.php?=phpinfo() HTTP/1.1" 301 0
[02/May/2026 13:07:39] "GET /.env.production HTTP/1.1" 301 0
[02/May/2026 13:07:39] "GET /.env.prod HTTP/1.1" 301 0
Not Found: /_profiler/phpinfo
Not Found: /.git/HEAD
Not Found: /.git/index
[02/May/2026 13:07:39] "GET /_profiler/phpinfo HTTP/1.1" 404 8918
[02/May/2026 13:07:39] "GET /.git/HEAD HTTP/1.1" 404 8894
[02/May/2026 13:07:39] "GET /.git/index HTTP/1.1" 404 8897
Not Found: /.git/logs/HEAD
[02/May/2026 13:07:39] "GET /.git/logs/HEAD HTTP/1.1" 404 8909
Not Found: /.git/refs/heads/main
[02/May/2026 13:07:39] "GET /.git/refs/heads/main HTTP/1.1" 404 8927
[02/May/2026 13:07:39] "GET /.env.dev HTTP/1.1" 301 0
[02/May/2026 13:07:39] "GET /.env.development HTTP/1.1" 301 0
[02/May/2026 13:07:39] "GET /.env.test HTTP/1.1" 301 0
Not Found: /.git/refs/heads/master
[02/May/2026 13:07:39] "GET /.git/refs/heads/master HTTP/1.1" 404 8933
[02/May/2026 13:07:39] "GET /.env::$DATA HTTP/1.1" 301 0
Not Found: /.git/packed-refs
[02/May/2026 13:07:39] "GET /.git/packed-refs HTTP/1.1" 404 8915
[02/May/2026 13:07:39] "GET /.env;.jpg HTTP/1.1" 301 0
[02/May/2026 13:07:39] "GET /.git-credentials HTTP/1.1" 301 0
[02/May/2026 13:07:39] "GET /.git-credentials HTTP/1.1" 301 0
[02/May/2026 13:07:39] "GET /.gitconfig HTTP/1.1" 301 0
[02/May/2026 13:07:39] "GET /.env.bak HTTP/1.1" 301 0
[02/May/2026 13:07:39] "GET /.env.backup HTTP/1.1" 301 0
Not Found: /.docker/config.json
[02/May/2026 13:07:46] "GET /.docker/config.json HTTP/1.1" 404 2384
Not Found: /i.php
[02/May/2026 13:07:46] "GET /i.php HTTP/1.1" 404 2342
Not Found: /.aws/credentials
Not Found: /.aws/config
[02/May/2026 13:07:47] "GET /.aws/config HTTP/1.1" 404 2360
[02/May/2026 13:07:47] "GET /.aws/credentials HTTP/1.1" 404 2375
Not Found: /php.php
[02/May/2026 13:07:47] "GET /php.php HTTP/1.1" 404 2348
Not Found: /.aws/config
Not Found: /test.php
[02/May/2026 13:07:47] "GET /.aws/config HTTP/1.1" 404 2360
Not Found: /.env.prod
[02/May/2026 13:07:47] "GET /test.php HTTP/1.1" 404 2351
Not Found: /.env.production
[02/May/2026 13:07:47] "GET /.env.prod HTTP/1.1" 404 2354
Not Found: /.aws/credentials
[02/May/2026 13:07:47] "GET /.env.production HTTP/1.1" 404 2372
[02/May/2026 13:07:47] "GET /.aws/credentials HTTP/1.1" 404 2375
Not Found: /.env.local
Not Found: /.env
[02/May/2026 13:07:47] "GET /.env.local HTTP/1.1" 404 2357
Not Found: /info.php
Not Found: /phpinfo.php
[02/May/2026 13:07:47] "GET /.env HTTP/1.1" 404 2339
[02/May/2026 13:07:47] "GET /info.php HTTP/1.1" 404 2351
[02/May/2026 13:07:47] "GET /phpinfo.php HTTP/1.1" 404 2360
Internal Server Error: /
Traceback (most recent call last):
  File "C:\inetpub\wwwroot\e-randevu\dental_management_system\tenants\hasta_views.py", line 133, in klinik_randevu_sayfasi
    clinic = Clinic.objects.get(subdomain=subdomain, is_active=True)
             ^^^^^^^^^^^^^^^^^^^^^^^^^^^^^^^^^^^^^^^^^^^^^^^^^^^^^^^
  File "C:\inetpub\wwwroot\e-randevu\dental_management_system\venv\Lib\site-packages\django\db\models\manager.py", line 87, in manager_method
    return getattr(self.get_queryset(), name)(*args, **kwargs)
           ^^^^^^^^^^^^^^^^^^^^^^^^^^^^^^^^^^^^^^^^^^^^^^^^^^^
  File "C:\inetpub\wwwroot\e-randevu\dental_management_system\venv\Lib\site-packages\django\db\models\query.py", line 649, in get
    raise self.model.DoesNotExist(
tenants.models.Clinic.DoesNotExist: Clinic matching query does not exist.

During handling of the above exception, another exception occurred:

Traceback (most recent call last):
  File "C:\inetpub\wwwroot\e-randevu\dental_management_system\venv\Lib\site-packages\django\core\handlers\exception.py", line 55, in inner
    response = get_response(request)
               ^^^^^^^^^^^^^^^^^^^^^
  File "C:\inetpub\wwwroot\e-randevu\dental_management_system\venv\Lib\site-packages\django\core\handlers\base.py", line 197, in _get_response
    response = wrapped_callback(request, *callback_args, **callback_kwargs)
               ^^^^^^^^^^^^^^^^^^^^^^^^^^^^^^^^^^^^^^^^^^^^^^^^^^^^^^^^^^^^
  File "C:\inetpub\wwwroot\e-randevu\dental_management_system\tenants\hasta_views.py", line 135, in klinik_randevu_sayfasi
    return render(request, 'hasta/klinik_bulunamadi.html', {}, status=404)
           ^^^^^^^^^^^^^^^^^^^^^^^^^^^^^^^^^^^^^^^^^^^^^^^^^^^^^^^^^^^^^^^
  File "C:\inetpub\wwwroot\e-randevu\dental_management_system\venv\Lib\site-packages\django\shortcuts.py", line 25, in render
    content = loader.render_to_string(template_name, context, request, using=using)
              ^^^^^^^^^^^^^^^^^^^^^^^^^^^^^^^^^^^^^^^^^^^^^^^^^^^^^^^^^^^^^^^^^^^^^
  File "C:\inetpub\wwwroot\e-randevu\dental_management_system\venv\Lib\site-packages\django\template\loader.py", line 61, in render_to_string
    template = get_template(template_name, using=using)
               ^^^^^^^^^^^^^^^^^^^^^^^^^^^^^^^^^^^^^^^^
  File "C:\inetpub\wwwroot\e-randevu\dental_management_system\venv\Lib\site-packages\django\template\loader.py", line 19, in get_template
    raise TemplateDoesNotExist(template_name, chain=chain)
django.template.exceptions.TemplateDoesNotExist: hasta/klinik_bulunamadi.html
[02/May/2026 13:07:47] "GET / HTTP/1.1" 500 97718
Internal Server Error: /
Traceback (most recent call last):
  File "C:\inetpub\wwwroot\e-randevu\dental_management_system\tenants\hasta_views.py", line 133, in klinik_randevu_sayfasi
    clinic = Clinic.objects.get(subdomain=subdomain, is_active=True)
             ^^^^^^^^^^^^^^^^^^^^^^^^^^^^^^^^^^^^^^^^^^^^^^^^^^^^^^^
  File "C:\inetpub\wwwroot\e-randevu\dental_management_system\venv\Lib\site-packages\django\db\models\manager.py", line 87, in manager_method
    return getattr(self.get_queryset(), name)(*args, **kwargs)
           ^^^^^^^^^^^^^^^^^^^^^^^^^^^^^^^^^^^^^^^^^^^^^^^^^^^
  File "C:\inetpub\wwwroot\e-randevu\dental_management_system\venv\Lib\site-packages\django\db\models\query.py", line 649, in get
    raise self.model.DoesNotExist(
tenants.models.Clinic.DoesNotExist: Clinic matching query does not exist.

During handling of the above exception, another exception occurred:

Traceback (most recent call last):
  File "C:\inetpub\wwwroot\e-randevu\dental_management_system\venv\Lib\site-packages\django\core\handlers\exception.py", line 55, in inner
    response = get_response(request)
               ^^^^^^^^^^^^^^^^^^^^^
  File "C:\inetpub\wwwroot\e-randevu\dental_management_system\venv\Lib\site-packages\django\core\handlers\base.py", line 197, in _get_response
    response = wrapped_callback(request, *callback_args, **callback_kwargs)
               ^^^^^^^^^^^^^^^^^^^^^^^^^^^^^^^^^^^^^^^^^^^^^^^^^^^^^^^^^^^^
  File "C:\inetpub\wwwroot\e-randevu\dental_management_system\tenants\hasta_views.py", line 135, in klinik_randevu_sayfasi
    return render(request, 'hasta/klinik_bulunamadi.html', {}, status=404)
           ^^^^^^^^^^^^^^^^^^^^^^^^^^^^^^^^^^^^^^^^^^^^^^^^^^^^^^^^^^^^^^^
  File "C:\inetpub\wwwroot\e-randevu\dental_management_system\venv\Lib\site-packages\django\shortcuts.py", line 25, in render
    content = loader.render_to_string(template_name, context, request, using=using)
              ^^^^^^^^^^^^^^^^^^^^^^^^^^^^^^^^^^^^^^^^^^^^^^^^^^^^^^^^^^^^^^^^^^^^^
  File "C:\inetpub\wwwroot\e-randevu\dental_management_system\venv\Lib\site-packages\django\template\loader.py", line 61, in render_to_string
    template = get_template(template_name, using=using)
               ^^^^^^^^^^^^^^^^^^^^^^^^^^^^^^^^^^^^^^^^
  File "C:\inetpub\wwwroot\e-randevu\dental_management_system\venv\Lib\site-packages\django\template\loader.py", line 19, in get_template
    raise TemplateDoesNotExist(template_name, chain=chain)
django.template.exceptions.TemplateDoesNotExist: hasta/klinik_bulunamadi.html
Not Found: /.dockerenv
[02/May/2026 13:07:47] "GET / HTTP/1.1" 500 97527
[02/May/2026 13:07:47] "GET /.dockerenv HTTP/1.1" 404 2357
Not Found: /php-info.php
[02/May/2026 13:07:47] "GET /php-info.php HTTP/1.1" 404 2363
Not Found: /.netrc
[02/May/2026 13:07:47] "GET /.netrc HTTP/1.1" 404 2345
Not Found: /.env.staging
[02/May/2026 13:07:47] "GET /.env.staging HTTP/1.1" 404 2363
Not Found: /.kube/config
[02/May/2026 13:07:47] "GET /.kube/config HTTP/1.1" 404 2363
Not Found: /info.php
[02/May/2026 13:07:47] "GET /info.php HTTP/1.1" 404 2351
Not Found: /php_info.php
[02/May/2026 13:07:47] "GET /php_info.php HTTP/1.1" 404 2363
Not Found: /.env.dev
[02/May/2026 13:07:47] "GET /.env.dev HTTP/1.1" 404 2351
Not Found: /.npmrc
[02/May/2026 13:07:47] "GET /.npmrc HTTP/1.1" 404 2345
Not Found: /.env.development
[02/May/2026 13:07:47] "GET /.env.development HTTP/1.1" 404 2375
Not Found: /php.php
[02/May/2026 13:07:47] "GET /php.php HTTP/1.1" 404 2348
Not Found: /.env.stage
[02/May/2026 13:07:47] "GET /.env.stage HTTP/1.1" 404 2357
Not Found: /phpinfo.php
[02/May/2026 13:07:47] "GET /phpinfo.php HTTP/1.1" 404 2360
Not Found: /.env.test
[02/May/2026 13:07:47] "GET /.env.test HTTP/1.1" 404 2354
Not Found: /.htpasswd
[02/May/2026 13:07:47] "GET /.htpasswd HTTP/1.1" 404 2354
Not Found: /.git/config
[02/May/2026 13:07:47] "GET /.git/config HTTP/1.1" 404 2360
Not Found: /index.php
Not Found: /.htpasswd
[02/May/2026 13:07:47] "GET /index.php?=phpinfo() HTTP/1.1" 404 2365
[02/May/2026 13:07:47] "GET /.htpasswd HTTP/1.1" 404 2354
Not Found: /test.php
Not Found: /.env
[02/May/2026 13:07:47] "GET /test.php HTTP/1.1" 404 2351
Not Found: /.env.production
Not Found: /.git/config
[02/May/2026 13:07:47] "GET /.env HTTP/1.1" 404 2339
Not Found: /.env.prod
[02/May/2026 13:07:47] "GET /.env.production HTTP/1.1" 404 2372
[02/May/2026 13:07:47] "GET /.git/config HTTP/1.1" 404 2360
Not Found: /.git/HEAD
[02/May/2026 13:07:47] "GET /.env.prod HTTP/1.1" 404 2354
Not Found: /_profiler/phpinfo
[02/May/2026 13:07:47] "GET /.git/HEAD HTTP/1.1" 404 2354
[02/May/2026 13:07:47] "GET /_profiler/phpinfo HTTP/1.1" 404 2378
Not Found: /.git/index
[02/May/2026 13:07:47] "GET /.git/index HTTP/1.1" 404 2357
Not Found: /.env.local
[02/May/2026 13:07:47] "GET /.env.local HTTP/1.1" 404 2357
Internal Server Error: /
Traceback (most recent call last):
  File "C:\inetpub\wwwroot\e-randevu\dental_management_system\tenants\hasta_views.py", line 133, in klinik_randevu_sayfasi
    clinic = Clinic.objects.get(subdomain=subdomain, is_active=True)
             ^^^^^^^^^^^^^^^^^^^^^^^^^^^^^^^^^^^^^^^^^^^^^^^^^^^^^^^
  File "C:\inetpub\wwwroot\e-randevu\dental_management_system\venv\Lib\site-packages\django\db\models\manager.py", line 87, in manager_method
    return getattr(self.get_queryset(), name)(*args, **kwargs)
           ^^^^^^^^^^^^^^^^^^^^^^^^^^^^^^^^^^^^^^^^^^^^^^^^^^^
  File "C:\inetpub\wwwroot\e-randevu\dental_management_system\venv\Lib\site-packages\django\db\models\query.py", line 649, in get
    raise self.model.DoesNotExist(
tenants.models.Clinic.DoesNotExist: Clinic matching query does not exist.

During handling of the above exception, another exception occurred:

Traceback (most recent call last):
  File "C:\inetpub\wwwroot\e-randevu\dental_management_system\venv\Lib\site-packages\django\core\handlers\exception.py", line 55, in inner
    response = get_response(request)
               ^^^^^^^^^^^^^^^^^^^^^
  File "C:\inetpub\wwwroot\e-randevu\dental_management_system\venv\Lib\site-packages\django\core\handlers\base.py", line 197, in _get_response
    response = wrapped_callback(request, *callback_args, **callback_kwargs)
               ^^^^^^^^^^^^^^^^^^^^^^^^^^^^^^^^^^^^^^^^^^^^^^^^^^^^^^^^^^^^
  File "C:\inetpub\wwwroot\e-randevu\dental_management_system\tenants\hasta_views.py", line 135, in klinik_randevu_sayfasi
    return render(request, 'hasta/klinik_bulunamadi.html', {}, status=404)
           ^^^^^^^^^^^^^^^^^^^^^^^^^^^^^^^^^^^^^^^^^^^^^^^^^^^^^^^^^^^^^^^
  File "C:\inetpub\wwwroot\e-randevu\dental_management_system\venv\Lib\site-packages\django\shortcuts.py", line 25, in render
    content = loader.render_to_string(template_name, context, request, using=using)
              ^^^^^^^^^^^^^^^^^^^^^^^^^^^^^^^^^^^^^^^^^^^^^^^^^^^^^^^^^^^^^^^^^^^^^
  File "C:\inetpub\wwwroot\e-randevu\dental_management_system\venv\Lib\site-packages\django\template\loader.py", line 61, in render_to_string
    template = get_template(template_name, using=using)
               ^^^^^^^^^^^^^^^^^^^^^^^^^^^^^^^^^^^^^^^^
  File "C:\inetpub\wwwroot\e-randevu\dental_management_system\venv\Lib\site-packages\django\template\loader.py", line 19, in get_template
    raise TemplateDoesNotExist(template_name, chain=chain)
django.template.exceptions.TemplateDoesNotExist: hasta/klinik_bulunamadi.html
[02/May/2026 13:07:47] "GET /?=phpinfo() HTTP/1.1" 500 97907
Not Found: /.git/refs/heads/main
Not Found: /.git/logs/HEAD
[02/May/2026 13:07:47] "GET /.git/refs/heads/main HTTP/1.1" 404 2387
Not Found: /.env.staging
[02/May/2026 13:07:47] "GET /.git/logs/HEAD HTTP/1.1" 404 2369
[02/May/2026 13:07:47] "GET /.env.staging HTTP/1.1" 404 2363
Not Found: /.git/packed-refs
Not Found: /.git/refs/heads/master
[02/May/2026 13:07:47] "GET /.git/packed-refs HTTP/1.1" 404 2375
[02/May/2026 13:07:47] "GET /.git/refs/heads/master HTTP/1.1" 404 2393
Not Found: /.env.dev
[02/May/2026 13:07:47] "GET /.env.dev HTTP/1.1" 404 2351
Not Found: /.env.test
[02/May/2026 13:07:47] "GET /.env.test HTTP/1.1" 404 2354
Not Found: /.git-credentials
[02/May/2026 13:07:47] "GET /.git-credentials HTTP/1.1" 404 2375
Not Found: /.env.development
[02/May/2026 13:07:47] "GET /.env.development HTTP/1.1" 404 2375
Not Found: /.gitconfig
Not Found: /wp-config.php.bak
[02/May/2026 13:07:47] "GET /.gitconfig HTTP/1.1" 404 2357
[02/May/2026 13:07:47] "GET /wp-config.php.bak HTTP/1.1" 404 2378
Not Found: /.git-credentials
Not Found: /.env::$DATA
[02/May/2026 13:07:47] "GET /.git-credentials HTTP/1.1" 404 2375
[02/May/2026 13:07:47] "GET /.env::$DATA HTTP/1.1" 404 2360
Not Found: /.env;.jpg
[02/May/2026 13:07:47] "GET /.env;.jpg HTTP/1.1" 404 2356
Not Found: /wp-config.php.old
[02/May/2026 13:07:47] "GET /wp-config.php.old HTTP/1.1" 404 2378
Not Found: /.env.bak
Not Found: /.env.backup
[02/May/2026 13:07:48] "GET /.env.bak HTTP/1.1" 404 2351
[02/May/2026 13:07:48] "GET /.env.backup HTTP/1.1" 404 2360
Not Found: /.env.old
[02/May/2026 13:07:48] "GET /.env.old HTTP/1.1" 404 2351
Not Found: /wp-config.php.save
[02/May/2026 13:07:48] "GET /wp-config.php.save HTTP/1.1" 404 2381
Not Found: /wp-config.php.txt
[02/May/2026 13:07:48] "GET /wp-config.php.txt HTTP/1.1" 404 2378
Not Found: /wp-config.php.orig
[02/May/2026 13:07:48] "GET /wp-config.php.orig HTTP/1.1" 404 2381
Not Found: /wp-config.php~
[02/May/2026 13:07:48] "GET /wp-config.php~ HTTP/1.1" 404 2369
Not Found: /wp-config.php.swp
[02/May/2026 13:07:48] "GET /wp-config.php.swp HTTP/1.1" 404 2378
Not Found: /.env.save
[02/May/2026 13:07:48] "GET /.env.save HTTP/1.1" 404 2354
Not Found: /.env~
[02/May/2026 13:07:48] "GET /.env~ HTTP/1.1" 404 2342
Not Found: /wp-config-backup.php
[02/May/2026 13:07:48] "GET /wp-config-backup.php HTTP/1.1" 404 2387
Not Found: /wp-config_old.php
[02/May/2026 13:07:48] "GET /wp-config_old.php HTTP/1.1" 404 2378
Not Found: /.env;.css
[02/May/2026 13:07:48] "GET /.env;.css HTTP/1.1" 404 2356
Not Found: /wp-config-old.php
[02/May/2026 13:07:48] "GET /wp-config-old.php HTTP/1.1" 404 2378
Not Found: /.env.swp
Not Found: /.env_backup
[02/May/2026 13:07:48] "GET /.env.swp HTTP/1.1" 404 2351
Not Found: /wp-content/debug.log
[02/May/2026 13:07:48] "GET /.env_backup HTTP/1.1" 404 2360
Not Found: /.env.dist
[02/May/2026 13:07:48] "GET /wp-content/debug.log HTTP/1.1" 404 2387
[02/May/2026 13:07:48] "GET /.env.dist HTTP/1.1" 404 2354
Not Found: /backup/wp-config.php
Not Found: /.env.development.local
[02/May/2026 13:07:48] "GET /backup/wp-config.php HTTP/1.1" 404 2387
[02/May/2026 13:07:48] "GET /.env.development.local HTTP/1.1" 404 2393
Not Found: /old-wp-config.php
Not Found: /wp-config.php::$DATA
[02/May/2026 13:07:48] "GET /wp-config.php::$DATA HTTP/1.1" 404 2387
[02/May/2026 13:07:48] "GET /old-wp-config.php HTTP/1.1" 404 2378
Not Found: /.env.production.local
[02/May/2026 13:07:48] "GET /.env.production.local HTTP/1.1" 404 2390
Not Found: /server-status
Not Found: /server-status
Not Found: /.env.backup
[02/May/2026 13:07:48] "GET /server-status HTTP/1.1" 404 2366
[02/May/2026 13:07:48] "GET /server-status?auto HTTP/1.1" 404 2371
[02/May/2026 13:07:48] "GET /.env.backup HTTP/1.1" 404 2360
Not Found: /.env.bak
Not Found: /.env.save
[02/May/2026 13:07:48] "GET /.env.bak HTTP/1.1" 404 2351
Not Found: /.env.old
[02/May/2026 13:07:48] "GET /.env.save HTTP/1.1" 404 2354
[02/May/2026 13:07:48] "GET /.env.old HTTP/1.1" 404 2351
Not Found: /server-info
[02/May/2026 13:07:48] "GET /server-info HTTP/1.1" 404 2360
Not Found: /api/.env
[02/May/2026 13:07:48] "GET /api/.env HTTP/1.1" 404 2351
Not Found: /app_dev.php
[02/May/2026 13:07:48] "GET /app_dev.php HTTP/1.1" 404 2360
Not Found: /_profiler
[02/May/2026 13:07:48] "GET /_profiler HTTP/1.1" 404 2354
Not Found: /api/v1/.env
[02/May/2026 13:07:48] "GET /api/v1/.env HTTP/1.1" 404 2360
Not Found: /composer.json
[02/May/2026 13:07:48] "GET /composer.json HTTP/1.1" 404 2366
Not Found: /nginx_status
[02/May/2026 13:07:48] "GET /nginx_status HTTP/1.1" 404 2363
Not Found: /backend/.env
[02/May/2026 13:07:48] "GET /backend/.env HTTP/1.1" 404 2363
Not Found: /composer.lock
[02/May/2026 13:07:48] "GET /composer.lock HTTP/1.1" 404 2366
Not Found: /public/.env
[02/May/2026 13:07:48] "GET /public/.env HTTP/1.1" 404 2360
Not Found: /.composer/auth.json
[02/May/2026 13:07:48] "GET /.composer/auth.json HTTP/1.1" 404 2384
Not Found: /app/.env
[02/May/2026 13:07:48] "GET /app/.env HTTP/1.1" 404 2351
Not Found: /apps/.env
[02/May/2026 13:07:48] "GET /apps/.env HTTP/1.1" 404 2354
Internal Server Error: /
Traceback (most recent call last):
  File "C:\inetpub\wwwroot\e-randevu\dental_management_system\tenants\hasta_views.py", line 133, in klinik_randevu_sayfasi
    clinic = Clinic.objects.get(subdomain=subdomain, is_active=True)
             ^^^^^^^^^^^^^^^^^^^^^^^^^^^^^^^^^^^^^^^^^^^^^^^^^^^^^^^
  File "C:\inetpub\wwwroot\e-randevu\dental_management_system\venv\Lib\site-packages\django\db\models\manager.py", line 87, in manager_method
    return getattr(self.get_queryset(), name)(*args, **kwargs)
           ^^^^^^^^^^^^^^^^^^^^^^^^^^^^^^^^^^^^^^^^^^^^^^^^^^^
  File "C:\inetpub\wwwroot\e-randevu\dental_management_system\venv\Lib\site-packages\django\db\models\query.py", line 649, in get
    raise self.model.DoesNotExist(
tenants.models.Clinic.DoesNotExist: Clinic matching query does not exist.

During handling of the above exception, another exception occurred:

Traceback (most recent call last):
  File "C:\inetpub\wwwroot\e-randevu\dental_management_system\venv\Lib\site-packages\django\core\handlers\exception.py", line 55, in inner
    response = get_response(request)
               ^^^^^^^^^^^^^^^^^^^^^
  File "C:\inetpub\wwwroot\e-randevu\dental_management_system\venv\Lib\site-packages\django\core\handlers\base.py", line 197, in _get_response
    response = wrapped_callback(request, *callback_args, **callback_kwargs)
               ^^^^^^^^^^^^^^^^^^^^^^^^^^^^^^^^^^^^^^^^^^^^^^^^^^^^^^^^^^^^
  File "C:\inetpub\wwwroot\e-randevu\dental_management_system\tenants\hasta_views.py", line 135, in klinik_randevu_sayfasi
    return render(request, 'hasta/klinik_bulunamadi.html', {}, status=404)
           ^^^^^^^^^^^^^^^^^^^^^^^^^^^^^^^^^^^^^^^^^^^^^^^^^^^^^^^^^^^^^^^
  File "C:\inetpub\wwwroot\e-randevu\dental_management_system\venv\Lib\site-packages\django\shortcuts.py", line 25, in render
    content = loader.render_to_string(template_name, context, request, using=using)
              ^^^^^^^^^^^^^^^^^^^^^^^^^^^^^^^^^^^^^^^^^^^^^^^^^^^^^^^^^^^^^^^^^^^^^
  File "C:\inetpub\wwwroot\e-randevu\dental_management_system\venv\Lib\site-packages\django\template\loader.py", line 61, in render_to_string
    template = get_template(template_name, using=using)
               ^^^^^^^^^^^^^^^^^^^^^^^^^^^^^^^^^^^^^^^^
  File "C:\inetpub\wwwroot\e-randevu\dental_management_system\venv\Lib\site-packages\django\template\loader.py", line 19, in get_template
    raise TemplateDoesNotExist(template_name, chain=chain)
django.template.exceptions.TemplateDoesNotExist: hasta/klinik_bulunamadi.html
Not Found: /auth.json
[02/May/2026 13:07:48] "GET /auth.json HTTP/1.1" 404 2354
[02/May/2026 13:07:48] "GET /?-s HTTP/1.1" 500 97996
Not Found: /actuator/env
[02/May/2026 13:07:48] "GET /actuator/env HTTP/1.1" 404 2363
Not Found: /actuator/env
[02/May/2026 13:07:48] "GET /actuator/env HTTP/1.1" 404 2363
Not Found: /config/.env
Not Found: /web/.env
[02/May/2026 13:07:48] "GET /config/.env HTTP/1.1" 404 2360
[02/May/2026 13:07:48] "GET /web/.env HTTP/1.1" 404 2351
Not Found: /actuator/configprops
[02/May/2026 13:07:48] "GET /actuator/configprops HTTP/1.1" 404 2387
Not Found: /actuator/configprops
[02/May/2026 13:07:48] "GET /actuator/configprops HTTP/1.1" 404 2387
Not Found: /admin/.env
[02/May/2026 13:07:48] "GET /admin/.env HTTP/1.1" 404 2357
Not Found: /storage/.env
[02/May/2026 13:07:48] "GET /storage/.env HTTP/1.1" 404 2363
Not Found: /server/.env
[02/May/2026 13:07:48] "GET /server/.env HTTP/1.1" 404 2360
Not Found: /actuator/health
[02/May/2026 13:07:48] "GET /actuator/health HTTP/1.1" 404 2372
Not Found: /actuator/loggers
[02/May/2026 13:07:49] "GET /actuator/loggers HTTP/1.1" 404 2375
Not Found: /actuator/beans
Not Found: /actuator/beans
[02/May/2026 13:07:49] "GET /actuator/beans HTTP/1.1" 404 2369
Not Found: /src/.env
Not Found: /laravel/.env
[02/May/2026 13:07:49] "GET /actuator/beans HTTP/1.1" 404 2369
[02/May/2026 13:07:49] "GET /src/.env HTTP/1.1" 404 2351
[02/May/2026 13:07:49] "GET /laravel/.env HTTP/1.1" 404 2363
Not Found: /backend/.env
Not Found: /api/.env
Not Found: /prisma/.env
Not Found: /actuator/threaddump
[02/May/2026 13:07:49] "GET /backend/.env HTTP/1.1" 404 2363
[02/May/2026 13:07:49] "GET /api/.env HTTP/1.1" 404 2351
[02/May/2026 13:07:49] "GET /prisma/.env HTTP/1.1" 404 2360
[02/May/2026 13:07:49] "GET /actuator/threaddump HTTP/1.1" 404 2384
Not Found: /actuator/mappings
[02/May/2026 13:07:49] "GET /actuator/mappings HTTP/1.1" 404 2378
Not Found: /public/.env
[02/May/2026 13:07:49] "GET /public/.env HTTP/1.1" 404 2360
Not Found: /admin/.env
[02/May/2026 13:07:49,257] - Broken pipe from ('127.0.0.1', 51162)
[02/May/2026 13:27:09] "GET / HTTP/1.1" 200 9312
Not Found: /.git/config
[02/May/2026 13:29:28] "GET /.git/config HTTP/1.1" 404 2359
Not Found: /atom.xml
[02/May/2026 13:38:43] "GET /atom.xml HTTP/1.1" 404 2354
Not Found: /sitemap.xml.gz
[02/May/2026 13:54:54] "GET /sitemap.xml.gz HTTP/1.1" 404 2372
[02/May/2026 13:58:42] "GET /media/doctors/photos/download_U6GMFfS.jpg HTTP/1.1" 200 3832
Not Found: /sitemap.txt
[02/May/2026 14:10:34] "GET /sitemap.txt HTTP/1.1" 404 2363
Internal Server Error: /
Traceback (most recent call last):
  File "C:\inetpub\wwwroot\e-randevu\dental_management_system\tenants\hasta_views.py", line 133, in klinik_randevu_sayfasi
    clinic = Clinic.objects.get(subdomain=subdomain, is_active=True)
             ^^^^^^^^^^^^^^^^^^^^^^^^^^^^^^^^^^^^^^^^^^^^^^^^^^^^^^^
  File "C:\inetpub\wwwroot\e-randevu\dental_management_system\venv\Lib\site-packages\django\db\models\manager.py", line 87, in manager_method
    return getattr(self.get_queryset(), name)(*args, **kwargs)
           ^^^^^^^^^^^^^^^^^^^^^^^^^^^^^^^^^^^^^^^^^^^^^^^^^^^
  File "C:\inetpub\wwwroot\e-randevu\dental_management_system\venv\Lib\site-packages\django\db\models\query.py", line 649, in get
    raise self.model.DoesNotExist(
tenants.models.Clinic.DoesNotExist: Clinic matching query does not exist.

During handling of the above exception, another exception occurred:

Traceback (most recent call last):
  File "C:\inetpub\wwwroot\e-randevu\dental_management_system\venv\Lib\site-packages\django\core\handlers\exception.py", line 55, in inner
    response = get_response(request)
               ^^^^^^^^^^^^^^^^^^^^^
  File "C:\inetpub\wwwroot\e-randevu\dental_management_system\venv\Lib\site-packages\django\core\handlers\base.py", line 197, in _get_response
    response = wrapped_callback(request, *callback_args, **callback_kwargs)
               ^^^^^^^^^^^^^^^^^^^^^^^^^^^^^^^^^^^^^^^^^^^^^^^^^^^^^^^^^^^^
  File "C:\inetpub\wwwroot\e-randevu\dental_management_system\tenants\hasta_views.py", line 135, in klinik_randevu_sayfasi
    return render(request, 'hasta/klinik_bulunamadi.html', {}, status=404)
           ^^^^^^^^^^^^^^^^^^^^^^^^^^^^^^^^^^^^^^^^^^^^^^^^^^^^^^^^^^^^^^^
  File "C:\inetpub\wwwroot\e-randevu\dental_management_system\venv\Lib\site-packages\django\shortcuts.py", line 25, in render
    content = loader.render_to_string(template_name, context, request, using=using)
              ^^^^^^^^^^^^^^^^^^^^^^^^^^^^^^^^^^^^^^^^^^^^^^^^^^^^^^^^^^^^^^^^^^^^^
  File "C:\inetpub\wwwroot\e-randevu\dental_management_system\venv\Lib\site-packages\django\template\loader.py", line 61, in render_to_string
    template = get_template(template_name, using=using)
               ^^^^^^^^^^^^^^^^^^^^^^^^^^^^^^^^^^^^^^^^
  File "C:\inetpub\wwwroot\e-randevu\dental_management_system\venv\Lib\site-packages\django\template\loader.py", line 19, in get_template
    raise TemplateDoesNotExist(template_name, chain=chain)
django.template.exceptions.TemplateDoesNotExist: hasta/klinik_bulunamadi.html
[02/May/2026 14:17:06] "GET / HTTP/1.1" 500 98183
Internal Server Error: /
Traceback (most recent call last):
  File "C:\inetpub\wwwroot\e-randevu\dental_management_system\tenants\hasta_views.py", line 133, in klinik_randevu_sayfasi
    clinic = Clinic.objects.get(subdomain=subdomain, is_active=True)
             ^^^^^^^^^^^^^^^^^^^^^^^^^^^^^^^^^^^^^^^^^^^^^^^^^^^^^^^
  File "C:\inetpub\wwwroot\e-randevu\dental_management_system\venv\Lib\site-packages\django\db\models\manager.py", line 87, in manager_method
    return getattr(self.get_queryset(), name)(*args, **kwargs)
           ^^^^^^^^^^^^^^^^^^^^^^^^^^^^^^^^^^^^^^^^^^^^^^^^^^^
  File "C:\inetpub\wwwroot\e-randevu\dental_management_system\venv\Lib\site-packages\django\db\models\query.py", line 649, in get
    raise self.model.DoesNotExist(
tenants.models.Clinic.DoesNotExist: Clinic matching query does not exist.

During handling of the above exception, another exception occurred:

Traceback (most recent call last):
  File "C:\inetpub\wwwroot\e-randevu\dental_management_system\venv\Lib\site-packages\django\core\handlers\exception.py", line 55, in inner
    response = get_response(request)
               ^^^^^^^^^^^^^^^^^^^^^
  File "C:\inetpub\wwwroot\e-randevu\dental_management_system\venv\Lib\site-packages\django\core\handlers\base.py", line 197, in _get_response
    response = wrapped_callback(request, *callback_args, **callback_kwargs)
               ^^^^^^^^^^^^^^^^^^^^^^^^^^^^^^^^^^^^^^^^^^^^^^^^^^^^^^^^^^^^
  File "C:\inetpub\wwwroot\e-randevu\dental_management_system\tenants\hasta_views.py", line 135, in klinik_randevu_sayfasi
    return render(request, 'hasta/klinik_bulunamadi.html', {}, status=404)
           ^^^^^^^^^^^^^^^^^^^^^^^^^^^^^^^^^^^^^^^^^^^^^^^^^^^^^^^^^^^^^^^
  File "C:\inetpub\wwwroot\e-randevu\dental_management_system\venv\Lib\site-packages\django\shortcuts.py", line 25, in render
    content = loader.render_to_string(template_name, context, request, using=using)
              ^^^^^^^^^^^^^^^^^^^^^^^^^^^^^^^^^^^^^^^^^^^^^^^^^^^^^^^^^^^^^^^^^^^^^
  File "C:\inetpub\wwwroot\e-randevu\dental_management_system\venv\Lib\site-packages\django\template\loader.py", line 61, in render_to_string
    template = get_template(template_name, using=using)
               ^^^^^^^^^^^^^^^^^^^^^^^^^^^^^^^^^^^^^^^^
  File "C:\inetpub\wwwroot\e-randevu\dental_management_system\venv\Lib\site-packages\django\template\loader.py", line 19, in get_template
    raise TemplateDoesNotExist(template_name, chain=chain)
django.template.exceptions.TemplateDoesNotExist: hasta/klinik_bulunamadi.html
[02/May/2026 14:27:39] "GET / HTTP/1.1" 500 98183
