C:\inetpub\wwwroot\e-randevu\dental_management_system\venv\Lib\site-packages\django\db\models\base.py:366: RuntimeWarning: Model 'patients.hastasession' was already registered. Reloading models is not advised as it can lead to inconsistencies, most notably with related models.
  new_class._meta.apps.register_model(new_class._meta.app_label, new_class)
C:\inetpub\wwwroot\e-randevu\dental_management_system\venv\Lib\site-packages\django\db\models\base.py:366: RuntimeWarning: Model 'patients.hastasession' was already registered. Reloading models is not advised as it can lead to inconsistencies, most notably with related models.
  new_class._meta.apps.register_model(new_class._meta.app_label, new_class)
Watching for file changes with StatReloader
[03/Apr/2026 21:13:04] "GET / HTTP/1.1" 200 9312
[03/Apr/2026 21:13:04] "GET / HTTP/1.1" 200 9312
[03/Apr/2026 21:24:09] "GET / HTTP/1.1" 200 9312
[03/Apr/2026 21:24:09] "GET /static/css/ana_sayfa.css HTTP/1.1" 200 10882
[03/Apr/2026 21:24:10] "GET / HTTP/1.1" 200 9312
[03/Apr/2026 21:24:10] "GET /static/css/ana_sayfa.css HTTP/1.1" 200 10882
Not Found: /favicon.ico
[03/Apr/2026 21:24:10] "GET /favicon.ico HTTP/1.1" 404 2952
Not Found: /favicon.ico
[03/Apr/2026 21:24:11] "GET /favicon.ico HTTP/1.1" 404 2952
Not Found: /
[03/Apr/2026 21:33:57] "GET / HTTP/1.0" 404 8848
[03/Apr/2026 21:46:22] "GET /robots.txt HTTP/1.1" 301 0
Not Found: /
[03/Apr/2026 21:46:22] "GET / HTTP/1.1" 404 8849
[03/Apr/2026 21:46:22] "GET /robots.txt/ HTTP/1.1" 302 0
[03/Apr/2026 21:46:23] "GET /giris/ HTTP/1.1" 200 5067
