C:\inetpub\wwwroot\e-randevu\dental_management_system\venv\Lib\site-packages\django\db\models\base.py:366: RuntimeWarning: Model 'patients.hastasession' was already registered. Reloading models is not advised as it can lead to inconsistencies, most notably with related models.
  new_class._meta.apps.register_model(new_class._meta.app_label, new_class)
C:\inetpub\wwwroot\e-randevu\dental_management_system\venv\Lib\site-packages\django\db\models\base.py:366: RuntimeWarning: Model 'patients.hastasession' was already registered. Reloading models is not advised as it can lead to inconsistencies, most notably with related models.
  new_class._meta.apps.register_model(new_class._meta.app_label, new_class)
Watching for file changes with StatReloader
[13/Apr/2026 03:51:43] "GET / HTTP/1.1" 200 9312
[13/Apr/2026 04:00:51] "GET / HTTP/1.1" 200 9312
[13/Apr/2026 04:12:28] "GET / HTTP/1.1" 200 9312
[13/Apr/2026 04:12:28] "GET /static/css/ana_sayfa.css HTTP/1.1" 200 10882
Not Found: /favicon.ico
[13/Apr/2026 04:12:28] "GET /favicon.ico HTTP/1.1" 404 2952
[13/Apr/2026 04:12:34] "GET /hasta/giris/ HTTP/1.1" 200 3539
[13/Apr/2026 04:12:34] "GET /static/css/auth.css HTTP/1.1" 200 4436
[13/Apr/2026 04:12:41] "GET /hasta/giris/ HTTP/1.1" 200 3539
[13/Apr/2026 04:12:41] "GET /static/css/auth.css HTTP/1.1" 200 4436
Not Found: /favicon.ico
[13/Apr/2026 04:12:42] "GET /favicon.ico HTTP/1.1" 404 2952
[13/Apr/2026 04:13:30] "GET / HTTP/1.1" 200 9312
[13/Apr/2026 04:13:31] "GET / HTTP/1.1" 200 9312
Not Found: /wp-includes/wlwmanifest.xml
[13/Apr/2026 04:13:31] "GET /wp-includes/wlwmanifest.xml HTTP/1.1" 404 2999
Not Found: /xmlrpc.php
[13/Apr/2026 04:13:31] "GET /xmlrpc.php?rsd HTTP/1.1" 404 2952
[13/Apr/2026 04:13:31] "GET / HTTP/1.1" 200 9312
Not Found: /blog/wp-includes/wlwmanifest.xml
[13/Apr/2026 04:13:31] "GET /blog/wp-includes/wlwmanifest.xml HTTP/1.1" 404 3014
Not Found: /web/wp-includes/wlwmanifest.xml
[13/Apr/2026 04:13:32] "GET /web/wp-includes/wlwmanifest.xml HTTP/1.1" 404 3011
Not Found: /wordpress/wp-includes/wlwmanifest.xml
[13/Apr/2026 04:13:32] "GET /wordpress/wp-includes/wlwmanifest.xml HTTP/1.1" 404 3029
Not Found: /website/wp-includes/wlwmanifest.xml
[13/Apr/2026 04:13:32] "GET /website/wp-includes/wlwmanifest.xml HTTP/1.1" 404 3023
Not Found: /wp/wp-includes/wlwmanifest.xml
[13/Apr/2026 04:13:32] "GET /wp/wp-includes/wlwmanifest.xml HTTP/1.1" 404 3008
Not Found: /news/wp-includes/wlwmanifest.xml
[13/Apr/2026 04:13:32] "GET /news/wp-includes/wlwmanifest.xml HTTP/1.1" 404 3014
Not Found: /2020/wp-includes/wlwmanifest.xml
[13/Apr/2026 04:13:32] "GET /2020/wp-includes/wlwmanifest.xml HTTP/1.1" 404 3014
Not Found: /2019/wp-includes/wlwmanifest.xml
[13/Apr/2026 04:13:33] "GET /2019/wp-includes/wlwmanifest.xml HTTP/1.1" 404 3014
Not Found: /shop/wp-includes/wlwmanifest.xml
[13/Apr/2026 04:13:33] "GET /shop/wp-includes/wlwmanifest.xml HTTP/1.1" 404 3014
Not Found: /wp1/wp-includes/wlwmanifest.xml
[13/Apr/2026 04:13:33] "GET /wp1/wp-includes/wlwmanifest.xml HTTP/1.1" 404 3011
Not Found: /test/wp-includes/wlwmanifest.xml
[13/Apr/2026 04:13:33] "GET /test/wp-includes/wlwmanifest.xml HTTP/1.1" 404 3014
Not Found: /wp2/wp-includes/wlwmanifest.xml
[13/Apr/2026 04:13:33] "GET /wp2/wp-includes/wlwmanifest.xml HTTP/1.1" 404 3011
Not Found: /site/wp-includes/wlwmanifest.xml
[13/Apr/2026 04:13:33] "GET /site/wp-includes/wlwmanifest.xml HTTP/1.1" 404 3014
Not Found: /cms/wp-includes/wlwmanifest.xml
[13/Apr/2026 04:13:34] "GET /cms/wp-includes/wlwmanifest.xml HTTP/1.1" 404 3011
Not Found: /sito/wp-includes/wlwmanifest.xml
[13/Apr/2026 04:13:34] "GET /sito/wp-includes/wlwmanifest.xml HTTP/1.1" 404 3014
[13/Apr/2026 04:17:10] "GET /5Q1QKL/api/bildirimler/ HTTP/1.1" 200 21
[13/Apr/2026 04:17:20] "GET /5Q1QKL/api/bildirimler/ HTTP/1.1" 200 21
[13/Apr/2026 04:17:35] "GET /5Q1QKL/api/bildirimler/ HTTP/1.1" 200 21
[13/Apr/2026 04:17:50] "GET /5Q1QKL/api/bildirimler/ HTTP/1.1" 200 21
[13/Apr/2026 04:18:05] "GET /5Q1QKL/api/bildirimler/ HTTP/1.1" 200 21
[13/Apr/2026 04:18:20] "GET /5Q1QKL/api/bildirimler/ HTTP/1.1" 200 21
[13/Apr/2026 04:18:35] "GET /5Q1QKL/api/bildirimler/ HTTP/1.1" 200 21
[13/Apr/2026 04:19:26] "GET /5Q1QKL/api/bildirimler/ HTTP/1.1" 200 21
[13/Apr/2026 04:20:26] "GET /5Q1QKL/api/bildirimler/ HTTP/1.1" 200 21
[13/Apr/2026 04:21:26] "GET /5Q1QKL/api/bildirimler/ HTTP/1.1" 200 21
Internal Server Error: /
Traceback (most recent call last):
  File "C:\inetpub\wwwroot\e-randevu\dental_management_system\tenants\hasta_views.py", line 133, in klinik_randevu_sayfasi
    clinic = Clinic.objects.get(subdomain=subdomain, is_active=True)
             ^^^^^^^^^^^^^^^^^^^^^^^^^^^^^^^^^^^^^^^^^^^^^^^^^^^^^^^
  File "C:\inetpub\wwwroot\e-randevu\dental_management_system\venv\Lib\site-packages\django\db\models\manager.py", line 87, in manager_method
    return getattr(self.get_queryset(), name)(*args, **kwargs)
           ^^^^^^^^^^^^^^^^^^^^^^^^^^^^^^^^^^^^^^^^^^^^^^^^^^^
  File "C:\inetpub\wwwroot\e-randevu\dental_management_system\venv\Lib\site-packages\django\db\models\query.py", line 649, in get
    raise self.model.DoesNotExist(
tenants.models.Clinic.DoesNotExist: Clinic matching query does not exist.

During handling of the above exception, another exception occurred:

Traceback (most recent call last):
  File "C:\inetpub\wwwroot\e-randevu\dental_management_system\venv\Lib\site-packages\django\core\handlers\exception.py", line 55, in inner
    response = get_response(request)
               ^^^^^^^^^^^^^^^^^^^^^
  File "C:\inetpub\wwwroot\e-randevu\dental_management_system\venv\Lib\site-packages\django\core\handlers\base.py", line 197, in _get_response
    response = wrapped_callback(request, *callback_args, **callback_kwargs)
               ^^^^^^^^^^^^^^^^^^^^^^^^^^^^^^^^^^^^^^^^^^^^^^^^^^^^^^^^^^^^
  File "C:\inetpub\wwwroot\e-randevu\dental_management_system\tenants\hasta_views.py", line 135, in klinik_randevu_sayfasi
    return render(request, 'hasta/klinik_bulunamadi.html', {}, status=404)
           ^^^^^^^^^^^^^^^^^^^^^^^^^^^^^^^^^^^^^^^^^^^^^^^^^^^^^^^^^^^^^^^
  File "C:\inetpub\wwwroot\e-randevu\dental_management_system\venv\Lib\site-packages\django\shortcuts.py", line 25, in render
    content = loader.render_to_string(template_name, context, request, using=using)
              ^^^^^^^^^^^^^^^^^^^^^^^^^^^^^^^^^^^^^^^^^^^^^^^^^^^^^^^^^^^^^^^^^^^^^
  File "C:\inetpub\wwwroot\e-randevu\dental_management_system\venv\Lib\site-packages\django\template\loader.py", line 61, in render_to_string
    template = get_template(template_name, using=using)
               ^^^^^^^^^^^^^^^^^^^^^^^^^^^^^^^^^^^^^^^^
  File "C:\inetpub\wwwroot\e-randevu\dental_management_system\venv\Lib\site-packages\django\template\loader.py", line 19, in get_template
    raise TemplateDoesNotExist(template_name, chain=chain)
django.template.exceptions.TemplateDoesNotExist: hasta/klinik_bulunamadi.html
[13/Apr/2026 04:21:42] "GET / HTTP/1.1" 500 98164
[13/Apr/2026 04:22:26] "GET /5Q1QKL/api/bildirimler/ HTTP/1.1" 200 21
[13/Apr/2026 04:23:26] "GET /5Q1QKL/api/bildirimler/ HTTP/1.1" 200 21
[13/Apr/2026 04:24:26] "GET /5Q1QKL/api/bildirimler/ HTTP/1.1" 200 21
[13/Apr/2026 04:25:26] "GET /5Q1QKL/api/bildirimler/ HTTP/1.1" 200 21
[13/Apr/2026 04:26:26] "GET /5Q1QKL/api/bildirimler/ HTTP/1.1" 200 21
[13/Apr/2026 04:27:26] "GET /5Q1QKL/api/bildirimler/ HTTP/1.1" 200 21
[13/Apr/2026 04:28:26] "GET /5Q1QKL/api/bildirimler/ HTTP/1.1" 200 21
[13/Apr/2026 04:29:26] "GET /5Q1QKL/api/bildirimler/ HTTP/1.1" 200 21
[13/Apr/2026 04:30:26] "GET /5Q1QKL/api/bildirimler/ HTTP/1.1" 200 21
[13/Apr/2026 04:31:26] "GET /5Q1QKL/api/bildirimler/ HTTP/1.1" 200 21
[13/Apr/2026 04:32:26] "GET /5Q1QKL/api/bildirimler/ HTTP/1.1" 200 21
[13/Apr/2026 04:33:26] "GET /5Q1QKL/api/bildirimler/ HTTP/1.1" 200 21
[13/Apr/2026 04:34:26] "GET /5Q1QKL/api/bildirimler/ HTTP/1.1" 200 21
[13/Apr/2026 04:35:26] "GET /5Q1QKL/api/bildirimler/ HTTP/1.1" 200 21
[13/Apr/2026 04:36:26] "GET /5Q1QKL/api/bildirimler/ HTTP/1.1" 200 21
[13/Apr/2026 04:37:26] "GET /5Q1QKL/api/bildirimler/ HTTP/1.1" 200 21
[13/Apr/2026 04:38:26] "GET /5Q1QKL/api/bildirimler/ HTTP/1.1" 200 21
[13/Apr/2026 04:39:26] "GET /5Q1QKL/api/bildirimler/ HTTP/1.1" 200 21
[13/Apr/2026 04:40:26] "GET /5Q1QKL/api/bildirimler/ HTTP/1.1" 200 21
[13/Apr/2026 04:41:26] "GET /5Q1QKL/api/bildirimler/ HTTP/1.1" 200 21
[13/Apr/2026 04:42:26] "GET /5Q1QKL/api/bildirimler/ HTTP/1.1" 200 21
[13/Apr/2026 04:43:26] "GET /5Q1QKL/api/bildirimler/ HTTP/1.1" 200 21
[13/Apr/2026 04:44:26] "GET /5Q1QKL/api/bildirimler/ HTTP/1.1" 200 21
[13/Apr/2026 04:45:26] "GET /5Q1QKL/api/bildirimler/ HTTP/1.1" 200 21
[13/Apr/2026 04:46:26] "GET /5Q1QKL/api/bildirimler/ HTTP/1.1" 200 21
[13/Apr/2026 04:47:26] "GET /5Q1QKL/api/bildirimler/ HTTP/1.1" 200 21
[13/Apr/2026 04:48:26] "GET /5Q1QKL/api/bildirimler/ HTTP/1.1" 200 21
[13/Apr/2026 04:49:26] "GET /5Q1QKL/api/bildirimler/ HTTP/1.1" 200 21
[13/Apr/2026 04:50:26] "GET /5Q1QKL/api/bildirimler/ HTTP/1.1" 200 21
[13/Apr/2026 04:51:26] "GET /5Q1QKL/api/bildirimler/ HTTP/1.1" 200 21
[13/Apr/2026 04:52:26] "GET /5Q1QKL/api/bildirimler/ HTTP/1.1" 200 21
[13/Apr/2026 04:53:26] "GET /5Q1QKL/api/bildirimler/ HTTP/1.1" 200 21
[13/Apr/2026 04:54:26] "GET /5Q1QKL/api/bildirimler/ HTTP/1.1" 200 21
[13/Apr/2026 04:55:26] "GET /5Q1QKL/api/bildirimler/ HTTP/1.1" 200 21
[13/Apr/2026 04:56:26] "GET /5Q1QKL/api/bildirimler/ HTTP/1.1" 200 21
[13/Apr/2026 04:57:26] "GET /5Q1QKL/api/bildirimler/ HTTP/1.1" 200 21
[13/Apr/2026 04:58:26] "GET /5Q1QKL/api/bildirimler/ HTTP/1.1" 200 21
[13/Apr/2026 04:59:26] "GET /5Q1QKL/api/bildirimler/ HTTP/1.1" 200 21
[13/Apr/2026 05:00:26] "GET /5Q1QKL/api/bildirimler/ HTTP/1.1" 200 21
[13/Apr/2026 05:01:26] "GET /5Q1QKL/api/bildirimler/ HTTP/1.1" 200 21
[13/Apr/2026 05:02:26] "GET /5Q1QKL/api/bildirimler/ HTTP/1.1" 200 21
[13/Apr/2026 05:03:26] "GET /5Q1QKL/api/bildirimler/ HTTP/1.1" 200 21
[13/Apr/2026 05:04:26] "GET /5Q1QKL/api/bildirimler/ HTTP/1.1" 200 21
[13/Apr/2026 05:05:26] "GET /5Q1QKL/api/bildirimler/ HTTP/1.1" 200 21
[13/Apr/2026 05:06:26] "GET /5Q1QKL/api/bildirimler/ HTTP/1.1" 200 21
[13/Apr/2026 05:07:26] "GET /5Q1QKL/api/bildirimler/ HTTP/1.1" 200 21
[13/Apr/2026 05:08:26] "GET /5Q1QKL/api/bildirimler/ HTTP/1.1" 200 21
[13/Apr/2026 05:09:26] "GET /5Q1QKL/api/bildirimler/ HTTP/1.1" 200 21
[13/Apr/2026 05:10:26] "GET /5Q1QKL/api/bildirimler/ HTTP/1.1" 200 21
[13/Apr/2026 05:10:29] "GET / HTTP/1.1" 200 9312
Not Found: /favicon.ico
[13/Apr/2026 05:10:35] "GET /favicon.ico HTTP/1.1" 404 2951
[13/Apr/2026 05:10:45] "GET / HTTP/1.1" 200 9312
[13/Apr/2026 05:11:26] "GET /5Q1QKL/api/bildirimler/ HTTP/1.1" 200 21
[13/Apr/2026 05:12:26] "GET /5Q1QKL/api/bildirimler/ HTTP/1.1" 200 21
[13/Apr/2026 05:13:26] "GET /5Q1QKL/api/bildirimler/ HTTP/1.1" 200 21
[13/Apr/2026 05:14:26] "GET /5Q1QKL/api/bildirimler/ HTTP/1.1" 200 21
[13/Apr/2026 05:15:26] "GET /5Q1QKL/api/bildirimler/ HTTP/1.1" 200 21
Not Found: /.env.production
[13/Apr/2026 05:15:51] "GET /.env.production HTTP/1.1" 404 2964
Not Found: /.env
[13/Apr/2026 05:15:51] "GET /.env HTTP/1.1" 404 2931
Not Found: /secrets/.env
[13/Apr/2026 05:15:51] "GET /secrets/.env HTTP/1.1" 404 2955
Not Found: /.github/workflows/secrets.env
[13/Apr/2026 05:15:51] "GET /.github/workflows/secrets.env HTTP/1.1" 404 3006
Not Found: /config/.env.production
[13/Apr/2026 05:15:52] "GET /config/.env.production HTTP/1.1" 404 2985
Not Found: /production/.env
[13/Apr/2026 05:15:52] "GET /production/.env HTTP/1.1" 404 2964
Not Found: /docker/.env
[13/Apr/2026 05:15:56] "GET /docker/.env HTTP/1.1" 404 2951
Not Found: /kubernetes/secrets.env
[13/Apr/2026 05:15:56] "GET /kubernetes/secrets.env HTTP/1.1" 404 2984
[13/Apr/2026 05:16:26] "GET /5Q1QKL/api/bildirimler/ HTTP/1.1" 200 21
[13/Apr/2026 05:17:26] "GET /5Q1QKL/api/bildirimler/ HTTP/1.1" 200 21
