C:\inetpub\wwwroot\e-randevu\dental_management_system\venv\Lib\site-packages\django\db\models\base.py:366: RuntimeWarning: Model 'patients.hastasession' was already registered. Reloading models is not advised as it can lead to inconsistencies, most notably with related models.
  new_class._meta.apps.register_model(new_class._meta.app_label, new_class)
C:\inetpub\wwwroot\e-randevu\dental_management_system\venv\Lib\site-packages\django\db\models\base.py:366: RuntimeWarning: Model 'patients.hastasession' was already registered. Reloading models is not advised as it can lead to inconsistencies, most notably with related models.
  new_class._meta.apps.register_model(new_class._meta.app_label, new_class)
Watching for file changes with StatReloader
Not Found: /wp-content/plugins/hellopress/wp_filemanager.php
[03/Apr/2026 08:55:50] "GET /wp-content/plugins/hellopress/wp_filemanager.php HTTP/1.1" 404 3062
Not Found: /wp-good.php
[03/Apr/2026 08:55:51] "GET /wp-good.php HTTP/1.1" 404 2951
Not Found: /file.php
[03/Apr/2026 08:55:51] "GET /file.php HTTP/1.1" 404 2942
Not Found: /alfa.php
[03/Apr/2026 08:55:52] "GET /alfa.php HTTP/1.1" 404 2942
Not Found: /bless.php
[03/Apr/2026 08:55:52] "GET /bless.php HTTP/1.1" 404 2945
Not Found: /admin.php.
[03/Apr/2026 08:55:52] "GET /admin.php. HTTP/1.1" 404 2948
Not Found: /flower.php
[03/Apr/2026 08:55:52] "GET /flower.php HTTP/1.1" 404 2948
Not Found: /ioxi-o.php
[03/Apr/2026 08:55:52] "GET /ioxi-o.php HTTP/1.1" 404 2948
Not Found: /lock360.php
[03/Apr/2026 08:55:53] "GET /lock360.php HTTP/1.1" 404 2951
Not Found: /adminfuns.php
[03/Apr/2026 08:55:53] "GET /adminfuns.php HTTP/1.1" 404 2957
Not Found: /wp-content/admin.php
[03/Apr/2026 08:55:53] "GET /wp-content/admin.php HTTP/1.1" 404 2978
Not Found: /aa.php
[03/Apr/2026 08:55:53] "GET /aa.php HTTP/1.1" 404 2936
Not Found: /xmrlpc.php
[03/Apr/2026 08:55:53] "GET /xmrlpc.php HTTP/1.1" 404 2948
Not Found: /class.php
[03/Apr/2026 08:55:54] "GET /class.php HTTP/1.1" 404 2945
Not Found: /goods.php
[03/Apr/2026 08:55:54] "GET /goods.php HTTP/1.1" 404 2945
Not Found: /info.php
[03/Apr/2026 08:55:54] "GET /info.php HTTP/1.1" 404 2942
Not Found: /as.php
[03/Apr/2026 08:55:54] "GET /as.php HTTP/1.1" 404 2936
Not Found: /aw.php
[03/Apr/2026 08:55:54] "GET /aw.php HTTP/1.1" 404 2936
Not Found: /bb.php
[03/Apr/2026 08:55:54] "GET /bb.php HTTP/1.1" 404 2936
Not Found: /about.php
[03/Apr/2026 08:55:55] "GET /about.php HTTP/1.1" 404 2945
Not Found: /222.php
[03/Apr/2026 08:55:55] "GET /222.php HTTP/1.1" 404 2939
Not Found: /test1.php
[03/Apr/2026 08:55:55] "GET /test1.php HTTP/1.1" 404 2945
Not Found: /classwithtostring.php
[03/Apr/2026 08:55:55] "GET /classwithtostring.php HTTP/1.1" 404 2981
Not Found: /css/autoload_classmap.php
[03/Apr/2026 08:55:55] "GET /css/autoload_classmap.php HTTP/1.1" 404 2993
Not Found: /fx.php
[03/Apr/2026 08:55:55] "GET /fx.php HTTP/1.1" 404 2936
[03/Apr/2026 08:55:56] "GET /admin/controller/extension/extension/ultra.php HTTP/1.1" 302 0
[03/Apr/2026 08:55:56] "GET /admin/login/?next=/admin/controller/extension/extension/ultra.php HTTP/1.1" 200 4267
Not Found: /gelay.php
[03/Apr/2026 08:55:56] "GET /gelay.php HTTP/1.1" 404 2945
Not Found: /god4m.php
[03/Apr/2026 08:55:56] "GET /god4m.php HTTP/1.1" 404 2945
Not Found: /mari.php
[03/Apr/2026 08:55:56] "GET /mari.php HTTP/1.1" 404 2942
Not Found: /moon.php
[03/Apr/2026 08:55:56] "GET /moon.php HTTP/1.1" 404 2942
Not Found: /o.php
[03/Apr/2026 08:55:57] "GET /o.php HTTP/1.1" 404 2933
Not Found: /tmp.php
[03/Apr/2026 08:55:57] "GET /tmp.php HTTP/1.1" 404 2939
Not Found: /wp-admin/js/
[03/Apr/2026 08:55:57] "GET /wp-admin/js/ HTTP/1.1" 404 2954
Not Found: /wp-admin/a.php
[03/Apr/2026 08:55:57] "GET /wp-admin/a.php HTTP/1.1" 404 2960
Not Found: /wp-admin/alfa.php
[03/Apr/2026 08:55:57] "GET /wp-admin/alfa.php HTTP/1.1" 404 2969
Not Found: /wp-admin/css/colors
[03/Apr/2026 08:55:58] "GET /wp-admin/css/colors HTTP/1.1" 404 2975
Not Found: /wp-admin/js/widgets/
[03/Apr/2026 08:55:58] "GET /wp-admin/js/widgets/ HTTP/1.1" 404 2978
Not Found: /wp-admin/network/index.php
[03/Apr/2026 08:55:58] "GET /wp-admin/network/index.php HTTP/1.1" 404 2996
Not Found: /wp-content/plugins/core-plugin/include.php
[03/Apr/2026 08:55:58] "GET /wp-content/plugins/core-plugin/include.php HTTP/1.1" 404 3044
Not Found: /wp-includes/IXR/test1.php
[03/Apr/2026 08:55:58] "GET /wp-includes/IXR/test1.php HTTP/1.1" 404 2993
Not Found: /wp-includes/js/crop/cropper.php
[03/Apr/2026 08:55:59] "GET /wp-includes/js/crop/cropper.php HTTP/1.1" 404 3011
Not Found: /wp-content/themes/
[03/Apr/2026 08:55:59] "GET /wp-content/themes/ HTTP/1.1" 404 2972
Not Found: /wp-includes/ID3/
[03/Apr/2026 08:55:59] "GET /wp-includes/ID3/ HTTP/1.1" 404 2966
Not Found: /wk/index.php
[03/Apr/2026 08:55:59] "GET /wk/index.php HTTP/1.1" 404 2954
Not Found: /inputs.php
[03/Apr/2026 08:55:59] "GET /inputs.php HTTP/1.1" 404 2948
Not Found: /function/function.php
[03/Apr/2026 08:55:59] "GET /function/function.php HTTP/1.1" 404 2981
Not Found: /rip.php
[03/Apr/2026 08:56:00] "GET /rip.php HTTP/1.1" 404 2939
Not Found: /wp-content/uploads/index.php
[03/Apr/2026 08:56:00] "GET /wp-content/uploads/index.php HTTP/1.1" 404 3002
Not Found: /cache.php
[03/Apr/2026 08:56:00] "GET /cache.php HTTP/1.1" 404 2945
Not Found: /themes.php
[03/Apr/2026 08:56:00] "GET /themes.php HTTP/1.1" 404 2948
Not Found: /wpx.php
[03/Apr/2026 08:56:00] "GET /wpx.php HTTP/1.1" 404 2939
Not Found: /403.php
[03/Apr/2026 08:56:00] "GET /403.php HTTP/1.1" 404 2939
Not Found: /an.php
[03/Apr/2026 08:56:01] "GET /an.php HTTP/1.1" 404 2936
Not Found: /index/function.php
[03/Apr/2026 08:56:01] "GET /index/function.php HTTP/1.1" 404 2972
Not Found: /randkeyword.PhP7
[03/Apr/2026 08:56:01] "GET /randkeyword.PhP7 HTTP/1.1" 404 2966
Not Found: /ws.php
[03/Apr/2026 08:56:01] "GET /ws.php HTTP/1.1" 404 2936
Not Found: /404.php
[03/Apr/2026 08:56:02] "GET /404.php HTTP/1.1" 404 2939
Not Found: /wp-admin/user/index.php
[03/Apr/2026 08:56:02] "GET /wp-admin/user/index.php HTTP/1.1" 404 2987
Not Found: /wp-conf.php
[03/Apr/2026 08:56:02] "GET /wp-conf.php HTTP/1.1" 404 2951
Not Found: /wp-content/themes/hideo/network.php
[03/Apr/2026 08:56:02] "GET /wp-content/themes/hideo/network.php HTTP/1.1" 404 3023
Not Found: /wp-login.php
[03/Apr/2026 08:56:03] "GET /wp-login.php HTTP/1.1" 404 2954
Not Found: /abc.php
[03/Apr/2026 08:56:03] "GET /abc.php HTTP/1.1" 404 2939
Not Found: /abcd.php
[03/Apr/2026 08:56:03] "GET /abcd.php HTTP/1.1" 404 2942
Not Found: /wp-trackback.php
[03/Apr/2026 08:56:04] "GET /wp-trackback.php HTTP/1.1" 404 2966
Not Found: /xmlrpc.php
[03/Apr/2026 08:56:04] "GET /xmlrpc.php HTTP/1.1" 404 2948
Not Found: /class-t.api.php
[03/Apr/2026 08:56:04] "GET /class-t.api.php HTTP/1.1" 404 2963
Not Found: /sf.php
[03/Apr/2026 08:56:04] "GET /sf.php HTTP/1.1" 404 2936
Not Found: /kbfr.php
[03/Apr/2026 08:56:05] "GET /kbfr.php HTTP/1.1" 404 2942
Not Found: /autoload_classmap.php
[03/Apr/2026 08:56:05] "GET /autoload_classmap.php HTTP/1.1" 404 2981
Not Found: /chosen.php
[03/Apr/2026 08:56:05] "GET /chosen.php?p= HTTP/1.1" 404 2951
Not Found: /defaults.php
[03/Apr/2026 08:56:05] "GET /defaults.php HTTP/1.1" 404 2954
Not Found: /wp-includes/
[03/Apr/2026 08:56:05] "GET /wp-includes/ HTTP/1.1" 404 2954
Not Found: /13.php
[03/Apr/2026 08:56:06] "GET /13.php HTTP/1.1" 404 2936
Not Found: /.well-known/
[03/Apr/2026 08:56:06] "GET /.well-known/ HTTP/1.1" 404 2954
Not Found: /cgi-bin/
[03/Apr/2026 08:56:06] "GET /cgi-bin/ HTTP/1.1" 404 2942
Not Found: /uploads/
[03/Apr/2026 08:56:06] "GET /uploads/ HTTP/1.1" 404 2942
Not Found: /wp-admin/images/
[03/Apr/2026 08:56:06] "GET /wp-admin/images/ HTTP/1.1" 404 2966
Not Found: /wp-includes/Requests/src/Response/about.php
[03/Apr/2026 08:56:07] "GET /wp-includes/Requests/src/Response/about.php HTTP/1.1" 404 3047
Not Found: /wp-includes/html-api/
[03/Apr/2026 08:56:07] "GET /wp-includes/html-api/ HTTP/1.1" 404 2981
Not Found: /wp-admin/css/colors/ectoplasm/
[03/Apr/2026 08:56:07] "GET /wp-admin/css/colors/ectoplasm/ HTTP/1.1" 404 3008
Not Found: /wp-content/uploads/
[03/Apr/2026 08:56:07] "GET /wp-content/uploads/ HTTP/1.1" 404 2975
Not Found: /wp-content/themes/admin.php
[03/Apr/2026 08:56:07] "GET /wp-content/themes/admin.php HTTP/1.1" 404 2999
Not Found: /wp-content/themes/index.php
[03/Apr/2026 08:56:07] "GET /wp-content/themes/index.php HTTP/1.1" 404 2999
Not Found: /wp-content/plugins/index.php
[03/Apr/2026 08:56:08] "GET /wp-content/plugins/index.php HTTP/1.1" 404 3002
Not Found: /wp-includes/PHPMailer/
[03/Apr/2026 08:56:08] "GET /wp-includes/PHPMailer/ HTTP/1.1" 404 2984
Not Found: /wp-includes/images/
[03/Apr/2026 08:56:08] "GET /wp-includes/images/ HTTP/1.1" 404 2975
Not Found: /wp-content/plugins/WordPressCore/
[03/Apr/2026 08:56:08] "GET /wp-content/plugins/WordPressCore/ HTTP/1.1" 404 3017
Not Found: /gecko-new.php
[03/Apr/2026 08:56:09] "GET /gecko-new.php HTTP/1.1" 404 2957
Not Found: /new.php
[03/Apr/2026 08:56:09] "GET /new.php HTTP/1.1" 404 2939
Not Found: /k.php
[03/Apr/2026 08:56:09] "GET /k.php HTTP/1.1" 404 2933
Not Found: /ok.php
[03/Apr/2026 08:56:09] "GET /ok.php HTTP/1.1" 404 2936
Not Found: /config.php
[03/Apr/2026 08:56:10] "GET /config.php HTTP/1.1" 404 2948
Not Found: /index.php
[03/Apr/2026 08:56:10] "GET /index.php HTTP/1.1" 404 2945
Not Found: /system.php
[03/Apr/2026 08:56:10] "GET /system.php HTTP/1.1" 404 2948
Not Found: /s.php
[03/Apr/2026 08:56:10] "GET /s.php HTTP/1.1" 404 2933
Not Found: /content.php
[03/Apr/2026 08:56:10] "GET /content.php HTTP/1.1" 404 2951
Not Found: /wi.php
[03/Apr/2026 08:56:11] "GET /wi.php HTTP/1.1" 404 2936
Not Found: /NewFile.php
[03/Apr/2026 08:56:11] "GET /NewFile.php HTTP/1.1" 404 2951
Not Found: /plugins.php
[03/Apr/2026 08:56:11] "GET /plugins.php HTTP/1.1" 404 2951
Not Found: /item.php
[03/Apr/2026 08:56:11] "GET /item.php HTTP/1.1" 404 2942
Not Found: /xx.php
[03/Apr/2026 08:56:11] "GET /xx.php HTTP/1.1" 404 2936
Internal Server Error: /
Traceback (most recent call last):
  File "C:\inetpub\wwwroot\e-randevu\dental_management_system\tenants\hasta_views.py", line 133, in klinik_randevu_sayfasi
    clinic = Clinic.objects.get(subdomain=subdomain, is_active=True)
             ^^^^^^^^^^^^^^^^^^^^^^^^^^^^^^^^^^^^^^^^^^^^^^^^^^^^^^^
  File "C:\inetpub\wwwroot\e-randevu\dental_management_system\venv\Lib\site-packages\django\db\models\manager.py", line 87, in manager_method
    return getattr(self.get_queryset(), name)(*args, **kwargs)
           ^^^^^^^^^^^^^^^^^^^^^^^^^^^^^^^^^^^^^^^^^^^^^^^^^^^
  File "C:\inetpub\wwwroot\e-randevu\dental_management_system\venv\Lib\site-packages\django\db\models\query.py", line 649, in get
    raise self.model.DoesNotExist(
tenants.models.Clinic.DoesNotExist: Clinic matching query does not exist.

During handling of the above exception, another exception occurred:

Traceback (most recent call last):
  File "C:\inetpub\wwwroot\e-randevu\dental_management_system\venv\Lib\site-packages\django\core\handlers\exception.py", line 55, in inner
    response = get_response(request)
               ^^^^^^^^^^^^^^^^^^^^^
  File "C:\inetpub\wwwroot\e-randevu\dental_management_system\venv\Lib\site-packages\django\core\handlers\base.py", line 197, in _get_response
    response = wrapped_callback(request, *callback_args, **callback_kwargs)
               ^^^^^^^^^^^^^^^^^^^^^^^^^^^^^^^^^^^^^^^^^^^^^^^^^^^^^^^^^^^^
  File "C:\inetpub\wwwroot\e-randevu\dental_management_system\tenants\hasta_views.py", line 135, in klinik_randevu_sayfasi
    return render(request, 'hasta/klinik_bulunamadi.html', {}, status=404)
           ^^^^^^^^^^^^^^^^^^^^^^^^^^^^^^^^^^^^^^^^^^^^^^^^^^^^^^^^^^^^^^^
  File "C:\inetpub\wwwroot\e-randevu\dental_management_system\venv\Lib\site-packages\django\shortcuts.py", line 25, in render
    content = loader.render_to_string(template_name, context, request, using=using)
              ^^^^^^^^^^^^^^^^^^^^^^^^^^^^^^^^^^^^^^^^^^^^^^^^^^^^^^^^^^^^^^^^^^^^^
  File "C:\inetpub\wwwroot\e-randevu\dental_management_system\venv\Lib\site-packages\django\template\loader.py", line 61, in render_to_string
    template = get_template(template_name, using=using)
               ^^^^^^^^^^^^^^^^^^^^^^^^^^^^^^^^^^^^^^^^
  File "C:\inetpub\wwwroot\e-randevu\dental_management_system\venv\Lib\site-packages\django\template\loader.py", line 19, in get_template
    raise TemplateDoesNotExist(template_name, chain=chain)
django.template.exceptions.TemplateDoesNotExist: hasta/klinik_bulunamadi.html
[03/Apr/2026 09:12:38] "GET / HTTP/1.1" 500 98183
