C:\inetpub\wwwroot\e-randevu\dental_management_system\venv\Lib\site-packages\django\db\models\base.py:366: RuntimeWarning: Model 'patients.hastasession' was already registered. Reloading models is not advised as it can lead to inconsistencies, most notably with related models.
  new_class._meta.apps.register_model(new_class._meta.app_label, new_class)
C:\inetpub\wwwroot\e-randevu\dental_management_system\venv\Lib\site-packages\django\db\models\base.py:366: RuntimeWarning: Model 'patients.hastasession' was already registered. Reloading models is not advised as it can lead to inconsistencies, most notably with related models.
  new_class._meta.apps.register_model(new_class._meta.app_label, new_class)
Watching for file changes with StatReloader
[18/Apr/2026 01:41:17] "GET / HTTP/1.1" 200 9312
[18/Apr/2026 01:41:17] "GET / HTTP/1.1" 200 9312
[18/Apr/2026 01:41:20] "GET / HTTP/1.1" 200 9312
[18/Apr/2026 01:41:20] "GET /static/css/ana_sayfa.css HTTP/1.1" 200 10882
[18/Apr/2026 01:41:20] "GET / HTTP/1.1" 200 9312
[18/Apr/2026 01:41:20] "GET /static/css/ana_sayfa.css HTTP/1.1" 200 10882
Not Found: /favicon.ico
[18/Apr/2026 01:41:20] "GET /favicon.ico HTTP/1.1" 404 2952
Not Found: /favicon.ico
[18/Apr/2026 01:41:21] "GET /favicon.ico HTTP/1.1" 404 2952
Not Found: /.git/config
Not Found: /.git/HEAD
[18/Apr/2026 01:55:14] "GET /.git/config HTTP/1.1" 404 2952
[18/Apr/2026 01:55:14] "GET /.git/HEAD HTTP/1.1" 404 2946
[18/Apr/2026 01:55:14] "GET / HTTP/1.1" 200 9312
