C:\inetpub\wwwroot\e-randevu\dental_management_system\venv\Lib\site-packages\django\db\models\base.py:366: RuntimeWarning: Model 'patients.hastasession' was already registered. Reloading models is not advised as it can lead to inconsistencies, most notably with related models.
  new_class._meta.apps.register_model(new_class._meta.app_label, new_class)
C:\inetpub\wwwroot\e-randevu\dental_management_system\venv\Lib\site-packages\django\db\models\base.py:366: RuntimeWarning: Model 'patients.hastasession' was already registered. Reloading models is not advised as it can lead to inconsistencies, most notably with related models.
  new_class._meta.apps.register_model(new_class._meta.app_label, new_class)
Watching for file changes with StatReloader
Internal Server Error: /
Traceback (most recent call last):
  File "C:\inetpub\wwwroot\e-randevu\dental_management_system\tenants\hasta_views.py", line 133, in klinik_randevu_sayfasi
    clinic = Clinic.objects.get(subdomain=subdomain, is_active=True)
             ^^^^^^^^^^^^^^^^^^^^^^^^^^^^^^^^^^^^^^^^^^^^^^^^^^^^^^^
  File "C:\inetpub\wwwroot\e-randevu\dental_management_system\venv\Lib\site-packages\django\db\models\manager.py", line 87, in manager_method
    return getattr(self.get_queryset(), name)(*args, **kwargs)
           ^^^^^^^^^^^^^^^^^^^^^^^^^^^^^^^^^^^^^^^^^^^^^^^^^^^
  File "C:\inetpub\wwwroot\e-randevu\dental_management_system\venv\Lib\site-packages\django\db\models\query.py", line 649, in get
    raise self.model.DoesNotExist(
tenants.models.Clinic.DoesNotExist: Clinic matching query does not exist.

During handling of the above exception, another exception occurred:

Traceback (most recent call last):
  File "C:\inetpub\wwwroot\e-randevu\dental_management_system\venv\Lib\site-packages\django\core\handlers\exception.py", line 55, in inner
    response = get_response(request)
               ^^^^^^^^^^^^^^^^^^^^^
  File "C:\inetpub\wwwroot\e-randevu\dental_management_system\venv\Lib\site-packages\django\core\handlers\base.py", line 197, in _get_response
    response = wrapped_callback(request, *callback_args, **callback_kwargs)
               ^^^^^^^^^^^^^^^^^^^^^^^^^^^^^^^^^^^^^^^^^^^^^^^^^^^^^^^^^^^^
  File "C:\inetpub\wwwroot\e-randevu\dental_management_system\tenants\hasta_views.py", line 135, in klinik_randevu_sayfasi
    return render(request, 'hasta/klinik_bulunamadi.html', {}, status=404)
           ^^^^^^^^^^^^^^^^^^^^^^^^^^^^^^^^^^^^^^^^^^^^^^^^^^^^^^^^^^^^^^^
  File "C:\inetpub\wwwroot\e-randevu\dental_management_system\venv\Lib\site-packages\django\shortcuts.py", line 25, in render
    content = loader.render_to_string(template_name, context, request, using=using)
              ^^^^^^^^^^^^^^^^^^^^^^^^^^^^^^^^^^^^^^^^^^^^^^^^^^^^^^^^^^^^^^^^^^^^^
  File "C:\inetpub\wwwroot\e-randevu\dental_management_system\venv\Lib\site-packages\django\template\loader.py", line 61, in render_to_string
    template = get_template(template_name, using=using)
               ^^^^^^^^^^^^^^^^^^^^^^^^^^^^^^^^^^^^^^^^
  File "C:\inetpub\wwwroot\e-randevu\dental_management_system\venv\Lib\site-packages\django\template\loader.py", line 19, in get_template
    raise TemplateDoesNotExist(template_name, chain=chain)
django.template.exceptions.TemplateDoesNotExist: hasta/klinik_bulunamadi.html
[19/Apr/2026 08:05:08] "GET / HTTP/1.1" 500 98183
Internal Server Error: /
Traceback (most recent call last):
  File "C:\inetpub\wwwroot\e-randevu\dental_management_system\tenants\hasta_views.py", line 133, in klinik_randevu_sayfasi
    clinic = Clinic.objects.get(subdomain=subdomain, is_active=True)
             ^^^^^^^^^^^^^^^^^^^^^^^^^^^^^^^^^^^^^^^^^^^^^^^^^^^^^^^
  File "C:\inetpub\wwwroot\e-randevu\dental_management_system\venv\Lib\site-packages\django\db\models\manager.py", line 87, in manager_method
    return getattr(self.get_queryset(), name)(*args, **kwargs)
           ^^^^^^^^^^^^^^^^^^^^^^^^^^^^^^^^^^^^^^^^^^^^^^^^^^^
  File "C:\inetpub\wwwroot\e-randevu\dental_management_system\venv\Lib\site-packages\django\db\models\query.py", line 649, in get
    raise self.model.DoesNotExist(
tenants.models.Clinic.DoesNotExist: Clinic matching query does not exist.

During handling of the above exception, another exception occurred:

Traceback (most recent call last):
  File "C:\inetpub\wwwroot\e-randevu\dental_management_system\venv\Lib\site-packages\django\core\handlers\exception.py", line 55, in inner
    response = get_response(request)
               ^^^^^^^^^^^^^^^^^^^^^
  File "C:\inetpub\wwwroot\e-randevu\dental_management_system\venv\Lib\site-packages\django\core\handlers\base.py", line 197, in _get_response
    response = wrapped_callback(request, *callback_args, **callback_kwargs)
               ^^^^^^^^^^^^^^^^^^^^^^^^^^^^^^^^^^^^^^^^^^^^^^^^^^^^^^^^^^^^
  File "C:\inetpub\wwwroot\e-randevu\dental_management_system\tenants\hasta_views.py", line 135, in klinik_randevu_sayfasi
    return render(request, 'hasta/klinik_bulunamadi.html', {}, status=404)
           ^^^^^^^^^^^^^^^^^^^^^^^^^^^^^^^^^^^^^^^^^^^^^^^^^^^^^^^^^^^^^^^
  File "C:\inetpub\wwwroot\e-randevu\dental_management_system\venv\Lib\site-packages\django\shortcuts.py", line 25, in render
    content = loader.render_to_string(template_name, context, request, using=using)
              ^^^^^^^^^^^^^^^^^^^^^^^^^^^^^^^^^^^^^^^^^^^^^^^^^^^^^^^^^^^^^^^^^^^^^
  File "C:\inetpub\wwwroot\e-randevu\dental_management_system\venv\Lib\site-packages\django\template\loader.py", line 61, in render_to_string
    template = get_template(template_name, using=using)
               ^^^^^^^^^^^^^^^^^^^^^^^^^^^^^^^^^^^^^^^^
  File "C:\inetpub\wwwroot\e-randevu\dental_management_system\venv\Lib\site-packages\django\template\loader.py", line 19, in get_template
    raise TemplateDoesNotExist(template_name, chain=chain)
django.template.exceptions.TemplateDoesNotExist: hasta/klinik_bulunamadi.html
[19/Apr/2026 08:06:54] "GET / HTTP/1.1" 500 98181
[19/Apr/2026 08:13:02] "GET / HTTP/1.1" 200 9312
Internal Server Error: /
Traceback (most recent call last):
  File "C:\inetpub\wwwroot\e-randevu\dental_management_system\tenants\hasta_views.py", line 133, in klinik_randevu_sayfasi
    clinic = Clinic.objects.get(subdomain=subdomain, is_active=True)
             ^^^^^^^^^^^^^^^^^^^^^^^^^^^^^^^^^^^^^^^^^^^^^^^^^^^^^^^
  File "C:\inetpub\wwwroot\e-randevu\dental_management_system\venv\Lib\site-packages\django\db\models\manager.py", line 87, in manager_method
    return getattr(self.get_queryset(), name)(*args, **kwargs)
           ^^^^^^^^^^^^^^^^^^^^^^^^^^^^^^^^^^^^^^^^^^^^^^^^^^^
  File "C:\inetpub\wwwroot\e-randevu\dental_management_system\venv\Lib\site-packages\django\db\models\query.py", line 649, in get
    raise self.model.DoesNotExist(
tenants.models.Clinic.DoesNotExist: Clinic matching query does not exist.

During handling of the above exception, another exception occurred:

Traceback (most recent call last):
  File "C:\inetpub\wwwroot\e-randevu\dental_management_system\venv\Lib\site-packages\django\core\handlers\exception.py", line 55, in inner
    response = get_response(request)
               ^^^^^^^^^^^^^^^^^^^^^
  File "C:\inetpub\wwwroot\e-randevu\dental_management_system\venv\Lib\site-packages\django\core\handlers\base.py", line 197, in _get_response
    response = wrapped_callback(request, *callback_args, **callback_kwargs)
               ^^^^^^^^^^^^^^^^^^^^^^^^^^^^^^^^^^^^^^^^^^^^^^^^^^^^^^^^^^^^
  File "C:\inetpub\wwwroot\e-randevu\dental_management_system\tenants\hasta_views.py", line 135, in klinik_randevu_sayfasi
    return render(request, 'hasta/klinik_bulunamadi.html', {}, status=404)
           ^^^^^^^^^^^^^^^^^^^^^^^^^^^^^^^^^^^^^^^^^^^^^^^^^^^^^^^^^^^^^^^
  File "C:\inetpub\wwwroot\e-randevu\dental_management_system\venv\Lib\site-packages\django\shortcuts.py", line 25, in render
    content = loader.render_to_string(template_name, context, request, using=using)
              ^^^^^^^^^^^^^^^^^^^^^^^^^^^^^^^^^^^^^^^^^^^^^^^^^^^^^^^^^^^^^^^^^^^^^
  File "C:\inetpub\wwwroot\e-randevu\dental_management_system\venv\Lib\site-packages\django\template\loader.py", line 61, in render_to_string
    template = get_template(template_name, using=using)
               ^^^^^^^^^^^^^^^^^^^^^^^^^^^^^^^^^^^^^^^^
  File "C:\inetpub\wwwroot\e-randevu\dental_management_system\venv\Lib\site-packages\django\template\loader.py", line 19, in get_template
    raise TemplateDoesNotExist(template_name, chain=chain)
django.template.exceptions.TemplateDoesNotExist: hasta/klinik_bulunamadi.html
[19/Apr/2026 08:21:51] "GET / HTTP/1.1" 500 98164
Not Found: /robots.txt
[19/Apr/2026 08:33:13] "GET /robots.txt HTTP/1.1" 404 2362
[19/Apr/2026 08:33:13] "GET /static/css/klinik_randevu.css HTTP/1.1" 200 13013
[19/Apr/2026 08:34:55] "GET /media/doctors/photos/download_U6GMFfS.jpg HTTP/1.1" 200 3832
[19/Apr/2026 08:34:59] "GET /media/clinics/logos/download.jpg HTTP/1.1" 200 3832
Not Found: /robots.txt
[19/Apr/2026 08:38:02] "GET /robots.txt HTTP/1.1" 404 2362
[19/Apr/2026 08:38:03] "GET /static/css/klinik_randevu.css HTTP/1.1" 200 13013
Not Found: /robots.txt
[19/Apr/2026 08:38:07] "GET /robots.txt HTTP/1.1" 404 2362
[19/Apr/2026 08:38:07] "GET /static/css/klinik_randevu.css HTTP/1.1" 200 13013
Not Found: /robots.txt
[19/Apr/2026 08:41:07] "GET /robots.txt HTTP/1.1" 404 2356
Not Found: /robots.txt
[19/Apr/2026 08:41:26] "GET /robots.txt HTTP/1.1" 404 2360
[19/Apr/2026 08:41:26] "GET /static/css/klinik_randevu.css HTTP/1.1" 200 13013
Not Found: /robots.txt
[19/Apr/2026 08:48:32] "GET /robots.txt HTTP/1.1" 404 2362
[19/Apr/2026 08:48:33] "GET /static/css/klinik_randevu.css HTTP/1.1" 200 13013
Not Found: /robots.txt
[19/Apr/2026 08:53:08] "GET /robots.txt HTTP/1.1" 404 2360
[19/Apr/2026 08:53:08] "GET /static/css/klinik_randevu.css HTTP/1.1" 200 13013
Not Found: /wp-content/plugins/hellopress/wp_filemanager.php
[19/Apr/2026 09:12:29] "GET /wp-content/plugins/hellopress/wp_filemanager.php HTTP/1.1" 404 3062
Not Found: /test1.php
[19/Apr/2026 09:12:29] "GET /test1.php HTTP/1.1" 404 2945
Not Found: /admin.php
[19/Apr/2026 09:12:29] "GET /admin.php HTTP/1.1" 404 2945
Not Found: /goods.php
[19/Apr/2026 09:12:29] "GET /goods.php HTTP/1.1" 404 2945
Not Found: /public/css.php
[19/Apr/2026 09:12:29] "GET /public/css.php HTTP/1.1" 404 2960
Not Found: /alfa.php
[19/Apr/2026 09:12:30] "GET /alfa.php HTTP/1.1" 404 2942
Not Found: /css.php
[19/Apr/2026 09:12:30] "GET /css.php HTTP/1.1" 404 2939
Not Found: /classwithtostring.php
[19/Apr/2026 09:12:30] "GET /classwithtostring.php HTTP/1.1" 404 2981
Not Found: /wp-content/admin.php
[19/Apr/2026 09:12:30] "GET /wp-content/admin.php HTTP/1.1" 404 2978
Not Found: /gelay.php
[19/Apr/2026 09:12:31] "GET /gelay.php HTTP/1.1" 404 2945
Not Found: /wp-admin/images/admin.php
[19/Apr/2026 09:12:31] "GET /wp-admin/images/admin.php HTTP/1.1" 404 2993
Not Found: /adminfuns.php
[19/Apr/2026 09:12:31] "GET /adminfuns.php HTTP/1.1" 404 2957
Not Found: /wp-admin/css/
[19/Apr/2026 09:12:31] "GET /wp-admin/css/ HTTP/1.1" 404 2957
[19/Apr/2026 09:12:31] "GET /admin/controller/extension/extension/ultra.php HTTP/1.1" 302 0
[19/Apr/2026 09:12:32] "GET /admin/login/?next=/admin/controller/extension/extension/ultra.php HTTP/1.1" 200 4267
Not Found: /about.php
[19/Apr/2026 09:12:32] "GET /about.php HTTP/1.1" 404 2945
Not Found: /wp-admin/css/colors/index.php
[19/Apr/2026 09:12:32] "GET /wp-admin/css/colors/index.php HTTP/1.1" 404 3005
Not Found: /f35.php
[19/Apr/2026 09:12:32] "GET /f35.php HTTP/1.1" 404 2939
Not Found: /wp-includes/js/
[19/Apr/2026 09:12:33] "GET /wp-includes/js/ HTTP/1.1" 404 2963
Not Found: /wp-admin/css/colors/
[19/Apr/2026 09:12:33] "GET /wp-admin/css/colors/ HTTP/1.1" 404 2978
Not Found: /222.php
[19/Apr/2026 09:12:33] "GET /222.php HTTP/1.1" 404 2939
Not Found: /chosen.php
[19/Apr/2026 09:12:33] "GET /chosen.php HTTP/1.1" 404 2948
Not Found: /info.php
[19/Apr/2026 09:12:34] "GET /info.php HTTP/1.1" 404 2942
Not Found: /wp-includes/html-api/
[19/Apr/2026 09:12:34] "GET /wp-includes/html-api/ HTTP/1.1" 404 2981
Not Found: /wp-includes/ID3/index.php
[19/Apr/2026 09:12:34] "GET /wp-includes/ID3/index.php HTTP/1.1" 404 2993
Not Found: /wp-admin/network/index.php
[19/Apr/2026 09:12:34] "GET /wp-admin/network/index.php HTTP/1.1" 404 2996
Not Found: /k.php
[19/Apr/2026 09:12:35] "GET /k.php HTTP/1.1" 404 2933
Not Found: /file.php
[19/Apr/2026 09:12:35] "GET /file.php HTTP/1.1" 404 2942
Not Found: /wp-admin/js/
[19/Apr/2026 09:12:35] "GET /wp-admin/js/ HTTP/1.1" 404 2954
Not Found: /403.php
[19/Apr/2026 09:12:35] "GET /403.php HTTP/1.1" 404 2939
Not Found: /wp-includes/images/
[19/Apr/2026 09:12:35] "GET /wp-includes/images/ HTTP/1.1" 404 2975
Not Found: /wp-content/cache/
[19/Apr/2026 09:12:36] "GET /wp-content/cache/ HTTP/1.1" 404 2969
Not Found: /gecko.php
[19/Apr/2026 09:12:36] "GET /gecko.php HTTP/1.1" 404 2945
Not Found: /wp-includes/
[19/Apr/2026 09:12:36] "GET /wp-includes/ HTTP/1.1" 404 2954
Not Found: /aa.php
[19/Apr/2026 09:12:37] "GET /aa.php HTTP/1.1" 404 2936
Not Found: /0x.php
[19/Apr/2026 09:12:37] "GET /0x.php HTTP/1.1" 404 2936
Not Found: /wp-content/upgrade/index.php
[19/Apr/2026 09:12:37] "GET /wp-content/upgrade/index.php HTTP/1.1" 404 3002
Not Found: /cah.php
[19/Apr/2026 09:12:37] "GET /cah.php HTTP/1.1" 404 2939
Not Found: /wp-includes/js/tinymce/plugins/compat3x/css/
[19/Apr/2026 09:12:37] "GET /wp-includes/js/tinymce/plugins/compat3x/css/ HTTP/1.1" 404 3050
Not Found: /system_log.php
[19/Apr/2026 09:12:38] "GET /system_log.php HTTP/1.1" 404 2960
Not Found: /wp-includes/pomo/
[19/Apr/2026 09:12:38] "GET /wp-includes/pomo/ HTTP/1.1" 404 2969
Not Found: /wp-admin/user/index.php
[19/Apr/2026 09:12:38] "GET /wp-admin/user/index.php HTTP/1.1" 404 2987
Not Found: /ioxi-o.php
[19/Apr/2026 09:12:38] "GET /ioxi-o.php HTTP/1.1" 404 2948
Not Found: /abc.php
[19/Apr/2026 09:12:38] "GET /abc.php HTTP/1.1" 404 2939
Not Found: /akcc.php
[19/Apr/2026 09:12:38] "GET /akcc.php HTTP/1.1" 404 2942
Not Found: /wk/index.php
[19/Apr/2026 09:12:39] "GET /wk/index.php HTTP/1.1" 404 2954
Not Found: /1.php
[19/Apr/2026 09:12:39] "GET /1.php HTTP/1.1" 404 2933
Not Found: /wp-content/x/index.php
[19/Apr/2026 09:12:39] "GET /wp-content/x/index.php HTTP/1.1" 404 2984
Not Found: /wp-content/index.php
[19/Apr/2026 09:12:39] "GET /wp-content/index.php HTTP/1.1" 404 2978
Not Found: /as.php
[19/Apr/2026 09:12:39] "GET /as.php HTTP/1.1" 404 2936
Not Found: /wp-content/themes/admin.php
[19/Apr/2026 09:12:39] "GET /wp-content/themes/admin.php HTTP/1.1" 404 2999
Not Found: /wp-config-sample.php
[19/Apr/2026 09:12:40] "GET /wp-config-sample.php HTTP/1.1" 404 2978
Not Found: /.well-known/acme-challenge/index.php
[19/Apr/2026 09:12:40] "GET /.well-known/acme-challenge/index.php HTTP/1.1" 404 3026
Not Found: /wp-includes/blocks/shortcode/index.php
[19/Apr/2026 09:12:40] "GET /wp-includes/blocks/shortcode/index.php HTTP/1.1" 404 3032
Not Found: /wp-includes/images/smilies/
[19/Apr/2026 09:12:40] "GET /wp-includes/images/smilies/ HTTP/1.1" 404 2999
Not Found: /cgi-bin/index.php
[19/Apr/2026 09:12:40] "GET /cgi-bin/index.php HTTP/1.1" 404 2969
Not Found: /an.php
[19/Apr/2026 09:12:40] "GET /an.php HTTP/1.1" 404 2936
Not Found: /wp-admin/images/
[19/Apr/2026 09:12:41] "GET /wp-admin/images/ HTTP/1.1" 404 2966
Not Found: /404.php
[19/Apr/2026 09:12:41] "GET /404.php HTTP/1.1" 404 2939
Not Found: /wp-login.php
[19/Apr/2026 09:12:41] "GET /wp-login.php HTTP/1.1" 404 2954
Not Found: /wp-content/uploads/goods.php
[19/Apr/2026 09:12:41] "GET /wp-content/uploads/goods.php HTTP/1.1" 404 3002
Not Found: /wp-includes/ID3/
[19/Apr/2026 09:12:42] "GET /wp-includes/ID3/ HTTP/1.1" 404 2966
Not Found: /.well-known/
[19/Apr/2026 09:12:42] "GET /.well-known/ HTTP/1.1" 404 2954
Not Found: /wso.php
[19/Apr/2026 09:12:42] "GET /wso.php HTTP/1.1" 404 2939
Not Found: /sf.php
[19/Apr/2026 09:12:42] "GET /sf.php HTTP/1.1" 404 2936
Not Found: /index/function.php
[19/Apr/2026 09:12:42] "GET /index/function.php HTTP/1.1" 404 2972
Not Found: /edit.php
[19/Apr/2026 09:12:42] "GET /edit.php HTTP/1.1" 404 2942
Not Found: /wp-includes/rest-api/
[19/Apr/2026 09:12:43] "GET /wp-includes/rest-api/ HTTP/1.1" 404 2981
Not Found: /wp-content/themes/twentytwenty/404.php
[19/Apr/2026 09:12:43] "GET /wp-content/themes/twentytwenty/404.php HTTP/1.1" 404 3032
Not Found: /wp-good.php
[19/Apr/2026 09:12:43] "GET /wp-good.php HTTP/1.1" 404 2951
Not Found: /wp-admin/js/widgets/
[19/Apr/2026 09:12:43] "GET /wp-admin/js/widgets/ HTTP/1.1" 404 2978
Not Found: /wp-admin/css/colors/midnight/
[19/Apr/2026 09:12:43] "GET /wp-admin/css/colors/midnight/ HTTP/1.1" 404 3005
Not Found: /tes.php
[19/Apr/2026 09:12:43] "GET /tes.php HTTP/1.1" 404 2939
Not Found: /files/index.php
[19/Apr/2026 09:12:44] "GET /files/index.php HTTP/1.1" 404 2963
Not Found: /wp-content/uploads/index.php
[19/Apr/2026 09:12:44] "GET /wp-content/uploads/index.php HTTP/1.1" 404 3002
Not Found: /images/images/about.php
[19/Apr/2026 09:12:44] "GET /images/images/about.php HTTP/1.1" 404 2987
Not Found: /ms-edit.php
[19/Apr/2026 09:12:44] "GET /ms-edit.php HTTP/1.1" 404 2951
Not Found: /rip.php
[19/Apr/2026 09:12:44] "GET /rip.php HTTP/1.1" 404 2939
Not Found: /wp-content/uploads/
[19/Apr/2026 09:12:45] "GET /wp-content/uploads/ HTTP/1.1" 404 2975
Not Found: /xmlrpc.php
[19/Apr/2026 09:12:45] "GET /xmlrpc.php HTTP/1.1" 404 2948
Not Found: /moon.php
[19/Apr/2026 09:12:45] "GET /moon.php HTTP/1.1" 404 2942
Not Found: /cache.php
[19/Apr/2026 09:12:45] "GET /cache.php HTTP/1.1" 404 2945
Not Found: /wp-includes/block-bindings/
[19/Apr/2026 09:12:45] "GET /wp-includes/block-bindings/ HTTP/1.1" 404 2999
Not Found: /wp-content/themes/
[19/Apr/2026 09:12:46] "GET /wp-content/themes/ HTTP/1.1" 404 2972
Not Found: /inputs.php
[19/Apr/2026 09:12:46] "GET /inputs.php HTTP/1.1" 404 2948
Not Found: /wp-includes/images/smilies/about.php
[19/Apr/2026 09:12:46] "GET /wp-includes/images/smilies/about.php HTTP/1.1" 404 3026
Not Found: /wp-includes/js/crop/
[19/Apr/2026 09:12:46] "GET /wp-includes/js/crop/ HTTP/1.1" 404 2978
Not Found: /wp-mail.php
[19/Apr/2026 09:12:46] "GET /wp-mail.php HTTP/1.1" 404 2951
Not Found: /o.php
[19/Apr/2026 09:12:46] "GET /o.php HTTP/1.1" 404 2933
Not Found: /bb.php
[19/Apr/2026 09:12:46] "GET /bb.php HTTP/1.1" 404 2936
Not Found: /wp-admin/maint/admin.php
[19/Apr/2026 09:12:47] "GET /wp-admin/maint/admin.php HTTP/1.1" 404 2990
Not Found: /wp-admin/network/
[19/Apr/2026 09:12:47] "GET /wp-admin/network/ HTTP/1.1" 404 2969
Not Found: /wp-includes/IXR/index.php
[19/Apr/2026 09:12:47] "GET /wp-includes/IXR/index.php HTTP/1.1" 404 2993
Not Found: /xmrlpc.php
[19/Apr/2026 09:12:47] "GET /xmrlpc.php HTTP/1.1" 404 2948
Not Found: /epinyins.php
[19/Apr/2026 09:12:47] "GET /epinyins.php HTTP/1.1" 404 2954
Not Found: /wp-admin/css/index.php
[19/Apr/2026 09:12:48] "GET /wp-admin/css/index.php HTTP/1.1" 404 2984
Not Found: /wp-includes/php-compat/
[19/Apr/2026 09:12:48] "GET /wp-includes/php-compat/ HTTP/1.1" 404 2987
Not Found: /wp-includes/style-engine/index.php
[19/Apr/2026 09:12:48] "GET /wp-includes/style-engine/index.php HTTP/1.1" 404 3020
Not Found: /wp-admin/css/colors/coffee/index.php
[19/Apr/2026 09:12:48] "GET /wp-admin/css/colors/coffee/index.php HTTP/1.1" 404 3026
Not Found: /wp.php
[19/Apr/2026 09:12:48] "GET /wp.php HTTP/1.1" 404 2936
Not Found: /function/function.php
[19/Apr/2026 09:12:48] "GET /function/function.php HTTP/1.1" 404 2981
Not Found: /wp-includes/style-engine/autoload_classmap.php
[19/Apr/2026 09:12:49] "GET /wp-includes/style-engine/autoload_classmap.php HTTP/1.1" 404 3056
Not Found: /wp-includes/SimplePie/admin.php
[19/Apr/2026 09:12:49] "GET /wp-includes/SimplePie/admin.php HTTP/1.1" 404 3011
Not Found: /ok.php
[19/Apr/2026 09:12:49] "GET /ok.php HTTP/1.1" 404 2936
Not Found: /item.php
[19/Apr/2026 09:12:49] "GET /item.php HTTP/1.1" 404 2942
Not Found: /byp.php
[19/Apr/2026 09:12:49] "GET /byp.php HTTP/1.1" 404 2939
