C:\inetpub\wwwroot\e-randevu\dental_management_system\venv\Lib\site-packages\django\db\models\base.py:366: RuntimeWarning: Model 'patients.hastasession' was already registered. Reloading models is not advised as it can lead to inconsistencies, most notably with related models.
  new_class._meta.apps.register_model(new_class._meta.app_label, new_class)
C:\inetpub\wwwroot\e-randevu\dental_management_system\venv\Lib\site-packages\django\db\models\base.py:366: RuntimeWarning: Model 'patients.hastasession' was already registered. Reloading models is not advised as it can lead to inconsistencies, most notably with related models.
  new_class._meta.apps.register_model(new_class._meta.app_label, new_class)
Watching for file changes with StatReloader
[01/Apr/2026 11:46:14] "GET / HTTP/1.1" 200 9212
[01/Apr/2026 11:57:09] "GET /.env HTTP/1.1" 301 0
[01/Apr/2026 11:57:09] "GET /.env/ HTTP/1.1" 302 0
[01/Apr/2026 11:57:09] "GET /giris/ HTTP/1.1" 200 5067
[01/Apr/2026 12:06:59] "GET /robots.txt HTTP/1.1" 301 0
Not Found: /
[01/Apr/2026 12:06:59] "GET / HTTP/1.1" 404 8849
[01/Apr/2026 12:07:00] "GET /robots.txt/ HTTP/1.1" 302 0
[01/Apr/2026 12:07:00] "GET /giris/ HTTP/1.1" 200 5067
Internal Server Error: /
Traceback (most recent call last):
  File "C:\inetpub\wwwroot\e-randevu\dental_management_system\tenants\hasta_views.py", line 133, in klinik_randevu_sayfasi
    clinic = Clinic.objects.get(subdomain=subdomain, is_active=True)
             ^^^^^^^^^^^^^^^^^^^^^^^^^^^^^^^^^^^^^^^^^^^^^^^^^^^^^^^
  File "C:\inetpub\wwwroot\e-randevu\dental_management_system\venv\Lib\site-packages\django\db\models\manager.py", line 87, in manager_method
    return getattr(self.get_queryset(), name)(*args, **kwargs)
           ^^^^^^^^^^^^^^^^^^^^^^^^^^^^^^^^^^^^^^^^^^^^^^^^^^^
  File "C:\inetpub\wwwroot\e-randevu\dental_management_system\venv\Lib\site-packages\django\db\models\query.py", line 649, in get
    raise self.model.DoesNotExist(
tenants.models.Clinic.DoesNotExist: Clinic matching query does not exist.

During handling of the above exception, another exception occurred:

Traceback (most recent call last):
  File "C:\inetpub\wwwroot\e-randevu\dental_management_system\venv\Lib\site-packages\django\core\handlers\exception.py", line 55, in inner
    response = get_response(request)
               ^^^^^^^^^^^^^^^^^^^^^
  File "C:\inetpub\wwwroot\e-randevu\dental_management_system\venv\Lib\site-packages\django\core\handlers\base.py", line 197, in _get_response
    response = wrapped_callback(request, *callback_args, **callback_kwargs)
               ^^^^^^^^^^^^^^^^^^^^^^^^^^^^^^^^^^^^^^^^^^^^^^^^^^^^^^^^^^^^
  File "C:\inetpub\wwwroot\e-randevu\dental_management_system\tenants\hasta_views.py", line 135, in klinik_randevu_sayfasi
    return render(request, 'hasta/klinik_bulunamadi.html', {}, status=404)
           ^^^^^^^^^^^^^^^^^^^^^^^^^^^^^^^^^^^^^^^^^^^^^^^^^^^^^^^^^^^^^^^
  File "C:\inetpub\wwwroot\e-randevu\dental_management_system\venv\Lib\site-packages\django\shortcuts.py", line 25, in render
    content = loader.render_to_string(template_name, context, request, using=using)
              ^^^^^^^^^^^^^^^^^^^^^^^^^^^^^^^^^^^^^^^^^^^^^^^^^^^^^^^^^^^^^^^^^^^^^
  File "C:\inetpub\wwwroot\e-randevu\dental_management_system\venv\Lib\site-packages\django\template\loader.py", line 61, in render_to_string
    template = get_template(template_name, using=using)
               ^^^^^^^^^^^^^^^^^^^^^^^^^^^^^^^^^^^^^^^^
  File "C:\inetpub\wwwroot\e-randevu\dental_management_system\venv\Lib\site-packages\django\template\loader.py", line 19, in get_template
    raise TemplateDoesNotExist(template_name, chain=chain)
django.template.exceptions.TemplateDoesNotExist: hasta/klinik_bulunamadi.html
[01/Apr/2026 12:10:05] "GET / HTTP/1.1" 500 98108
[01/Apr/2026 12:13:21] "GET / HTTP/1.1" 200 9212
[01/Apr/2026 12:13:21] "GET /static/css/ana_sayfa.css HTTP/1.1" 200 10882
Not Found: /favicon.ico
[01/Apr/2026 12:13:21] "GET /favicon.ico HTTP/1.1" 404 2952
[01/Apr/2026 12:20:08] "GET /kayit/ HTTP/1.1" 200 20818
[01/Apr/2026 12:20:08] "GET /static/css/kayit.css HTTP/1.1" 200 5991
[01/Apr/2026 12:20:09] "GET /favicon.ico HTTP/1.1" 301 0
[01/Apr/2026 12:20:09] "GET /favicon.ico/ HTTP/1.1" 302 0
[01/Apr/2026 12:20:09] "GET /giris/ HTTP/1.1" 200 5067
[01/Apr/2026 12:20:10] "GET /giris/ HTTP/1.1" 200 5067
[01/Apr/2026 12:20:10] "GET /favicon.ico/ HTTP/1.1" 302 0
[01/Apr/2026 12:20:10] "GET /giris/ HTTP/1.1" 200 5067
[01/Apr/2026 12:20:56] "POST /giris/ HTTP/1.1" 200 5358
[01/Apr/2026 12:20:57] "GET /favicon.ico/ HTTP/1.1" 302 0
[01/Apr/2026 12:20:57] "GET /giris/ HTTP/1.1" 200 5067
[01/Apr/2026 12:21:04] "POST /giris/ HTTP/1.1" 302 0
[01/Apr/2026 12:21:05] "GET /MRYFA2/ HTTP/1.1" 200 33827
[01/Apr/2026 12:21:05] "GET /MRYFA2/api/bildirimler/ HTTP/1.1" 200 21
[01/Apr/2026 12:21:05] "GET /favicon.ico/ HTTP/1.1" 302 0
[01/Apr/2026 12:21:05] "GET /giris/ HTTP/1.1" 200 5139
[01/Apr/2026 12:21:20] "GET /MRYFA2/api/bildirimler/ HTTP/1.1" 200 21
[01/Apr/2026 12:21:21] "POST /MRYFA2/klinik-ayarlar-kod-gonder/ HTTP/1.1" 200 39
[01/Apr/2026 12:21:35] "GET /MRYFA2/api/bildirimler/ HTTP/1.1" 200 21
[01/Apr/2026 12:21:50] "GET /MRYFA2/api/bildirimler/ HTTP/1.1" 200 21
[01/Apr/2026 12:22:05] "GET /MRYFA2/api/bildirimler/ HTTP/1.1" 200 21
[01/Apr/2026 12:22:12] "GET / HTTP/1.1" 200 9212
[01/Apr/2026 12:22:18] "GET /?sehir=%C4%B0stanbul HTTP/1.1" 200 14633
[01/Apr/2026 12:22:19] "GET /media/clinics/logos/download.jpg HTTP/1.1" 200 3832
[01/Apr/2026 12:22:20] "GET /MRYFA2/api/bildirimler/ HTTP/1.1" 200 21
[01/Apr/2026 12:22:35] "GET /MRYFA2/api/bildirimler/ HTTP/1.1" 200 21
[01/Apr/2026 12:22:45] "GET / HTTP/1.1" 200 39831
[01/Apr/2026 12:22:45] "GET /media/clinics/logos/download.jpg HTTP/1.1" 200 3832
[01/Apr/2026 12:22:45] "GET /static/css/klinik_randevu.css HTTP/1.1" 200 10804
[01/Apr/2026 12:22:46] "GET /media/doctors/photos/download_U6GMFfS.jpg HTTP/1.1" 200 3832
Not Found: /favicon.ico
[01/Apr/2026 12:22:46] "GET /favicon.ico HTTP/1.1" 404 2364
[01/Apr/2026 12:22:50] "GET /MRYFA2/api/bildirimler/ HTTP/1.1" 200 21
[01/Apr/2026 12:23:39] "GET /MRYFA2/api/bildirimler/ HTTP/1.1" 200 21
[01/Apr/2026 12:24:16] "POST / HTTP/1.1" 302 0
[01/Apr/2026 12:24:16] "GET /basarili/ HTTP/1.1" 200 2914
[01/Apr/2026 12:24:17] "GET /hasta/giris/ HTTP/1.1" 200 3539
[01/Apr/2026 12:24:17] "GET /static/css/auth.css HTTP/1.1" 200 4436
[01/Apr/2026 12:24:26] "POST /hasta/giris/ HTTP/1.1" 200 3649
[01/Apr/2026 12:24:35] "POST /hasta/giris/ HTTP/1.1" 200 3649
[01/Apr/2026 12:24:39] "GET /MRYFA2/api/bildirimler/ HTTP/1.1" 200 21
[01/Apr/2026 12:24:41] "GET /hasta/kayit/ HTTP/1.1" 200 13510
[01/Apr/2026 12:25:39] "GET /MRYFA2/api/bildirimler/ HTTP/1.1" 200 21
[01/Apr/2026 12:25:57] "POST /hasta/kayit/ HTTP/1.1" 200 13669
[01/Apr/2026 12:26:00] "GET /hasta/kayit/ HTTP/1.1" 200 13510
[01/Apr/2026 12:26:11] "POST /hasta/giris/ HTTP/1.1" 200 3649
[01/Apr/2026 12:26:18] "GET /giris/ HTTP/1.1" 200 5067
[01/Apr/2026 12:26:18] "GET /favicon.ico/ HTTP/1.1" 302 0
[01/Apr/2026 12:26:18] "GET /giris/ HTTP/1.1" 200 5139
[01/Apr/2026 12:26:22] "GET /hasta/giris/ HTTP/1.1" 200 3539
[01/Apr/2026 12:26:25] "GET / HTTP/1.1" 200 39822
[01/Apr/2026 12:26:33] "GET /MRYFA2/api/bildirimler/ HTTP/1.1" 200 21
[01/Apr/2026 12:26:35] "GET /MRYFA2/api/bildirimler/ HTTP/1.1" 200 21
[01/Apr/2026 12:26:47] "GET /MRYFA2/bildirimler/ HTTP/1.1" 200 25447
[01/Apr/2026 12:26:48] "GET /MRYFA2/api/bildirimler/ HTTP/1.1" 200 21
[01/Apr/2026 12:26:48] "GET /favicon.ico/ HTTP/1.1" 302 0
[01/Apr/2026 12:26:48] "GET /giris/ HTTP/1.1" 200 5139
[01/Apr/2026 12:26:50] "GET /MRYFA2/ HTTP/1.1" 200 33827
[01/Apr/2026 12:26:50] "GET /MRYFA2/api/bildirimler/ HTTP/1.1" 200 21
[01/Apr/2026 12:26:50] "GET /favicon.ico/ HTTP/1.1" 302 0
[01/Apr/2026 12:26:50] "GET /giris/ HTTP/1.1" 200 5139
[01/Apr/2026 12:26:51] "GET /MRYFA2/hastalar/ HTTP/1.1" 200 33657
[01/Apr/2026 12:26:51] "GET /MRYFA2/api/bildirimler/ HTTP/1.1" 200 21
[01/Apr/2026 12:26:51] "GET /favicon.ico/ HTTP/1.1" 302 0
[01/Apr/2026 12:26:51] "GET /giris/ HTTP/1.1" 200 5139
[01/Apr/2026 12:27:07] "GET / HTTP/1.1" 200 61657
[01/Apr/2026 12:27:07] "GET /static/css/klinik_randevu.css HTTP/1.1" 200 10804
Not Found: /favicon.ico
[01/Apr/2026 12:27:07] "GET /favicon.ico HTTP/1.1" 404 2362
[01/Apr/2026 12:27:07] "GET /MRYFA2/api/bildirimler/ HTTP/1.1" 200 21
[01/Apr/2026 12:27:21] "GET /MRYFA2/api/bildirimler/ HTTP/1.1" 200 21
[01/Apr/2026 12:27:24] "POST /MRYFA2/klinik-ayarlar-kod-gonder/ HTTP/1.1" 200 39
[01/Apr/2026 12:27:36] "POST /MRYFA2/klinik-ayarlar-dogrula/ HTTP/1.1" 200 17
[01/Apr/2026 12:27:36] "GET /MRYFA2/api/bildirimler/ HTTP/1.1" 200 21
[01/Apr/2026 12:27:39] "GET /MRYFA2/ayarlar/ HTTP/1.1" 200 75590
[01/Apr/2026 12:27:39] "GET /MRYFA2/api/bildirimler/ HTTP/1.1" 200 21
[01/Apr/2026 12:27:39] "GET /favicon.ico/ HTTP/1.1" 302 0
[01/Apr/2026 12:27:39] "GET /giris/ HTTP/1.1" 200 5139
[01/Apr/2026 12:27:41] "GET /favicon.ico/ HTTP/1.1" 302 0
[01/Apr/2026 12:27:41] "GET /giris/ HTTP/1.1" 200 5139
[01/Apr/2026 12:27:42] "GET /favicon.ico/ HTTP/1.1" 302 0
[01/Apr/2026 12:27:42] "GET /giris/ HTTP/1.1" 200 5139
[01/Apr/2026 12:27:43] "GET /favicon.ico/ HTTP/1.1" 302 0
[01/Apr/2026 12:27:43] "GET /giris/ HTTP/1.1" 200 5139
[01/Apr/2026 12:27:54] "GET /MRYFA2/api/bildirimler/ HTTP/1.1" 200 21
[01/Apr/2026 12:27:56] "POST /MRYFA2/ayarlar/randevu/ HTTP/1.1" 302 0
[01/Apr/2026 12:27:56] "GET /MRYFA2/ayarlar/?tab=randevu HTTP/1.1" 200 75897
[01/Apr/2026 12:27:56] "GET /MRYFA2/api/bildirimler/ HTTP/1.1" 200 21
[01/Apr/2026 12:27:56] "GET /favicon.ico/ HTTP/1.1" 302 0
[01/Apr/2026 12:27:56] "GET /giris/ HTTP/1.1" 200 5139
[01/Apr/2026 12:28:01] "GET / HTTP/1.1" 200 24079
[01/Apr/2026 12:28:12] "GET /MRYFA2/api/bildirimler/ HTTP/1.1" 200 21
[01/Apr/2026 12:28:27] "GET /MRYFA2/api/bildirimler/ HTTP/1.1" 200 21
[01/Apr/2026 12:28:32] "POST / HTTP/1.1" 302 0
[01/Apr/2026 12:28:32] "GET /basarili/ HTTP/1.1" 200 2919
[01/Apr/2026 12:28:35] "GET /MRYFA2/ HTTP/1.1" 200 33827
[01/Apr/2026 12:28:36] "GET /favicon.ico/ HTTP/1.1" 302 0
[01/Apr/2026 12:28:36] "GET /giris/ HTTP/1.1" 200 5139
[01/Apr/2026 12:28:36] "GET /MRYFA2/api/bildirimler/ HTTP/1.1" 200 200
[01/Apr/2026 12:28:36] "POST /MRYFA2/api/bildirimler/okundu/ HTTP/1.1" 200 12
[01/Apr/2026 12:28:36] "GET /favicon.ico/ HTTP/1.1" 302 0
[01/Apr/2026 12:28:36] "GET /giris/ HTTP/1.1" 200 5139
[01/Apr/2026 12:28:39] "GET /MRYFA2/bildirimler/ HTTP/1.1" 200 25782
[01/Apr/2026 12:28:40] "GET /MRYFA2/api/bildirimler/ HTTP/1.1" 200 21
[01/Apr/2026 12:28:40] "GET /favicon.ico/ HTTP/1.1" 302 0
[01/Apr/2026 12:28:40] "GET /giris/ HTTP/1.1" 200 5139
[01/Apr/2026 12:28:51] "GET /MRYFA2/ HTTP/1.1" 200 33827
[01/Apr/2026 12:28:51] "GET /MRYFA2/api/bildirimler/ HTTP/1.1" 200 21
[01/Apr/2026 12:28:51] "GET /favicon.ico/ HTTP/1.1" 302 0
[01/Apr/2026 12:28:51] "GET /giris/ HTTP/1.1" 200 5139
[01/Apr/2026 12:28:55] "GET /MRYFA2/?filtre=gun HTTP/1.1" 200 33788
[01/Apr/2026 12:28:55] "GET /MRYFA2/api/bildirimler/ HTTP/1.1" 200 21
[01/Apr/2026 12:28:56] "GET /favicon.ico/ HTTP/1.1" 302 0
[01/Apr/2026 12:28:56] "GET /giris/ HTTP/1.1" 200 5139
[01/Apr/2026 12:29:01] "GET /MRYFA2/hastalar/ HTTP/1.1" 200 33657
[01/Apr/2026 12:29:01] "GET /MRYFA2/api/bildirimler/ HTTP/1.1" 200 21
[01/Apr/2026 12:29:01] "GET /favicon.ico/ HTTP/1.1" 302 0
[01/Apr/2026 12:29:01] "GET /giris/ HTTP/1.1" 200 5139
[01/Apr/2026 12:29:03] "GET /MRYFA2/hastalar/ HTTP/1.1" 200 33657
[01/Apr/2026 12:29:04] "GET /MRYFA2/api/bildirimler/ HTTP/1.1" 200 21
[01/Apr/2026 12:29:04] "GET /favicon.ico/ HTTP/1.1" 302 0
[01/Apr/2026 12:29:04] "GET /giris/ HTTP/1.1" 200 5139
[01/Apr/2026 12:29:05] "GET /MRYFA2/hastalar/?q=&cinsiyet=&kayit_baslangic=&durum=aktif HTTP/1.1" 200 33657
[01/Apr/2026 12:29:05] "GET /MRYFA2/api/bildirimler/ HTTP/1.1" 200 21
[01/Apr/2026 12:29:05] "GET /favicon.ico/ HTTP/1.1" 302 0
[01/Apr/2026 12:29:05] "GET /giris/ HTTP/1.1" 200 5139
[01/Apr/2026 12:29:07] "GET /MRYFA2/hastalar/?durum= HTTP/1.1" 200 33652
[01/Apr/2026 12:29:07] "GET /MRYFA2/api/bildirimler/ HTTP/1.1" 200 21
[01/Apr/2026 12:29:07] "GET /favicon.ico/ HTTP/1.1" 302 0
[01/Apr/2026 12:29:07] "GET /giris/ HTTP/1.1" 200 5139
[01/Apr/2026 12:29:07] "GET /MRYFA2/hastalar/?durum=pasif HTTP/1.1" 200 33657
[01/Apr/2026 12:29:07] "GET /MRYFA2/api/bildirimler/ HTTP/1.1" 200 21
[01/Apr/2026 12:29:07] "GET /favicon.ico/ HTTP/1.1" 302 0
[01/Apr/2026 12:29:07] "GET /giris/ HTTP/1.1" 200 5139
[01/Apr/2026 12:29:08] "GET /MRYFA2/hastalar/?durum=aktif HTTP/1.1" 200 33657
[01/Apr/2026 12:29:08] "GET /MRYFA2/api/bildirimler/ HTTP/1.1" 200 21
[01/Apr/2026 12:29:08] "GET /favicon.ico/ HTTP/1.1" 302 0
[01/Apr/2026 12:29:08] "GET /giris/ HTTP/1.1" 200 5139
[01/Apr/2026 12:29:09] "GET /MRYFA2/randevular/ HTTP/1.1" 200 42087
[01/Apr/2026 12:29:09] "GET /MRYFA2/api/bildirimler/ HTTP/1.1" 200 21
[01/Apr/2026 12:29:09] "GET /favicon.ico/ HTTP/1.1" 302 0
[01/Apr/2026 12:29:09] "GET /giris/ HTTP/1.1" 200 5139
[01/Apr/2026 12:29:24] "GET /MRYFA2/api/bildirimler/ HTTP/1.1" 200 21
[01/Apr/2026 12:29:24] "GET /MRYFA2/randevular/ HTTP/1.1" 200 42087
[01/Apr/2026 12:29:25] "GET /MRYFA2/api/bildirimler/ HTTP/1.1" 200 21
[01/Apr/2026 12:29:25] "GET /favicon.ico/ HTTP/1.1" 302 0
[01/Apr/2026 12:29:25] "GET /giris/ HTTP/1.1" 200 5139
[01/Apr/2026 12:29:26] "GET /MRYFA2/bildirimler/ HTTP/1.1" 200 25782
[01/Apr/2026 12:29:26] "GET /MRYFA2/api/bildirimler/ HTTP/1.1" 200 21
[01/Apr/2026 12:29:26] "GET /favicon.ico/ HTTP/1.1" 302 0
[01/Apr/2026 12:29:26] "GET /giris/ HTTP/1.1" 200 5139
[01/Apr/2026 12:29:28] "GET /MRYFA2/randevular/ HTTP/1.1" 200 42087
[01/Apr/2026 12:29:28] "GET /MRYFA2/api/bildirimler/ HTTP/1.1" 200 21
[01/Apr/2026 12:29:29] "GET /favicon.ico/ HTTP/1.1" 302 0
[01/Apr/2026 12:29:29] "GET /giris/ HTTP/1.1" 200 5139
[01/Apr/2026 12:29:33] "GET /MRYFA2/ HTTP/1.1" 200 33827
[01/Apr/2026 12:29:33] "GET /MRYFA2/api/bildirimler/ HTTP/1.1" 200 21
[01/Apr/2026 12:29:33] "GET /favicon.ico/ HTTP/1.1" 302 0
[01/Apr/2026 12:29:33] "GET /giris/ HTTP/1.1" 200 5139
[01/Apr/2026 12:29:40] "GET /MRYFA2/ HTTP/1.1" 200 33827
[01/Apr/2026 12:29:40] "GET /MRYFA2/api/bildirimler/ HTTP/1.1" 200 21
[01/Apr/2026 12:29:40] "GET /favicon.ico/ HTTP/1.1" 302 0
[01/Apr/2026 12:29:40] "GET /giris/ HTTP/1.1" 200 5139
[01/Apr/2026 12:29:41] "GET /MRYFA2/ HTTP/1.1" 200 33827
[01/Apr/2026 12:29:42] "GET /MRYFA2/api/bildirimler/ HTTP/1.1" 200 21
[01/Apr/2026 12:29:42] "GET /favicon.ico/ HTTP/1.1" 302 0
[01/Apr/2026 12:29:42] "GET /giris/ HTTP/1.1" 200 5139
[01/Apr/2026 12:29:42] "GET /MRYFA2/ HTTP/1.1" 200 33827
[01/Apr/2026 12:29:43] "GET /MRYFA2/api/bildirimler/ HTTP/1.1" 200 21
[01/Apr/2026 12:29:43] "GET /favicon.ico/ HTTP/1.1" 302 0
[01/Apr/2026 12:29:43] "GET /giris/ HTTP/1.1" 200 5139
[01/Apr/2026 12:29:44] "GET /MRYFA2/hastalar/ HTTP/1.1" 200 33657
[01/Apr/2026 12:29:44] "GET /MRYFA2/api/bildirimler/ HTTP/1.1" 200 21
[01/Apr/2026 12:29:44] "GET /favicon.ico/ HTTP/1.1" 302 0
[01/Apr/2026 12:29:44] "GET /giris/ HTTP/1.1" 200 5139
[01/Apr/2026 12:29:46] "GET /MRYFA2/hastalar/ekle/ HTTP/1.1" 200 32569
[01/Apr/2026 12:29:46] "GET /MRYFA2/api/bildirimler/ HTTP/1.1" 200 21
[01/Apr/2026 12:29:46] "GET /favicon.ico/ HTTP/1.1" 302 0
[01/Apr/2026 12:29:46] "GET /giris/ HTTP/1.1" 200 5139
[01/Apr/2026 12:29:50] "GET /favicon.ico/ HTTP/1.1" 302 0
[01/Apr/2026 12:29:50] "GET /giris/ HTTP/1.1" 200 5139
[01/Apr/2026 12:29:51] "GET /favicon.ico/ HTTP/1.1" 302 0
[01/Apr/2026 12:29:51] "GET /giris/ HTTP/1.1" 200 5139
[01/Apr/2026 12:29:57] "GET /MRYFA2/api/bildirimler/ HTTP/1.1" 200 21
Not Found: /robots.txt
[01/Apr/2026 12:30:15] "GET /robots.txt HTTP/1.1" 404 2949
[01/Apr/2026 12:30:24] "GET /hasta/giris/ HTTP/1.1" 200 3539
[01/Apr/2026 12:30:24] "GET /hasta/giris/ HTTP/1.1" 200 3539
[01/Apr/2026 12:30:27] "GET / HTTP/1.1" 200 9212
[01/Apr/2026 12:30:27] "GET /static/css/auth.css HTTP/1.1" 200 4436
[01/Apr/2026 12:30:56] "GET /robots.txt HTTP/1.1" 301 0
[01/Apr/2026 12:30:57] "GET /robots.txt/ HTTP/1.1" 302 0
[01/Apr/2026 12:30:57] "GET /giris/ HTTP/1.1" 200 5067
[01/Apr/2026 12:31:09] "GET /kayit/ HTTP/1.1" 200 20818
[01/Apr/2026 12:31:10] "GET /giris/ HTTP/1.1" 200 5067
[01/Apr/2026 12:31:14] "GET /static/css/kayit.css HTTP/1.1" 200 5991
