C:\inetpub\wwwroot\e-randevu\dental_management_system\venv\Lib\site-packages\django\db\models\base.py:366: RuntimeWarning: Model 'patients.hastasession' was already registered. Reloading models is not advised as it can lead to inconsistencies, most notably with related models.
  new_class._meta.apps.register_model(new_class._meta.app_label, new_class)
C:\inetpub\wwwroot\e-randevu\dental_management_system\venv\Lib\site-packages\django\db\models\base.py:366: RuntimeWarning: Model 'patients.hastasession' was already registered. Reloading models is not advised as it can lead to inconsistencies, most notably with related models.
  new_class._meta.apps.register_model(new_class._meta.app_label, new_class)
Watching for file changes with StatReloader
[31/Mar/2026 13:31:12] "GET /aws.env HTTP/1.1" 301 0
[31/Mar/2026 13:31:12] "GET /.env.production HTTP/1.1" 301 0
Not Found: /.aws/credentials
[31/Mar/2026 13:31:12] "GET /.env.production HTTP/1.1" 301 0
Not Found: /.aws/credentials
[31/Mar/2026 13:31:12] "GET /.aws/credentials HTTP/1.1" 404 8915
[31/Mar/2026 13:31:12] "GET /.aws/credentials HTTP/1.1" 404 8914
[31/Mar/2026 13:31:12] "GET /aws.env HTTP/1.1" 301 0
[31/Mar/2026 13:31:12] "GET /.env HTTP/1.1" 301 0
Not Found: /.env
[31/Mar/2026 13:36:14] "GET /.env HTTP/1.1" 404 2931
[31/Mar/2026 13:40:14] "GET / HTTP/1.1" 200 16347
[31/Mar/2026 13:40:14] "GET / HTTP/1.1" 200 16347
Not Found: /wp-includes/wlwmanifest.xml
[31/Mar/2026 13:40:14] "GET /wp-includes/wlwmanifest.xml HTTP/1.1" 404 2999
Not Found: /xmlrpc.php
[31/Mar/2026 13:40:15] "GET /xmlrpc.php?rsd HTTP/1.1" 404 2952
[31/Mar/2026 13:40:15] "GET / HTTP/1.1" 200 16347
Not Found: /blog/wp-includes/wlwmanifest.xml
[31/Mar/2026 13:40:16] "GET /blog/wp-includes/wlwmanifest.xml HTTP/1.1" 404 3014
Not Found: /web/wp-includes/wlwmanifest.xml
[31/Mar/2026 13:40:16] "GET /web/wp-includes/wlwmanifest.xml HTTP/1.1" 404 3011
Not Found: /wordpress/wp-includes/wlwmanifest.xml
[31/Mar/2026 13:40:16] "GET /wordpress/wp-includes/wlwmanifest.xml HTTP/1.1" 404 3029
Not Found: /website/wp-includes/wlwmanifest.xml
[31/Mar/2026 13:40:16] "GET /website/wp-includes/wlwmanifest.xml HTTP/1.1" 404 3023
Not Found: /wp/wp-includes/wlwmanifest.xml
[31/Mar/2026 13:40:17] "GET /wp/wp-includes/wlwmanifest.xml HTTP/1.1" 404 3008
Not Found: /news/wp-includes/wlwmanifest.xml
[31/Mar/2026 13:40:17] "GET /news/wp-includes/wlwmanifest.xml HTTP/1.1" 404 3014
Not Found: /2018/wp-includes/wlwmanifest.xml
[31/Mar/2026 13:40:17] "GET /2018/wp-includes/wlwmanifest.xml HTTP/1.1" 404 3014
Not Found: /2019/wp-includes/wlwmanifest.xml
[31/Mar/2026 13:40:17] "GET /2019/wp-includes/wlwmanifest.xml HTTP/1.1" 404 3014
Not Found: /shop/wp-includes/wlwmanifest.xml
[31/Mar/2026 13:40:17] "GET /shop/wp-includes/wlwmanifest.xml HTTP/1.1" 404 3014
Not Found: /wp1/wp-includes/wlwmanifest.xml
[31/Mar/2026 13:40:17] "GET /wp1/wp-includes/wlwmanifest.xml HTTP/1.1" 404 3011
Not Found: /test/wp-includes/wlwmanifest.xml
[31/Mar/2026 13:40:18] "GET /test/wp-includes/wlwmanifest.xml HTTP/1.1" 404 3014
Not Found: /media/wp-includes/wlwmanifest.xml
[31/Mar/2026 13:40:18] "GET /media/wp-includes/wlwmanifest.xml HTTP/1.1" 404 3253
Not Found: /wp2/wp-includes/wlwmanifest.xml
[31/Mar/2026 13:40:18] "GET /wp2/wp-includes/wlwmanifest.xml HTTP/1.1" 404 3011
Not Found: /site/wp-includes/wlwmanifest.xml
[31/Mar/2026 13:40:18] "GET /site/wp-includes/wlwmanifest.xml HTTP/1.1" 404 3014
Not Found: /cms/wp-includes/wlwmanifest.xml
[31/Mar/2026 13:40:18] "GET /cms/wp-includes/wlwmanifest.xml HTTP/1.1" 404 3011
Not Found: /sito/wp-includes/wlwmanifest.xml
[31/Mar/2026 13:40:19] "GET /sito/wp-includes/wlwmanifest.xml HTTP/1.1" 404 3014
